Archive member included to satisfy reference by file (symbol)

../Hello_bsp//newlib/nios2-elf/lib\libc.a(lib_a-printf.o)
                              obj/default/main.o (printf)
../Hello_bsp//newlib/nios2-elf/lib\libc.a(lib_a-putchar.o)
                              obj/default/main.o (putchar)
../Hello_bsp//newlib/nios2-elf/lib\libc.a(lib_a-puts.o)
                              obj/default/main.o (puts)
../Hello_bsp//newlib/nios2-elf/lib\libc.a(lib_a-strlen.o)
                              ../Hello_bsp//newlib/nios2-elf/lib\libc.a(lib_a-puts.o) (strlen)
../Hello_bsp//newlib/nios2-elf/lib\libc.a(lib_a-vfprintf.o)
                              ../Hello_bsp//newlib/nios2-elf/lib\libc.a(lib_a-printf.o) (___vfprintf_internal_r)
../Hello_bsp//newlib/nios2-elf/lib\libc.a(lib_a-wsetup.o)
                              ../Hello_bsp//newlib/nios2-elf/lib\libc.a(lib_a-vfprintf.o) (__swsetup_r)
../Hello_bsp//newlib/nios2-elf/lib\libc.a(lib_a-dtoa.o)
                              ../Hello_bsp//newlib/nios2-elf/lib\libc.a(lib_a-vfprintf.o) (_dtoa_r)
../Hello_bsp//newlib/nios2-elf/lib\libc.a(lib_a-fflush.o)
                              ../Hello_bsp//newlib/nios2-elf/lib\libc.a(lib_a-vfprintf.o) (_fflush_r)
../Hello_bsp//newlib/nios2-elf/lib\libc.a(lib_a-findfp.o)
                              ../Hello_bsp//newlib/nios2-elf/lib\libc.a(lib_a-puts.o) (__sinit)
../Hello_bsp//newlib/nios2-elf/lib\libc.a(lib_a-freer.o)
                              ../Hello_bsp//newlib/nios2-elf/lib\libc.a(lib_a-vfprintf.o) (_free_r)
../Hello_bsp//newlib/nios2-elf/lib\libc.a(lib_a-fvwrite.o)
                              ../Hello_bsp//newlib/nios2-elf/lib\libc.a(lib_a-puts.o) (__sfvwrite_r)
../Hello_bsp//newlib/nios2-elf/lib\libc.a(lib_a-fwalk.o)
                              ../Hello_bsp//newlib/nios2-elf/lib\libc.a(lib_a-findfp.o) (_fwalk)
../Hello_bsp//newlib/nios2-elf/lib\libc.a(lib_a-impure.o)
                              ../Hello_bsp//newlib/nios2-elf/lib\libc.a(lib_a-printf.o) (_impure_ptr)
../Hello_bsp//newlib/nios2-elf/lib\libc.a(lib_a-locale.o)
                              ../Hello_bsp//newlib/nios2-elf/lib\libc.a(lib_a-vfprintf.o) (_localeconv_r)
../Hello_bsp//newlib/nios2-elf/lib\libc.a(lib_a-makebuf.o)
                              ../Hello_bsp//newlib/nios2-elf/lib\libc.a(lib_a-wsetup.o) (__smakebuf_r)
../Hello_bsp//newlib/nios2-elf/lib\libc.a(lib_a-mallocr.o)
                              ../Hello_bsp//newlib/nios2-elf/lib\libc.a(lib_a-freer.o) (__malloc_av_)
../Hello_bsp//newlib/nios2-elf/lib\libc.a(lib_a-memchr.o)
                              ../Hello_bsp//newlib/nios2-elf/lib\libc.a(lib_a-vfprintf.o) (memchr)
../Hello_bsp//newlib/nios2-elf/lib\libc.a(lib_a-memcpy.o)
                              ../Hello_bsp//newlib/nios2-elf/lib\libc.a(lib_a-dtoa.o) (memcpy)
../Hello_bsp//newlib/nios2-elf/lib\libc.a(lib_a-memmove.o)
                              ../Hello_bsp//newlib/nios2-elf/lib\libc.a(lib_a-fvwrite.o) (memmove)
../Hello_bsp//newlib/nios2-elf/lib\libc.a(lib_a-memset.o)
                              ../Hello_bsp//newlib/nios2-elf/lib\libc.a(lib_a-findfp.o) (memset)
../Hello_bsp//newlib/nios2-elf/lib\libc.a(lib_a-mprec.o)
                              ../Hello_bsp//newlib/nios2-elf/lib\libc.a(lib_a-dtoa.o) (_Balloc)
../Hello_bsp//newlib/nios2-elf/lib\libc.a(lib_a-putc.o)
                              ../Hello_bsp//newlib/nios2-elf/lib\libc.a(lib_a-putchar.o) (_putc_r)
../Hello_bsp//newlib/nios2-elf/lib\libc.a(lib_a-reallocr.o)
                              ../Hello_bsp//newlib/nios2-elf/lib\libc.a(lib_a-fvwrite.o) (_realloc_r)
../Hello_bsp//newlib/nios2-elf/lib\libc.a(lib_a-s_fpclassify.o)
                              ../Hello_bsp//newlib/nios2-elf/lib\libc.a(lib_a-vfprintf.o) (__fpclassifyd)
../Hello_bsp//newlib/nios2-elf/lib\libc.a(lib_a-sbrkr.o)
                              ../Hello_bsp//newlib/nios2-elf/lib\libc.a(lib_a-freer.o) (_sbrk_r)
../Hello_bsp//newlib/nios2-elf/lib\libc.a(lib_a-stdio.o)
                              ../Hello_bsp//newlib/nios2-elf/lib\libc.a(lib_a-findfp.o) (__sread)
../Hello_bsp//newlib/nios2-elf/lib\libc.a(lib_a-strcmp.o)
                              ../Hello_bsp//newlib/nios2-elf/lib\libc.a(lib_a-locale.o) (strcmp)
../Hello_bsp//newlib/nios2-elf/lib\libc.a(lib_a-vfiprintf.o)
                              ../Hello_bsp//newlib/nios2-elf/lib\libc.a(lib_a-vfprintf.o) (__sprint_r)
../Hello_bsp//newlib/nios2-elf/lib\libc.a(lib_a-wbuf.o)
                              ../Hello_bsp//newlib/nios2-elf/lib\libc.a(lib_a-putc.o) (__swbuf_r)
../Hello_bsp//newlib/nios2-elf/lib\libc.a(lib_a-writer.o)
                              ../Hello_bsp//newlib/nios2-elf/lib\libc.a(lib_a-stdio.o) (_write_r)
../Hello_bsp//newlib/nios2-elf/lib\libc.a(closer.o)
                              ../Hello_bsp//newlib/nios2-elf/lib\libc.a(lib_a-stdio.o) (_close_r)
../Hello_bsp//newlib/nios2-elf/lib\libc.a(lib_a-callocr.o)
                              ../Hello_bsp//newlib/nios2-elf/lib\libc.a(lib_a-mprec.o) (_calloc_r)
[...]
Memory Configuration

Name             Origin             Length             Attributes
reset            0x0000000008000000 0x0000000000000020
sdram            0x0000000008000020 0x0000000007ffffe0
bufferram_out    0x0000000010000000 0x000000000002ee00
*default*        0x0000000000000000 0xffffffffffffffff

Linker script and memory map

LOAD ../Hello_bsp//obj/HAL/src/crt0.o
LOAD obj/default/gppcu.o
LOAD obj/default/main.o
LOAD d:/intelfpga_lite/18.0/nios2eds/bin/gnu/h-x86_64-mingw32/bin/../lib/gcc/nios2-elf/5.3.0/../../../../../H-x86_64-mingw32/nios2-elf/lib\libstdc++.a
LOAD ../Hello_bsp//newlib/nios2-elf/lib\libm.a
LOAD d:/intelfpga_lite/18.0/nios2eds/bin/gnu/h-x86_64-mingw32/bin/../lib/gcc/nios2-elf/5.3.0\libgcc.a
START GROUP
LOAD ../Hello_bsp//newlib/nios2-elf/lib\libc.a
LOAD d:/intelfpga_lite/18.0/nios2eds/bin/gnu/h-x86_64-mingw32/bin/../lib/gcc/nios2-elf/5.3.0\libgcc.a
LOAD ../Hello_bsp/\libhal_bsp.a
LOAD ../Hello_bsp//newlib/nios2-elf/lib\libm.a
END GROUP
LOAD d:/intelfpga_lite/18.0/nios2eds/bin/gnu/h-x86_64-mingw32/bin/../lib/gcc/nios2-elf/5.3.0\libgcc.a
                0x0000000008000000                __alt_mem_sdram = 0x8000000
                0x0000000010000000                __alt_mem_bufferram_out = 0x10000000

.entry          0x0000000008000000       0x20
 *(.entry)
 .entry         0x0000000008000000       0x20 ../Hello_bsp//obj/HAL/src/crt0.o
                0x0000000008000000                __reset

.exceptions     0x0000000008000020      0x224
                0x0000000008000020                PROVIDE (__ram_exceptions_start, ABSOLUTE (.))
                0x0000000008000020                . = ALIGN (0x20)
 *(.irq)
 *(.exceptions.entry.label)
 .exceptions.entry.label
                0x0000000008000020        0x0 ../Hello_bsp/\libhal_bsp.a(alt_irq_entry.o)
                0x0000000008000020                alt_irq_entry
 .exceptions.entry.label
                0x0000000008000020        0x0 ../Hello_bsp/\libhal_bsp.a(alt_exception_entry.o)
                0x0000000008000020                alt_exception
 *(.exceptions.entry.user)
 *(.exceptions.entry.ecc_fatal)
 *(.exceptions.entry)
 .exceptions.entry
                0x0000000008000020       0x54 ../Hello_bsp/\libhal_bsp.a(alt_exception_entry.o)
 *(.exceptions.irqtest.user)
 *(.exceptions.irqtest)
 .exceptions.irqtest
                0x0000000008000074       0x10 ../Hello_bsp/\libhal_bsp.a(alt_irq_entry.o)
 *(.exceptions.irqhandler.user)
 *(.exceptions.irqhandler)
 .exceptions.irqhandler
                0x0000000008000084        0x4 ../Hello_bsp/\libhal_bsp.a(alt_irq_entry.o)
 *(.exceptions.irqreturn.user)
 *(.exceptions.irqreturn)
 .exceptions.irqreturn
                0x0000000008000088        0x4 ../Hello_bsp/\libhal_bsp.a(alt_irq_entry.o)
 *(.exceptions.notirq.label)
 .exceptions.notirq.label
                0x000000000800008c        0x0 ../Hello_bsp/\libhal_bsp.a(alt_irq_entry.o)
 *(.exceptions.notirq.user)
 *(.exceptions.notirq)
 .exceptions.notirq
                0x000000000800008c        0x8 ../Hello_bsp/\libhal_bsp.a(alt_exception_entry.o)
 *(.exceptions.soft.user)
 *(.exceptions.soft)
 *(.exceptions.unknown.user)
 *(.exceptions.unknown)
 .exceptions.unknown
                0x0000000008000094       0x14 ../Hello_bsp/\libhal_bsp.a(alt_exception_entry.o)
 *(.exceptions.exit.label)
 .exceptions.exit.label
                0x00000000080000a8        0x0 ../Hello_bsp/\libhal_bsp.a(alt_irq_entry.o)
 .exceptions.exit.label
                0x00000000080000a8        0x0 ../Hello_bsp/\libhal_bsp.a(alt_exception_entry.o)
 *(.exceptions.exit.user)
 *(.exceptions.exit)
 .exceptions.exit
                0x00000000080000a8       0x54 ../Hello_bsp/\libhal_bsp.a(alt_exception_entry.o)
 *(.exceptions)
 .exceptions    0x00000000080000fc       0xd4 ../Hello_bsp/\libhal_bsp.a(alt_irq_handler.o)
                0x00000000080000fc                alt_irq_handler
 .exceptions    0x00000000080001d0       0x74 ../Hello_bsp/\libhal_bsp.a(alt_instruction_exception_entry.o)
                0x00000000080001d0                alt_instruction_exception_entry
                0x0000000008000244                PROVIDE (__ram_exceptions_end, ABSOLUTE (.))
                0x0000000008000020                PROVIDE (__flash_exceptions_start, LOADADDR (.exceptions))

.text           0x0000000008000244    0x12c64
                [!provide]                        PROVIDE (stext, ABSOLUTE (.))
 *(.interp)
 *(.hash)
 *(.dynsym)
 *(.dynstr)
 *(.gnu.version)
 *(.gnu.version_d)
 *(.gnu.version_r)
 *(.rel.init)
 *(.rela.init)
 *(.rel.text .rel.text.* .rel.gnu.linkonce.t.*)
 *(.rela.text .rela.text.* .rela.gnu.linkonce.t.*)
 *(.rel.fini)
 *(.rela.fini)
 *(.rel.rodata .rel.rodata.* .rel.gnu.linkonce.r.*)
 *(.rela.rodata .rela.rodata.* .rela.gnu.linkonce.r.*)
 *(.rel.data .rel.data.* .rel.gnu.linkonce.d.*)
 *(.rela.data .rela.data.* .rela.gnu.linkonce.d.*)
 *(.rel.tdata .rel.tdata.* .rel.gnu.linkonce.td.*)
 *(.rela.tdata .rela.tdata.* .rela.gnu.linkonce.td.*)
 *(.rel.tbss .rel.tbss.* .rel.gnu.linkonce.tb.*)
 *(.rela.tbss .rela.tbss.* .rela.gnu.linkonce.tb.*)
 *(.rel.ctors)
 *(.rela.ctors)
 *(.rel.dtors)
 *(.rela.dtors)
 *(.rel.got)
 *(.rela.got)
 *(.rel.sdata .rel.sdata.* .rel.gnu.linkonce.s.*)
 *(.rela.sdata .rela.sdata.* .rela.gnu.linkonce.s.*)
 *(.rel.sbss .rel.sbss.* .rel.gnu.linkonce.sb.*)
 *(.rela.sbss .rela.sbss.* .rela.gnu.linkonce.sb.*)
 *(.rel.sdata2 .rel.sdata2.* .rel.gnu.linkonce.s2.*)
 *(.rela.sdata2 .rela.sdata2.* .rela.gnu.linkonce.s2.*)
 *(.rel.sbss2 .rel.sbss2.* .rel.gnu.linkonce.sb2.*)
 *(.rela.sbss2 .rela.sbss2.* .rela.gnu.linkonce.sb2.*)
 *(.rel.bss .rel.bss.* .rel.gnu.linkonce.b.*)
 *(.rela.bss .rela.bss.* .rela.gnu.linkonce.b.*)
 *(.rel.plt)
 *(.rela.plt)
 *(.rel.dyn)
 *(.init)
 *(.plt)
 *(.text .stub .text.* .gnu.linkonce.t.*)
 .text          0x0000000008000244       0x4c ../Hello_bsp//obj/HAL/src/crt0.o
                0x0000000008000244                _start
 .text          0x0000000008000290        0x0 obj/default/gppcu.o
 .text          0x0000000008000290      0x710 obj/default/main.o
                0x0000000008000290                wait
                0x00000000080002d4                QueueInstr
                0x0000000008000540                ReadData
                0x00000000080005cc                WriteData
                0x0000000008000664                QueueStat
                0x0000000008000708                main
 .text          0x00000000080009a0        0x0 ../Hello_bsp//newlib/nios2-elf/lib\libc.a(lib_a-printf.o)
 .text._printf_r
                0x00000000080009a0       0x64 ../Hello_bsp//newlib/nios2-elf/lib\libc.a(lib_a-printf.o)
                0x00000000080009a0                _printf_r
 .text.printf   0x0000000008000a04       0x68 ../Hello_bsp//newlib/nios2-elf/lib\libc.a(lib_a-printf.o)
                0x0000000008000a04                printf
 .text          0x0000000008000a6c        0x0 ../Hello_bsp//newlib/nios2-elf/lib\libc.a(lib_a-putchar.o)
 .text._putchar_r
                0x0000000008000a6c       0x44 ../Hello_bsp//newlib/nios2-elf/lib\libc.a(lib_a-putchar.o)
                0x0000000008000a6c                _putchar_r
 .text.putchar  0x0000000008000ab0       0x48 ../Hello_bsp//newlib/nios2-elf/lib\libc.a(lib_a-putchar.o)
                0x0000000008000ab0                putchar
 .text          0x0000000008000af8        0x0 ../Hello_bsp//newlib/nios2-elf/lib\libc.a(lib_a-puts.o)
 .text._puts_r  0x0000000008000af8      0x118 ../Hello_bsp//newlib/nios2-elf/lib\libc.a(lib_a-puts.o)
                0x0000000008000af8                _puts_r
 .text.puts     0x0000000008000c10       0x38 ../Hello_bsp//newlib/nios2-elf/lib\libc.a(lib_a-puts.o)
                0x0000000008000c10                puts
 .text          0x0000000008000c48        0x0 ../Hello_bsp//newlib/nios2-elf/lib\libc.a(lib_a-strlen.o)
 .text.strlen   0x0000000008000c48       0xf4 ../Hello_bsp//newlib/nios2-elf/lib\libc.a(lib_a-strlen.o)
                0x0000000008000c48                strlen
 .text          0x0000000008000d3c        0x0 ../Hello_bsp//newlib/nios2-elf/lib\libc.a(lib_a-vfprintf.o)
 .text.__sbprintf
                0x0000000008000d3c       0xf0 ../Hello_bsp//newlib/nios2-elf/lib\libc.a(lib_a-vfprintf.o)
 .text.__vfprintf_internal
                0x0000000008000e2c       0x50 ../Hello_bsp//newlib/nios2-elf/lib\libc.a(lib_a-vfprintf.o)
                0x0000000008000e2c                __vfprintf_internal
 .text.___vfprintf_internal_r
                0x0000000008000e7c     0x20d0 ../Hello_bsp//newlib/nios2-elf/lib\libc.a(lib_a-vfprintf.o)
                0x0000000008000e7c                ___vfprintf_internal_r
 .text.cvt      0x0000000008002f4c      0x20c ../Hello_bsp//newlib/nios2-elf/lib\libc.a(lib_a-vfprintf.o)
 .text.exponent
                0x0000000008003158      0x140 ../Hello_bsp//newlib/nios2-elf/lib\libc.a(lib_a-vfprintf.o)
 .text          0x0000000008003298        0x0 ../Hello_bsp//newlib/nios2-elf/lib\libc.a(lib_a-wsetup.o)
 .text.__swsetup_r
                0x0000000008003298      0x1a0 ../Hello_bsp//newlib/nios2-elf/lib\libc.a(lib_a-wsetup.o)
                0x0000000008003298                __swsetup_r
 .text          0x0000000008003438        0x0 ../Hello_bsp//newlib/nios2-elf/lib\libc.a(lib_a-dtoa.o)
 .text.quorem   0x0000000008003438      0x3b4 ../Hello_bsp//newlib/nios2-elf/lib\libc.a(lib_a-dtoa.o)
 .text._dtoa_r  0x00000000080037ec     0x1b78 ../Hello_bsp//newlib/nios2-elf/lib\libc.a(lib_a-dtoa.o)
                0x00000000080037ec                _dtoa_r
 .text          0x0000000008005364        0x0 ../Hello_bsp//newlib/nios2-elf/lib\libc.a(lib_a-fflush.o)
 .text.__sflush_r
                0x0000000008005364      0x304 ../Hello_bsp//newlib/nios2-elf/lib\libc.a(lib_a-fflush.o)
                0x0000000008005364                __sflush_r
 .text._fflush_r
                0x0000000008005668       0x88 ../Hello_bsp//newlib/nios2-elf/lib\libc.a(lib_a-fflush.o)
                0x0000000008005668                _fflush_r
 .text.fflush   0x00000000080056f0       0x54 ../Hello_bsp//newlib/nios2-elf/lib\libc.a(lib_a-fflush.o)
                0x00000000080056f0                fflush
 .text          0x0000000008005744        0x0 ../Hello_bsp//newlib/nios2-elf/lib\libc.a(lib_a-findfp.o)
 .text.std      0x0000000008005744       0xf4 ../Hello_bsp//newlib/nios2-elf/lib\libc.a(lib_a-findfp.o)
 .text.__sfmoreglue
                0x0000000008005838       0xa4 ../Hello_bsp//newlib/nios2-elf/lib\libc.a(lib_a-findfp.o)
                0x0000000008005838                __sfmoreglue
 .text.__sfp    0x00000000080058dc      0x194 ../Hello_bsp//newlib/nios2-elf/lib\libc.a(lib_a-findfp.o)
                0x00000000080058dc                __sfp
 .text._cleanup_r
                0x0000000008005a70       0x44 ../Hello_bsp//newlib/nios2-elf/lib\libc.a(lib_a-findfp.o)
                0x0000000008005a70                _cleanup_r
 .text._cleanup
                0x0000000008005ab4       0x34 ../Hello_bsp//newlib/nios2-elf/lib\libc.a(lib_a-findfp.o)
                0x0000000008005ab4                _cleanup
 .text.__sinit  0x0000000008005ae8       0xd8 ../Hello_bsp//newlib/nios2-elf/lib\libc.a(lib_a-findfp.o)
                0x0000000008005ae8                __sinit
 .text.__sfp_lock_acquire
                0x0000000008005bc0       0x20 ../Hello_bsp//newlib/nios2-elf/lib\libc.a(lib_a-findfp.o)
                0x0000000008005bc0                __sfp_lock_acquire
 .text.__sfp_lock_release
                0x0000000008005be0       0x20 ../Hello_bsp//newlib/nios2-elf/lib\libc.a(lib_a-findfp.o)
                0x0000000008005be0                __sfp_lock_release
 .text.__sinit_lock_acquire
                0x0000000008005c00       0x20 ../Hello_bsp//newlib/nios2-elf/lib\libc.a(lib_a-findfp.o)
                0x0000000008005c00                __sinit_lock_acquire
 .text.__sinit_lock_release
                0x0000000008005c20       0x20 ../Hello_bsp//newlib/nios2-elf/lib\libc.a(lib_a-findfp.o)
                0x0000000008005c20                __sinit_lock_release
 .text.__fp_lock
                0x0000000008005c40       0x24 ../Hello_bsp//newlib/nios2-elf/lib\libc.a(lib_a-findfp.o)
 .text.__fp_unlock
                0x0000000008005c64       0x24 ../Hello_bsp//newlib/nios2-elf/lib\libc.a(lib_a-findfp.o)
 .text.__fp_lock_all
                0x0000000008005c88       0x40 ../Hello_bsp//newlib/nios2-elf/lib\libc.a(lib_a-findfp.o)
                0x0000000008005c88                __fp_lock_all
 .text.__fp_unlock_all
                0x0000000008005cc8       0x40 ../Hello_bsp//newlib/nios2-elf/lib\libc.a(lib_a-findfp.o)
                0x0000000008005cc8                __fp_unlock_all
 .text          0x0000000008005d08        0x0 ../Hello_bsp//newlib/nios2-elf/lib\libc.a(lib_a-freer.o)
 .text._free_r  0x0000000008005d08      0x560 ../Hello_bsp//newlib/nios2-elf/lib\libc.a(lib_a-freer.o)
                0x0000000008005d08                _free_r
 .text._malloc_trim_r
                0x0000000008006268      0x1cc ../Hello_bsp//newlib/nios2-elf/lib\libc.a(lib_a-freer.o)
                0x0000000008006268                _malloc_trim_r
 .text          0x0000000008006434        0x0 ../Hello_bsp//newlib/nios2-elf/lib\libc.a(lib_a-fvwrite.o)
 .text.__sfvwrite_r
                0x0000000008006434      0x5dc ../Hello_bsp//newlib/nios2-elf/lib\libc.a(lib_a-fvwrite.o)
                0x0000000008006434                __sfvwrite_r
 .text          0x0000000008006a10        0x0 ../Hello_bsp//newlib/nios2-elf/lib\libc.a(lib_a-fwalk.o)
 .text._fwalk   0x0000000008006a10       0xd8 ../Hello_bsp//newlib/nios2-elf/lib\libc.a(lib_a-fwalk.o)
                0x0000000008006a10                _fwalk
 .text._fwalk_reent
                0x0000000008006ae8       0xdc ../Hello_bsp//newlib/nios2-elf/lib\libc.a(lib_a-fwalk.o)
                0x0000000008006ae8                _fwalk_reent
 .text          0x0000000008006bc4        0x0 ../Hello_bsp//newlib/nios2-elf/lib\libc.a(lib_a-impure.o)
 .text          0x0000000008006bc4        0x0 ../Hello_bsp//newlib/nios2-elf/lib\libc.a(lib_a-locale.o)
 .text._setlocale_r
                0x0000000008006bc4       0x84 ../Hello_bsp//newlib/nios2-elf/lib\libc.a(lib_a-locale.o)
                0x0000000008006bc4                _setlocale_r
 .text.__locale_charset
                0x0000000008006c48       0x24 ../Hello_bsp//newlib/nios2-elf/lib\libc.a(lib_a-locale.o)
                0x0000000008006c48                __locale_charset
 .text.__locale_mb_cur_max
                0x0000000008006c6c       0x20 ../Hello_bsp//newlib/nios2-elf/lib\libc.a(lib_a-locale.o)
                0x0000000008006c6c                __locale_mb_cur_max
 .text.__locale_msgcharset
                0x0000000008006c8c       0x24 ../Hello_bsp//newlib/nios2-elf/lib\libc.a(lib_a-locale.o)
                0x0000000008006c8c                __locale_msgcharset
 .text.__locale_cjk_lang
                0x0000000008006cb0       0x20 ../Hello_bsp//newlib/nios2-elf/lib\libc.a(lib_a-locale.o)
                0x0000000008006cb0                __locale_cjk_lang
 .text._localeconv_r
                0x0000000008006cd0       0x28 ../Hello_bsp//newlib/nios2-elf/lib\libc.a(lib_a-locale.o)
                0x0000000008006cd0                _localeconv_r
 .text.setlocale
                0x0000000008006cf8       0x40 ../Hello_bsp//newlib/nios2-elf/lib\libc.a(lib_a-locale.o)
                0x0000000008006cf8                setlocale
 .text.localeconv
                0x0000000008006d38       0x30 ../Hello_bsp//newlib/nios2-elf/lib\libc.a(lib_a-locale.o)
                0x0000000008006d38                localeconv
 .text          0x0000000008006d68        0x0 ../Hello_bsp//newlib/nios2-elf/lib\libc.a(lib_a-makebuf.o)
 .text.__smakebuf_r
                0x0000000008006d68      0x22c ../Hello_bsp//newlib/nios2-elf/lib\libc.a(lib_a-makebuf.o)
                0x0000000008006d68                __smakebuf_r
 .text          0x0000000008006f94        0x0 ../Hello_bsp//newlib/nios2-elf/lib\libc.a(lib_a-mallocr.o)
 .text.malloc_extend_top
                0x0000000008006f94      0x3b4 ../Hello_bsp//newlib/nios2-elf/lib\libc.a(lib_a-mallocr.o)
 .text._malloc_r
                0x0000000008007348      0xb7c ../Hello_bsp//newlib/nios2-elf/lib\libc.a(lib_a-mallocr.o)
                0x0000000008007348                _malloc_r
 .text          0x0000000008007ec4        0x0 ../Hello_bsp//newlib/nios2-elf/lib\libc.a(lib_a-memchr.o)
 .text.memchr   0x0000000008007ec4      0x1bc ../Hello_bsp//newlib/nios2-elf/lib\libc.a(lib_a-memchr.o)
                0x0000000008007ec4                memchr
 .text          0x0000000008008080        0x0 ../Hello_bsp//newlib/nios2-elf/lib\libc.a(lib_a-memcpy.o)
 .text.memcpy   0x0000000008008080      0x188 ../Hello_bsp//newlib/nios2-elf/lib\libc.a(lib_a-memcpy.o)
                0x0000000008008080                memcpy
 .text          0x0000000008008208        0x0 ../Hello_bsp//newlib/nios2-elf/lib\libc.a(lib_a-memmove.o)
 .text.memmove  0x0000000008008208      0x208 ../Hello_bsp//newlib/nios2-elf/lib\libc.a(lib_a-memmove.o)
                0x0000000008008208                memmove
 .text          0x0000000008008410        0x0 ../Hello_bsp//newlib/nios2-elf/lib\libc.a(lib_a-memset.o)
 .text.memset   0x0000000008008410      0x1c4 ../Hello_bsp//newlib/nios2-elf/lib\libc.a(lib_a-memset.o)
                0x0000000008008410                memset
 .text          0x00000000080085d4        0x0 ../Hello_bsp//newlib/nios2-elf/lib\libc.a(lib_a-mprec.o)
 .text._Balloc  0x00000000080085d4      0x130 ../Hello_bsp//newlib/nios2-elf/lib\libc.a(lib_a-mprec.o)
                0x00000000080085d4                _Balloc
 .text._Bfree   0x0000000008008704       0x7c ../Hello_bsp//newlib/nios2-elf/lib\libc.a(lib_a-mprec.o)
                0x0000000008008704                _Bfree
 .text.__multadd
                0x0000000008008780      0x194 ../Hello_bsp//newlib/nios2-elf/lib\libc.a(lib_a-mprec.o)
                0x0000000008008780                __multadd
 .text.__s2b    0x0000000008008914      0x18c ../Hello_bsp//newlib/nios2-elf/lib\libc.a(lib_a-mprec.o)
                0x0000000008008914                __s2b
 .text.__hi0bits
                0x0000000008008aa0       0x90 ../Hello_bsp//newlib/nios2-elf/lib\libc.a(lib_a-mprec.o)
                0x0000000008008aa0                __hi0bits
 .text.__lo0bits
                0x0000000008008b30       0xec ../Hello_bsp//newlib/nios2-elf/lib\libc.a(lib_a-mprec.o)
                0x0000000008008b30                __lo0bits
 .text.__i2b    0x0000000008008c1c       0x58 ../Hello_bsp//newlib/nios2-elf/lib\libc.a(lib_a-mprec.o)
                0x0000000008008c1c                __i2b
 .text.__multiply
                0x0000000008008c74      0x3d0 ../Hello_bsp//newlib/nios2-elf/lib\libc.a(lib_a-mprec.o)
                0x0000000008008c74                __multiply
 .text.__pow5mult
                0x0000000008009044      0x178 ../Hello_bsp//newlib/nios2-elf/lib\libc.a(lib_a-mprec.o)
                0x0000000008009044                __pow5mult
 .text.__lshift
                0x00000000080091bc      0x1f8 ../Hello_bsp//newlib/nios2-elf/lib\libc.a(lib_a-mprec.o)
                0x00000000080091bc                __lshift
 .text.__mcmp   0x00000000080093b4      0x114 ../Hello_bsp//newlib/nios2-elf/lib\libc.a(lib_a-mprec.o)
                0x00000000080093b4                __mcmp
 .text.__mdiff  0x00000000080094c8      0x2a4 ../Hello_bsp//newlib/nios2-elf/lib\libc.a(lib_a-mprec.o)
                0x00000000080094c8                __mdiff
 .text.__ulp    0x000000000800976c       0xcc ../Hello_bsp//newlib/nios2-elf/lib\libc.a(lib_a-mprec.o)
                0x000000000800976c                __ulp
 .text.__b2d    0x0000000008009838      0x204 ../Hello_bsp//newlib/nios2-elf/lib\libc.a(lib_a-mprec.o)
                0x0000000008009838                __b2d
 .text.__d2b    0x0000000008009a3c      0x240 ../Hello_bsp//newlib/nios2-elf/lib\libc.a(lib_a-mprec.o)
                0x0000000008009a3c                __d2b
 .text.__ratio  0x0000000008009c7c      0x11c ../Hello_bsp//newlib/nios2-elf/lib\libc.a(lib_a-mprec.o)
                0x0000000008009c7c                __ratio
 .text._mprec_log10
                0x0000000008009d98       0xb0 ../Hello_bsp//newlib/nios2-elf/lib\libc.a(lib_a-mprec.o)
                0x0000000008009d98                _mprec_log10
 .text.__copybits
                0x0000000008009e48       0xd0 ../Hello_bsp//newlib/nios2-elf/lib\libc.a(lib_a-mprec.o)
                0x0000000008009e48                __copybits
 .text.__any_on
                0x0000000008009f18      0x134 ../Hello_bsp//newlib/nios2-elf/lib\libc.a(lib_a-mprec.o)
                0x0000000008009f18                __any_on
 .text          0x000000000800a04c        0x0 ../Hello_bsp//newlib/nios2-elf/lib\libc.a(lib_a-putc.o)
 .text._putc_r  0x000000000800a04c      0x104 ../Hello_bsp//newlib/nios2-elf/lib\libc.a(lib_a-putc.o)
                0x000000000800a04c                _putc_r
 .text.putc     0x000000000800a150      0x108 ../Hello_bsp//newlib/nios2-elf/lib\libc.a(lib_a-putc.o)
                0x000000000800a150                putc
 .text          0x000000000800a258        0x0 ../Hello_bsp//newlib/nios2-elf/lib\libc.a(lib_a-reallocr.o)
 .text._realloc_r
                0x000000000800a258      0xbf0 ../Hello_bsp//newlib/nios2-elf/lib\libc.a(lib_a-reallocr.o)
                0x000000000800a258                _realloc_r
 .text          0x000000000800ae48        0x0 ../Hello_bsp//newlib/nios2-elf/lib\libc.a(lib_a-s_fpclassify.o)
 .text.__fpclassifyd
                0x000000000800ae48      0x104 ../Hello_bsp//newlib/nios2-elf/lib\libc.a(lib_a-s_fpclassify.o)
                0x000000000800ae48                __fpclassifyd
 .text          0x000000000800af4c        0x0 ../Hello_bsp//newlib/nios2-elf/lib\libc.a(lib_a-sbrkr.o)
 .text._sbrk_r  0x000000000800af4c       0x60 ../Hello_bsp//newlib/nios2-elf/lib\libc.a(lib_a-sbrkr.o)
                0x000000000800af4c                _sbrk_r
 .text          0x000000000800afac        0x0 ../Hello_bsp//newlib/nios2-elf/lib\libc.a(lib_a-stdio.o)
 .text.__sread  0x000000000800afac       0x9c ../Hello_bsp//newlib/nios2-elf/lib\libc.a(lib_a-stdio.o)
                0x000000000800afac                __sread
 .text.__seofread
                0x000000000800b048       0x30 ../Hello_bsp//newlib/nios2-elf/lib\libc.a(lib_a-stdio.o)
                0x000000000800b048                __seofread
 .text.__swrite
                0x000000000800b078       0xb4 ../Hello_bsp//newlib/nios2-elf/lib\libc.a(lib_a-stdio.o)
                0x000000000800b078                __swrite
 .text.__sseek  0x000000000800b12c       0xa0 ../Hello_bsp//newlib/nios2-elf/lib\libc.a(lib_a-stdio.o)
                0x000000000800b12c                __sseek
 .text.__sclose
                0x000000000800b1cc       0x54 ../Hello_bsp//newlib/nios2-elf/lib\libc.a(lib_a-stdio.o)
                0x000000000800b1cc                __sclose
 .text          0x000000000800b220        0x0 ../Hello_bsp//newlib/nios2-elf/lib\libc.a(lib_a-strcmp.o)
 .text.strcmp   0x000000000800b220      0x140 ../Hello_bsp//newlib/nios2-elf/lib\libc.a(lib_a-strcmp.o)
                0x000000000800b220                strcmp
 .text          0x000000000800b360        0x0 ../Hello_bsp//newlib/nios2-elf/lib\libc.a(lib_a-vfiprintf.o)
 .text.__sprint_r
                0x000000000800b360      0x13c ../Hello_bsp//newlib/nios2-elf/lib\libc.a(lib_a-vfiprintf.o)
                0x000000000800b360                __sprint_r
 .text.__sbprintf
                0x000000000800b49c       0xf0 ../Hello_bsp//newlib/nios2-elf/lib\libc.a(lib_a-vfiprintf.o)
 .text.__vfiprintf_internal
                0x000000000800b58c       0x50 ../Hello_bsp//newlib/nios2-elf/lib\libc.a(lib_a-vfiprintf.o)
                0x000000000800b58c                __vfiprintf_internal
 .text.___vfiprintf_internal_r
                0x000000000800b5dc     0x12c4 ../Hello_bsp//newlib/nios2-elf/lib\libc.a(lib_a-vfiprintf.o)
                0x000000000800b5dc                ___vfiprintf_internal_r
 .text          0x000000000800c8a0        0x0 ../Hello_bsp//newlib/nios2-elf/lib\libc.a(lib_a-wbuf.o)
 .text.__swbuf_r
                0x000000000800c8a0      0x168 ../Hello_bsp//newlib/nios2-elf/lib\libc.a(lib_a-wbuf.o)
                0x000000000800c8a0                __swbuf_r
 .text.__swbuf  0x000000000800ca08       0x40 ../Hello_bsp//newlib/nios2-elf/lib\libc.a(lib_a-wbuf.o)
                0x000000000800ca08                __swbuf
 .text          0x000000000800ca48        0x0 ../Hello_bsp//newlib/nios2-elf/lib\libc.a(lib_a-writer.o)
 .text._write_r
                0x000000000800ca48       0x70 ../Hello_bsp//newlib/nios2-elf/lib\libc.a(lib_a-writer.o)
                0x000000000800ca48                _write_r
 .text          0x000000000800cab8        0x0 ../Hello_bsp//newlib/nios2-elf/lib\libc.a(closer.o)
 .text._close_r
                0x000000000800cab8       0x60 ../Hello_bsp//newlib/nios2-elf/lib\libc.a(closer.o)
                0x000000000800cab8                _close_r
 .text          0x000000000800cb18        0x0 ../Hello_bsp//newlib/nios2-elf/lib\libc.a(lib_a-callocr.o)
 .text._calloc_r
                0x000000000800cb18      0x164 ../Hello_bsp//newlib/nios2-elf/lib\libc.a(lib_a-callocr.o)
                0x000000000800cb18                _calloc_r
 .text          0x000000000800cc7c        0x0 ../Hello_bsp//newlib/nios2-elf/lib\libc.a(lib_a-fclose.o)
 .text._fclose_r
                0x000000000800cc7c      0x12c ../Hello_bsp//newlib/nios2-elf/lib\libc.a(lib_a-fclose.o)
                0x000000000800cc7c                _fclose_r
 .text.fclose   0x000000000800cda8       0x38 ../Hello_bsp//newlib/nios2-elf/lib\libc.a(lib_a-fclose.o)
                0x000000000800cda8                fclose
 .text          0x000000000800cde0        0x0 ../Hello_bsp//newlib/nios2-elf/lib\libc.a(lib_a-fputwc.o)
 .text.__fputwc
                0x000000000800cde0      0x1f4 ../Hello_bsp//newlib/nios2-elf/lib\libc.a(lib_a-fputwc.o)
                0x000000000800cde0                __fputwc
 .text._fputwc_r
                0x000000000800cfd4       0x88 ../Hello_bsp//newlib/nios2-elf/lib\libc.a(lib_a-fputwc.o)
                0x000000000800cfd4                _fputwc_r
 .text.fputwc   0x000000000800d05c       0x68 ../Hello_bsp//newlib/nios2-elf/lib\libc.a(lib_a-fputwc.o)
                0x000000000800d05c                fputwc
 .text          0x000000000800d0c4        0x0 ../Hello_bsp//newlib/nios2-elf/lib\libc.a(lib_a-fstatr.o)
 .text._fstat_r
                0x000000000800d0c4       0x68 ../Hello_bsp//newlib/nios2-elf/lib\libc.a(lib_a-fstatr.o)
                0x000000000800d0c4                _fstat_r
 .text          0x000000000800d12c        0x0 ../Hello_bsp//newlib/nios2-elf/lib\libc.a(lib_a-int_errno.o)
 .text          0x000000000800d12c        0x0 ../Hello_bsp//newlib/nios2-elf/lib\libc.a(lib_a-isattyr.o)
 .text._isatty_r
                0x000000000800d12c       0x60 ../Hello_bsp//newlib/nios2-elf/lib\libc.a(lib_a-isattyr.o)
                0x000000000800d12c                _isatty_r
 .text          0x000000000800d18c        0x0 ../Hello_bsp//newlib/nios2-elf/lib\libc.a(lib_a-lseekr.o)
 .text._lseek_r
                0x000000000800d18c       0x70 ../Hello_bsp//newlib/nios2-elf/lib\libc.a(lib_a-lseekr.o)
                0x000000000800d18c                _lseek_r
 .text          0x000000000800d1fc        0x0 ../Hello_bsp//newlib/nios2-elf/lib\libc.a(lib_a-readr.o)
 .text._read_r  0x000000000800d1fc       0x70 ../Hello_bsp//newlib/nios2-elf/lib\libc.a(lib_a-readr.o)
                0x000000000800d1fc                _read_r
 .text          0x000000000800d26c        0x0 ../Hello_bsp//newlib/nios2-elf/lib\libc.a(lib_a-wcrtomb.o)
 .text._wcrtomb_r
                0x000000000800d26c       0xd4 ../Hello_bsp//newlib/nios2-elf/lib\libc.a(lib_a-wcrtomb.o)
                0x000000000800d26c                _wcrtomb_r
 .text.wcrtomb  0x000000000800d340       0xd8 ../Hello_bsp//newlib/nios2-elf/lib\libc.a(lib_a-wcrtomb.o)
                0x000000000800d340                wcrtomb
 .text          0x000000000800d418        0x0 ../Hello_bsp//newlib/nios2-elf/lib\libc.a(lib_a-wctomb_r.o)
 .text._wctomb_r
                0x000000000800d418       0x64 ../Hello_bsp//newlib/nios2-elf/lib\libc.a(lib_a-wctomb_r.o)
                0x000000000800d418                _wctomb_r
 .text.__ascii_wctomb
                0x000000000800d47c       0x78 ../Hello_bsp//newlib/nios2-elf/lib\libc.a(lib_a-wctomb_r.o)
                0x000000000800d47c                __ascii_wctomb
 .text          0x000000000800d4f4      0x578 d:/intelfpga_lite/18.0/nios2eds/bin/gnu/h-x86_64-mingw32/bin/../lib/gcc/nios2-elf/5.3.0\libgcc.a(_udivdi3.o)
                0x000000000800d4f4                __udivdi3
 .text          0x000000000800da6c      0x538 d:/intelfpga_lite/18.0/nios2eds/bin/gnu/h-x86_64-mingw32/bin/../lib/gcc/nios2-elf/5.3.0\libgcc.a(_umoddi3.o)
                0x000000000800da6c                __umoddi3
 .text          0x000000000800dfa4      0x1b4 d:/intelfpga_lite/18.0/nios2eds/bin/gnu/h-x86_64-mingw32/bin/../lib/gcc/nios2-elf/5.3.0\libgcc.a(lib2-divmod.o)
                0x000000000800dfa4                __divsi3
                0x000000000800e028                __modsi3
                0x000000000800e09c                __udivsi3
                0x000000000800e100                __umodsi3
 .text          0x000000000800e158      0x8ac d:/intelfpga_lite/18.0/nios2eds/bin/gnu/h-x86_64-mingw32/bin/../lib/gcc/nios2-elf/5.3.0\libgcc.a(adddf3.o)
                0x000000000800e158                __adddf3
 .text          0x000000000800ea04      0x8e8 d:/intelfpga_lite/18.0/nios2eds/bin/gnu/h-x86_64-mingw32/bin/../lib/gcc/nios2-elf/5.3.0\libgcc.a(divdf3.o)
                0x000000000800ea04                __divdf3
 .text          0x000000000800f2ec       0x88 d:/intelfpga_lite/18.0/nios2eds/bin/gnu/h-x86_64-mingw32/bin/../lib/gcc/nios2-elf/5.3.0\libgcc.a(eqdf2.o)
                0x000000000800f2ec                __nedf2
                0x000000000800f2ec                __eqdf2
 .text          0x000000000800f374       0xdc d:/intelfpga_lite/18.0/nios2eds/bin/gnu/h-x86_64-mingw32/bin/../lib/gcc/nios2-elf/5.3.0\libgcc.a(gedf2.o)
                0x000000000800f374                __gedf2
                0x000000000800f374                __gtdf2
 .text          0x000000000800f450       0xf4 d:/intelfpga_lite/18.0/nios2eds/bin/gnu/h-x86_64-mingw32/bin/../lib/gcc/nios2-elf/5.3.0\libgcc.a(ledf2.o)
                0x000000000800f450                __ledf2
                0x000000000800f450                __ltdf2
 .text          0x000000000800f544      0x718 d:/intelfpga_lite/18.0/nios2eds/bin/gnu/h-x86_64-mingw32/bin/../lib/gcc/nios2-elf/5.3.0\libgcc.a(muldf3.o)
                0x000000000800f544                __muldf3
 .text          0x000000000800fc5c      0x8fc d:/intelfpga_lite/18.0/nios2eds/bin/gnu/h-x86_64-mingw32/bin/../lib/gcc/nios2-elf/5.3.0\libgcc.a(subdf3.o)
                0x000000000800fc5c                __subdf3
 .text          0x0000000008010558       0x80 d:/intelfpga_lite/18.0/nios2eds/bin/gnu/h-x86_64-mingw32/bin/../lib/gcc/nios2-elf/5.3.0\libgcc.a(fixdfsi.o)
                0x0000000008010558                __fixdfsi
 .text          0x00000000080105d8       0xdc d:/intelfpga_lite/18.0/nios2eds/bin/gnu/h-x86_64-mingw32/bin/../lib/gcc/nios2-elf/5.3.0\libgcc.a(floatsidf.o)
                0x00000000080105d8                __floatsidf
 .text          0x00000000080106b4       0xa8 d:/intelfpga_lite/18.0/nios2eds/bin/gnu/h-x86_64-mingw32/bin/../lib/gcc/nios2-elf/5.3.0\libgcc.a(floatunsidf.o)
                0x00000000080106b4                __floatunsidf
 .text          0x000000000801075c        0x0 d:/intelfpga_lite/18.0/nios2eds/bin/gnu/h-x86_64-mingw32/bin/../lib/gcc/nios2-elf/5.3.0\libgcc.a(_clz.o)
 .text          0x000000000801075c       0x64 d:/intelfpga_lite/18.0/nios2eds/bin/gnu/h-x86_64-mingw32/bin/../lib/gcc/nios2-elf/5.3.0\libgcc.a(_clzsi2.o)
                0x000000000801075c                __clzsi2
 .text          0x00000000080107c0      0x10c ../Hello_bsp/\libhal_bsp.a(alt_close.o)
                0x00000000080107fc                close
 .text          0x00000000080108cc       0x2c ../Hello_bsp/\libhal_bsp.a(alt_dev.o)
 .text          0x00000000080108f8        0x0 ../Hello_bsp/\libhal_bsp.a(alt_errno.o)
 .text          0x00000000080108f8       0xec ../Hello_bsp/\libhal_bsp.a(alt_fstat.o)
                0x0000000008010934                fstat
 .text          0x00000000080109e4       0xe0 ../Hello_bsp/\libhal_bsp.a(alt_isatty.o)
                0x0000000008010a20                isatty
 .text          0x0000000008010ac4       0xec ../Hello_bsp/\libhal_bsp.a(alt_load.o)
                0x0000000008010b2c                alt_load
 .text          0x0000000008010bb0      0x110 ../Hello_bsp/\libhal_bsp.a(alt_lseek.o)
                0x0000000008010bec                lseek
 .text          0x0000000008010cc0       0x6c ../Hello_bsp/\libhal_bsp.a(alt_main.o)
                0x0000000008010cc0                alt_main
 .text          0x0000000008010d2c       0x48 ../Hello_bsp/\libhal_bsp.a(alt_malloc_lock.o)
                0x0000000008010d2c                __malloc_lock
                0x0000000008010d50                __malloc_unlock
 .text          0x0000000008010d74      0x138 ../Hello_bsp/\libhal_bsp.a(alt_read.o)
                0x0000000008010db0                read
 .text          0x0000000008010eac       0x64 ../Hello_bsp/\libhal_bsp.a(alt_release_fd.o)
                0x0000000008010eac                alt_release_fd
 .text          0x0000000008010f10       0xb0 ../Hello_bsp/\libhal_bsp.a(alt_sbrk.o)
                0x0000000008010f10                sbrk
 .text          0x0000000008010fc0      0x134 ../Hello_bsp/\libhal_bsp.a(alt_write.o)
                0x0000000008010ffc                write
 .text          0x00000000080110f4       0xd0 ../Hello_bsp/\libhal_bsp.a(alt_sys_init.o)
                0x0000000008011128                alt_irq_init
                0x0000000008011160                alt_sys_init
 .text          0x00000000080111c4      0x164 ../Hello_bsp/\libhal_bsp.a(altera_avalon_jtag_uart_fd.o)
                0x00000000080111c4                altera_avalon_jtag_uart_read_fd
                0x0000000008011224                altera_avalon_jtag_uart_write_fd
                0x0000000008011284                altera_avalon_jtag_uart_close_fd
                0x00000000080112d4                altera_avalon_jtag_uart_ioctl_fd
 .text          0x0000000008011328      0x3d4 ../Hello_bsp/\libhal_bsp.a(altera_avalon_jtag_uart_init.o)
                0x0000000008011328                altera_avalon_jtag_uart_init
                0x0000000008011694                altera_avalon_jtag_uart_close
 .text          0x00000000080116fc       0xf0 ../Hello_bsp/\libhal_bsp.a(altera_avalon_jtag_uart_ioctl.o)
                0x00000000080116fc                altera_avalon_jtag_uart_ioctl
 .text          0x00000000080117ec      0x21c ../Hello_bsp/\libhal_bsp.a(altera_avalon_jtag_uart_read.o)
                0x00000000080117ec                altera_avalon_jtag_uart_read
 .text          0x0000000008011a08      0x224 ../Hello_bsp/\libhal_bsp.a(altera_avalon_jtag_uart_write.o)
                0x0000000008011a08                altera_avalon_jtag_uart_write
 .text          0x0000000008011c2c       0xf4 ../Hello_bsp/\libhal_bsp.a(altera_avalon_timer_sc.o)
                0x0000000008011ca4                alt_avalon_timer_sc_init
 .text          0x0000000008011d20      0x12c ../Hello_bsp/\libhal_bsp.a(alt_alarm_start.o)
                0x0000000008011d20                alt_alarm_start
 .text          0x0000000008011e4c       0x48 ../Hello_bsp/\libhal_bsp.a(alt_dcache_flush_all.o)
                0x0000000008011e4c                alt_dcache_flush_all
 .text          0x0000000008011e94       0xe0 ../Hello_bsp/\libhal_bsp.a(alt_dev_llist_insert.o)
                0x0000000008011ed0                alt_dev_llist_insert
 .text          0x0000000008011f74       0x34 ../Hello_bsp/\libhal_bsp.a(alt_icache_flush_all.o)
                0x0000000008011f74                alt_icache_flush_all
 .text          0x0000000008011fa8      0x1b0 ../Hello_bsp/\libhal_bsp.a(alt_iic.o)
                0x0000000008011fa8                alt_ic_isr_register
                0x0000000008011ff8                alt_ic_irq_enable
                0x0000000008012080                alt_ic_irq_disable
                0x000000000801210c                alt_ic_irq_enabled
 .text          0x0000000008012158       0xf0 ../Hello_bsp/\libhal_bsp.a(alt_iic_isr_register.o)
                0x0000000008012158                alt_iic_isr_register
 .text          0x0000000008012248      0x140 ../Hello_bsp/\libhal_bsp.a(alt_io_redirect.o)
                0x000000000801230c                alt_io_redirect
 .text          0x0000000008012388        0x0 ../Hello_bsp/\libhal_bsp.a(alt_irq_entry.o)
 .text          0x0000000008012388        0x0 ../Hello_bsp/\libhal_bsp.a(alt_irq_handler.o)
 .text          0x0000000008012388        0x0 ../Hello_bsp/\libhal_bsp.a(alt_irq_vars.o)
 .text          0x0000000008012388      0x254 ../Hello_bsp/\libhal_bsp.a(alt_open.o)
                0x0000000008012488                open
 .text          0x00000000080125dc      0x1a4 ../Hello_bsp/\libhal_bsp.a(alt_tick.o)
                0x00000000080125dc                alt_alarm_stop
                0x0000000008012678                alt_tick
 .text          0x0000000008012780       0x24 ../Hello_bsp/\libhal_bsp.a(altera_nios2_gen2_irq.o)
                0x0000000008012780                altera_nios2_gen2_irq_init
 .text          0x00000000080127a4        0x0 ../Hello_bsp/\libhal_bsp.a(alt_exception_entry.o)
 .text          0x00000000080127a4       0x90 ../Hello_bsp/\libhal_bsp.a(alt_find_dev.o)
                0x00000000080127a4                alt_find_dev
 .text          0x0000000008012834      0x108 ../Hello_bsp/\libhal_bsp.a(alt_find_file.o)
                0x0000000008012834                alt_find_file
 .text          0x000000000801293c       0xa4 ../Hello_bsp/\libhal_bsp.a(alt_get_fd.o)
                0x000000000801293c                alt_get_fd
 .text          0x00000000080129e0       0x90 ../Hello_bsp/\libhal_bsp.a(alt_icache_flush.o)
                0x00000000080129e0                alt_icache_flush
 .text          0x0000000008012a70       0x9c ../Hello_bsp/\libhal_bsp.a(alt_instruction_exception_entry.o)
                0x0000000008012a70                alt_exception_cause_generated_bad_addr
 .text          0x0000000008012b0c        0x0 ../Hello_bsp//newlib/nios2-elf/lib\libc.a(lib_a-exit.o)
 .text.exit     0x0000000008012b0c       0x48 ../Hello_bsp//newlib/nios2-elf/lib\libc.a(lib_a-exit.o)
                0x0000000008012b0c                exit
 .text          0x0000000008012b54        0x0 ../Hello_bsp//newlib/nios2-elf/lib\libc.a(lib_a-memcmp.o)
 .text.memcmp   0x0000000008012b54      0x134 ../Hello_bsp//newlib/nios2-elf/lib\libc.a(lib_a-memcmp.o)
                0x0000000008012b54                memcmp
 .text          0x0000000008012c88        0x0 ../Hello_bsp//newlib/nios2-elf/lib\libc.a(lib_a-__call_atexit.o)
 .text.__call_exitprocs
                0x0000000008012c88      0x1ec ../Hello_bsp//newlib/nios2-elf/lib\libc.a(lib_a-__call_atexit.o)
                0x0000000008012c88                __call_exitprocs
 .text          0x0000000008012e74       0x34 ../Hello_bsp/\libhal_bsp.a(alt_exit.o)
                0x0000000008012e74                _exit
 *(.gnu.warning.*)
 *(.fini)
                [!provide]                        PROVIDE (__etext, ABSOLUTE (.))
                [!provide]                        PROVIDE (_etext, ABSOLUTE (.))
                [!provide]                        PROVIDE (etext, ABSOLUTE (.))
 *(.eh_frame_hdr)
                0x0000000008012ea8                . = ALIGN (0x4)
                [!provide]                        PROVIDE (__preinit_array_start, ABSOLUTE (.))
 *(.preinit_array)
                [!provide]                        PROVIDE (__preinit_array_end, ABSOLUTE (.))
                [!provide]                        PROVIDE (__init_array_start, ABSOLUTE (.))
 *(.init_array)
                [!provide]                        PROVIDE (__init_array_end, ABSOLUTE (.))
                [!provide]                        PROVIDE (__fini_array_start, ABSOLUTE (.))
 *(.fini_array)
                [!provide]                        PROVIDE (__fini_array_end, ABSOLUTE (.))
 *(.eh_frame)
 *(.gcc_except_table .gcc_except_table.*)
 *(.dynamic)
                [!provide]                        PROVIDE (__CTOR_LIST__, ABSOLUTE (.))
 *(.ctors)
 *(SORT(.ctors.*))
                [!provide]                        PROVIDE (__CTOR_END__, ABSOLUTE (.))
                [!provide]                        PROVIDE (__DTOR_LIST__, ABSOLUTE (.))
 *(.dtors)
 *(SORT(.dtors.*))
                [!provide]                        PROVIDE (__DTOR_END__, ABSOLUTE (.))
 *(.jcr)
                0x0000000008012ea8                . = ALIGN (0x4)

.rodata         0x0000000008012ea8      0x4e4
                0x0000000008012ea8                PROVIDE (__ram_rodata_start, ABSOLUTE (.))
                0x0000000008012ea8                . = ALIGN (0x4)
 *(.rodata .rodata.* .gnu.linkonce.r.*)
 .rodata        0x0000000008012ea8      0x170 obj/default/main.o
 .rodata        0x0000000008013018        0x2 ../Hello_bsp//newlib/nios2-elf/lib\libc.a(lib_a-puts.o)
 *fill*         0x000000000801301a        0x2 
 .rodata        0x000000000801301c       0x5e ../Hello_bsp//newlib/nios2-elf/lib\libc.a(lib_a-vfprintf.o)
 .rodata.blanks.4403
                0x000000000801307a       0x10 ../Hello_bsp//newlib/nios2-elf/lib\libc.a(lib_a-vfprintf.o)
 .rodata.zeroes.4404
                0x000000000801308a       0x10 ../Hello_bsp//newlib/nios2-elf/lib\libc.a(lib_a-vfprintf.o)
 *fill*         0x000000000801309a        0x2 
 .rodata        0x000000000801309c       0x12 ../Hello_bsp//newlib/nios2-elf/lib\libc.a(lib_a-dtoa.o)
 *fill*         0x00000000080130ae        0x2 
 .rodata        0x00000000080130b0        0x2 ../Hello_bsp//newlib/nios2-elf/lib\libc.a(lib_a-impure.o)
 *fill*         0x00000000080130b2        0x2 
 .rodata        0x00000000080130b4       0x12 ../Hello_bsp//newlib/nios2-elf/lib\libc.a(lib_a-locale.o)
 *fill*         0x00000000080130c6        0x2 
 .rodata.__mprec_tens
                0x00000000080130c8       0xc8 ../Hello_bsp//newlib/nios2-elf/lib\libc.a(lib_a-mprec.o)
                0x00000000080130c8                __mprec_tens
 .rodata.__mprec_bigtens
                0x0000000008013190       0x28 ../Hello_bsp//newlib/nios2-elf/lib\libc.a(lib_a-mprec.o)
                0x0000000008013190                __mprec_bigtens
 .rodata.__mprec_tinytens
                0x00000000080131b8       0x28 ../Hello_bsp//newlib/nios2-elf/lib\libc.a(lib_a-mprec.o)
                0x00000000080131b8                __mprec_tinytens
 .rodata.p05.2768
                0x00000000080131e0        0xc ../Hello_bsp//newlib/nios2-elf/lib\libc.a(lib_a-mprec.o)
 .rodata        0x00000000080131ec       0x4a ../Hello_bsp//newlib/nios2-elf/lib\libc.a(lib_a-vfiprintf.o)
 .rodata.blanks.4348
                0x0000000008013236       0x10 ../Hello_bsp//newlib/nios2-elf/lib\libc.a(lib_a-vfiprintf.o)
 .rodata.zeroes.4349
                0x0000000008013246       0x10 ../Hello_bsp//newlib/nios2-elf/lib\libc.a(lib_a-vfiprintf.o)
 .rodata        0x0000000008013256      0x100 d:/intelfpga_lite/18.0/nios2eds/bin/gnu/h-x86_64-mingw32/bin/../lib/gcc/nios2-elf/5.3.0\libgcc.a(_clz.o)
                0x0000000008013256                __clz_tab
 *fill*         0x0000000008013356        0x2 
 .rodata        0x0000000008013358        0xa ../Hello_bsp/\libhal_bsp.a(alt_dev.o)
 *fill*         0x0000000008013362        0x2 
 .rodata        0x0000000008013364       0x11 ../Hello_bsp/\libhal_bsp.a(alt_main.o)
 *fill*         0x0000000008013375        0x3 
 .rodata        0x0000000008013378       0x11 ../Hello_bsp/\libhal_bsp.a(alt_sys_init.o)
 *(.rodata1)
                0x000000000801338c                . = ALIGN (0x4)
 *fill*         0x0000000008013389        0x3 
                0x000000000801338c                PROVIDE (__ram_rodata_end, ABSOLUTE (.))
                0x0000000008012ea8                PROVIDE (__flash_rodata_start, LOADADDR (.rodata))

.rwdata         0x000000000801338c     0x1aec load address 0x0000000008014e78
                0x000000000801338c                PROVIDE (__ram_rwdata_start, ABSOLUTE (.))
                0x000000000801338c                . = ALIGN (0x4)
 *(.got.plt)
 *(.got)
 *(.data1)
 *(.data .data.* .gnu.linkonce.d.*)
 .data          0x000000000801338c        0x0 ../Hello_bsp//obj/HAL/src/crt0.o
 .data          0x000000000801338c        0x0 obj/default/gppcu.o
 .data          0x000000000801338c        0x0 obj/default/main.o
 .data          0x000000000801338c        0x0 ../Hello_bsp//newlib/nios2-elf/lib\libc.a(lib_a-printf.o)
 .data          0x000000000801338c        0x0 ../Hello_bsp//newlib/nios2-elf/lib\libc.a(lib_a-putchar.o)
 .data          0x000000000801338c        0x0 ../Hello_bsp//newlib/nios2-elf/lib\libc.a(lib_a-puts.o)
 .data          0x000000000801338c        0x0 ../Hello_bsp//newlib/nios2-elf/lib\libc.a(lib_a-strlen.o)
 .data          0x000000000801338c        0x0 ../Hello_bsp//newlib/nios2-elf/lib\libc.a(lib_a-vfprintf.o)
 .data          0x000000000801338c        0x0 ../Hello_bsp//newlib/nios2-elf/lib\libc.a(lib_a-wsetup.o)
 .data          0x000000000801338c        0x0 ../Hello_bsp//newlib/nios2-elf/lib\libc.a(lib_a-dtoa.o)
 .data          0x000000000801338c        0x0 ../Hello_bsp//newlib/nios2-elf/lib\libc.a(lib_a-fflush.o)
 .data          0x000000000801338c        0x0 ../Hello_bsp//newlib/nios2-elf/lib\libc.a(lib_a-findfp.o)
 .data          0x000000000801338c        0x0 ../Hello_bsp//newlib/nios2-elf/lib\libc.a(lib_a-freer.o)
 .data          0x000000000801338c        0x0 ../Hello_bsp//newlib/nios2-elf/lib\libc.a(lib_a-fvwrite.o)
 .data          0x000000000801338c        0x0 ../Hello_bsp//newlib/nios2-elf/lib\libc.a(lib_a-fwalk.o)
 .data          0x000000000801338c        0x0 ../Hello_bsp//newlib/nios2-elf/lib\libc.a(lib_a-impure.o)
 .data.impure_data
                0x000000000801338c      0x424 ../Hello_bsp//newlib/nios2-elf/lib\libc.a(lib_a-impure.o)
 .data          0x00000000080137b0        0x0 ../Hello_bsp//newlib/nios2-elf/lib\libc.a(lib_a-locale.o)
 .data.lconv    0x00000000080137b0       0x38 ../Hello_bsp//newlib/nios2-elf/lib\libc.a(lib_a-locale.o)
 .data.lc_ctype_charset
                0x00000000080137e8       0x20 ../Hello_bsp//newlib/nios2-elf/lib\libc.a(lib_a-locale.o)
 .data.lc_message_charset
                0x0000000008013808       0x20 ../Hello_bsp//newlib/nios2-elf/lib\libc.a(lib_a-locale.o)
 .data          0x0000000008013828        0x0 ../Hello_bsp//newlib/nios2-elf/lib\libc.a(lib_a-makebuf.o)
 .data          0x0000000008013828        0x0 ../Hello_bsp//newlib/nios2-elf/lib\libc.a(lib_a-mallocr.o)
 .data.__malloc_av_
                0x0000000008013828      0x408 ../Hello_bsp//newlib/nios2-elf/lib\libc.a(lib_a-mallocr.o)
                0x0000000008013828                __malloc_av_
 .data          0x0000000008013c30        0x0 ../Hello_bsp//newlib/nios2-elf/lib\libc.a(lib_a-memchr.o)
 .data          0x0000000008013c30        0x0 ../Hello_bsp//newlib/nios2-elf/lib\libc.a(lib_a-memcpy.o)
 .data          0x0000000008013c30        0x0 ../Hello_bsp//newlib/nios2-elf/lib\libc.a(lib_a-memmove.o)
 .data          0x0000000008013c30        0x0 ../Hello_bsp//newlib/nios2-elf/lib\libc.a(lib_a-memset.o)
 .data          0x0000000008013c30        0x0 ../Hello_bsp//newlib/nios2-elf/lib\libc.a(lib_a-mprec.o)
 .data          0x0000000008013c30        0x0 ../Hello_bsp//newlib/nios2-elf/lib\libc.a(lib_a-putc.o)
 .data          0x0000000008013c30        0x0 ../Hello_bsp//newlib/nios2-elf/lib\libc.a(lib_a-reallocr.o)
 .data          0x0000000008013c30        0x0 ../Hello_bsp//newlib/nios2-elf/lib\libc.a(lib_a-s_fpclassify.o)
 .data          0x0000000008013c30        0x0 ../Hello_bsp//newlib/nios2-elf/lib\libc.a(lib_a-sbrkr.o)
 .data          0x0000000008013c30        0x0 ../Hello_bsp//newlib/nios2-elf/lib\libc.a(lib_a-stdio.o)
 .data          0x0000000008013c30        0x0 ../Hello_bsp//newlib/nios2-elf/lib\libc.a(lib_a-strcmp.o)
 .data          0x0000000008013c30        0x0 ../Hello_bsp//newlib/nios2-elf/lib\libc.a(lib_a-vfiprintf.o)
 .data          0x0000000008013c30        0x0 ../Hello_bsp//newlib/nios2-elf/lib\libc.a(lib_a-wbuf.o)
 .data          0x0000000008013c30        0x0 ../Hello_bsp//newlib/nios2-elf/lib\libc.a(lib_a-writer.o)
 .data          0x0000000008013c30        0x0 ../Hello_bsp//newlib/nios2-elf/lib\libc.a(closer.o)
 .data          0x0000000008013c30        0x0 ../Hello_bsp//newlib/nios2-elf/lib\libc.a(lib_a-callocr.o)
 .data          0x0000000008013c30        0x0 ../Hello_bsp//newlib/nios2-elf/lib\libc.a(lib_a-fclose.o)
 .data          0x0000000008013c30        0x0 ../Hello_bsp//newlib/nios2-elf/lib\libc.a(lib_a-fputwc.o)
 .data          0x0000000008013c30        0x0 ../Hello_bsp//newlib/nios2-elf/lib\libc.a(lib_a-fstatr.o)
 .data          0x0000000008013c30        0x0 ../Hello_bsp//newlib/nios2-elf/lib\libc.a(lib_a-int_errno.o)
 .data          0x0000000008013c30        0x0 ../Hello_bsp//newlib/nios2-elf/lib\libc.a(lib_a-isattyr.o)
 .data          0x0000000008013c30        0x0 ../Hello_bsp//newlib/nios2-elf/lib\libc.a(lib_a-lseekr.o)
 .data          0x0000000008013c30        0x0 ../Hello_bsp//newlib/nios2-elf/lib\libc.a(lib_a-readr.o)
 .data          0x0000000008013c30        0x0 ../Hello_bsp//newlib/nios2-elf/lib\libc.a(lib_a-wcrtomb.o)
 .data          0x0000000008013c30        0x0 ../Hello_bsp//newlib/nios2-elf/lib\libc.a(lib_a-wctomb_r.o)
 .data          0x0000000008013c30        0x0 d:/intelfpga_lite/18.0/nios2eds/bin/gnu/h-x86_64-mingw32/bin/../lib/gcc/nios2-elf/5.3.0\libgcc.a(_udivdi3.o)
 .data          0x0000000008013c30        0x0 d:/intelfpga_lite/18.0/nios2eds/bin/gnu/h-x86_64-mingw32/bin/../lib/gcc/nios2-elf/5.3.0\libgcc.a(_umoddi3.o)
 .data          0x0000000008013c30        0x0 d:/intelfpga_lite/18.0/nios2eds/bin/gnu/h-x86_64-mingw32/bin/../lib/gcc/nios2-elf/5.3.0\libgcc.a(lib2-divmod.o)
 .data          0x0000000008013c30        0x0 d:/intelfpga_lite/18.0/nios2eds/bin/gnu/h-x86_64-mingw32/bin/../lib/gcc/nios2-elf/5.3.0\libgcc.a(adddf3.o)
 .data          0x0000000008013c30        0x0 d:/intelfpga_lite/18.0/nios2eds/bin/gnu/h-x86_64-mingw32/bin/../lib/gcc/nios2-elf/5.3.0\libgcc.a(divdf3.o)
 .data          0x0000000008013c30        0x0 d:/intelfpga_lite/18.0/nios2eds/bin/gnu/h-x86_64-mingw32/bin/../lib/gcc/nios2-elf/5.3.0\libgcc.a(eqdf2.o)
 .data          0x0000000008013c30        0x0 d:/intelfpga_lite/18.0/nios2eds/bin/gnu/h-x86_64-mingw32/bin/../lib/gcc/nios2-elf/5.3.0\libgcc.a(gedf2.o)
 .data          0x0000000008013c30        0x0 d:/intelfpga_lite/18.0/nios2eds/bin/gnu/h-x86_64-mingw32/bin/../lib/gcc/nios2-elf/5.3.0\libgcc.a(ledf2.o)
 .data          0x0000000008013c30        0x0 d:/intelfpga_lite/18.0/nios2eds/bin/gnu/h-x86_64-mingw32/bin/../lib/gcc/nios2-elf/5.3.0\libgcc.a(muldf3.o)
 .data          0x0000000008013c30        0x0 d:/intelfpga_lite/18.0/nios2eds/bin/gnu/h-x86_64-mingw32/bin/../lib/gcc/nios2-elf/5.3.0\libgcc.a(subdf3.o)
 .data          0x0000000008013c30        0x0 d:/intelfpga_lite/18.0/nios2eds/bin/gnu/h-x86_64-mingw32/bin/../lib/gcc/nios2-elf/5.3.0\libgcc.a(fixdfsi.o)
 .data          0x0000000008013c30        0x0 d:/intelfpga_lite/18.0/nios2eds/bin/gnu/h-x86_64-mingw32/bin/../lib/gcc/nios2-elf/5.3.0\libgcc.a(floatsidf.o)
 .data          0x0000000008013c30        0x0 d:/intelfpga_lite/18.0/nios2eds/bin/gnu/h-x86_64-mingw32/bin/../lib/gcc/nios2-elf/5.3.0\libgcc.a(floatunsidf.o)
 .data          0x0000000008013c30        0x0 d:/intelfpga_lite/18.0/nios2eds/bin/gnu/h-x86_64-mingw32/bin/../lib/gcc/nios2-elf/5.3.0\libgcc.a(_clz.o)
 .data          0x0000000008013c30        0x0 d:/intelfpga_lite/18.0/nios2eds/bin/gnu/h-x86_64-mingw32/bin/../lib/gcc/nios2-elf/5.3.0\libgcc.a(_clzsi2.o)
 .data          0x0000000008013c30        0x0 ../Hello_bsp/\libhal_bsp.a(alt_close.o)
 .data          0x0000000008013c30      0x1a8 ../Hello_bsp/\libhal_bsp.a(alt_dev.o)
                0x0000000008013c30                alt_dev_null
                0x0000000008013c58                alt_fd_list
 .data          0x0000000008013dd8        0x0 ../Hello_bsp/\libhal_bsp.a(alt_errno.o)
 .data          0x0000000008013dd8        0x0 ../Hello_bsp/\libhal_bsp.a(alt_fstat.o)
 .data          0x0000000008013dd8        0x0 ../Hello_bsp/\libhal_bsp.a(alt_isatty.o)
 .data          0x0000000008013dd8        0x0 ../Hello_bsp/\libhal_bsp.a(alt_load.o)
 .data          0x0000000008013dd8        0x0 ../Hello_bsp/\libhal_bsp.a(alt_lseek.o)
 .data          0x0000000008013dd8        0x0 ../Hello_bsp/\libhal_bsp.a(alt_main.o)
 .data          0x0000000008013dd8        0x0 ../Hello_bsp/\libhal_bsp.a(alt_malloc_lock.o)
 .data          0x0000000008013dd8        0x0 ../Hello_bsp/\libhal_bsp.a(alt_read.o)
 .data          0x0000000008013dd8        0x0 ../Hello_bsp/\libhal_bsp.a(alt_release_fd.o)
 .data          0x0000000008013dd8        0x0 ../Hello_bsp/\libhal_bsp.a(alt_sbrk.o)
 .data          0x0000000008013dd8        0x0 ../Hello_bsp/\libhal_bsp.a(alt_write.o)
 .data          0x0000000008013dd8     0x1060 ../Hello_bsp/\libhal_bsp.a(alt_sys_init.o)
 .data          0x0000000008014e38        0x0 ../Hello_bsp/\libhal_bsp.a(altera_avalon_jtag_uart_fd.o)
 .data          0x0000000008014e38        0x0 ../Hello_bsp/\libhal_bsp.a(altera_avalon_jtag_uart_init.o)
 .data          0x0000000008014e38        0x0 ../Hello_bsp/\libhal_bsp.a(altera_avalon_jtag_uart_ioctl.o)
 .data          0x0000000008014e38        0x0 ../Hello_bsp/\libhal_bsp.a(altera_avalon_jtag_uart_read.o)
 .data          0x0000000008014e38        0x0 ../Hello_bsp/\libhal_bsp.a(altera_avalon_jtag_uart_write.o)
 .data          0x0000000008014e38        0x0 ../Hello_bsp/\libhal_bsp.a(altera_avalon_timer_sc.o)
 .data          0x0000000008014e38        0x0 ../Hello_bsp/\libhal_bsp.a(alt_alarm_start.o)
 .data          0x0000000008014e38        0x0 ../Hello_bsp/\libhal_bsp.a(alt_dcache_flush_all.o)
 .data          0x0000000008014e38        0x0 ../Hello_bsp/\libhal_bsp.a(alt_dev_llist_insert.o)
 .data          0x0000000008014e38        0x0 ../Hello_bsp/\libhal_bsp.a(alt_icache_flush_all.o)
 .data          0x0000000008014e38        0x0 ../Hello_bsp/\libhal_bsp.a(alt_iic.o)
 .data          0x0000000008014e38        0x0 ../Hello_bsp/\libhal_bsp.a(alt_iic_isr_register.o)
 .data          0x0000000008014e38        0x0 ../Hello_bsp/\libhal_bsp.a(alt_io_redirect.o)
 .data          0x0000000008014e38        0x0 ../Hello_bsp/\libhal_bsp.a(alt_irq_entry.o)
 .data          0x0000000008014e38        0x0 ../Hello_bsp/\libhal_bsp.a(alt_irq_handler.o)
 .data          0x0000000008014e38        0x0 ../Hello_bsp/\libhal_bsp.a(alt_irq_vars.o)
 .data          0x0000000008014e38        0x0 ../Hello_bsp/\libhal_bsp.a(alt_open.o)
 .data          0x0000000008014e38        0x0 ../Hello_bsp/\libhal_bsp.a(alt_tick.o)
 .data          0x0000000008014e38        0x0 ../Hello_bsp/\libhal_bsp.a(altera_nios2_gen2_irq.o)
 .data          0x0000000008014e38        0x0 ../Hello_bsp/\libhal_bsp.a(alt_exception_entry.o)
 .data          0x0000000008014e38        0x0 ../Hello_bsp/\libhal_bsp.a(alt_find_dev.o)
 .data          0x0000000008014e38        0x0 ../Hello_bsp/\libhal_bsp.a(alt_find_file.o)
 .data          0x0000000008014e38        0x0 ../Hello_bsp/\libhal_bsp.a(alt_get_fd.o)
 .data          0x0000000008014e38        0x0 ../Hello_bsp/\libhal_bsp.a(alt_icache_flush.o)
 .data          0x0000000008014e38        0x0 ../Hello_bsp/\libhal_bsp.a(alt_instruction_exception_entry.o)
 .data          0x0000000008014e38        0x0 ../Hello_bsp//newlib/nios2-elf/lib\libc.a(lib_a-exit.o)
 .data          0x0000000008014e38        0x0 ../Hello_bsp//newlib/nios2-elf/lib\libc.a(lib_a-memcmp.o)
 .data          0x0000000008014e38        0x0 ../Hello_bsp//newlib/nios2-elf/lib\libc.a(lib_a-__call_atexit.o)
 .data          0x0000000008014e38        0x0 ../Hello_bsp/\libhal_bsp.a(alt_exit.o)
                0x000000000801ce38                _gp = ABSOLUTE ((. + 0x8000))
                [!provide]                        PROVIDE (gp, _gp)
 *(.rwdata .rwdata.*)
 *(.sdata .sdata.* .gnu.linkonce.s.*)
 .sdata._impure_ptr
                0x0000000008014e38        0x4 ../Hello_bsp//newlib/nios2-elf/lib\libc.a(lib_a-impure.o)
                0x0000000008014e38                _impure_ptr
 .sdata._global_impure_ptr
                0x0000000008014e3c        0x4 ../Hello_bsp//newlib/nios2-elf/lib\libc.a(lib_a-impure.o)
                0x0000000008014e3c                _global_impure_ptr
 .sdata.__mb_cur_max
                0x0000000008014e40        0x4 ../Hello_bsp//newlib/nios2-elf/lib\libc.a(lib_a-locale.o)
                0x0000000008014e40                __mb_cur_max
 .sdata.__malloc_trim_threshold
                0x0000000008014e44        0x4 ../Hello_bsp//newlib/nios2-elf/lib\libc.a(lib_a-mallocr.o)
                0x0000000008014e44                __malloc_trim_threshold
 .sdata.__malloc_sbrk_base
                0x0000000008014e48        0x4 ../Hello_bsp//newlib/nios2-elf/lib\libc.a(lib_a-mallocr.o)
                0x0000000008014e48                __malloc_sbrk_base
 .sdata.__wctomb
                0x0000000008014e4c        0x4 ../Hello_bsp//newlib/nios2-elf/lib\libc.a(lib_a-wctomb_r.o)
                0x0000000008014e4c                __wctomb
 .sdata         0x0000000008014e50       0x14 ../Hello_bsp/\libhal_bsp.a(alt_dev.o)
                0x0000000008014e50                alt_fs_list
                0x0000000008014e58                alt_dev_list
                0x0000000008014e60                alt_max_fd
 .sdata         0x0000000008014e64        0x4 ../Hello_bsp/\libhal_bsp.a(alt_errno.o)
                0x0000000008014e64                alt_errno
 .sdata         0x0000000008014e68        0x4 ../Hello_bsp/\libhal_bsp.a(alt_sbrk.o)
 .sdata         0x0000000008014e6c        0x4 ../Hello_bsp/\libhal_bsp.a(alt_irq_vars.o)
                0x0000000008014e6c                alt_priority_mask
 .sdata         0x0000000008014e70        0x8 ../Hello_bsp/\libhal_bsp.a(alt_tick.o)
                0x0000000008014e70                alt_alarm_list
 *(.sdata2 .sdata2.* .gnu.linkonce.s2.*)
                0x0000000008014e78                . = ALIGN (0x4)
                0x0000000008014e78                _edata = ABSOLUTE (.)
                [!provide]                        PROVIDE (edata, ABSOLUTE (.))
                0x0000000008014e78                PROVIDE (__ram_rwdata_end, ABSOLUTE (.))
                0x0000000008014e78                PROVIDE (__flash_rwdata_start, LOADADDR (.rwdata))

.bss            0x0000000008016964      0x170
                0x0000000008016964                __bss_start = ABSOLUTE (.)
                [!provide]                        PROVIDE (__sbss_start, ABSOLUTE (.))
                [!provide]                        PROVIDE (___sbss_start, ABSOLUTE (.))
 *(.dynsbss)
 *(.sbss .sbss.* .gnu.linkonce.sb.*)
 .sbss.__sfp_lock
                0x0000000008016964        0x4 ../Hello_bsp//newlib/nios2-elf/lib\libc.a(lib_a-findfp.o)
 .sbss.__sinit_lock
                0x0000000008016968        0x4 ../Hello_bsp//newlib/nios2-elf/lib\libc.a(lib_a-findfp.o)
 .sbss.__nlocale_changed
                0x000000000801696c        0x4 ../Hello_bsp//newlib/nios2-elf/lib\libc.a(lib_a-locale.o)
                0x000000000801696c                __nlocale_changed
 .sbss.__mlocale_changed
                0x0000000008016970        0x4 ../Hello_bsp//newlib/nios2-elf/lib\libc.a(lib_a-locale.o)
                0x0000000008016970                __mlocale_changed
 .sbss._PathLocale
                0x0000000008016974        0x4 ../Hello_bsp//newlib/nios2-elf/lib\libc.a(lib_a-locale.o)
                0x0000000008016974                _PathLocale
 .sbss.lc_ctype_cjk_lang
                0x0000000008016978        0x4 ../Hello_bsp//newlib/nios2-elf/lib\libc.a(lib_a-locale.o)
 .sbss.__malloc_top_pad
                0x000000000801697c        0x4 ../Hello_bsp//newlib/nios2-elf/lib\libc.a(lib_a-mallocr.o)
                0x000000000801697c                __malloc_top_pad
 .sbss.__malloc_max_sbrked_mem
                0x0000000008016980        0x4 ../Hello_bsp//newlib/nios2-elf/lib\libc.a(lib_a-mallocr.o)
                0x0000000008016980                __malloc_max_sbrked_mem
 .sbss.__malloc_max_total_mem
                0x0000000008016984        0x4 ../Hello_bsp//newlib/nios2-elf/lib\libc.a(lib_a-mallocr.o)
                0x0000000008016984                __malloc_max_total_mem
 .sbss          0x0000000008016988        0x4 ../Hello_bsp//newlib/nios2-elf/lib\libc.a(lib_a-int_errno.o)
                0x0000000008016988                errno
 .sbss          0x000000000801698c        0xc ../Hello_bsp/\libhal_bsp.a(alt_main.o)
                0x000000000801698c                alt_argc
                0x0000000008016990                alt_argv
                0x0000000008016994                alt_envp
 .sbss          0x0000000008016998        0x4 ../Hello_bsp/\libhal_bsp.a(alt_irq_vars.o)
                0x0000000008016998                alt_irq_active
 .sbss          0x000000000801699c        0x8 ../Hello_bsp/\libhal_bsp.a(alt_tick.o)
                0x000000000801699c                _alt_tick_rate
                0x00000000080169a0                _alt_nticks
 .sbss          0x00000000080169a4        0x4 ../Hello_bsp/\libhal_bsp.a(alt_instruction_exception_entry.o)
                0x00000000080169a4                alt_instruction_exception_handler
 .sbss.__atexit_lock
                0x00000000080169a8        0x4 ../Hello_bsp//newlib/nios2-elf/lib\libc.a(lib_a-__call_atexit.o)
 *(.sbss2 .sbss2.* .gnu.linkonce.sb2.*)
 *(.scommon)
                [!provide]                        PROVIDE (__sbss_end, ABSOLUTE (.))
                [!provide]                        PROVIDE (___sbss_end, ABSOLUTE (.))
 *(.dynbss)
 *(.bss .bss.* .gnu.linkonce.b.*)
 .bss           0x00000000080169ac        0x0 ../Hello_bsp//obj/HAL/src/crt0.o
 .bss           0x00000000080169ac        0x0 obj/default/gppcu.o
 .bss           0x00000000080169ac        0x0 obj/default/main.o
 .bss           0x00000000080169ac        0x0 ../Hello_bsp//newlib/nios2-elf/lib\libc.a(lib_a-printf.o)
 .bss           0x00000000080169ac        0x0 ../Hello_bsp//newlib/nios2-elf/lib\libc.a(lib_a-putchar.o)
 .bss           0x00000000080169ac        0x0 ../Hello_bsp//newlib/nios2-elf/lib\libc.a(lib_a-puts.o)
 .bss           0x00000000080169ac        0x0 ../Hello_bsp//newlib/nios2-elf/lib\libc.a(lib_a-strlen.o)
 .bss           0x00000000080169ac        0x0 ../Hello_bsp//newlib/nios2-elf/lib\libc.a(lib_a-vfprintf.o)
 .bss           0x00000000080169ac        0x0 ../Hello_bsp//newlib/nios2-elf/lib\libc.a(lib_a-wsetup.o)
 .bss           0x00000000080169ac        0x0 ../Hello_bsp//newlib/nios2-elf/lib\libc.a(lib_a-dtoa.o)
 .bss           0x00000000080169ac        0x0 ../Hello_bsp//newlib/nios2-elf/lib\libc.a(lib_a-fflush.o)
 .bss           0x00000000080169ac        0x0 ../Hello_bsp//newlib/nios2-elf/lib\libc.a(lib_a-findfp.o)
 .bss           0x00000000080169ac        0x0 ../Hello_bsp//newlib/nios2-elf/lib\libc.a(lib_a-freer.o)
 .bss           0x00000000080169ac        0x0 ../Hello_bsp//newlib/nios2-elf/lib\libc.a(lib_a-fvwrite.o)
 .bss           0x00000000080169ac        0x0 ../Hello_bsp//newlib/nios2-elf/lib\libc.a(lib_a-fwalk.o)
 .bss           0x00000000080169ac        0x0 ../Hello_bsp//newlib/nios2-elf/lib\libc.a(lib_a-impure.o)
 .bss           0x00000000080169ac        0x0 ../Hello_bsp//newlib/nios2-elf/lib\libc.a(lib_a-locale.o)
 .bss           0x00000000080169ac        0x0 ../Hello_bsp//newlib/nios2-elf/lib\libc.a(lib_a-makebuf.o)
 .bss           0x00000000080169ac        0x0 ../Hello_bsp//newlib/nios2-elf/lib\libc.a(lib_a-mallocr.o)
 .bss.__malloc_current_mallinfo
                0x00000000080169ac       0x28 ../Hello_bsp//newlib/nios2-elf/lib\libc.a(lib_a-mallocr.o)
                0x00000000080169ac                __malloc_current_mallinfo
 .bss           0x00000000080169d4        0x0 ../Hello_bsp//newlib/nios2-elf/lib\libc.a(lib_a-memchr.o)
 .bss           0x00000000080169d4        0x0 ../Hello_bsp//newlib/nios2-elf/lib\libc.a(lib_a-memcpy.o)
 .bss           0x00000000080169d4        0x0 ../Hello_bsp//newlib/nios2-elf/lib\libc.a(lib_a-memmove.o)
 .bss           0x00000000080169d4        0x0 ../Hello_bsp//newlib/nios2-elf/lib\libc.a(lib_a-memset.o)
 .bss           0x00000000080169d4        0x0 ../Hello_bsp//newlib/nios2-elf/lib\libc.a(lib_a-mprec.o)
 .bss           0x00000000080169d4        0x0 ../Hello_bsp//newlib/nios2-elf/lib\libc.a(lib_a-putc.o)
 .bss           0x00000000080169d4        0x0 ../Hello_bsp//newlib/nios2-elf/lib\libc.a(lib_a-reallocr.o)
 .bss           0x00000000080169d4        0x0 ../Hello_bsp//newlib/nios2-elf/lib\libc.a(lib_a-s_fpclassify.o)
 .bss           0x00000000080169d4        0x0 ../Hello_bsp//newlib/nios2-elf/lib\libc.a(lib_a-sbrkr.o)
 .bss           0x00000000080169d4        0x0 ../Hello_bsp//newlib/nios2-elf/lib\libc.a(lib_a-stdio.o)
 .bss           0x00000000080169d4        0x0 ../Hello_bsp//newlib/nios2-elf/lib\libc.a(lib_a-strcmp.o)
 .bss           0x00000000080169d4        0x0 ../Hello_bsp//newlib/nios2-elf/lib\libc.a(lib_a-vfiprintf.o)
 .bss           0x00000000080169d4        0x0 ../Hello_bsp//newlib/nios2-elf/lib\libc.a(lib_a-wbuf.o)
 .bss           0x00000000080169d4        0x0 ../Hello_bsp//newlib/nios2-elf/lib\libc.a(lib_a-writer.o)
 .bss           0x00000000080169d4        0x0 ../Hello_bsp//newlib/nios2-elf/lib\libc.a(closer.o)
 .bss           0x00000000080169d4        0x0 ../Hello_bsp//newlib/nios2-elf/lib\libc.a(lib_a-callocr.o)
 .bss           0x00000000080169d4        0x0 ../Hello_bsp//newlib/nios2-elf/lib\libc.a(lib_a-fclose.o)
 .bss           0x00000000080169d4        0x0 ../Hello_bsp//newlib/nios2-elf/lib\libc.a(lib_a-fputwc.o)
 .bss           0x00000000080169d4        0x0 ../Hello_bsp//newlib/nios2-elf/lib\libc.a(lib_a-fstatr.o)
 .bss           0x00000000080169d4        0x0 ../Hello_bsp//newlib/nios2-elf/lib\libc.a(lib_a-int_errno.o)
 .bss           0x00000000080169d4        0x0 ../Hello_bsp//newlib/nios2-elf/lib\libc.a(lib_a-isattyr.o)
 .bss           0x00000000080169d4        0x0 ../Hello_bsp//newlib/nios2-elf/lib\libc.a(lib_a-lseekr.o)
 .bss           0x00000000080169d4        0x0 ../Hello_bsp//newlib/nios2-elf/lib\libc.a(lib_a-readr.o)
 .bss           0x00000000080169d4        0x0 ../Hello_bsp//newlib/nios2-elf/lib\libc.a(lib_a-wcrtomb.o)
 .bss           0x00000000080169d4        0x0 ../Hello_bsp//newlib/nios2-elf/lib\libc.a(lib_a-wctomb_r.o)
 .bss           0x00000000080169d4        0x0 d:/intelfpga_lite/18.0/nios2eds/bin/gnu/h-x86_64-mingw32/bin/../lib/gcc/nios2-elf/5.3.0\libgcc.a(_udivdi3.o)
 .bss           0x00000000080169d4        0x0 d:/intelfpga_lite/18.0/nios2eds/bin/gnu/h-x86_64-mingw32/bin/../lib/gcc/nios2-elf/5.3.0\libgcc.a(_umoddi3.o)
 .bss           0x00000000080169d4        0x0 d:/intelfpga_lite/18.0/nios2eds/bin/gnu/h-x86_64-mingw32/bin/../lib/gcc/nios2-elf/5.3.0\libgcc.a(lib2-divmod.o)
 .bss           0x00000000080169d4        0x0 d:/intelfpga_lite/18.0/nios2eds/bin/gnu/h-x86_64-mingw32/bin/../lib/gcc/nios2-elf/5.3.0\libgcc.a(adddf3.o)
 .bss           0x00000000080169d4        0x0 d:/intelfpga_lite/18.0/nios2eds/bin/gnu/h-x86_64-mingw32/bin/../lib/gcc/nios2-elf/5.3.0\libgcc.a(divdf3.o)
 .bss           0x00000000080169d4        0x0 d:/intelfpga_lite/18.0/nios2eds/bin/gnu/h-x86_64-mingw32/bin/../lib/gcc/nios2-elf/5.3.0\libgcc.a(eqdf2.o)
 .bss           0x00000000080169d4        0x0 d:/intelfpga_lite/18.0/nios2eds/bin/gnu/h-x86_64-mingw32/bin/../lib/gcc/nios2-elf/5.3.0\libgcc.a(gedf2.o)
 .bss           0x00000000080169d4        0x0 d:/intelfpga_lite/18.0/nios2eds/bin/gnu/h-x86_64-mingw32/bin/../lib/gcc/nios2-elf/5.3.0\libgcc.a(ledf2.o)
 .bss           0x00000000080169d4        0x0 d:/intelfpga_lite/18.0/nios2eds/bin/gnu/h-x86_64-mingw32/bin/../lib/gcc/nios2-elf/5.3.0\libgcc.a(muldf3.o)
 .bss           0x00000000080169d4        0x0 d:/intelfpga_lite/18.0/nios2eds/bin/gnu/h-x86_64-mingw32/bin/../lib/gcc/nios2-elf/5.3.0\libgcc.a(subdf3.o)
 .bss           0x00000000080169d4        0x0 d:/intelfpga_lite/18.0/nios2eds/bin/gnu/h-x86_64-mingw32/bin/../lib/gcc/nios2-elf/5.3.0\libgcc.a(fixdfsi.o)
 .bss           0x00000000080169d4        0x0 d:/intelfpga_lite/18.0/nios2eds/bin/gnu/h-x86_64-mingw32/bin/../lib/gcc/nios2-elf/5.3.0\libgcc.a(floatsidf.o)
 .bss           0x00000000080169d4        0x0 d:/intelfpga_lite/18.0/nios2eds/bin/gnu/h-x86_64-mingw32/bin/../lib/gcc/nios2-elf/5.3.0\libgcc.a(floatunsidf.o)
 .bss           0x00000000080169d4        0x0 d:/intelfpga_lite/18.0/nios2eds/bin/gnu/h-x86_64-mingw32/bin/../lib/gcc/nios2-elf/5.3.0\libgcc.a(_clz.o)
 .bss           0x00000000080169d4        0x0 d:/intelfpga_lite/18.0/nios2eds/bin/gnu/h-x86_64-mingw32/bin/../lib/gcc/nios2-elf/5.3.0\libgcc.a(_clzsi2.o)
 .bss           0x00000000080169d4        0x0 ../Hello_bsp/\libhal_bsp.a(alt_close.o)
 .bss           0x00000000080169d4        0x0 ../Hello_bsp/\libhal_bsp.a(alt_dev.o)
 .bss           0x00000000080169d4        0x0 ../Hello_bsp/\libhal_bsp.a(alt_errno.o)
 .bss           0x00000000080169d4        0x0 ../Hello_bsp/\libhal_bsp.a(alt_fstat.o)
 .bss           0x00000000080169d4        0x0 ../Hello_bsp/\libhal_bsp.a(alt_isatty.o)
 .bss           0x00000000080169d4        0x0 ../Hello_bsp/\libhal_bsp.a(alt_load.o)
 .bss           0x00000000080169d4        0x0 ../Hello_bsp/\libhal_bsp.a(alt_lseek.o)
 .bss           0x00000000080169d4        0x0 ../Hello_bsp/\libhal_bsp.a(alt_main.o)
 .bss           0x00000000080169d4        0x0 ../Hello_bsp/\libhal_bsp.a(alt_malloc_lock.o)
 .bss           0x00000000080169d4        0x0 ../Hello_bsp/\libhal_bsp.a(alt_read.o)
 .bss           0x00000000080169d4        0x0 ../Hello_bsp/\libhal_bsp.a(alt_release_fd.o)
 .bss           0x00000000080169d4        0x0 ../Hello_bsp/\libhal_bsp.a(alt_sbrk.o)
 .bss           0x00000000080169d4        0x0 ../Hello_bsp/\libhal_bsp.a(alt_write.o)
 .bss           0x00000000080169d4        0x0 ../Hello_bsp/\libhal_bsp.a(alt_sys_init.o)
 .bss           0x00000000080169d4        0x0 ../Hello_bsp/\libhal_bsp.a(altera_avalon_jtag_uart_fd.o)
 .bss           0x00000000080169d4        0x0 ../Hello_bsp/\libhal_bsp.a(altera_avalon_jtag_uart_init.o)
 .bss           0x00000000080169d4        0x0 ../Hello_bsp/\libhal_bsp.a(altera_avalon_jtag_uart_ioctl.o)
 .bss           0x00000000080169d4        0x0 ../Hello_bsp/\libhal_bsp.a(altera_avalon_jtag_uart_read.o)
 .bss           0x00000000080169d4        0x0 ../Hello_bsp/\libhal_bsp.a(altera_avalon_jtag_uart_write.o)
 .bss           0x00000000080169d4        0x0 ../Hello_bsp/\libhal_bsp.a(altera_avalon_timer_sc.o)
 .bss           0x00000000080169d4        0x0 ../Hello_bsp/\libhal_bsp.a(alt_alarm_start.o)
 .bss           0x00000000080169d4        0x0 ../Hello_bsp/\libhal_bsp.a(alt_dcache_flush_all.o)
 .bss           0x00000000080169d4        0x0 ../Hello_bsp/\libhal_bsp.a(alt_dev_llist_insert.o)
 .bss           0x00000000080169d4        0x0 ../Hello_bsp/\libhal_bsp.a(alt_icache_flush_all.o)
 .bss           0x00000000080169d4        0x0 ../Hello_bsp/\libhal_bsp.a(alt_iic.o)
 .bss           0x00000000080169d4        0x0 ../Hello_bsp/\libhal_bsp.a(alt_iic_isr_register.o)
 .bss           0x00000000080169d4        0x0 ../Hello_bsp/\libhal_bsp.a(alt_io_redirect.o)
 .bss           0x00000000080169d4        0x0 ../Hello_bsp/\libhal_bsp.a(alt_irq_entry.o)
 .bss           0x00000000080169d4        0x0 ../Hello_bsp/\libhal_bsp.a(alt_irq_handler.o)
 .bss           0x00000000080169d4        0x0 ../Hello_bsp/\libhal_bsp.a(alt_irq_vars.o)
 .bss           0x00000000080169d4        0x0 ../Hello_bsp/\libhal_bsp.a(alt_open.o)
 .bss           0x00000000080169d4        0x0 ../Hello_bsp/\libhal_bsp.a(alt_tick.o)
 .bss           0x00000000080169d4        0x0 ../Hello_bsp/\libhal_bsp.a(altera_nios2_gen2_irq.o)
 .bss           0x00000000080169d4        0x0 ../Hello_bsp/\libhal_bsp.a(alt_exception_entry.o)
 .bss           0x00000000080169d4        0x0 ../Hello_bsp/\libhal_bsp.a(alt_find_dev.o)
 .bss           0x00000000080169d4        0x0 ../Hello_bsp/\libhal_bsp.a(alt_find_file.o)
 .bss           0x00000000080169d4        0x0 ../Hello_bsp/\libhal_bsp.a(alt_get_fd.o)
 .bss           0x00000000080169d4        0x0 ../Hello_bsp/\libhal_bsp.a(alt_icache_flush.o)
 .bss           0x00000000080169d4        0x0 ../Hello_bsp/\libhal_bsp.a(alt_instruction_exception_entry.o)
 .bss           0x00000000080169d4        0x0 ../Hello_bsp//newlib/nios2-elf/lib\libc.a(lib_a-exit.o)
 .bss           0x00000000080169d4        0x0 ../Hello_bsp//newlib/nios2-elf/lib\libc.a(lib_a-memcmp.o)
 .bss           0x00000000080169d4        0x0 ../Hello_bsp//newlib/nios2-elf/lib\libc.a(lib_a-__call_atexit.o)
 .bss           0x00000000080169d4        0x0 ../Hello_bsp/\libhal_bsp.a(alt_exit.o)
 *(COMMON)
 COMMON         0x00000000080169d4      0x100 ../Hello_bsp/\libhal_bsp.a(alt_irq_handler.o)
                0x00000000080169d4                alt_irq
                0x0000000008016ad4                . = ALIGN (0x4)
                0x0000000008016ad4                __bss_end = ABSOLUTE (.)

.sdram          0x0000000008016ad4        0x0
                [!provide]                        PROVIDE (_alt_partition_sdram_start, ABSOLUTE (.))
 *(.sdram .sdram. sdram.*)
                0x0000000008016ad4                . = ALIGN (0x4)
                [!provide]                        PROVIDE (_alt_partition_sdram_end, ABSOLUTE (.))
                0x0000000008016ad4                _end = ABSOLUTE (.)
                0x0000000008016ad4                end = ABSOLUTE (.)
                0x0000000008016ad4                __alt_stack_base = ABSOLUTE (.)
                [!provide]                        PROVIDE (_alt_partition_sdram_load_addr, LOADADDR (.sdram))

.bufferram_out  0x0000000010000000        0x0 load address 0x0000000008016ad4
                [!provide]                        PROVIDE (_alt_partition_bufferram_out_start, ABSOLUTE (.))
 *(.bufferram_out .bufferram_out. bufferram_out.*)
                0x0000000010000000                . = ALIGN (0x4)
                [!provide]                        PROVIDE (_alt_partition_bufferram_out_end, ABSOLUTE (.))
                [!provide]                        PROVIDE (_alt_partition_bufferram_out_load_addr, LOADADDR (.bufferram_out))

.stab
 *(.stab)

.stabstr
 *(.stabstr)

.stab.excl
 *(.stab.excl)

.stab.exclstr
 *(.stab.exclstr)

.stab.index
 *(.stab.index)

.stab.indexstr
 *(.stab.indexstr)

.comment        0x0000000000000000       0x23
 *(.comment)
 .comment       0x0000000000000000       0x23 obj/default/gppcu.o
                                         0x24 (size before relaxing)
 .comment       0x0000000000000023       0x24 obj/default/main.o
 .comment       0x0000000000000023       0x24 ../Hello_bsp//newlib/nios2-elf/lib\libc.a(lib_a-printf.o)
 .comment       0x0000000000000023       0x24 ../Hello_bsp//newlib/nios2-elf/lib\libc.a(lib_a-putchar.o)
 .comment       0x0000000000000023       0x24 ../Hello_bsp//newlib/nios2-elf/lib\libc.a(lib_a-puts.o)
 .comment       0x0000000000000023       0x24 ../Hello_bsp//newlib/nios2-elf/lib\libc.a(lib_a-strlen.o)
 .comment       0x0000000000000023       0x24 ../Hello_bsp//newlib/nios2-elf/lib\libc.a(lib_a-vfprintf.o)
 .comment       0x0000000000000023       0x24 ../Hello_bsp//newlib/nios2-elf/lib\libc.a(lib_a-wsetup.o)
 .comment       0x0000000000000023       0x24 ../Hello_bsp//newlib/nios2-elf/lib\libc.a(lib_a-dtoa.o)
 .comment       0x0000000000000023       0x24 ../Hello_bsp//newlib/nios2-elf/lib\libc.a(lib_a-fflush.o)
 .comment       0x0000000000000023       0x24 ../Hello_bsp//newlib/nios2-elf/lib\libc.a(lib_a-findfp.o)
 .comment       0x0000000000000023       0x24 ../Hello_bsp//newlib/nios2-elf/lib\libc.a(lib_a-freer.o)
 .comment       0x0000000000000023       0x24 ../Hello_bsp//newlib/nios2-elf/lib\libc.a(lib_a-fvwrite.o)
 .comment       0x0000000000000023       0x24 ../Hello_bsp//newlib/nios2-elf/lib\libc.a(lib_a-fwalk.o)
 .comment       0x0000000000000023       0x24 ../Hello_bsp//newlib/nios2-elf/lib\libc.a(lib_a-impure.o)
 .comment       0x0000000000000023       0x24 ../Hello_bsp//newlib/nios2-elf/lib\libc.a(lib_a-locale.o)
 .comment       0x0000000000000023       0x24 ../Hello_bsp//newlib/nios2-elf/lib\libc.a(lib_a-makebuf.o)
 .comment       0x0000000000000023       0x24 ../Hello_bsp//newlib/nios2-elf/lib\libc.a(lib_a-mallocr.o)
 .comment       0x0000000000000023       0x24 ../Hello_bsp//newlib/nios2-elf/lib\libc.a(lib_a-memchr.o)
 .comment       0x0000000000000023       0x24 ../Hello_bsp//newlib/nios2-elf/lib\libc.a(lib_a-memcpy.o)
 .comment       0x0000000000000023       0x24 ../Hello_bsp//newlib/nios2-elf/lib\libc.a(lib_a-memmove.o)
 .comment       0x0000000000000023       0x24 ../Hello_bsp//newlib/nios2-elf/lib\libc.a(lib_a-memset.o)
 .comment       0x0000000000000023       0x24 ../Hello_bsp//newlib/nios2-elf/lib\libc.a(lib_a-mprec.o)
 .comment       0x0000000000000023       0x24 ../Hello_bsp//newlib/nios2-elf/lib\libc.a(lib_a-putc.o)
 .comment       0x0000000000000023       0x24 ../Hello_bsp//newlib/nios2-elf/lib\libc.a(lib_a-reallocr.o)
 .comment       0x0000000000000023       0x24 ../Hello_bsp//newlib/nios2-elf/lib\libc.a(lib_a-s_fpclassify.o)
 .comment       0x0000000000000023       0x24 ../Hello_bsp//newlib/nios2-elf/lib\libc.a(lib_a-sbrkr.o)
 .comment       0x0000000000000023       0x24 ../Hello_bsp//newlib/nios2-elf/lib\libc.a(lib_a-stdio.o)
 .comment       0x0000000000000023       0x24 ../Hello_bsp//newlib/nios2-elf/lib\libc.a(lib_a-strcmp.o)
 .comment       0x0000000000000023       0x24 ../Hello_bsp//newlib/nios2-elf/lib\libc.a(lib_a-vfiprintf.o)
 .comment       0x0000000000000023       0x24 ../Hello_bsp//newlib/nios2-elf/lib\libc.a(lib_a-wbuf.o)
 .comment       0x0000000000000023       0x24 ../Hello_bsp//newlib/nios2-elf/lib\libc.a(lib_a-writer.o)
 .comment       0x0000000000000023       0x24 ../Hello_bsp//newlib/nios2-elf/lib\libc.a(closer.o)
 .comment       0x0000000000000023       0x24 ../Hello_bsp//newlib/nios2-elf/lib\libc.a(lib_a-callocr.o)
 .comment       0x0000000000000023       0x24 ../Hello_bsp//newlib/nios2-elf/lib\libc.a(lib_a-fclose.o)
 .comment       0x0000000000000023       0x24 ../Hello_bsp//newlib/nios2-elf/lib\libc.a(lib_a-fputwc.o)
 .comment       0x0000000000000023       0x24 ../Hello_bsp//newlib/nios2-elf/lib\libc.a(lib_a-fstatr.o)
 .comment       0x0000000000000023       0x24 ../Hello_bsp//newlib/nios2-elf/lib\libc.a(lib_a-int_errno.o)
 .comment       0x0000000000000023       0x24 ../Hello_bsp//newlib/nios2-elf/lib\libc.a(lib_a-isattyr.o)
 .comment       0x0000000000000023       0x24 ../Hello_bsp//newlib/nios2-elf/lib\libc.a(lib_a-lseekr.o)
 .comment       0x0000000000000023       0x24 ../Hello_bsp//newlib/nios2-elf/lib\libc.a(lib_a-readr.o)
 .comment       0x0000000000000023       0x24 ../Hello_bsp//newlib/nios2-elf/lib\libc.a(lib_a-wcrtomb.o)
 .comment       0x0000000000000023       0x24 ../Hello_bsp//newlib/nios2-elf/lib\libc.a(lib_a-wctomb_r.o)
 .comment       0x0000000000000023       0x24 d:/intelfpga_lite/18.0/nios2eds/bin/gnu/h-x86_64-mingw32/bin/../lib/gcc/nios2-elf/5.3.0\libgcc.a(_udivdi3.o)
 .comment       0x0000000000000023       0x24 d:/intelfpga_lite/18.0/nios2eds/bin/gnu/h-x86_64-mingw32/bin/../lib/gcc/nios2-elf/5.3.0\libgcc.a(_umoddi3.o)
 .comment       0x0000000000000023       0x24 d:/intelfpga_lite/18.0/nios2eds/bin/gnu/h-x86_64-mingw32/bin/../lib/gcc/nios2-elf/5.3.0\libgcc.a(lib2-divmod.o)
 .comment       0x0000000000000023       0x24 d:/intelfpga_lite/18.0/nios2eds/bin/gnu/h-x86_64-mingw32/bin/../lib/gcc/nios2-elf/5.3.0\libgcc.a(adddf3.o)
 .comment       0x0000000000000023       0x24 d:/intelfpga_lite/18.0/nios2eds/bin/gnu/h-x86_64-mingw32/bin/../lib/gcc/nios2-elf/5.3.0\libgcc.a(divdf3.o)
 .comment       0x0000000000000023       0x24 d:/intelfpga_lite/18.0/nios2eds/bin/gnu/h-x86_64-mingw32/bin/../lib/gcc/nios2-elf/5.3.0\libgcc.a(eqdf2.o)
 .comment       0x0000000000000023       0x24 d:/intelfpga_lite/18.0/nios2eds/bin/gnu/h-x86_64-mingw32/bin/../lib/gcc/nios2-elf/5.3.0\libgcc.a(gedf2.o)
 .comment       0x0000000000000023       0x24 d:/intelfpga_lite/18.0/nios2eds/bin/gnu/h-x86_64-mingw32/bin/../lib/gcc/nios2-elf/5.3.0\libgcc.a(ledf2.o)
 .comment       0x0000000000000023       0x24 d:/intelfpga_lite/18.0/nios2eds/bin/gnu/h-x86_64-mingw32/bin/../lib/gcc/nios2-elf/5.3.0\libgcc.a(muldf3.o)
 .comment       0x0000000000000023       0x24 d:/intelfpga_lite/18.0/nios2eds/bin/gnu/h-x86_64-mingw32/bin/../lib/gcc/nios2-elf/5.3.0\libgcc.a(subdf3.o)
 .comment       0x0000000000000023       0x24 d:/intelfpga_lite/18.0/nios2eds/bin/gnu/h-x86_64-mingw32/bin/../lib/gcc/nios2-elf/5.3.0\libgcc.a(fixdfsi.o)
 .comment       0x0000000000000023       0x24 d:/intelfpga_lite/18.0/nios2eds/bin/gnu/h-x86_64-mingw32/bin/../lib/gcc/nios2-elf/5.3.0\libgcc.a(floatsidf.o)
 .comment       0x0000000000000023       0x24 d:/intelfpga_lite/18.0/nios2eds/bin/gnu/h-x86_64-mingw32/bin/../lib/gcc/nios2-elf/5.3.0\libgcc.a(floatunsidf.o)
 .comment       0x0000000000000023       0x24 d:/intelfpga_lite/18.0/nios2eds/bin/gnu/h-x86_64-mingw32/bin/../lib/gcc/nios2-elf/5.3.0\libgcc.a(_clz.o)
 .comment       0x0000000000000023       0x24 d:/intelfpga_lite/18.0/nios2eds/bin/gnu/h-x86_64-mingw32/bin/../lib/gcc/nios2-elf/5.3.0\libgcc.a(_clzsi2.o)
 .comment       0x0000000000000023       0x24 ../Hello_bsp/\libhal_bsp.a(alt_close.o)
 .comment       0x0000000000000023       0x24 ../Hello_bsp/\libhal_bsp.a(alt_dev.o)
 .comment       0x0000000000000023       0x24 ../Hello_bsp/\libhal_bsp.a(alt_errno.o)
 .comment       0x0000000000000023       0x24 ../Hello_bsp/\libhal_bsp.a(alt_fstat.o)
 .comment       0x0000000000000023       0x24 ../Hello_bsp/\libhal_bsp.a(alt_isatty.o)
 .comment       0x0000000000000023       0x24 ../Hello_bsp/\libhal_bsp.a(alt_load.o)
 .comment       0x0000000000000023       0x24 ../Hello_bsp/\libhal_bsp.a(alt_lseek.o)
 .comment       0x0000000000000023       0x24 ../Hello_bsp/\libhal_bsp.a(alt_main.o)
 .comment       0x0000000000000023       0x24 ../Hello_bsp/\libhal_bsp.a(alt_malloc_lock.o)
 .comment       0x0000000000000023       0x24 ../Hello_bsp/\libhal_bsp.a(alt_read.o)
 .comment       0x0000000000000023       0x24 ../Hello_bsp/\libhal_bsp.a(alt_release_fd.o)
 .comment       0x0000000000000023       0x24 ../Hello_bsp/\libhal_bsp.a(alt_sbrk.o)
 .comment       0x0000000000000023       0x24 ../Hello_bsp/\libhal_bsp.a(alt_write.o)
 .comment       0x0000000000000023       0x24 ../Hello_bsp/\libhal_bsp.a(alt_sys_init.o)
 .comment       0x0000000000000023       0x24 ../Hello_bsp/\libhal_bsp.a(altera_avalon_jtag_uart_fd.o)
 .comment       0x0000000000000023       0x24 ../Hello_bsp/\libhal_bsp.a(altera_avalon_jtag_uart_init.o)
 .comment       0x0000000000000023       0x24 ../Hello_bsp/\libhal_bsp.a(altera_avalon_jtag_uart_ioctl.o)
 .comment       0x0000000000000023       0x24 ../Hello_bsp/\libhal_bsp.a(altera_avalon_jtag_uart_read.o)
 .comment       0x0000000000000023       0x24 ../Hello_bsp/\libhal_bsp.a(altera_avalon_jtag_uart_write.o)
 .comment       0x0000000000000023       0x24 ../Hello_bsp/\libhal_bsp.a(altera_avalon_timer_sc.o)
 .comment       0x0000000000000023       0x24 ../Hello_bsp/\libhal_bsp.a(alt_alarm_start.o)
 .comment       0x0000000000000023       0x24 ../Hello_bsp/\libhal_bsp.a(alt_dcache_flush_all.o)
 .comment       0x0000000000000023       0x24 ../Hello_bsp/\libhal_bsp.a(alt_dev_llist_insert.o)
 .comment       0x0000000000000023       0x24 ../Hello_bsp/\libhal_bsp.a(alt_icache_flush_all.o)
 .comment       0x0000000000000023       0x24 ../Hello_bsp/\libhal_bsp.a(alt_iic.o)
 .comment       0x0000000000000023       0x24 ../Hello_bsp/\libhal_bsp.a(alt_iic_isr_register.o)
 .comment       0x0000000000000023       0x24 ../Hello_bsp/\libhal_bsp.a(alt_io_redirect.o)
 .comment       0x0000000000000023       0x24 ../Hello_bsp/\libhal_bsp.a(alt_irq_handler.o)
 .comment       0x0000000000000023       0x24 ../Hello_bsp/\libhal_bsp.a(alt_irq_vars.o)
 .comment       0x0000000000000023       0x24 ../Hello_bsp/\libhal_bsp.a(alt_open.o)
 .comment       0x0000000000000023       0x24 ../Hello_bsp/\libhal_bsp.a(alt_tick.o)
 .comment       0x0000000000000023       0x24 ../Hello_bsp/\libhal_bsp.a(altera_nios2_gen2_irq.o)
 .comment       0x0000000000000023       0x24 ../Hello_bsp/\libhal_bsp.a(alt_find_dev.o)
 .comment       0x0000000000000023       0x24 ../Hello_bsp/\libhal_bsp.a(alt_find_file.o)
 .comment       0x0000000000000023       0x24 ../Hello_bsp/\libhal_bsp.a(alt_get_fd.o)
 .comment       0x0000000000000023       0x24 ../Hello_bsp/\libhal_bsp.a(alt_icache_flush.o)
 .comment       0x0000000000000023       0x24 ../Hello_bsp/\libhal_bsp.a(alt_instruction_exception_entry.o)
 .comment       0x0000000000000023       0x24 ../Hello_bsp//newlib/nios2-elf/lib\libc.a(lib_a-exit.o)
 .comment       0x0000000000000023       0x24 ../Hello_bsp//newlib/nios2-elf/lib\libc.a(lib_a-memcmp.o)
 .comment       0x0000000000000023       0x24 ../Hello_bsp//newlib/nios2-elf/lib\libc.a(lib_a-__call_atexit.o)
 .comment       0x0000000000000023       0x24 ../Hello_bsp/\libhal_bsp.a(alt_exit.o)

.debug
 *(.debug)

.line
 *(.line)

.debug_srcinfo
 *(.debug_srcinfo)

.debug_sfnames
 *(.debug_sfnames)

.debug_aranges  0x0000000000000000      0xeb8
 *(.debug_aranges)
 .debug_aranges
                0x0000000000000000       0x28 ../Hello_bsp//obj/HAL/src/crt0.o
 .debug_aranges
                0x0000000000000028       0x20 obj/default/main.o
 .debug_aranges
                0x0000000000000048       0x28 ../Hello_bsp//newlib/nios2-elf/lib\libc.a(lib_a-printf.o)
 .debug_aranges
                0x0000000000000070       0x28 ../Hello_bsp//newlib/nios2-elf/lib\libc.a(lib_a-putchar.o)
 .debug_aranges
                0x0000000000000098       0x28 ../Hello_bsp//newlib/nios2-elf/lib\libc.a(lib_a-puts.o)
 .debug_aranges
                0x00000000000000c0       0x20 ../Hello_bsp//newlib/nios2-elf/lib\libc.a(lib_a-strlen.o)
 .debug_aranges
                0x00000000000000e0       0x40 ../Hello_bsp//newlib/nios2-elf/lib\libc.a(lib_a-vfprintf.o)
 .debug_aranges
                0x0000000000000120       0x20 ../Hello_bsp//newlib/nios2-elf/lib\libc.a(lib_a-wsetup.o)
 .debug_aranges
                0x0000000000000140       0x28 ../Hello_bsp//newlib/nios2-elf/lib\libc.a(lib_a-dtoa.o)
 .debug_aranges
                0x0000000000000168       0x30 ../Hello_bsp//newlib/nios2-elf/lib\libc.a(lib_a-fflush.o)
 .debug_aranges
                0x0000000000000198       0x88 ../Hello_bsp//newlib/nios2-elf/lib\libc.a(lib_a-findfp.o)
 .debug_aranges
                0x0000000000000220       0x28 ../Hello_bsp//newlib/nios2-elf/lib\libc.a(lib_a-freer.o)
 .debug_aranges
                0x0000000000000248       0x20 ../Hello_bsp//newlib/nios2-elf/lib\libc.a(lib_a-fvwrite.o)
 .debug_aranges
                0x0000000000000268       0x28 ../Hello_bsp//newlib/nios2-elf/lib\libc.a(lib_a-fwalk.o)
 .debug_aranges
                0x0000000000000290       0x18 ../Hello_bsp//newlib/nios2-elf/lib\libc.a(lib_a-impure.o)
 .debug_aranges
                0x00000000000002a8       0x58 ../Hello_bsp//newlib/nios2-elf/lib\libc.a(lib_a-locale.o)
 .debug_aranges
                0x0000000000000300       0x20 ../Hello_bsp//newlib/nios2-elf/lib\libc.a(lib_a-makebuf.o)
 .debug_aranges
                0x0000000000000320       0x28 ../Hello_bsp//newlib/nios2-elf/lib\libc.a(lib_a-mallocr.o)
 .debug_aranges
                0x0000000000000348       0x20 ../Hello_bsp//newlib/nios2-elf/lib\libc.a(lib_a-memchr.o)
 .debug_aranges
                0x0000000000000368       0x20 ../Hello_bsp//newlib/nios2-elf/lib\libc.a(lib_a-memcpy.o)
 .debug_aranges
                0x0000000000000388       0x20 ../Hello_bsp//newlib/nios2-elf/lib\libc.a(lib_a-memmove.o)
 .debug_aranges
                0x00000000000003a8       0x20 ../Hello_bsp//newlib/nios2-elf/lib\libc.a(lib_a-memset.o)
 .debug_aranges
                0x00000000000003c8       0xb0 ../Hello_bsp//newlib/nios2-elf/lib\libc.a(lib_a-mprec.o)
 .debug_aranges
                0x0000000000000478       0x28 ../Hello_bsp//newlib/nios2-elf/lib\libc.a(lib_a-putc.o)
 .debug_aranges
                0x00000000000004a0       0x20 ../Hello_bsp//newlib/nios2-elf/lib\libc.a(lib_a-reallocr.o)
 .debug_aranges
                0x00000000000004c0       0x20 ../Hello_bsp//newlib/nios2-elf/lib\libc.a(lib_a-s_fpclassify.o)
 .debug_aranges
                0x00000000000004e0       0x20 ../Hello_bsp//newlib/nios2-elf/lib\libc.a(lib_a-sbrkr.o)
 .debug_aranges
                0x0000000000000500       0x40 ../Hello_bsp//newlib/nios2-elf/lib\libc.a(lib_a-stdio.o)
 .debug_aranges
                0x0000000000000540       0x20 ../Hello_bsp//newlib/nios2-elf/lib\libc.a(lib_a-strcmp.o)
 .debug_aranges
                0x0000000000000560       0x38 ../Hello_bsp//newlib/nios2-elf/lib\libc.a(lib_a-vfiprintf.o)
 .debug_aranges
                0x0000000000000598       0x28 ../Hello_bsp//newlib/nios2-elf/lib\libc.a(lib_a-wbuf.o)
 .debug_aranges
                0x00000000000005c0       0x20 ../Hello_bsp//newlib/nios2-elf/lib\libc.a(lib_a-writer.o)
 .debug_aranges
                0x00000000000005e0       0x20 ../Hello_bsp//newlib/nios2-elf/lib\libc.a(closer.o)
 .debug_aranges
                0x0000000000000600       0x20 ../Hello_bsp//newlib/nios2-elf/lib\libc.a(lib_a-callocr.o)
 .debug_aranges
                0x0000000000000620       0x28 ../Hello_bsp//newlib/nios2-elf/lib\libc.a(lib_a-fclose.o)
 .debug_aranges
                0x0000000000000648       0x30 ../Hello_bsp//newlib/nios2-elf/lib\libc.a(lib_a-fputwc.o)
 .debug_aranges
                0x0000000000000678       0x20 ../Hello_bsp//newlib/nios2-elf/lib\libc.a(lib_a-fstatr.o)
 .debug_aranges
                0x0000000000000698       0x18 ../Hello_bsp//newlib/nios2-elf/lib\libc.a(lib_a-int_errno.o)
 .debug_aranges
                0x00000000000006b0       0x20 ../Hello_bsp//newlib/nios2-elf/lib\libc.a(lib_a-isattyr.o)
 .debug_aranges
                0x00000000000006d0       0x20 ../Hello_bsp//newlib/nios2-elf/lib\libc.a(lib_a-lseekr.o)
 .debug_aranges
                0x00000000000006f0       0x20 ../Hello_bsp//newlib/nios2-elf/lib\libc.a(lib_a-readr.o)
 .debug_aranges
                0x0000000000000710       0x28 ../Hello_bsp//newlib/nios2-elf/lib\libc.a(lib_a-wcrtomb.o)
 .debug_aranges
                0x0000000000000738       0x28 ../Hello_bsp//newlib/nios2-elf/lib\libc.a(lib_a-wctomb_r.o)
 .debug_aranges
                0x0000000000000760       0x20 d:/intelfpga_lite/18.0/nios2eds/bin/gnu/h-x86_64-mingw32/bin/../lib/gcc/nios2-elf/5.3.0\libgcc.a(_udivdi3.o)
 .debug_aranges
                0x0000000000000780       0x20 d:/intelfpga_lite/18.0/nios2eds/bin/gnu/h-x86_64-mingw32/bin/../lib/gcc/nios2-elf/5.3.0\libgcc.a(_umoddi3.o)
 .debug_aranges
                0x00000000000007a0       0x20 d:/intelfpga_lite/18.0/nios2eds/bin/gnu/h-x86_64-mingw32/bin/../lib/gcc/nios2-elf/5.3.0\libgcc.a(lib2-divmod.o)
 .debug_aranges
                0x00000000000007c0       0x20 d:/intelfpga_lite/18.0/nios2eds/bin/gnu/h-x86_64-mingw32/bin/../lib/gcc/nios2-elf/5.3.0\libgcc.a(adddf3.o)
 .debug_aranges
                0x00000000000007e0       0x20 d:/intelfpga_lite/18.0/nios2eds/bin/gnu/h-x86_64-mingw32/bin/../lib/gcc/nios2-elf/5.3.0\libgcc.a(divdf3.o)
 .debug_aranges
                0x0000000000000800       0x20 d:/intelfpga_lite/18.0/nios2eds/bin/gnu/h-x86_64-mingw32/bin/../lib/gcc/nios2-elf/5.3.0\libgcc.a(eqdf2.o)
 .debug_aranges
                0x0000000000000820       0x20 d:/intelfpga_lite/18.0/nios2eds/bin/gnu/h-x86_64-mingw32/bin/../lib/gcc/nios2-elf/5.3.0\libgcc.a(gedf2.o)
 .debug_aranges
                0x0000000000000840       0x20 d:/intelfpga_lite/18.0/nios2eds/bin/gnu/h-x86_64-mingw32/bin/../lib/gcc/nios2-elf/5.3.0\libgcc.a(ledf2.o)
 .debug_aranges
                0x0000000000000860       0x20 d:/intelfpga_lite/18.0/nios2eds/bin/gnu/h-x86_64-mingw32/bin/../lib/gcc/nios2-elf/5.3.0\libgcc.a(muldf3.o)
 .debug_aranges
                0x0000000000000880       0x20 d:/intelfpga_lite/18.0/nios2eds/bin/gnu/h-x86_64-mingw32/bin/../lib/gcc/nios2-elf/5.3.0\libgcc.a(subdf3.o)
 .debug_aranges
                0x00000000000008a0       0x20 d:/intelfpga_lite/18.0/nios2eds/bin/gnu/h-x86_64-mingw32/bin/../lib/gcc/nios2-elf/5.3.0\libgcc.a(fixdfsi.o)
 .debug_aranges
                0x00000000000008c0       0x20 d:/intelfpga_lite/18.0/nios2eds/bin/gnu/h-x86_64-mingw32/bin/../lib/gcc/nios2-elf/5.3.0\libgcc.a(floatsidf.o)
 .debug_aranges
                0x00000000000008e0       0x20 d:/intelfpga_lite/18.0/nios2eds/bin/gnu/h-x86_64-mingw32/bin/../lib/gcc/nios2-elf/5.3.0\libgcc.a(floatunsidf.o)
 .debug_aranges
                0x0000000000000900       0x18 d:/intelfpga_lite/18.0/nios2eds/bin/gnu/h-x86_64-mingw32/bin/../lib/gcc/nios2-elf/5.3.0\libgcc.a(_clz.o)
 .debug_aranges
                0x0000000000000918       0x20 d:/intelfpga_lite/18.0/nios2eds/bin/gnu/h-x86_64-mingw32/bin/../lib/gcc/nios2-elf/5.3.0\libgcc.a(_clzsi2.o)
 .debug_aranges
                0x0000000000000938       0x20 ../Hello_bsp/\libhal_bsp.a(alt_close.o)
 .debug_aranges
                0x0000000000000958       0x20 ../Hello_bsp/\libhal_bsp.a(alt_dev.o)
 .debug_aranges
                0x0000000000000978       0x18 ../Hello_bsp/\libhal_bsp.a(alt_errno.o)
 .debug_aranges
                0x0000000000000990       0x20 ../Hello_bsp/\libhal_bsp.a(alt_fstat.o)
 .debug_aranges
                0x00000000000009b0       0x20 ../Hello_bsp/\libhal_bsp.a(alt_isatty.o)
 .debug_aranges
                0x00000000000009d0       0x20 ../Hello_bsp/\libhal_bsp.a(alt_load.o)
 .debug_aranges
                0x00000000000009f0       0x20 ../Hello_bsp/\libhal_bsp.a(alt_lseek.o)
 .debug_aranges
                0x0000000000000a10       0x20 ../Hello_bsp/\libhal_bsp.a(alt_main.o)
 .debug_aranges
                0x0000000000000a30       0x20 ../Hello_bsp/\libhal_bsp.a(alt_malloc_lock.o)
 .debug_aranges
                0x0000000000000a50       0x20 ../Hello_bsp/\libhal_bsp.a(alt_read.o)
 .debug_aranges
                0x0000000000000a70       0x20 ../Hello_bsp/\libhal_bsp.a(alt_release_fd.o)
 .debug_aranges
                0x0000000000000a90       0x20 ../Hello_bsp/\libhal_bsp.a(alt_sbrk.o)
 .debug_aranges
                0x0000000000000ab0       0x20 ../Hello_bsp/\libhal_bsp.a(alt_write.o)
 .debug_aranges
                0x0000000000000ad0       0x20 ../Hello_bsp/\libhal_bsp.a(alt_sys_init.o)
 .debug_aranges
                0x0000000000000af0       0x20 ../Hello_bsp/\libhal_bsp.a(altera_avalon_jtag_uart_fd.o)
 .debug_aranges