Archive member included to satisfy reference by file (symbol)

../Hello_bsp//newlib/nios2-elf/lib\libm.a(lib_a-sf_ceil.o)
                              obj/default/src/mathc.o (ceilf)
../Hello_bsp//newlib/nios2-elf/lib\libm.a(lib_a-sf_cos.o)
                              obj/default/src/mathc.o (cosf)
../Hello_bsp//newlib/nios2-elf/lib\libm.a(lib_a-sf_floor.o)
                              obj/default/src/mathc.o (floorf)
../Hello_bsp//newlib/nios2-elf/lib\libm.a(lib_a-sf_fmax.o)
                              obj/default/src/mathc.o (fmaxf)
../Hello_bsp//newlib/nios2-elf/lib\libm.a(lib_a-sf_fmin.o)
                              obj/default/src/mathc.o (fminf)
../Hello_bsp//newlib/nios2-elf/lib\libm.a(lib_a-sf_fpclassify.o)
                              ../Hello_bsp//newlib/nios2-elf/lib\libm.a(lib_a-sf_fmax.o) (__fpclassifyf)
../Hello_bsp//newlib/nios2-elf/lib\libm.a(lib_a-sf_round.o)
                              obj/default/src/mathc.o (roundf)
../Hello_bsp//newlib/nios2-elf/lib\libm.a(lib_a-sf_sin.o)
                              obj/default/src/mathc.o (sinf)
../Hello_bsp//newlib/nios2-elf/lib\libm.a(lib_a-sf_tan.o)
                              obj/default/src/mathc.o (tanf)
../Hello_bsp//newlib/nios2-elf/lib\libm.a(lib_a-wf_acos.o)
                              obj/default/src/mathc.o (acosf)
../Hello_bsp//newlib/nios2-elf/lib\libm.a(lib_a-wf_atan2.o)
                              obj/default/src/mathc.o (atan2f)
../Hello_bsp//newlib/nios2-elf/lib\libm.a(lib_a-wf_pow.o)
                              obj/default/src/mathc.o (powf)
../Hello_bsp//newlib/nios2-elf/lib\libm.a(lib_a-wf_sqrt.o)
                              obj/default/src/mathc.o (sqrtf)
../Hello_bsp//newlib/nios2-elf/lib\libm.a(lib_a-ef_acos.o)
                              ../Hello_bsp//newlib/nios2-elf/lib\libm.a(lib_a-wf_acos.o) (__ieee754_acosf)
../Hello_bsp//newlib/nios2-elf/lib\libm.a(lib_a-ef_atan2.o)
                              ../Hello_bsp//newlib/nios2-elf/lib\libm.a(lib_a-wf_atan2.o) (__ieee754_atan2f)
../Hello_bsp//newlib/nios2-elf/lib\libm.a(lib_a-ef_pow.o)
                              ../Hello_bsp//newlib/nios2-elf/lib\libm.a(lib_a-wf_pow.o) (__ieee754_powf)
../Hello_bsp//newlib/nios2-elf/lib\libm.a(lib_a-ef_rem_pio2.o)
                              ../Hello_bsp//newlib/nios2-elf/lib\libm.a(lib_a-sf_cos.o) (__ieee754_rem_pio2f)
../Hello_bsp//newlib/nios2-elf/lib\libm.a(lib_a-ef_sqrt.o)
                              ../Hello_bsp//newlib/nios2-elf/lib\libm.a(lib_a-wf_sqrt.o) (__ieee754_sqrtf)
../Hello_bsp//newlib/nios2-elf/lib\libm.a(lib_a-kf_cos.o)
                              ../Hello_bsp//newlib/nios2-elf/lib\libm.a(lib_a-sf_cos.o) (__kernel_cosf)
../Hello_bsp//newlib/nios2-elf/lib\libm.a(lib_a-kf_rem_pio2.o)
                              ../Hello_bsp//newlib/nios2-elf/lib\libm.a(lib_a-ef_rem_pio2.o) (__kernel_rem_pio2f)
../Hello_bsp//newlib/nios2-elf/lib\libm.a(lib_a-kf_sin.o)
                              ../Hello_bsp//newlib/nios2-elf/lib\libm.a(lib_a-sf_cos.o) (__kernel_sinf)
../Hello_bsp//newlib/nios2-elf/lib\libm.a(lib_a-kf_tan.o)
                              ../Hello_bsp//newlib/nios2-elf/lib\libm.a(lib_a-sf_tan.o) (__kernel_tanf)
../Hello_bsp//newlib/nios2-elf/lib\libm.a(lib_a-s_lib_ver.o)
                              ../Hello_bsp//newlib/nios2-elf/lib\libm.a(lib_a-wf_acos.o) (__fdlib_version)
../Hello_bsp//newlib/nios2-elf/lib\libm.a(lib_a-s_matherr.o)
                              ../Hello_bsp//newlib/nios2-elf/lib\libm.a(lib_a-wf_acos.o) (matherr)
../Hello_bsp//newlib/nios2-elf/lib\libm.a(lib_a-s_nan.o)
                              ../Hello_bsp//newlib/nios2-elf/lib\libm.a(lib_a-wf_acos.o) (nan)
../Hello_bsp//newlib/nios2-elf/lib\libm.a(lib_a-s_rint.o)
                              ../Hello_bsp//newlib/nios2-elf/lib\libm.a(lib_a-wf_pow.o) (rint)
../Hello_bsp//newlib/nios2-elf/lib\libm.a(lib_a-sf_atan.o)
                              ../Hello_bsp//newlib/nios2-elf/lib\libm.a(lib_a-ef_atan2.o) (atanf)
../Hello_bsp//newlib/nios2-elf/lib\libm.a(lib_a-sf_fabs.o)
                              ../Hello_bsp//newlib/nios2-elf/lib\libm.a(lib_a-wf_acos.o) (fabsf)
../Hello_bsp//newlib/nios2-elf/lib\libm.a(lib_a-sf_finite.o)
                              ../Hello_bsp//newlib/nios2-elf/lib\libm.a(lib_a-wf_pow.o) (finitef)
../Hello_bsp//newlib/nios2-elf/lib\libm.a(lib_a-sf_nan.o)
                              ../Hello_bsp//newlib/nios2-elf/lib\libm.a(lib_a-ef_pow.o) (nanf)
../Hello_bsp//newlib/nios2-elf/lib\libm.a(lib_a-sf_scalbn.o)
                              ../Hello_bsp//newlib/nios2-elf/lib\libm.a(lib_a-ef_pow.o) (scalbnf)
../Hello_bsp//newlib/nios2-elf/lib\libm.a(lib_a-sf_copysign.o)
                              ../Hello_bsp//newlib/nios2-elf/lib\libm.a(lib_a-sf_scalbn.o) (copysignf)
d:/intelfpga_lite/18.0/nios2eds/bin/gnu/h-x86_64-mingw32/bin/../lib/gcc/nios2-elf/5.3.0\libgcc.a(lib2-divmod.o)
                              obj/default/src/gppcu.o (__divsi3)
[...]
Memory Configuration

Name             Origin             Length             Attributes
reset            0x0000000008000000 0x0000000000000020
sdram            0x0000000008000020 0x0000000007ffffe0
bufferram_out    0x0000000010000000 0x000000000002ee00
*default*        0x0000000000000000 0xffffffffffffffff

Linker script and memory map

LOAD ../Hello_bsp//obj/HAL/src/crt0.o
LOAD obj/default/src/app.o
LOAD obj/default/src/gppcu.o
LOAD obj/default/src/main.o
LOAD obj/default/src/mathc.o
LOAD obj/default/src/utils.o
LOAD d:/intelfpga_lite/18.0/nios2eds/bin/gnu/h-x86_64-mingw32/bin/../lib/gcc/nios2-elf/5.3.0/../../../../../H-x86_64-mingw32/nios2-elf/lib\libstdc++.a
LOAD ../Hello_bsp//newlib/nios2-elf/lib\libm.a
LOAD d:/intelfpga_lite/18.0/nios2eds/bin/gnu/h-x86_64-mingw32/bin/../lib/gcc/nios2-elf/5.3.0\libgcc.a
START GROUP
LOAD ../Hello_bsp//newlib/nios2-elf/lib\libc.a
LOAD d:/intelfpga_lite/18.0/nios2eds/bin/gnu/h-x86_64-mingw32/bin/../lib/gcc/nios2-elf/5.3.0\libgcc.a
LOAD ../Hello_bsp/\libhal_bsp.a
LOAD ../Hello_bsp//newlib/nios2-elf/lib\libm.a
END GROUP
LOAD d:/intelfpga_lite/18.0/nios2eds/bin/gnu/h-x86_64-mingw32/bin/../lib/gcc/nios2-elf/5.3.0\libgcc.a
                0x0000000008000000                __alt_mem_sdram = 0x8000000
                0x0000000010000000                __alt_mem_bufferram_out = 0x10000000

.entry          0x0000000008000000       0x20
 *(.entry)
 .entry         0x0000000008000000       0x20 ../Hello_bsp//obj/HAL/src/crt0.o
                0x0000000008000000                __reset

.exceptions     0x0000000008000020      0x224
                0x0000000008000020                PROVIDE (__ram_exceptions_start, ABSOLUTE (.))
                0x0000000008000020                . = ALIGN (0x20)
 *(.irq)
 *(.exceptions.entry.label)
 .exceptions.entry.label
                0x0000000008000020        0x0 ../Hello_bsp/\libhal_bsp.a(alt_irq_entry.o)
                0x0000000008000020                alt_irq_entry
 .exceptions.entry.label
                0x0000000008000020        0x0 ../Hello_bsp/\libhal_bsp.a(alt_exception_entry.o)
                0x0000000008000020                alt_exception
 *(.exceptions.entry.user)
 *(.exceptions.entry.ecc_fatal)
 *(.exceptions.entry)
 .exceptions.entry
                0x0000000008000020       0x54 ../Hello_bsp/\libhal_bsp.a(alt_exception_entry.o)
 *(.exceptions.irqtest.user)
 *(.exceptions.irqtest)
 .exceptions.irqtest
                0x0000000008000074       0x10 ../Hello_bsp/\libhal_bsp.a(alt_irq_entry.o)
 *(.exceptions.irqhandler.user)
 *(.exceptions.irqhandler)
 .exceptions.irqhandler
                0x0000000008000084        0x4 ../Hello_bsp/\libhal_bsp.a(alt_irq_entry.o)
 *(.exceptions.irqreturn.user)
 *(.exceptions.irqreturn)
 .exceptions.irqreturn
                0x0000000008000088        0x4 ../Hello_bsp/\libhal_bsp.a(alt_irq_entry.o)
 *(.exceptions.notirq.label)
 .exceptions.notirq.label
                0x000000000800008c        0x0 ../Hello_bsp/\libhal_bsp.a(alt_irq_entry.o)
 *(.exceptions.notirq.user)
 *(.exceptions.notirq)
 .exceptions.notirq
                0x000000000800008c        0x8 ../Hello_bsp/\libhal_bsp.a(alt_exception_entry.o)
 *(.exceptions.soft.user)
 *(.exceptions.soft)
 *(.exceptions.unknown.user)
 *(.exceptions.unknown)
 .exceptions.unknown
                0x0000000008000094       0x14 ../Hello_bsp/\libhal_bsp.a(alt_exception_entry.o)
 *(.exceptions.exit.label)
 .exceptions.exit.label
                0x00000000080000a8        0x0 ../Hello_bsp/\libhal_bsp.a(alt_irq_entry.o)
 .exceptions.exit.label
                0x00000000080000a8        0x0 ../Hello_bsp/\libhal_bsp.a(alt_exception_entry.o)
 *(.exceptions.exit.user)
 *(.exceptions.exit)
 .exceptions.exit
                0x00000000080000a8       0x54 ../Hello_bsp/\libhal_bsp.a(alt_exception_entry.o)
 *(.exceptions)
 .exceptions    0x00000000080000fc       0xd4 ../Hello_bsp/\libhal_bsp.a(alt_irq_handler.o)
                0x00000000080000fc                alt_irq_handler
 .exceptions    0x00000000080001d0       0x74 ../Hello_bsp/\libhal_bsp.a(alt_instruction_exception_entry.o)
                0x00000000080001d0                alt_instruction_exception_entry
                0x0000000008000244                PROVIDE (__ram_exceptions_end, ABSOLUTE (.))
                0x0000000008000020                PROVIDE (__flash_exceptions_start, LOADADDR (.exceptions))

.text           0x0000000008000244    0x34cb0
                [!provide]                        PROVIDE (stext, ABSOLUTE (.))
 *(.interp)
 *(.hash)
 *(.dynsym)
 *(.dynstr)
 *(.gnu.version)
 *(.gnu.version_d)
 *(.gnu.version_r)
 *(.rel.init)
 *(.rela.init)
 *(.rel.text .rel.text.* .rel.gnu.linkonce.t.*)
 *(.rela.text .rela.text.* .rela.gnu.linkonce.t.*)
 *(.rel.fini)
 *(.rela.fini)
 *(.rel.rodata .rel.rodata.* .rel.gnu.linkonce.r.*)
 *(.rela.rodata .rela.rodata.* .rela.gnu.linkonce.r.*)
 *(.rel.data .rel.data.* .rel.gnu.linkonce.d.*)
 *(.rela.data .rela.data.* .rela.gnu.linkonce.d.*)
 *(.rel.tdata .rel.tdata.* .rel.gnu.linkonce.td.*)
 *(.rela.tdata .rela.tdata.* .rela.gnu.linkonce.td.*)
 *(.rel.tbss .rel.tbss.* .rel.gnu.linkonce.tb.*)
 *(.rela.tbss .rela.tbss.* .rela.gnu.linkonce.tb.*)
 *(.rel.ctors)
 *(.rela.ctors)
 *(.rel.dtors)
 *(.rela.dtors)
 *(.rel.got)
 *(.rela.got)
 *(.rel.sdata .rel.sdata.* .rel.gnu.linkonce.s.*)
 *(.rela.sdata .rela.sdata.* .rela.gnu.linkonce.s.*)
 *(.rel.sbss .rel.sbss.* .rel.gnu.linkonce.sb.*)
 *(.rela.sbss .rela.sbss.* .rela.gnu.linkonce.sb.*)
 *(.rel.sdata2 .rel.sdata2.* .rel.gnu.linkonce.s2.*)
 *(.rela.sdata2 .rela.sdata2.* .rela.gnu.linkonce.s2.*)
 *(.rel.sbss2 .rel.sbss2.* .rel.gnu.linkonce.sb2.*)
 *(.rela.sbss2 .rela.sbss2.* .rela.gnu.linkonce.sb2.*)
 *(.rel.bss .rel.bss.* .rel.gnu.linkonce.b.*)
 *(.rela.bss .rela.bss.* .rela.gnu.linkonce.b.*)
 *(.rel.plt)
 *(.rela.plt)
 *(.rel.dyn)
 *(.init)
 *(.plt)
 *(.text .stub .text.* .gnu.linkonce.t.*)
 .text          0x0000000008000244       0x4c ../Hello_bsp//obj/HAL/src/crt0.o
                0x0000000008000244                _start
 .text          0x0000000008000290        0x0 obj/default/src/app.o
 .text          0x0000000008000290     0x1428 obj/default/src/gppcu.o
                0x0000000008000474                gppcu_device_command
                0x00000000080004f4                gppcu_stat
                0x00000000080005e4                gppcu_init
                0x00000000080006b8                gppcu_init_task
                0x000000000800079c                gppcu_destroy
                0x0000000008000c40                gppcu_program_autofeed_device
                0x0000000008000d7c                instr_to_string
                0x0000000008000ea0                gppcu_program_autofeed_device_parallel
                0x00000000080011cc                gppcu_run_autofeed_device
                0x0000000008001244                gppcu_clear_instr
                0x0000000008001270                gppcu_write
                0x00000000080013cc                gppcu_read
                0x000000000800156c                gppcu_write_const
                0x0000000008001618                gppcu_data_wr_slow
                0x0000000008001670                gppcu_data_rd_slow
 .text          0x00000000080016b8      0x758 obj/default/src/main.o
                0x0000000008001974                wait
                0x00000000080019b8                display_stat
                0x0000000008001a74                mem_clr
                0x0000000008001af4                monitor
                0x0000000008001bf8                main
 .text          0x0000000008001e10    0x1b470 obj/default/src/mathc.o
                0x0000000008001e10                clampi
                0x0000000008001e68                nearly_equal
                0x0000000008001ed8                to_radians
                0x0000000008001f18                to_degrees
                0x0000000008001f58                clampf
                0x0000000008001fc0                vec2i_is_zero
                0x000000000800200c                vec2i_is_equal
                0x0000000008002070                vec2i
                0x00000000080020b8                vec2i_assign
                0x0000000008002104                vec2i_assign_vec2
                0x000000000800215c                vec2i_zero
                0x0000000008002194                vec2i_one
                0x00000000080021d4                vec2i_sign
                0x0000000008002290                vec2i_add
                0x0000000008002300                vec2i_add_i
                0x0000000008002364                vec2i_subtract
                0x00000000080023d4                vec2i_subtract_i
                0x0000000008002438                vec2i_multiply
                0x00000000080024a8                vec2i_multiply_i
                0x000000000800250c                vec2i_divide
                0x00000000080025a0                vec2i_divide_i
                0x0000000008002620                vec2i_snap
                0x00000000080026d4                vec2i_snap_i
                0x0000000008002768                vec2i_negative
                0x00000000080027c0                vec2i_abs
                0x0000000008002858                vec2i_max
                0x0000000008002904                vec2i_min
                0x00000000080029b0                vec2i_clamp
                0x0000000008002a08                vec2i_tangent
                0x0000000008002a68                vec3i_is_zero
                0x0000000008002ac4                vec3i_is_equal
                0x0000000008002b44                vec3i
                0x0000000008002ba0                vec3i_assign
                0x0000000008002c00                vec3i_assign_vec3
                0x0000000008002c74                vec3i_zero
                0x0000000008002cb8                vec3i_one
                0x0000000008002d08                vec3i_sign
                0x0000000008002e18                vec3i_add
                0x0000000008002eb0                vec3i_add_i
                0x0000000008002f34                vec3i_subtract
                0x0000000008002fcc                vec3i_subtract_i
                0x0000000008003050                vec3i_multiply
                0x00000000080030e8                vec3i_multiply_i
                0x000000000800316c                vec3i_divide
                0x0000000008003230                vec3i_divide_i
                0x00000000080032d4                vec3i_snap
                0x00000000080033cc                vec3i_snap_i
                0x0000000008003490                vec3i_cross
                0x0000000008003598                vec3i_negative
                0x000000000800360c                vec3i_abs
                0x00000000080036e4                vec3i_max
                0x00000000080037d8                vec3i_min
                0x00000000080038cc                vec3i_clamp
                0x0000000008003924                vec4i_is_zero
                0x0000000008003990                vec4i_is_equal
                0x0000000008003a2c                vec4i
                0x0000000008003a98                vec4i_assign
                0x0000000008003b0c                vec4i_assign_vec4
                0x0000000008003b9c                vec4i_zero
                0x0000000008003bec                vec4i_one
                0x0000000008003c4c                vec4i_sign
                0x0000000008003db0                vec4i_add
                0x0000000008003e70                vec4i_add_i
                0x0000000008003f14                vec4i_subtract
                0x0000000008003fd4                vec4i_subtract_i
                0x0000000008004078                vec4i_multiply
                0x0000000008004138                vec4i_multiply_i
                0x00000000080041dc                vec4i_divide
                0x00000000080042d0                vec4i_divide_i
                0x0000000008004398                vec4i_snap
                0x00000000080044d4                vec4i_snap_i
                0x00000000080045c8                vec4i_negative
                0x0000000008004658                vec4i_abs
                0x0000000008004770                vec4i_max
                0x00000000080048ac                vec4i_min
                0x00000000080049e8                vec4i_clamp
                0x0000000008004a40                vec2_is_zero
                0x0000000008004aa4                vec2_is_equal
                0x0000000008004b28                vec2
                0x0000000008004b70                vec2_assign
                0x0000000008004bbc                vec2_assign_vec2i
                0x0000000008004c14                vec2_zero
                0x0000000008004c4c                vec2_one
                0x0000000008004c8c                vec2_sign
                0x0000000008004d68                vec2_add
                0x0000000008004dd8                vec2_add_f
                0x0000000008004e3c                vec2_subtract
                0x0000000008004eac                vec2_subtract_f
                0x0000000008004f10                vec2_multiply
                0x0000000008004f80                vec2_multiply_f
                0x0000000008004fe4                vec2_multiply_mat2
                0x0000000008005090                vec2_divide
                0x0000000008005100                vec2_divide_f
                0x0000000008005164                vec2_snap
                0x0000000008005218                vec2_snap_f
                0x00000000080052b4                vec2_negative
                0x000000000800530c                vec2_abs
                0x0000000008005364                vec2_floor
                0x00000000080053dc                vec2_ceil
                0x0000000008005454                vec2_round
                0x00000000080054cc                vec2_max
                0x0000000008005564                vec2_min
                0x00000000080055fc                vec2_clamp
                0x0000000008005654                vec2_normalize
                0x00000000080056fc                vec2_dot
                0x000000000800575c                vec2_project
                0x00000000080057f4                vec2_slide
                0x000000000800588c                vec2_reflect
                0x000000000800592c                vec2_tangent
                0x000000000800598c                vec2_rotate
                0x0000000008005a3c                vec2_lerp
                0x0000000008005adc                vec2_bezier3
                0x0000000008005b58                vec2_bezier4
                0x0000000008005c2c                vec2_angle
                0x0000000008005c7c                vec2_length
                0x0000000008005ce8                vec2_length_squared
                0x0000000008005d44                vec2_distance
                0x0000000008005dec                vec2_distance_squared
                0x0000000008005e84                vec2_linear_independent
                0x0000000008005ee4                vec2_orthonormalization
                0x0000000008006080                vec3_is_zero
                0x0000000008006100                vec3_is_equal
                0x00000000080061b0                vec3
                0x000000000800620c                vec3_assign
                0x000000000800626c                vec3_assign_vec3i
                0x00000000080062e0                vec3_zero
                0x0000000008006324                vec3_one
                0x0000000008006374                vec3_sign
                0x00000000080064b4                vec3_add
                0x000000000800654c                vec3_add_f
                0x00000000080065d0                vec3_subtract
                0x0000000008006668                vec3_subtract_f
                0x00000000080066ec                vec3_multiply
                0x0000000008006784                vec3_multiply_f
                0x0000000008006808                vec3_multiply_mat3
                0x0000000008006940                vec3_divide
                0x00000000080069d8                vec3_divide_f
                0x0000000008006a5c                vec3_snap
                0x0000000008006b54                vec3_snap_f
                0x0000000008006c24                vec3_negative
                0x0000000008006c98                vec3_abs
                0x0000000008006d0c                vec3_floor
                0x0000000008006da8                vec3_ceil
                0x0000000008006e44                vec3_round
                0x0000000008006ee0                vec3_max
                0x0000000008006fac                vec3_min
                0x0000000008007078                vec3_clamp
                0x00000000080070d0                vec3_cross
                0x00000000080071d8                vec3_normalize
                0x00000000080072c0                vec3_dot
                0x0000000008007340                vec3_project
                0x00000000080073f8                vec3_slide
                0x00000000080074c0                vec3_reflect
                0x0000000008007590                vec3_rotate
                0x0000000008007828                vec3_lerp
                0x0000000008007908                vec3_bezier3
                0x0000000008007984                vec3_bezier4
                0x0000000008007a58                vec3_length
                0x0000000008007ae4                vec3_length_squared
                0x0000000008007b60                vec3_distance
                0x0000000008007c48                vec3_distance_squared
                0x0000000008007d20                vec3_linear_independent
                0x0000000008007e54                vec3_orthonormalization
                0x00000000080080b8                vec4_is_zero
                0x0000000008008154                vec4_is_equal
                0x0000000008008230                vec4
                0x000000000800829c                vec4_assign
                0x0000000008008310                vec4_assign_vec4i
                0x00000000080083a0                vec4_zero
                0x00000000080083f0                vec4_one
                0x0000000008008450                vec4_sign
                0x00000000080085f4                vec4_add
                0x00000000080086b4                vec4_add_f
                0x0000000008008758                vec4_subtract
                0x0000000008008818                vec4_subtract_f
                0x00000000080088bc                vec4_multiply
                0x000000000800897c                vec4_multiply_f
                0x0000000008008a20                vec4_multiply_mat4
                0x0000000008008c14                vec4_divide
                0x0000000008008cd4                vec4_divide_f
                0x0000000008008d78                vec4_snap
                0x0000000008008eb4                vec4_snap_f
                0x0000000008008fb8                vec4_negative
                0x0000000008009048                vec4_abs
                0x00000000080090d8                vec4_floor
                0x0000000008009198                vec4_ceil
                0x0000000008009258                vec4_round
                0x0000000008009318                vec4_max
                0x0000000008009418                vec4_min
                0x0000000008009518                vec4_clamp
                0x0000000008009570                vec4_normalize
                0x0000000008009698                vec4_lerp
                0x00000000080097b8                quat_is_zero
                0x0000000008009854                quat_is_equal
                0x0000000008009930                quat
                0x000000000800999c                quat_assign
                0x0000000008009a10                quat_zero
                0x0000000008009a60                quat_null
                0x0000000008009ab4                quat_multiply
                0x0000000008009cdc                quat_multiply_f
                0x0000000008009d80                quat_divide
                0x0000000008009fd8                quat_divide_f
                0x000000000800a07c                quat_negative
                0x000000000800a10c                quat_conjugate
                0x000000000800a194                quat_inverse
                0x000000000800a2c0                quat_normalize
                0x000000000800a3f4                quat_dot
                0x000000000800a494                quat_power
                0x000000000800a5f8                quat_from_axis_angle
                0x000000000800a6c0                quat_from_vec3
                0x000000000800a798                quat_from_mat4
                0x000000000800ac04                quat_lerp
                0x000000000800ad24                quat_slerp
                0x000000000800aefc                quat_length
                0x000000000800afa8                quat_length_squared
                0x000000000800b044                quat_angle
                0x000000000800b0d8                mat2
                0x000000000800b144                mat2_zero
                0x000000000800b194                mat2_identity
                0x000000000800b1ec                mat2_determinant
                0x000000000800b24c                mat2_assign
                0x000000000800b2c0                mat2_negative
                0x000000000800b350                mat2_transpose
                0x000000000800b3e4                mat2_cofactor
                0x000000000800b488                mat2_adjugate
                0x000000000800b52c                mat2_multiply
                0x000000000800b684                mat2_multiply_f
                0x000000000800b728                mat2_inverse
                0x000000000800b7d4                mat2_scaling
                0x000000000800b820                mat2_scale
                0x000000000800b890                mat2_rotation_z
                0x000000000800b918                mat2_lerp
                0x000000000800ba38                mat3
                0x000000000800baf4                mat3_zero
                0x000000000800bb80                mat3_identity
                0x000000000800bc18                mat3_determinant
                0x000000000800bd40                mat3_assign
                0x000000000800be18                mat3_negative
                0x000000000800bf34                mat3_transpose
                0x000000000800c054                mat3_cofactor
                0x000000000800c384                mat3_multiply
                0x000000000800c784                mat3_multiply_f
                0x000000000800c8c8                mat3_inverse
                0x000000000800c8f8                mat3_scaling
                0x000000000800c958                mat3_scale
                0x000000000800c9f0                mat3_rotation_x
                0x000000000800ca7c                mat3_rotation_y
                0x000000000800cb04                mat3_rotation_z
                0x000000000800cb8c                mat3_rotation_axis
                0x000000000800ce94                mat3_rotation_quat
                0x000000000800d0d8                mat3_lerp
                0x000000000800d338                mat4
                0x000000000800d464                mat4_zero
                0x000000000800d544                mat4_identity
                0x000000000800d634                mat4_determinant
                0x000000000800da20                mat4_assign
                0x000000000800db84                mat4_negative
                0x000000000800dd64                mat4_transpose
                0x000000000800df48                mat4_cofactor
                0x000000000800e894                mat4_rotation_x
                0x000000000800e920                mat4_rotation_y
                0x000000000800e9a8                mat4_rotation_z
                0x000000000800ea30                mat4_rotation_axis
                0x000000000800ed90                mat4_rotation_quat
                0x000000000800f02c                mat4_translation
                0x000000000800f194                mat4_translate
                0x000000000800f334                mat4_scaling
                0x000000000800f49c                mat4_scale
                0x000000000800f638                mat4_multiply
                0x000000000800ff40                mat4_multiply_f
                0x0000000008010164                mat4_inverse
                0x0000000008010d30                mat4_lerp
                0x0000000008011150                mat4_look_at
                0x000000000801131c                mat4_ortho
                0x00000000080114a8                mat4_perspective
                0x0000000008011618                mat4_perspective_fov
                0x00000000080117a4                mat4_perspective_infinite
                0x0000000008011938                svec2i_is_zero
                0x000000000801196c                svec2i_is_equal
                0x00000000080119b0                svec2i
                0x0000000008011a04                svec2i_assign
                0x0000000008011a58                svec2i_assign_vec2
                0x0000000008011aac                svec2i_zero
                0x0000000008011af0                svec2i_one
                0x0000000008011b34                svec2i_sign
                0x0000000008011b88                svec2i_add
                0x0000000008011bec                svec2i_add_i
                0x0000000008011c48                svec2i_subtract
                0x0000000008011cac                svec2i_subtract_i
                0x0000000008011d08                svec2i_multiply
                0x0000000008011d6c                svec2i_multiply_i
                0x0000000008011dc8                svec2i_divide
                0x0000000008011e2c                svec2i_divide_i
                0x0000000008011e88                svec2i_snap
                0x0000000008011eec                svec2i_snap_i
                0x0000000008011f48                svec2i_negative
                0x0000000008011f9c                svec2i_abs
                0x0000000008011ff0                svec2i_max
                0x0000000008012054                svec2i_min
                0x00000000080120b8                svec2i_clamp
                0x0000000008012120                svec2i_tangent
                0x0000000008012174                svec3i_is_zero
                0x00000000080121ac                svec3i_is_equal
                0x00000000080121ec                svec3i
                0x0000000008012254                svec3i_assign
                0x00000000080122b8                svec3i_assign_vec3
                0x000000000801231c                svec3i_zero
                0x000000000801236c                svec3i_one
                0x00000000080123bc                svec3i_sign
                0x0000000008012420                svec3i_add
                0x0000000008012488                svec3i_add_i
                0x00000000080124f0                svec3i_subtract
                0x0000000008012558                svec3i_subtract_i
                0x00000000080125c0                svec3i_multiply
                0x0000000008012628                svec3i_multiply_i
                0x0000000008012690                svec3i_divide
                0x00000000080126f8                svec3i_divide_i
                0x0000000008012760                svec3i_snap
                0x00000000080127c8                svec3i_snap_i
                0x0000000008012830                svec3i_cross
                0x0000000008012898                svec3i_negative
                0x00000000080128fc                svec3i_abs
                0x0000000008012960                svec3i_max
                0x00000000080129c8                svec3i_min
                0x0000000008012a30                svec3i_clamp
                0x0000000008012aa0                svec4i_is_zero
                0x0000000008012adc                svec4i_is_equal
                0x0000000008012b1c                svec4i
                0x0000000008012b94                svec4i_assign
                0x0000000008012bfc                svec4i_assign_vec4
                0x0000000008012c64                svec4i_zero
                0x0000000008012cbc                svec4i_one
                0x0000000008012d14                svec4i_sign
                0x0000000008012d7c                svec4i_add
                0x0000000008012dec                svec4i_add_i
                0x0000000008012e58                svec4i_subtract
                0x0000000008012ec8                svec4i_subtract_i
                0x0000000008012f34                svec4i_multiply
                0x0000000008012fa4                svec4i_multiply_i
                0x0000000008013010                svec4i_divide
                0x0000000008013080                svec4i_divide_i
                0x00000000080130ec                svec4i_snap
                0x000000000801315c                svec4i_snap_i
                0x00000000080131c8                svec4i_negative
                0x0000000008013230                svec4i_abs
                0x0000000008013298                svec4i_max
                0x0000000008013308                svec4i_min
                0x0000000008013378                svec4i_clamp
                0x00000000080133f0                svec2_is_zero
                0x0000000008013424                svec2_is_equal
                0x0000000008013468                svec2
                0x00000000080134bc                svec2_assign
                0x0000000008013510                svec2_assign_vec2i
                0x0000000008013564                svec2_zero
                0x00000000080135a8                svec2_one
                0x00000000080135ec                svec2_sign
                0x0000000008013640                svec2_add
                0x00000000080136a4                svec2_add_f
                0x0000000008013700                svec2_subtract
                0x0000000008013764                svec2_subtract_f
                0x00000000080137c0                svec2_multiply
                0x0000000008013824                svec2_multiply_f
                0x0000000008013880                svec2_multiply_mat2
                0x00000000080138e0                svec2_divide
                0x0000000008013944                svec2_divide_f
                0x00000000080139a0                svec2_snap
                0x0000000008013a04                svec2_snap_f
                0x0000000008013a60                svec2_negative
                0x0000000008013ab4                svec2_abs
                0x0000000008013b08                svec2_floor
                0x0000000008013b5c                svec2_ceil
                0x0000000008013bb0                svec2_round
                0x0000000008013c04                svec2_max
                0x0000000008013c68                svec2_min
                0x0000000008013ccc                svec2_clamp
                0x0000000008013d34                svec2_normalize
                0x0000000008013d88                svec2_dot
                0x0000000008013dd4                svec2_project
                0x0000000008013e38                svec2_slide
                0x0000000008013e9c                svec2_reflect
                0x0000000008013f00                svec2_tangent
                0x0000000008013f54                svec2_rotate
                0x0000000008013fb0                svec2_lerp
                0x0000000008014018                svec2_bezier3
                0x0000000008014088                svec2_bezier4
                0x0000000008014100                svec2_angle
                0x000000000801413c                svec2_length
                0x0000000008014178                svec2_length_squared
                0x00000000080141b4                svec2_distance
                0x0000000008014200                svec2_distance_squared
                0x000000000801424c                svec3_is_zero
                0x0000000008014284                svec3_is_equal
                0x00000000080142c4                svec3
                0x000000000801432c                svec3_assign
                0x0000000008014390                svec3_assign_vec3i
                0x00000000080143f4                svec3_zero
                0x0000000008014444                svec3_one
                0x0000000008014494                svec3_sign
                0x00000000080144f8                svec3_add
                0x0000000008014560                svec3_add_f
                0x00000000080145c8                svec3_subtract
                0x0000000008014630                svec3_subtract_f
                0x0000000008014698                svec3_multiply
                0x0000000008014700                svec3_multiply_f
                0x0000000008014768                svec3_multiply_mat3
                0x00000000080147d0                svec3_divide
                0x0000000008014838                svec3_divide_f
                0x00000000080148a0                svec3_snap
                0x0000000008014908                svec3_snap_f
                0x0000000008014970                svec3_negative
                0x00000000080149d4                svec3_abs
                0x0000000008014a38                svec3_floor
                0x0000000008014a9c                svec3_ceil
                0x0000000008014b00                svec3_round
                0x0000000008014b64                svec3_max
                0x0000000008014bcc                svec3_min
                0x0000000008014c34                svec3_clamp
                0x0000000008014ca4                svec3_cross
                0x0000000008014d0c                svec3_normalize
                0x0000000008014d70                svec3_dot
                0x0000000008014db8                svec3_project
                0x0000000008014e20                svec3_slide
                0x0000000008014e88                svec3_reflect
                0x0000000008014ef0                svec3_rotate
                0x0000000008014f5c                svec3_lerp
                0x0000000008014fc8                svec3_bezier3
                0x0000000008015040                svec3_bezier4
                0x00000000080150c0                svec3_length
                0x0000000008015100                svec3_length_squared
                0x0000000008015140                svec3_distance
                0x0000000008015188                svec3_distance_squared
                0x00000000080151d0                svec4_is_zero
                0x000000000801520c                svec4_is_equal
                0x000000000801524c                svec4
                0x00000000080152c4                svec4_assign
                0x000000000801532c                svec4_assign_vec4i
                0x0000000008015394                svec4_zero
                0x00000000080153ec                svec4_one
                0x0000000008015444                svec4_sign
                0x00000000080154ac                svec4_add
                0x000000000801551c                svec4_add_f
                0x0000000008015588                svec4_subtract
                0x00000000080155f8                svec4_subtract_f
                0x0000000008015664                svec4_multiply
                0x00000000080156d4                svec4_multiply_f
                0x0000000008015740                svec4_multiply_mat4
                0x00000000080157b0                svec4_divide
                0x0000000008015820                svec4_divide_f
                0x000000000801588c                svec4_snap
                0x00000000080158fc                svec4_snap_f
                0x0000000008015968                svec4_negative
                0x00000000080159d0                svec4_abs
                0x0000000008015a38                svec4_floor
                0x0000000008015aa0                svec4_ceil
                0x0000000008015b08                svec4_round
                0x0000000008015b70                svec4_max
                0x0000000008015be0                svec4_min
                0x0000000008015c50                svec4_clamp
                0x0000000008015cc8                svec4_normalize
                0x0000000008015d30                svec4_lerp
                0x0000000008015da4                squat_is_zero
                0x0000000008015de0                squat_is_equal
                0x0000000008015e20                squat
                0x0000000008015e98                squat_assign
                0x0000000008015f00                squat_zero
                0x0000000008015f58                squat_null
                0x0000000008015fb0                squat_multiply
                0x0000000008016020                squat_multiply_f
                0x000000000801608c                squat_divide
                0x00000000080160fc                squat_divide_f
                0x0000000008016168                squat_negative
                0x00000000080161d0                squat_conjugate
                0x0000000008016238                squat_inverse
                0x00000000080162a0                squat_normalize
                0x0000000008016308                squat_dot
                0x0000000008016350                squat_power
                0x00000000080163bc                squat_from_axis_angle
                0x000000000801642c                squat_from_vec3
                0x000000000801649c                squat_from_mat4
                0x0000000008016504                squat_lerp
                0x0000000008016578                squat_slerp
                0x00000000080165ec                squat_length
                0x0000000008016630                squat_length_squared
                0x0000000008016674                squat_angle
                0x00000000080166bc                smat2
                0x0000000008016734                smat2_zero
                0x000000000801678c                smat2_identity
                0x00000000080167e4                smat2_determinant
                0x0000000008016828                smat2_assign
                0x0000000008016890                smat2_negative
                0x00000000080168f8                smat2_transpose
                0x0000000008016960                smat2_cofactor
                0x00000000080169c8                smat2_adjugate
                0x0000000008016a30                smat2_multiply
                0x0000000008016aa0                smat2_multiply_f
                0x0000000008016b0c                smat2_inverse
                0x0000000008016b74                smat2_scaling
                0x0000000008016bdc                smat2_scale
                0x0000000008016c4c                smat2_rotation_z
                0x0000000008016cac                smat2_lerp
                0x0000000008016d20                smat3
                0x0000000008016de8                smat3_zero
                0x0000000008016e68                smat3_identity
                0x0000000008016ee8                smat3_determinant
                0x0000000008016f2c                smat3_assign
                0x0000000008016fbc                smat3_negative
                0x000000000801704c                smat3_transpose
                0x00000000080170dc                smat3_cofactor
                0x000000000801716c                smat3_multiply
                0x0000000008017204                smat3_multiply_f
                0x0000000008017298                smat3_inverse
                0x0000000008017328                smat3_scaling
                0x00000000080173bc                smat3_scale
                0x0000000008017454                smat3_rotation_x
                0x00000000080174dc                smat3_rotation_y
                0x0000000008017564                smat3_rotation_z
                0x00000000080175ec                smat3_rotation_axis
                0x0000000008017684                smat3_rotation_quat
                0x0000000008017714                smat3_lerp
                0x00000000080177b0                smat4
                0x0000000008017884                smat4_zero
                0x00000000080178d8                smat4_identity
                0x000000000801792c                smat4_determinant
                0x0000000008017970                smat4_assign
                0x00000000080179d4                smat4_negative
                0x0000000008017a38                smat4_transpose
                0x0000000008017a9c                smat4_cofactor
                0x0000000008017b00                smat4_rotation_x
                0x0000000008017b5c                smat4_rotation_y
                0x0000000008017bb8                smat4_rotation_z
                0x0000000008017c14                smat4_rotation_axis
                0x0000000008017c80                smat4_rotation_quat
                0x0000000008017ce4                smat4_translation
                0x0000000008017d50                smat4_translate
                0x0000000008017dbc                smat4_scaling
                0x0000000008017e28                smat4_scale
                0x0000000008017e94                smat4_multiply
                0x0000000008017f00                smat4_multiply_f
                0x0000000008017f68                smat4_inverse
                0x0000000008017fcc                smat4_lerp
                0x000000000801803c                smat4_look_at
                0x00000000080180b0                smat4_ortho
                0x0000000008018134                smat4_perspective
                0x00000000080181a8                smat4_perspective_fov
                0x0000000008018224                smat4_perspective_infinite
                0x0000000008018290                psvec2i_is_zero
                0x00000000080182c0                psvec2i_is_equal
                0x00000000080182f8                psvec2i
                0x0000000008018338                psvec2i_assign
                0x0000000008018370                psvec2i_assign_vec2
                0x00000000080183a8                psvec2i_zero
                0x00000000080183d8                psvec2i_one
                0x0000000008018408                psvec2i_sign
                0x0000000008018440                psvec2i_add
                0x0000000008018480                psvec2i_add_i
                0x00000000080184c0                psvec2i_subtract
                0x0000000008018500                psvec2i_subtract_i
                0x0000000008018540                psvec2i_multiply
                0x0000000008018580                psvec2i_multiply_i
                0x00000000080185c0                psvec2i_divide
                0x0000000008018600                psvec2i_divide_i
                0x0000000008018640                psvec2i_snap
                0x0000000008018680                psvec2i_snap_i
                0x00000000080186c0                psvec2i_negative
                0x00000000080186f8                psvec2i_abs
                0x0000000008018730                psvec2i_max
                0x0000000008018770                psvec2i_min
                0x00000000080187b0                psvec2i_clamp
                0x00000000080187f8                psvec2i_tangent
                0x0000000008018830                psvec3i_is_zero
                0x0000000008018860                psvec3i_is_equal
                0x0000000008018898                psvec3i
                0x00000000080188e0                psvec3i_assign
                0x0000000008018918                psvec3i_assign_vec3
                0x0000000008018950                psvec3i_zero
                0x0000000008018980                psvec3i_one
                0x00000000080189b0                psvec3i_sign
                0x00000000080189e8                psvec3i_add
                0x0000000008018a28                psvec3i_add_i
                0x0000000008018a68                psvec3i_subtract
                0x0000000008018aa8                psvec3i_subtract_i
                0x0000000008018ae8                psvec3i_multiply
                0x0000000008018b28                psvec3i_multiply_i
                0x0000000008018b68                psvec3i_divide
                0x0000000008018ba8                psvec3i_divide_i
                0x0000000008018be8                psvec3i_snap
                0x0000000008018c28                psvec3i_snap_i
                0x0000000008018c68                psvec3i_cross
                0x0000000008018ca8                psvec3i_negative
                0x0000000008018ce0                psvec3i_abs
                0x0000000008018d18                psvec3i_max
                0x0000000008018d58                psvec3i_min
                0x0000000008018d98                psvec3i_clamp
                0x0000000008018de0                psvec4i_is_zero
                0x0000000008018e10                psvec4i_is_equal
                0x0000000008018e48                psvec4i
                0x0000000008018e98                psvec4i_assign
                0x0000000008018ed0                psvec4i_assign_vec4
                0x0000000008018f08                psvec4i_zero
                0x0000000008018f38                psvec4i_one
                0x0000000008018f68                psvec4i_sign
                0x0000000008018fa0                psvec4i_add
                0x0000000008018fe0                psvec4i_add_i
                0x0000000008019020                psvec4i_subtract
                0x0000000008019060                psvec4i_subtract_i
                0x00000000080190a0                psvec4i_multiply
                0x00000000080190e0                psvec4i_multiply_i
                0x0000000008019120                psvec4i_divide
                0x0000000008019160                psvec4i_divide_i
                0x00000000080191a0                psvec4i_snap
                0x00000000080191e0                psvec4i_snap_i
                0x0000000008019220                psvec4i_negative
                0x0000000008019258                psvec4i_abs
                0x0000000008019290                psvec4i_max
                0x00000000080192d0                psvec4i_min
                0x0000000008019310                psvec4i_clamp
                0x0000000008019358                psvec2_is_zero
                0x0000000008019388                psvec2_is_equal
                0x00000000080193c0                psvec2
                0x0000000008019400                psvec2_assign
                0x0000000008019438                psvec2_assign_vec2i
                0x0000000008019470                psvec2_zero
                0x00000000080194a0                psvec2_one
                0x00000000080194d0                psvec2_sign
                0x0000000008019508                psvec2_add
                0x0000000008019548                psvec2_add_f
                0x0000000008019588                psvec2_subtract
                0x00000000080195c8                psvec2_subtract_f
                0x0000000008019608                psvec2_multiply
                0x0000000008019648                psvec2_multiply_f
                0x0000000008019688                psvec2_multiply_mat2
                0x00000000080196c8                psvec2_divide
                0x0000000008019708                psvec2_divide_f
                0x0000000008019748                psvec2_snap
                0x0000000008019788                psvec2_snap_f
                0x00000000080197c8                psvec2_negative
                0x0000000008019800                psvec2_abs
                0x0000000008019838                psvec2_floor
                0x0000000008019870                psvec2_ceil
                0x00000000080198a8                psvec2_round
                0x00000000080198e0                psvec2_max
                0x0000000008019920                psvec2_min
                0x0000000008019960                psvec2_clamp
                0x00000000080199a8                psvec2_normalize
                0x00000000080199e0                psvec2_dot
                0x0000000008019a20                psvec2_project
                0x0000000008019a60                psvec2_slide
                0x0000000008019aa0                psvec2_reflect
                0x0000000008019ae0                psvec2_tangent
                0x0000000008019b18                psvec2_rotate
                0x0000000008019b58                psvec2_lerp
                0x0000000008019ba0                psvec2_bezier3
                0x0000000008019bf0                psvec2_bezier4
                0x0000000008019c48                psvec2_angle
                0x0000000008019c80                psvec2_length
                0x0000000008019cb8                psvec2_length_squared
                0x0000000008019cf0                psvec2_distance
                0x0000000008019d30                psvec2_distance_squared
                0x0000000008019d70                psvec3_is_zero
                0x0000000008019da0                psvec3_is_equal
                0x0000000008019dd8                psvec3
                0x0000000008019e20                psvec3_assign
                0x0000000008019e58                psvec3_assign_vec3i
                0x0000000008019e90                psvec3_zero
                0x0000000008019ec0                psvec3_one
                0x0000000008019ef0                psvec3_sign
                0x0000000008019f28                psvec3_add
                0x0000000008019f68                psvec3_add_f
                0x0000000008019fa8                psvec3_subtract
                0x0000000008019fe8                psvec3_subtract_f
                0x000000000801a028                psvec3_multiply
                0x000000000801a068                psvec3_multiply_f
                0x000000000801a0a8                psvec3_multiply_mat3
                0x000000000801a0e8                psvec3_divide
                0x000000000801a128                psvec3_divide_f
                0x000000000801a168                psvec3_snap
                0x000000000801a1a8                psvec3_snap_f
                0x000000000801a1e8                psvec3_negative
                0x000000000801a220                psvec3_abs
                0x000000000801a258                psvec3_floor
                0x000000000801a290                psvec3_ceil
                0x000000000801a2c8                psvec3_round
                0x000000000801a300                psvec3_max
                0x000000000801a340                psvec3_min
                0x000000000801a380                psvec3_clamp
                0x000000000801a3c8                psvec3_cross
                0x000000000801a408                psvec3_normalize
                0x000000000801a440                psvec3_dot
                0x000000000801a480                psvec3_project
                0x000000000801a4c0                psvec3_slide
                0x000000000801a500                psvec3_reflect
                0x000000000801a540                psvec3_rotate
                0x000000000801a588                psvec3_lerp
                0x000000000801a5d0                psvec3_bezier3
                0x000000000801a620                psvec3_bezier4
                0x000000000801a678                psvec3_length
                0x000000000801a6b0                psvec3_length_squared
                0x000000000801a6e8                psvec3_distance
                0x000000000801a728                psvec3_distance_squared
                0x000000000801a768                psvec4_is_zero
                0x000000000801a798                psvec4_is_equal
                0x000000000801a7d0                psvec4
                0x000000000801a820                psvec4_assign
                0x000000000801a858                psvec4_assign_vec4i
                0x000000000801a890                psvec4_zero
                0x000000000801a8c0                psvec4_one
                0x000000000801a8f0                psvec4_sign
                0x000000000801a928                psvec4_add
                0x000000000801a968                psvec4_add_f
                0x000000000801a9a8                psvec4_subtract
                0x000000000801a9e8                psvec4_subtract_f
                0x000000000801aa28                psvec4_multiply
                0x000000000801aa68                psvec4_multiply_f
                0x000000000801aaa8                psvec4_multiply_mat4
                0x000000000801aae8                psvec4_divide
                0x000000000801ab28                psvec4_divide_f
                0x000000000801ab68                psvec4_snap
                0x000000000801aba8                psvec4_snap_f
                0x000000000801abe8                psvec4_negative
                0x000000000801ac20                psvec4_abs
                0x000000000801ac58                psvec4_floor
                0x000000000801ac90                psvec4_ceil
                0x000000000801acc8                psvec4_round
                0x000000000801ad00                psvec4_max
                0x000000000801ad40                psvec4_min
                0x000000000801ad80                psvec4_clamp
                0x000000000801adc8                psvec4_normalize
                0x000000000801ae00                psvec4_lerp
                0x000000000801ae48                psquat_is_zero
                0x000000000801ae78                psquat_is_equal
                0x000000000801aeb0                psquat
                0x000000000801af00                psquat_assign
                0x000000000801af38                psquat_zero
                0x000000000801af68                psquat_null
                0x000000000801af98                psquat_multiply
                0x000000000801afd8                psquat_multiply_f
                0x000000000801b018                psquat_divide
                0x000000000801b058                psquat_divide_f
                0x000000000801b098                psquat_negative
                0x000000000801b0d0                psquat_conjugate
                0x000000000801b108                psquat_inverse
                0x000000000801b140                psquat_normalize
                0x000000000801b178                psquat_dot
                0x000000000801b1b8                psquat_power
                0x000000000801b1f8                psquat_from_axis_angle
                0x000000000801b238                psquat_from_vec3
                0x000000000801b278                psquat_from_mat4
                0x000000000801b2b0                psquat_lerp
                0x000000000801b2f8                psquat_slerp
                0x000000000801b340                psquat_length
                0x000000000801b378                psquat_length_squared
                0x000000000801b3b0                psquat_angle
                0x000000000801b3f0                psmat2
                0x000000000801b440                psmat2_zero
                0x000000000801b470                psmat2_identity
                0x000000000801b4a0                psmat2_determinant
                0x000000000801b4d8                psmat2_assign
                0x000000000801b510                psmat2_negative
                0x000000000801b548                psmat2_transpose
                0x000000000801b580                psmat2_cofactor
                0x000000000801b5b8                psmat2_adjugate
                0x000000000801b5f0                psmat2_multiply
                0x000000000801b630                psmat2_multiply_f
                0x000000000801b670                psmat2_inverse
                0x000000000801b6a8                psmat2_scaling
                0x000000000801b6e0                psmat2_scale
                0x000000000801b720                psmat2_rotation_z
                0x000000000801b758                psmat2_lerp
                0x000000000801b7a0                psmat3
                0x000000000801b818                psmat3_zero
                0x000000000801b848                psmat3_identity
                0x000000000801b878                psmat3_determinant
                0x000000000801b8b0                psmat3_assign
                0x000000000801b8e8                psmat3_negative
                0x000000000801b920                psmat3_transpose
                0x000000000801b958                psmat3_cofactor
                0x000000000801b990                psmat3_multiply
                0x000000000801b9d0                psmat3_multiply_f
                0x000000000801ba10                psmat3_inverse
                0x000000000801ba48                psmat3_scaling
                0x000000000801ba80                psmat3_scale
                0x000000000801bac0                psmat3_rotation_x
                0x000000000801baf8                psmat3_rotation_y
                0x000000000801bb30                psmat3_rotation_z
                0x000000000801bb68                psmat3_rotation_axis
                0x000000000801bba8                psmat3_rotation_quat
                0x000000000801bbe0                psmat3_lerp
                0x000000000801bc28                psmat4
                0x000000000801bcd8                psmat4_zero
                0x000000000801bd08                psmat4_identity
                0x000000000801bd38                psmat4_determinant
                0x000000000801bd70                psmat4_assign
                0x000000000801bda8                psmat4_negative
                0x000000000801bde0                psmat4_transpose
                0x000000000801be18                psmat4_cofactor
                0x000000000801be50                psmat4_rotation_x
                0x000000000801be88                psmat4_rotation_y
                0x000000000801bec0                psmat4_rotation_z
                0x000000000801bef8                psmat4_rotation_axis
                0x000000000801bf38                psmat4_rotation_quat
                0x000000000801bf70                psmat4_translation
                0x000000000801bfb0                psmat4_translate
                0x000000000801bff0                psmat4_scaling
                0x000000000801c030                psmat4_scale
                0x000000000801c070                psmat4_multiply
                0x000000000801c0b0                psmat4_multiply_f
                0x000000000801c0f0                psmat4_inverse
                0x000000000801c128                psmat4_lerp
                0x000000000801c170                psmat4_look_at
                0x000000000801c1b8                psmat4_ortho
                0x000000000801c218                psmat4_perspective
                0x000000000801c268                psmat4_perspective_fov
                0x000000000801c2c0                psmat4_perspective_infinite
                0x000000000801c308                quadratic_ease_out
                0x000000000801c348                quadratic_ease_in
                0x000000000801c37c                quadratic_ease_in_out
                0x000000000801c404                cubic_ease_out
                0x000000000801c458                cubic_ease_in
                0x000000000801c494                cubic_ease_in_out
                0x000000000801c534                quartic_ease_out
                0x000000000801c598                quartic_ease_in
                0x000000000801c5dc                quartic_ease_in_out
                0x000000000801c688                quintic_ease_out
                0x000000000801c6ec                quintic_ease_in
                0x000000000801c738                quintic_ease_in_out
                0x000000000801c7f8                sine_ease_out
                0x000000000801c840                sine_ease_in
                0x000000000801c89c                sine_ease_in_out
                0x000000000801c8f8                circular_ease_out
                0x000000000801c944                circular_ease_in
                0x000000000801c99c                circular_ease_in_out
                0x000000000801ca6c                exponential_ease_out
                0x000000000801cae4                exponential_ease_in
                0x000000000801cb58                exponential_ease_in_out
                0x000000000801cc10                elastic_ease_out
                0x000000000801cc94                elastic_ease_in
                0x000000000801cd10                elastic_ease_in_out
                0x000000000801ce2c                back_ease_out
                0x000000000801ceb8                back_ease_in
                0x000000000801cf2c                back_ease_in_out
                0x000000000801d048                bounce_ease_out
                0x000000000801d194                bounce_ease_in
                0x000000000801d1e4                bounce_ease_in_out
 .text          0x000000000801d280        0x0 obj/default/src/utils.o
 .text          0x000000000801d280        0x0 ../Hello_bsp//newlib/nios2-elf/lib\libm.a(lib_a-sf_ceil.o)
 .text.ceilf    0x000000000801d280      0x168 ../Hello_bsp//newlib/nios2-elf/lib\libm.a(lib_a-sf_ceil.o)
                0x000000000801d280                ceilf
 .text          0x000000000801d3e8        0x0 ../Hello_bsp//newlib/nios2-elf/lib\libm.a(lib_a-sf_cos.o)
 .text.cosf     0x000000000801d3e8      0x140 ../Hello_bsp//newlib/nios2-elf/lib\libm.a(lib_a-sf_cos.o)
                0x000000000801d3e8                cosf
 .text          0x000000000801d528        0x0 ../Hello_bsp//newlib/nios2-elf/lib\libm.a(lib_a-sf_floor.o)
 .text.floorf   0x000000000801d528      0x164 ../Hello_bsp//newlib/nios2-elf/lib\libm.a(lib_a-sf_floor.o)
                0x000000000801d528                floorf
 .text          0x000000000801d68c        0x0 ../Hello_bsp//newlib/nios2-elf/lib\libm.a(lib_a-sf_fmax.o)
 .text.fmaxf    0x000000000801d68c       0x7c ../Hello_bsp//newlib/nios2-elf/lib\libm.a(lib_a-sf_fmax.o)
                0x000000000801d68c                fmaxf
 .text          0x000000000801d708        0x0 ../Hello_bsp//newlib/nios2-elf/lib\libm.a(lib_a-sf_fmin.o)
 .text.fminf    0x000000000801d708       0x7c ../Hello_bsp//newlib/nios2-elf/lib\libm.a(lib_a-sf_fmin.o)
                0x000000000801d708                fminf
 .text          0x000000000801d784        0x0 ../Hello_bsp//newlib/nios2-elf/lib\libm.a(lib_a-sf_fpclassify.o)
 .text.__fpclassifyf
                0x000000000801d784       0xdc ../Hello_bsp//newlib/nios2-elf/lib\libm.a(lib_a-sf_fpclassify.o)
                0x000000000801d784                __fpclassifyf
 .text          0x000000000801d860        0x0 ../Hello_bsp//newlib/nios2-elf/lib\libm.a(lib_a-sf_round.o)
 .text.roundf   0x000000000801d860      0x11c ../Hello_bsp//newlib/nios2-elf/lib\libm.a(lib_a-sf_round.o)
                0x000000000801d860                roundf
 .text          0x000000000801d97c        0x0 ../Hello_bsp//newlib/nios2-elf/lib\libm.a(lib_a-sf_sin.o)
 .text.sinf     0x000000000801d97c      0x144 ../Hello_bsp//newlib/nios2-elf/lib\libm.a(lib_a-sf_sin.o)
                0x000000000801d97c                sinf
 .text          0x000000000801dac0        0x0 ../Hello_bsp//newlib/nios2-elf/lib\libm.a(lib_a-sf_tan.o)
 .text.tanf     0x000000000801dac0       0xe0 ../Hello_bsp//newlib/nios2-elf/lib\libm.a(lib_a-sf_tan.o)
                0x000000000801dac0                tanf
 .text          0x000000000801dba0        0x0 ../Hello_bsp//newlib/nios2-elf/lib\libm.a(lib_a-wf_acos.o)
 .text.acosf    0x000000000801dba0      0x144 ../Hello_bsp//newlib/nios2-elf/lib\libm.a(lib_a-wf_acos.o)
                0x000000000801dba0                acosf
 .text          0x000000000801dce4        0x0 ../Hello_bsp//newlib/nios2-elf/lib\libm.a(lib_a-wf_atan2.o)
 .text.atan2f   0x000000000801dce4       0x40 ../Hello_bsp//newlib/nios2-elf/lib\libm.a(lib_a-wf_atan2.o)
                0x000000000801dce4                atan2f
 .text          0x000000000801dd24        0x0 ../Hello_bsp//newlib/nios2-elf/lib\libm.a(lib_a-wf_pow.o)
 .text.powf     0x000000000801dd24      0x73c ../Hello_bsp//newlib/nios2-elf/lib\libm.a(lib_a-wf_pow.o)
                0x000000000801dd24                powf
 .text          0x000000000801e460        0x0 ../Hello_bsp//newlib/nios2-elf/lib\libm.a(lib_a-wf_sqrt.o)
 .text.sqrtf    0x000000000801e460      0x160 ../Hello_bsp//newlib/nios2-elf/lib\libm.a(lib_a-wf_sqrt.o)
                0x000000000801e460                sqrtf
 .text          0x000000000801e5c0        0x0 ../Hello_bsp//newlib/nios2-elf/lib\libm.a(lib_a-ef_acos.o)
 .text.__ieee754_acosf
                0x000000000801e5c0      0x4d4 ../Hello_bsp//newlib/nios2-elf/lib\libm.a(lib_a-ef_acos.o)
                0x000000000801e5c0                __ieee754_acosf
 .text          0x000000000801ea94        0x0 ../Hello_bsp//newlib/nios2-elf/lib\libm.a(lib_a-ef_atan2.o)
 .text.__ieee754_atan2f
                0x000000000801ea94      0x414 ../Hello_bsp//newlib/nios2-elf/lib\libm.a(lib_a-ef_atan2.o)
                0x000000000801ea94                __ieee754_atan2f
 .text          0x000000000801eea8        0x0 ../Hello_bsp//newlib/nios2-elf/lib\libm.a(lib_a-ef_pow.o)
 .text.__ieee754_powf
                0x000000000801eea8      0xd64 ../Hello_bsp//newlib/nios2-elf/lib\libm.a(lib_a-ef_pow.o)
                0x000000000801eea8                __ieee754_powf
 .text          0x000000000801fc0c        0x0 ../Hello_bsp//newlib/nios2-elf/lib\libm.a(lib_a-ef_rem_pio2.o)
 .text.__ieee754_rem_pio2f
                0x000000000801fc0c      0x674 ../Hello_bsp//newlib/nios2-elf/lib\libm.a(lib_a-ef_rem_pio2.o)
                0x000000000801fc0c                __ieee754_rem_pio2f
 .text          0x0000000008020280        0x0 ../Hello_bsp//newlib/nios2-elf/lib\libm.a(lib_a-ef_sqrt.o)
 .text.__ieee754_sqrtf
                0x0000000008020280      0x294 ../Hello_bsp//newlib/nios2-elf/lib\libm.a(lib_a-ef_sqrt.o)
                0x0000000008020280                __ieee754_sqrtf
 .text          0x0000000008020514        0x0 ../Hello_bsp//newlib/nios2-elf/lib\libm.a(lib_a-kf_cos.o)
 .text.__kernel_cosf
                0x0000000008020514      0x1c4 ../Hello_bsp//newlib/nios2-elf/lib\libm.a(lib_a-kf_cos.o)
                0x0000000008020514                __kernel_cosf
 .text          0x00000000080206d8        0x0 ../Hello_bsp//newlib/nios2-elf/lib\libm.a(lib_a-kf_rem_pio2.o)
 .text.__kernel_rem_pio2f
                0x00000000080206d8      0xea0 ../Hello_bsp//newlib/nios2-elf/lib\libm.a(lib_a-kf_rem_pio2.o)
                0x00000000080206d8                __kernel_rem_pio2f
 .text          0x0000000008021578        0x0 ../Hello_bsp//newlib/nios2-elf/lib\libm.a(lib_a-kf_sin.o)
 .text.__kernel_sinf
                0x0000000008021578      0x16c ../Hello_bsp//newlib/nios2-elf/lib\libm.a(lib_a-kf_sin.o)
                0x0000000008021578                __kernel_sinf
 .text          0x00000000080216e4        0x0 ../Hello_bsp//newlib/nios2-elf/lib\libm.a(lib_a-kf_tan.o)
 .text.__kernel_tanf
                0x00000000080216e4      0x3fc ../Hello_bsp//newlib/nios2-elf/lib\libm.a(lib_a-kf_tan.o)
                0x00000000080216e4                __kernel_tanf
 .text          0x0000000008021ae0        0x0 ../Hello_bsp//newlib/nios2-elf/lib\libm.a(lib_a-s_lib_ver.o)
 .text          0x0000000008021ae0        0x0 ../Hello_bsp//newlib/nios2-elf/lib\libm.a(lib_a-s_matherr.o)
 .text.matherr  0x0000000008021ae0       0x68 ../Hello_bsp//newlib/nios2-elf/lib\libm.a(lib_a-s_matherr.o)
                0x0000000008021ae0                matherr
 .text          0x0000000008021b48        0x0 ../Hello_bsp//newlib/nios2-elf/lib\libm.a(lib_a-s_nan.o)
 .text.nan      0x0000000008021b48       0x44 ../Hello_bsp//newlib/nios2-elf/lib\libm.a(lib_a-s_nan.o)
                0x0000000008021b48                nan
 .text          0x0000000008021b8c        0x0 ../Hello_bsp//newlib/nios2-elf/lib\libm.a(lib_a-s_rint.o)
 .text.rint     0x0000000008021b8c      0x438 ../Hello_bsp//newlib/nios2-elf/lib\libm.a(lib_a-s_rint.o)
                0x0000000008021b8c                rint
 .text          0x0000000008021fc4        0x0 ../Hello_bsp//newlib/nios2-elf/lib\libm.a(lib_a-sf_atan.o)
 .text.atanf    0x0000000008021fc4      0x370 ../Hello_bsp//newlib/nios2-elf/lib\libm.a(lib_a-sf_atan.o)
                0x0000000008021fc4                atanf
 .text          0x0000000008022334        0x0 ../Hello_bsp//newlib/nios2-elf/lib\libm.a(lib_a-sf_fabs.o)
 .text.fabsf    0x0000000008022334       0x58 ../Hello_bsp//newlib/nios2-elf/lib\libm.a(lib_a-sf_fabs.o)
                0x0000000008022334                fabsf
 .text          0x000000000802238c        0x0 ../Hello_bsp//newlib/nios2-elf/lib\libm.a(lib_a-sf_finite.o)
 .text.finitef  0x000000000802238c       0x54 ../Hello_bsp//newlib/nios2-elf/lib\libm.a(lib_a-sf_finite.o)
                0x000000000802238c                finitef
 .text          0x00000000080223e0        0x0 ../Hello_bsp//newlib/nios2-elf/lib\libm.a(lib_a-sf_nan.o)
 .text.nanf     0x00000000080223e0       0x34 ../Hello_bsp//newlib/nios2-elf/lib\libm.a(lib_a-sf_nan.o)
                0x00000000080223e0                nanf
 .text          0x0000000008022414        0x0 ../Hello_bsp//newlib/nios2-elf/lib\libm.a(lib_a-sf_scalbn.o)
 .text.scalbnf  0x0000000008022414      0x214 ../Hello_bsp//newlib/nios2-elf/lib\libm.a(lib_a-sf_scalbn.o)
                0x0000000008022414                scalbnf
 .text          0x0000000008022628        0x0 ../Hello_bsp//newlib/nios2-elf/lib\libm.a(lib_a-sf_copysign.o)
 .text.copysignf
                0x0000000008022628       0x78 ../Hello_bsp//newlib/nios2-elf/lib\libm.a(lib_a-sf_copysign.o)
                0x0000000008022628                copysignf
 .text          0x00000000080226a0      0x1b4 d:/intelfpga_lite/18.0/nios2eds/bin/gnu/h-x86_64-mingw32/bin/../lib/gcc/nios2-elf/5.3.0\libgcc.a(lib2-divmod.o)
                0x00000000080226a0                __divsi3
                0x0000000008022724                __modsi3
                0x0000000008022798                __udivsi3
                0x00000000080227fc                __umodsi3
 .text          0x0000000008022854      0x8ac d:/intelfpga_lite/18.0/nios2eds/bin/gnu/h-x86_64-mingw32/bin/../lib/gcc/nios2-elf/5.3.0\libgcc.a(adddf3.o)
                0x0000000008022854                __adddf3
 .text          0x0000000008023100      0x8e8 d:/intelfpga_lite/18.0/nios2eds/bin/gnu/h-x86_64-mingw32/bin/../lib/gcc/nios2-elf/5.3.0\libgcc.a(divdf3.o)
                0x0000000008023100                __divdf3
 .text          0x00000000080239e8       0x88 d:/intelfpga_lite/18.0/nios2eds/bin/gnu/h-x86_64-mingw32/bin/../lib/gcc/nios2-elf/5.3.0\libgcc.a(eqdf2.o)
                0x00000000080239e8                __nedf2
                0x00000000080239e8                __eqdf2
 .text          0x0000000008023a70      0x8fc d:/intelfpga_lite/18.0/nios2eds/bin/gnu/h-x86_64-mingw32/bin/../lib/gcc/nios2-elf/5.3.0\libgcc.a(subdf3.o)
                0x0000000008023a70                __subdf3
 .text          0x000000000802436c      0x110 d:/intelfpga_lite/18.0/nios2eds/bin/gnu/h-x86_64-mingw32/bin/../lib/gcc/nios2-elf/5.3.0\libgcc.a(extendsfdf2.o)
                0x000000000802436c                __extendsfdf2
 .text          0x000000000802447c      0x1a8 d:/intelfpga_lite/18.0/nios2eds/bin/gnu/h-x86_64-mingw32/bin/../lib/gcc/nios2-elf/5.3.0\libgcc.a(truncdfsf2.o)
                0x000000000802447c                __truncdfsf2
 .text          0x0000000008024624       0x64 d:/intelfpga_lite/18.0/nios2eds/bin/gnu/h-x86_64-mingw32/bin/../lib/gcc/nios2-elf/5.3.0\libgcc.a(_clzsi2.o)
                0x0000000008024624                __clzsi2
 .text          0x0000000008024688        0x0 d:/intelfpga_lite/18.0/nios2eds/bin/gnu/h-x86_64-mingw32/bin/../lib/gcc/nios2-elf/5.3.0\libgcc.a(_clz.o)
 .text          0x0000000008024688        0x0 ../Hello_bsp//newlib/nios2-elf/lib\libc.a(lib_a-errno.o)
 .text.__errno  0x0000000008024688       0x20 ../Hello_bsp//newlib/nios2-elf/lib\libc.a(lib_a-errno.o)
                0x0000000008024688                __errno
 .text          0x00000000080246a8        0x0 ../Hello_bsp//newlib/nios2-elf/lib\libc.a(lib_a-impure.o)
 .text          0x00000000080246a8        0x0 ../Hello_bsp//newlib/nios2-elf/lib\libc.a(lib_a-malloc.o)
 .text.malloc   0x00000000080246a8       0x38 ../Hello_bsp//newlib/nios2-elf/lib\libc.a(lib_a-malloc.o)
                0x00000000080246a8                malloc
 .text.free     0x00000000080246e0       0x3c ../Hello_bsp//newlib/nios2-elf/lib\libc.a(lib_a-malloc.o)
                0x00000000080246e0                free
 .text          0x000000000802471c        0x0 ../Hello_bsp//newlib/nios2-elf/lib\libc.a(lib_a-mallocr.o)
 .text.malloc_extend_top
                0x000000000802471c      0x3b4 ../Hello_bsp//newlib/nios2-elf/lib\libc.a(lib_a-mallocr.o)
 .text._malloc_r
                0x0000000008024ad0      0xb7c ../Hello_bsp//newlib/nios2-elf/lib\libc.a(lib_a-mallocr.o)
                0x0000000008024ad0                _malloc_r
 .text          0x000000000802564c        0x0 ../Hello_bsp//newlib/nios2-elf/lib\libc.a(lib_a-memcpy.o)
 .text.memcpy   0x000000000802564c      0x188 ../Hello_bsp//newlib/nios2-elf/lib\libc.a(lib_a-memcpy.o)
                0x000000000802564c                memcpy
 .text          0x00000000080257d4        0x0 ../Hello_bsp//newlib/nios2-elf/lib\libc.a(lib_a-memset.o)
 .text.memset   0x00000000080257d4      0x1c4 ../Hello_bsp//newlib/nios2-elf/lib\libc.a(lib_a-memset.o)
                0x00000000080257d4                memset
 .text          0x0000000008025998        0x0 ../Hello_bsp//newlib/nios2-elf/lib\libc.a(lib_a-printf.o)
 .text._printf_r
                0x0000000008025998       0x64 ../Hello_bsp//newlib/nios2-elf/lib\libc.a(lib_a-printf.o)
                0x0000000008025998                _printf_r
 .text.printf   0x00000000080259fc       0x68 ../Hello_bsp//newlib/nios2-elf/lib\libc.a(lib_a-printf.o)
                0x00000000080259fc                printf
 .text          0x0000000008025a64        0x0 ../Hello_bsp//newlib/nios2-elf/lib\libc.a(lib_a-putchar.o)
 .text._putchar_r
                0x0000000008025a64       0x44 ../Hello_bsp//newlib/nios2-elf/lib\libc.a(lib_a-putchar.o)
                0x0000000008025a64                _putchar_r
 .text.putchar  0x0000000008025aa8       0x48 ../Hello_bsp//newlib/nios2-elf/lib\libc.a(lib_a-putchar.o)
                0x0000000008025aa8                putchar
 .text          0x0000000008025af0        0x0 ../Hello_bsp//newlib/nios2-elf/lib\libc.a(lib_a-puts.o)
 .text._puts_r  0x0000000008025af0      0x118 ../Hello_bsp//newlib/nios2-elf/lib\libc.a(lib_a-puts.o)
                0x0000000008025af0                _puts_r
 .text.puts     0x0000000008025c08       0x38 ../Hello_bsp//newlib/nios2-elf/lib\libc.a(lib_a-puts.o)
                0x0000000008025c08                puts
 .text          0x0000000008025c40        0x0 ../Hello_bsp//newlib/nios2-elf/lib\libc.a(lib_a-sbrkr.o)
 .text._sbrk_r  0x0000000008025c40       0x60 ../Hello_bsp//newlib/nios2-elf/lib\libc.a(lib_a-sbrkr.o)
                0x0000000008025c40                _sbrk_r
 .text          0x0000000008025ca0        0x0 ../Hello_bsp//newlib/nios2-elf/lib\libc.a(lib_a-strlen.o)
 .text.strlen   0x0000000008025ca0       0xf4 ../Hello_bsp//newlib/nios2-elf/lib\libc.a(lib_a-strlen.o)
                0x0000000008025ca0                strlen
 .text          0x0000000008025d94        0x0 ../Hello_bsp//newlib/nios2-elf/lib\libc.a(lib_a-vfprintf.o)
 .text.__sbprintf
                0x0000000008025d94       0xf0 ../Hello_bsp//newlib/nios2-elf/lib\libc.a(lib_a-vfprintf.o)
 .text.__vfprintf_internal
                0x0000000008025e84       0x50 ../Hello_bsp//newlib/nios2-elf/lib\libc.a(lib_a-vfprintf.o)
                0x0000000008025e84                __vfprintf_internal
 .text.___vfprintf_internal_r
                0x0000000008025ed4     0x20d0 ../Hello_bsp//newlib/nios2-elf/lib\libc.a(lib_a-vfprintf.o)
                0x0000000008025ed4                ___vfprintf_internal_r
 .text.cvt      0x0000000008027fa4      0x20c ../Hello_bsp//newlib/nios2-elf/lib\libc.a(lib_a-vfprintf.o)
 .text.exponent
                0x00000000080281b0      0x140 ../Hello_bsp//newlib/nios2-elf/lib\libc.a(lib_a-vfprintf.o)
 .text          0x00000000080282f0        0x0 ../Hello_bsp//newlib/nios2-elf/lib\libc.a(lib_a-wsetup.o)
 .text.__swsetup_r
                0x00000000080282f0      0x1a0 ../Hello_bsp//newlib/nios2-elf/lib\libc.a(lib_a-wsetup.o)
                0x00000000080282f0                __swsetup_r
 .text          0x0000000008028490        0x0 ../Hello_bsp//newlib/nios2-elf/lib\libc.a(lib_a-dtoa.o)
 .text.quorem   0x0000000008028490      0x3b4 ../Hello_bsp//newlib/nios2-elf/lib\libc.a(lib_a-dtoa.o)
 .text._dtoa_r  0x0000000008028844     0x1b78 ../Hello_bsp//newlib/nios2-elf/lib\libc.a(lib_a-dtoa.o)
                0x0000000008028844                _dtoa_r
 .text          0x000000000802a3bc        0x0 ../Hello_bsp//newlib/nios2-elf/lib\libc.a(lib_a-fflush.o)
 .text.__sflush_r
                0x000000000802a3bc      0x304 ../Hello_bsp//newlib/nios2-elf/lib\libc.a(lib_a-fflush.o)
                0x000000000802a3bc                __sflush_r
 .text._fflush_r
                0x000000000802a6c0       0x88 ../Hello_bsp//newlib/nios2-elf/lib\libc.a(lib_a-fflush.o)
                0x000000000802a6c0                _fflush_r
 .text.fflush   0x000000000802a748       0x54 ../Hello_bsp//newlib/nios2-elf/lib\libc.a(lib_a-fflush.o)
                0x000000000802a748                fflush
 .text          0x000000000802a79c        0x0 ../Hello_bsp//newlib/nios2-elf/lib\libc.a(lib_a-findfp.o)
 .text.std      0x000000000802a79c       0xf4 ../Hello_bsp//newlib/nios2-elf/lib\libc.a(lib_a-findfp.o)
 .text.__sfmoreglue
                0x000000000802a890       0xa4 ../Hello_bsp//newlib/nios2-elf/lib\libc.a(lib_a-findfp.o)
                0x000000000802a890                __sfmoreglue
 .text.__sfp    0x000000000802a934      0x194 ../Hello_bsp//newlib/nios2-elf/lib\libc.a(lib_a-findfp.o)
                0x000000000802a934                __sfp
 .text._cleanup_r
                0x000000000802aac8       0x44 ../Hello_bsp//newlib/nios2-elf/lib\libc.a(lib_a-findfp.o)
                0x000000000802aac8                _cleanup_r
 .text._cleanup
                0x000000000802ab0c       0x34 ../Hello_bsp//newlib/nios2-elf/lib\libc.a(lib_a-findfp.o)
                0x000000000802ab0c                _cleanup
 .text.__sinit  0x000000000802ab40       0xd8 ../Hello_bsp//newlib/nios2-elf/lib\libc.a(lib_a-findfp.o)
                0x000000000802ab40                __sinit
 .text.__sfp_lock_acquire
                0x000000000802ac18       0x20 ../Hello_bsp//newlib/nios2-elf/lib\libc.a(lib_a-findfp.o)
                0x000000000802ac18                __sfp_lock_acquire
 .text.__sfp_lock_release
                0x000000000802ac38       0x20 ../Hello_bsp//newlib/nios2-elf/lib\libc.a(lib_a-findfp.o)
                0x000000000802ac38                __sfp_lock_release
 .text.__sinit_lock_acquire
                0x000000000802ac58       0x20 ../Hello_bsp//newlib/nios2-elf/lib\libc.a(lib_a-findfp.o)
                0x000000000802ac58                __sinit_lock_acquire
 .text.__sinit_lock_release
                0x000000000802ac78       0x20 ../Hello_bsp//newlib/nios2-elf/lib\libc.a(lib_a-findfp.o)
                0x000000000802ac78                __sinit_lock_release
 .text.__fp_lock
                0x000000000802ac98       0x24 ../Hello_bsp//newlib/nios2-elf/lib\libc.a(lib_a-findfp.o)
 .text.__fp_unlock
                0x000000000802acbc       0x24 ../Hello_bsp//newlib/nios2-elf/lib\libc.a(lib_a-findfp.o)
 .text.__fp_lock_all
                0x000000000802ace0       0x40 ../Hello_bsp//newlib/nios2-elf/lib\libc.a(lib_a-findfp.o)
                0x000000000802ace0                __fp_lock_all
 .text.__fp_unlock_all
                0x000000000802ad20       0x40 ../Hello_bsp//newlib/nios2-elf/lib\libc.a(lib_a-findfp.o)
                0x000000000802ad20                __fp_unlock_all
 .text          0x000000000802ad60        0x0 ../Hello_bsp//newlib/nios2-elf/lib\libc.a(lib_a-freer.o)
 .text._free_r  0x000000000802ad60      0x560 ../Hello_bsp//newlib/nios2-elf/lib\libc.a(lib_a-freer.o)
                0x000000000802ad60                _free_r
 .text._malloc_trim_r
                0x000000000802b2c0      0x1cc ../Hello_bsp//newlib/nios2-elf/lib\libc.a(lib_a-freer.o)
                0x000000000802b2c0                _malloc_trim_r
 .text          0x000000000802b48c        0x0 ../Hello_bsp//newlib/nios2-elf/lib\libc.a(lib_a-fvwrite.o)
 .text.__sfvwrite_r
                0x000000000802b48c      0x5dc ../Hello_bsp//newlib/nios2-elf/lib\libc.a(lib_a-fvwrite.o)
                0x000000000802b48c                __sfvwrite_r
 .text          0x000000000802ba68        0x0 ../Hello_bsp//newlib/nios2-elf/lib\libc.a(lib_a-fwalk.o)
 .text._fwalk   0x000000000802ba68       0xd8 ../Hello_bsp//newlib/nios2-elf/lib\libc.a(lib_a-fwalk.o)
                0x000000000802ba68                _fwalk
 .text._fwalk_reent
                0x000000000802bb40       0xdc ../Hello_bsp//newlib/nios2-elf/lib\libc.a(lib_a-fwalk.o)
                0x000000000802bb40                _fwalk_reent
 .text          0x000000000802bc1c        0x0 ../Hello_bsp//newlib/nios2-elf/lib\libc.a(lib_a-int_errno.o)
 .text          0x000000000802bc1c        0x0 ../Hello_bsp//newlib/nios2-elf/lib\libc.a(lib_a-locale.o)
 .text._setlocale_r
                0x000000000802bc1c       0x84 ../Hello_bsp//newlib/nios2-elf/lib\libc.a(lib_a-locale.o)
                0x000000000802bc1c                _setlocale_r
 .text.__locale_charset
                0x000000000802bca0       0x24 ../Hello_bsp//newlib/nios2-elf/lib\libc.a(lib_a-locale.o)
                0x000000000802bca0                __locale_charset
 .text.__locale_mb_cur_max
                0x000000000802bcc4       0x20 ../Hello_bsp//newlib/nios2-elf/lib\libc.a(lib_a-locale.o)
                0x000000000802bcc4                __locale_mb_cur_max
 .text.__locale_msgcharset
                0x000000000802bce4       0x24 ../Hello_bsp//newlib/nios2-elf/lib\libc.a(lib_a-locale.o)
                0x000000000802bce4                __locale_msgcharset
 .text.__locale_cjk_lang
                0x000000000802bd08       0x20 ../Hello_bsp//newlib/nios2-elf/lib\libc.a(lib_a-locale.o)
                0x000000000802bd08                __locale_cjk_lang
 .text._localeconv_r
                0x000000000802bd28       0x28 ../Hello_bsp//newlib/nios2-elf/lib\libc.a(lib_a-locale.o)
                0x000000000802bd28                _localeconv_r
 .text.setlocale
                0x000000000802bd50       0x40 ../Hello_bsp//newlib/nios2-elf/lib\libc.a(lib_a-locale.o)
                0x000000000802bd50                setlocale
 .text.localeconv
                0x000000000802bd90       0x30 ../Hello_bsp//newlib/nios2-elf/lib\libc.a(lib_a-locale.o)
                0x000000000802bd90                localeconv
 .text          0x000000000802bdc0        0x0 ../Hello_bsp//newlib/nios2-elf/lib\libc.a(lib_a-makebuf.o)
 .text.__smakebuf_r
                0x000000000802bdc0      0x22c ../Hello_bsp//newlib/nios2-elf/lib\libc.a(lib_a-makebuf.o)
                0x000000000802bdc0                __smakebuf_r
 .text          0x000000000802bfec        0x0 ../Hello_bsp//newlib/nios2-elf/lib\libc.a(lib_a-memchr.o)
 .text.memchr   0x000000000802bfec      0x1bc ../Hello_bsp//newlib/nios2-elf/lib\libc.a(lib_a-memchr.o)
                0x000000000802bfec                memchr
 .text          0x000000000802c1a8        0x0 ../Hello_bsp//newlib/nios2-elf/lib\libc.a(lib_a-memmove.o)
 .text.memmove  0x000000000802c1a8      0x208 ../Hello_bsp//newlib/nios2-elf/lib\libc.a(lib_a-memmove.o)
                0x000000000802c1a8                memmove
 .text          0x000000000802c3b0        0x0 ../Hello_bsp//newlib/nios2-elf/lib\libc.a(lib_a-mprec.o)
 .text._Balloc  0x000000000802c3b0      0x130 ../Hello_bsp//newlib/nios2-elf/lib\libc.a(lib_a-mprec.o)
                0x000000000802c3b0                _Balloc
 .text._Bfree   0x000000000802c4e0       0x7c ../Hello_bsp//newlib/nios2-elf/lib\libc.a(lib_a-mprec.o)
                0x000000000802c4e0                _Bfree
 .text.__multadd
                0x000000000802c55c      0x194 ../Hello_bsp//newlib/nios2-elf/lib\libc.a(lib_a-mprec.o)
                0x000000000802c55c                __multadd
 .text.__s2b    0x000000000802c6f0      0x18c ../Hello_bsp//newlib/nios2-elf/lib\libc.a(lib_a-mprec.o)
                0x000000000802c6f0                __s2b
 .text.__hi0bits
                0x000000000802c87c       0x90 ../Hello_bsp//newlib/nios2-elf/lib\libc.a(lib_a-mprec.o)
                0x000000000802c87c                __hi0bits
 .text.__lo0bits
                0x000000000802c90c       0xec ../Hello_bsp//newlib/nios2-elf/lib\libc.a(lib_a-mprec.o)
                0x000000000802c90c                __lo0bits
 .text.__i2b    0x000000000802c9f8       0x58 ../Hello_bsp//newlib/nios2-elf/lib\libc.a(lib_a-mprec.o)
                0x000000000802c9f8                __i2b
 .text.__multiply
                0x000000000802ca50      0x3d0 ../Hello_bsp//newlib/nios2-elf/lib\libc.a(lib_a-mprec.o)
                0x000000000802ca50                __multiply
 .text.__pow5mult
                0x000000000802ce20      0x178 ../Hello_bsp//newlib/nios2-elf/lib\libc.a(lib_a-mprec.o)
                0x000000000802ce20                __pow5mult
 .text.__lshift
                0x000000000802cf98      0x1f8 ../Hello_bsp//newlib/nios2-elf/lib\libc.a(lib_a-mprec.o)
                0x000000000802cf98                __lshift
 .text.__mcmp   0x000000000802d190      0x114 ../Hello_bsp//newlib/nios2-elf/lib\libc.a(lib_a-mprec.o)
                0x000000000802d190                __mcmp
 .text.__mdiff  0x000000000802d2a4      0x2a4 ../Hello_bsp//newlib/nios2-elf/lib\libc.a(lib_a-mprec.o)
                0x000000000802d2a4                __mdiff
 .text.__ulp    0x000000000802d548       0xcc ../Hello_bsp//newlib/nios2-elf/lib\libc.a(lib_a-mprec.o)
                0x000000000802d548                __ulp
 .text.__b2d    0x000000000802d614      0x204 ../Hello_bsp//newlib/nios2-elf/lib\libc.a(lib_a-mprec.o)
                0x000000000802d614                __b2d
 .text.__d2b    0x000000000802d818      0x240 ../Hello_bsp//newlib/nios2-elf/lib\libc.a(lib_a-mprec.o)
                0x000000000802d818                __d2b
 .text.__ratio  0x000000000802da58      0x11c ../Hello_bsp//newlib/nios2-elf/lib\libc.a(lib_a-mprec.o)
                0x000000000802da58                __ratio
 .text._mprec_log10
                0x000000000802db74       0xb0 ../Hello_bsp//newlib/nios2-elf/lib\libc.a(lib_a-mprec.o)
                0x000000000802db74                _mprec_log10
 .text.__copybits
                0x000000000802dc24       0xd0 ../Hello_bsp//newlib/nios2-elf/lib\libc.a(lib_a-mprec.o)
                0x000000000802dc24                __copybits
 .text.__any_on
                0x000000000802dcf4      0x134 ../Hello_bsp//newlib/nios2-elf/lib\libc.a(lib_a-mprec.o)
                0x000000000802dcf4                __any_on
 .text          0x000000000802de28        0x0 ../Hello_bsp//newlib/nios2-elf/lib\libc.a(lib_a-putc.o)
 .text._putc_r  0x000000000802de28      0x104 ../Hello_bsp//newlib/nios2-elf/lib\libc.a(lib_a-putc.o)
                0x000000000802de28                _putc_r
 .text.putc     0x000000000802df2c      0x108 ../Hello_bsp//newlib/nios2-elf/lib\libc.a(lib_a-putc.o)
                0x000000000802df2c                putc
 .text          0x000000000802e034        0x0 ../Hello_bsp//newlib/nios2-elf/lib\libc.a(lib_a-reallocr.o)
 .text._realloc_r
                0x000000000802e034      0xbf0 ../Hello_bsp//newlib/nios2-elf/lib\libc.a(lib_a-reallocr.o)
                0x000000000802e034                _realloc_r
 .text          0x000000000802ec24        0x0 ../Hello_bsp//newlib/nios2-elf/lib\libc.a(lib_a-s_fpclassify.o)
 .text.__fpclassifyd
                0x000000000802ec24      0x104 ../Hello_bsp//newlib/nios2-elf/lib\libc.a(lib_a-s_fpclassify.o)
                0x000000000802ec24                __fpclassifyd
 .text          0x000000000802ed28        0x0 ../Hello_bsp//newlib/nios2-elf/lib\libc.a(lib_a-stdio.o)
 .text.__sread  0x000000000802ed28       0x9c ../Hello_bsp//newlib/nios2-elf/lib\libc.a(lib_a-stdio.o)
                0x000000000802ed28                __sread
 .text.__seofread
                0x000000000802edc4       0x30 ../Hello_bsp//newlib/nios2-elf/lib\libc.a(lib_a-stdio.o)
                0x000000000802edc4                __seofread
 .text.__swrite
                0x000000000802edf4       0xb4 ../Hello_bsp//newlib/nios2-elf/lib\libc.a(lib_a-stdio.o)
                0x000000000802edf4                __swrite
 .text.__sseek  0x000000000802eea8       0xa0 ../Hello_bsp//newlib/nios2-elf/lib\libc.a(lib_a-stdio.o)
                0x000000000802eea8                __sseek
 .text.__sclose
                0x000000000802ef48       0x54 ../Hello_bsp//newlib/nios2-elf/lib\libc.a(lib_a-stdio.o)
                0x000000000802ef48                __sclose
 .text          0x000000000802ef9c        0x0 ../Hello_bsp//newlib/nios2-elf/lib\libc.a(lib_a-strcmp.o)
 .text.strcmp   0x000000000802ef9c      0x140 ../Hello_bsp//newlib/nios2-elf/lib\libc.a(lib_a-strcmp.o)
                0x000000000802ef9c                strcmp
 .text          0x000000000802f0dc        0x0 ../Hello_bsp//newlib/nios2-elf/lib\libc.a(lib_a-vfiprintf.o)
 .text.__sprint_r
                0x000000000802f0dc      0x13c ../Hello_bsp//newlib/nios2-elf/lib\libc.a(lib_a-vfiprintf.o)
                0x000000000802f0dc                __sprint_r
 .text.__sbprintf
                0x000000000802f218       0xf0 ../Hello_bsp//newlib/nios2-elf/lib\libc.a(lib_a-vfiprintf.o)
 .text.__vfiprintf_internal
                0x000000000802f308       0x50 ../Hello_bsp//newlib/nios2-elf/lib\libc.a(lib_a-vfiprintf.o)
                0x000000000802f308                __vfiprintf_internal
 .text.___vfiprintf_internal_r
                0x000000000802f358     0x12c4 ../Hello_bsp//newlib/nios2-elf/lib\libc.a(lib_a-vfiprintf.o)
                0x000000000802f358                ___vfiprintf_internal_r
 .text          0x000000000803061c        0x0 ../Hello_bsp//newlib/nios2-elf/lib\libc.a(lib_a-wbuf.o)
 .text.__swbuf_r
                0x000000000803061c      0x168 ../Hello_bsp//newlib/nios2-elf/lib\libc.a(lib_a-wbuf.o)
                0x000000000803061c                __swbuf_r
 .text.__swbuf  0x0000000008030784       0x40 ../Hello_bsp//newlib/nios2-elf/lib\libc.a(lib_a-wbuf.o)
                0x0000000008030784                __swbuf
 .text          0x00000000080307c4        0x0 ../Hello_bsp//newlib/nios2-elf/lib\libc.a(lib_a-writer.o)
 .text._write_r
                0x00000000080307c4       0x70 ../Hello_bsp//newlib/nios2-elf/lib\libc.a(lib_a-writer.o)
                0x00000000080307c4                _write_r
 .text          0x0000000008030834        0x0 ../Hello_bsp//newlib/nios2-elf/lib\libc.a(closer.o)
 .text._close_r
                0x0000000008030834       0x60 ../Hello_bsp//newlib/nios2-elf/lib\libc.a(closer.o)
                0x0000000008030834                _close_r
 .text          0x0000000008030894        0x0 ../Hello_bsp//newlib/nios2-elf/lib\libc.a(lib_a-callocr.o)
 .text._calloc_r
                0x0000000008030894      0x164 ../Hello_bsp//newlib/nios2-elf/lib\libc.a(lib_a-callocr.o)
                0x0000000008030894                _calloc_r
 .text          0x00000000080309f8        0x0 ../Hello_bsp//newlib/nios2-elf/lib\libc.a(lib_a-fclose.o)
 .text._fclose_r
                0x00000000080309f8      0x12c ../Hello_bsp//newlib/nios2-elf/lib\libc.a(lib_a-fclose.o)
                0x00000000080309f8                _fclose_r
 .text.fclose   0x0000000008030b24       0x38 ../Hello_bsp//newlib/nios2-elf/lib\libc.a(lib_a-fclose.o)
                0x0000000008030b24                fclose
 .text          0x0000000008030b5c        0x0 ../Hello_bsp//newlib/nios2-elf/lib\libc.a(lib_a-fputwc.o)
 .text.__fputwc
                0x0000000008030b5c      0x1f4 ../Hello_bsp//newlib/nios2-elf/lib\libc.a(lib_a-fputwc.o)
                0x0000000008030b5c                __fputwc
 .text._fputwc_r
                0x0000000008030d50       0x88 ../Hello_bsp//newlib/nios2-elf/lib\libc.a(lib_a-fputwc.o)
                0x0000000008030d50                _fputwc_r
 .text.fputwc   0x0000000008030dd8       0x68 ../Hello_bsp//newlib/nios2-elf/lib\libc.a(lib_a-fputwc.o)
                0x0000000008030dd8                fputwc
 .text          0x0000000008030e40        0x0 ../Hello_bsp//newlib/nios2-elf/lib\libc.a(lib_a-fstatr.o)
 .text._fstat_r
                0x0000000008030e40       0x68 ../Hello_bsp//newlib/nios2-elf/lib\libc.a(lib_a-fstatr.o)
                0x0000000008030e40                _fstat_r
 .text          0x0000000008030ea8        0x0 ../Hello_bsp//newlib/nios2-elf/lib\libc.a(lib_a-isattyr.o)
 .text._isatty_r
                0x0000000008030ea8       0x60 ../Hello_bsp//newlib/nios2-elf/lib\libc.a(lib_a-isattyr.o)
                0x0000000008030ea8                _isatty_r
 .text          0x0000000008030f08        0x0 ../Hello_bsp//newlib/nios2-elf/lib\libc.a(lib_a-lseekr.o)
 .text._lseek_r
                0x0000000008030f08       0x70 ../Hello_bsp//newlib/nios2-elf/lib\libc.a(lib_a-lseekr.o)
                0x0000000008030f08                _lseek_r
 .text          0x0000000008030f78        0x0 ../Hello_bsp//newlib/nios2-elf/lib\libc.a(lib_a-readr.o)
 .text._read_r  0x0000000008030f78       0x70 ../Hello_bsp//newlib/nios2-elf/lib\libc.a(lib_a-readr.o)
                0x0000000008030f78                _read_r
 .text          0x0000000008030fe8        0x0 ../Hello_bsp//newlib/nios2-elf/lib\libc.a(lib_a-wcrtomb.o)
 .text._wcrtomb_r
                0x0000000008030fe8       0xd4 ../Hello_bsp//newlib/nios2-elf/lib\libc.a(lib_a-wcrtomb.o)
                0x0000000008030fe8                _wcrtomb_r
 .text.wcrtomb  0x00000000080310bc       0xd8 ../Hello_bsp//newlib/nios2-elf/lib\libc.a(lib_a-wcrtomb.o)
                0x00000000080310bc                wcrtomb
 .text          0x0000000008031194        0x0 ../Hello_bsp//newlib/nios2-elf/lib\libc.a(lib_a-wctomb_r.o)
 .text._wctomb_r