Archive member included to satisfy reference by file (symbol)

../Hello_bsp//newlib/nios2-elf/lib\libm.a(lib_a-sf_ceil.o)
                              obj/default/src/mathc.o (ceilf)
../Hello_bsp//newlib/nios2-elf/lib\libm.a(lib_a-sf_cos.o)
                              obj/default/src/mathc.o (cosf)
../Hello_bsp//newlib/nios2-elf/lib\libm.a(lib_a-sf_floor.o)
                              obj/default/src/mathc.o (floorf)
../Hello_bsp//newlib/nios2-elf/lib\libm.a(lib_a-sf_fmax.o)
                              obj/default/src/mathc.o (fmaxf)
../Hello_bsp//newlib/nios2-elf/lib\libm.a(lib_a-sf_fmin.o)
                              obj/default/src/mathc.o (fminf)
../Hello_bsp//newlib/nios2-elf/lib\libm.a(lib_a-sf_fpclassify.o)
                              ../Hello_bsp//newlib/nios2-elf/lib\libm.a(lib_a-sf_fmax.o) (__fpclassifyf)
../Hello_bsp//newlib/nios2-elf/lib\libm.a(lib_a-sf_round.o)
                              obj/default/src/mathc.o (roundf)
../Hello_bsp//newlib/nios2-elf/lib\libm.a(lib_a-sf_sin.o)
                              obj/default/src/mathc.o (sinf)
../Hello_bsp//newlib/nios2-elf/lib\libm.a(lib_a-sf_tan.o)
                              obj/default/src/mathc.o (tanf)
../Hello_bsp//newlib/nios2-elf/lib\libm.a(lib_a-wf_acos.o)
                              obj/default/src/mathc.o (acosf)
../Hello_bsp//newlib/nios2-elf/lib\libm.a(lib_a-wf_atan2.o)
                              obj/default/src/mathc.o (atan2f)
../Hello_bsp//newlib/nios2-elf/lib\libm.a(lib_a-wf_pow.o)
                              obj/default/src/mathc.o (powf)
../Hello_bsp//newlib/nios2-elf/lib\libm.a(lib_a-wf_sqrt.o)
                              obj/default/src/mathc.o (sqrtf)
../Hello_bsp//newlib/nios2-elf/lib\libm.a(lib_a-ef_acos.o)
                              ../Hello_bsp//newlib/nios2-elf/lib\libm.a(lib_a-wf_acos.o) (__ieee754_acosf)
../Hello_bsp//newlib/nios2-elf/lib\libm.a(lib_a-ef_atan2.o)
                              ../Hello_bsp//newlib/nios2-elf/lib\libm.a(lib_a-wf_atan2.o) (__ieee754_atan2f)
../Hello_bsp//newlib/nios2-elf/lib\libm.a(lib_a-ef_pow.o)
                              ../Hello_bsp//newlib/nios2-elf/lib\libm.a(lib_a-wf_pow.o) (__ieee754_powf)
../Hello_bsp//newlib/nios2-elf/lib\libm.a(lib_a-ef_rem_pio2.o)
                              ../Hello_bsp//newlib/nios2-elf/lib\libm.a(lib_a-sf_cos.o) (__ieee754_rem_pio2f)
../Hello_bsp//newlib/nios2-elf/lib\libm.a(lib_a-ef_sqrt.o)
                              ../Hello_bsp//newlib/nios2-elf/lib\libm.a(lib_a-wf_sqrt.o) (__ieee754_sqrtf)
../Hello_bsp//newlib/nios2-elf/lib\libm.a(lib_a-kf_cos.o)
                              ../Hello_bsp//newlib/nios2-elf/lib\libm.a(lib_a-sf_cos.o) (__kernel_cosf)
../Hello_bsp//newlib/nios2-elf/lib\libm.a(lib_a-kf_rem_pio2.o)
                              ../Hello_bsp//newlib/nios2-elf/lib\libm.a(lib_a-ef_rem_pio2.o) (__kernel_rem_pio2f)
../Hello_bsp//newlib/nios2-elf/lib\libm.a(lib_a-kf_sin.o)
                              ../Hello_bsp//newlib/nios2-elf/lib\libm.a(lib_a-sf_cos.o) (__kernel_sinf)
../Hello_bsp//newlib/nios2-elf/lib\libm.a(lib_a-kf_tan.o)
                              ../Hello_bsp//newlib/nios2-elf/lib\libm.a(lib_a-sf_tan.o) (__kernel_tanf)
../Hello_bsp//newlib/nios2-elf/lib\libm.a(lib_a-s_lib_ver.o)
                              ../Hello_bsp//newlib/nios2-elf/lib\libm.a(lib_a-wf_acos.o) (__fdlib_version)
../Hello_bsp//newlib/nios2-elf/lib\libm.a(lib_a-s_matherr.o)
                              ../Hello_bsp//newlib/nios2-elf/lib\libm.a(lib_a-wf_acos.o) (matherr)
../Hello_bsp//newlib/nios2-elf/lib\libm.a(lib_a-s_nan.o)
                              ../Hello_bsp//newlib/nios2-elf/lib\libm.a(lib_a-wf_acos.o) (nan)
../Hello_bsp//newlib/nios2-elf/lib\libm.a(lib_a-s_rint.o)
                              ../Hello_bsp//newlib/nios2-elf/lib\libm.a(lib_a-wf_pow.o) (rint)
../Hello_bsp//newlib/nios2-elf/lib\libm.a(lib_a-sf_atan.o)
                              ../Hello_bsp//newlib/nios2-elf/lib\libm.a(lib_a-ef_atan2.o) (atanf)
../Hello_bsp//newlib/nios2-elf/lib\libm.a(lib_a-sf_fabs.o)
                              ../Hello_bsp//newlib/nios2-elf/lib\libm.a(lib_a-wf_acos.o) (fabsf)
../Hello_bsp//newlib/nios2-elf/lib\libm.a(lib_a-sf_finite.o)
                              ../Hello_bsp//newlib/nios2-elf/lib\libm.a(lib_a-wf_pow.o) (finitef)
../Hello_bsp//newlib/nios2-elf/lib\libm.a(lib_a-sf_nan.o)
                              ../Hello_bsp//newlib/nios2-elf/lib\libm.a(lib_a-ef_pow.o) (nanf)
../Hello_bsp//newlib/nios2-elf/lib\libm.a(lib_a-sf_scalbn.o)
                              ../Hello_bsp//newlib/nios2-elf/lib\libm.a(lib_a-ef_pow.o) (scalbnf)
../Hello_bsp//newlib/nios2-elf/lib\libm.a(lib_a-sf_copysign.o)
                              ../Hello_bsp//newlib/nios2-elf/lib\libm.a(lib_a-sf_scalbn.o) (copysignf)
d:/intelfpga_lite/18.0/nios2eds/bin/gnu/h-x86_64-mingw32/bin/../lib/gcc/nios2-elf/5.3.0\libgcc.a(lib2-divmod.o)
                              obj/default/src/gppcu.o (__divsi3)
[...]
Memory Configuration

Name             Origin             Length             Attributes
reset            0x0000000008000000 0x0000000000000020
sdram            0x0000000008000020 0x0000000007ffffe0
bufferram_out    0x0000000010000000 0x000000000002ee00
*default*        0x0000000000000000 0xffffffffffffffff

Linker script and memory map

LOAD ../Hello_bsp//obj/HAL/src/crt0.o
LOAD obj/default/src/app.o
LOAD obj/default/src/gppcu.o
LOAD obj/default/src/main.o
LOAD obj/default/src/mathc.o
LOAD obj/default/src/utils.o
LOAD d:/intelfpga_lite/18.0/nios2eds/bin/gnu/h-x86_64-mingw32/bin/../lib/gcc/nios2-elf/5.3.0/../../../../../H-x86_64-mingw32/nios2-elf/lib\libstdc++.a
LOAD ../Hello_bsp//newlib/nios2-elf/lib\libm.a
LOAD d:/intelfpga_lite/18.0/nios2eds/bin/gnu/h-x86_64-mingw32/bin/../lib/gcc/nios2-elf/5.3.0\libgcc.a
START GROUP
LOAD ../Hello_bsp//newlib/nios2-elf/lib\libc.a
LOAD d:/intelfpga_lite/18.0/nios2eds/bin/gnu/h-x86_64-mingw32/bin/../lib/gcc/nios2-elf/5.3.0\libgcc.a
LOAD ../Hello_bsp/\libhal_bsp.a
LOAD ../Hello_bsp//newlib/nios2-elf/lib\libm.a
END GROUP
LOAD d:/intelfpga_lite/18.0/nios2eds/bin/gnu/h-x86_64-mingw32/bin/../lib/gcc/nios2-elf/5.3.0\libgcc.a
                0x0000000008000000                __alt_mem_sdram = 0x8000000
                0x0000000010000000                __alt_mem_bufferram_out = 0x10000000

.entry          0x0000000008000000       0x20
 *(.entry)
 .entry         0x0000000008000000       0x20 ../Hello_bsp//obj/HAL/src/crt0.o
                0x0000000008000000                __reset

.exceptions     0x0000000008000020      0x224
                0x0000000008000020                PROVIDE (__ram_exceptions_start, ABSOLUTE (.))
                0x0000000008000020                . = ALIGN (0x20)
 *(.irq)
 *(.exceptions.entry.label)
 .exceptions.entry.label
                0x0000000008000020        0x0 ../Hello_bsp/\libhal_bsp.a(alt_irq_entry.o)
                0x0000000008000020                alt_irq_entry
 .exceptions.entry.label
                0x0000000008000020        0x0 ../Hello_bsp/\libhal_bsp.a(alt_exception_entry.o)
                0x0000000008000020                alt_exception
 *(.exceptions.entry.user)
 *(.exceptions.entry.ecc_fatal)
 *(.exceptions.entry)
 .exceptions.entry
                0x0000000008000020       0x54 ../Hello_bsp/\libhal_bsp.a(alt_exception_entry.o)
 *(.exceptions.irqtest.user)
 *(.exceptions.irqtest)
 .exceptions.irqtest
                0x0000000008000074       0x10 ../Hello_bsp/\libhal_bsp.a(alt_irq_entry.o)
 *(.exceptions.irqhandler.user)
 *(.exceptions.irqhandler)
 .exceptions.irqhandler
                0x0000000008000084        0x4 ../Hello_bsp/\libhal_bsp.a(alt_irq_entry.o)
 *(.exceptions.irqreturn.user)
 *(.exceptions.irqreturn)
 .exceptions.irqreturn
                0x0000000008000088        0x4 ../Hello_bsp/\libhal_bsp.a(alt_irq_entry.o)
 *(.exceptions.notirq.label)
 .exceptions.notirq.label
                0x000000000800008c        0x0 ../Hello_bsp/\libhal_bsp.a(alt_irq_entry.o)
 *(.exceptions.notirq.user)
 *(.exceptions.notirq)
 .exceptions.notirq
                0x000000000800008c        0x8 ../Hello_bsp/\libhal_bsp.a(alt_exception_entry.o)
 *(.exceptions.soft.user)
 *(.exceptions.soft)
 *(.exceptions.unknown.user)
 *(.exceptions.unknown)
 .exceptions.unknown
                0x0000000008000094       0x14 ../Hello_bsp/\libhal_bsp.a(alt_exception_entry.o)
 *(.exceptions.exit.label)
 .exceptions.exit.label
                0x00000000080000a8        0x0 ../Hello_bsp/\libhal_bsp.a(alt_irq_entry.o)
 .exceptions.exit.label
                0x00000000080000a8        0x0 ../Hello_bsp/\libhal_bsp.a(alt_exception_entry.o)
 *(.exceptions.exit.user)
 *(.exceptions.exit)
 .exceptions.exit
                0x00000000080000a8       0x54 ../Hello_bsp/\libhal_bsp.a(alt_exception_entry.o)
 *(.exceptions)
 .exceptions    0x00000000080000fc       0xd4 ../Hello_bsp/\libhal_bsp.a(alt_irq_handler.o)
                0x00000000080000fc                alt_irq_handler
 .exceptions    0x00000000080001d0       0x74 ../Hello_bsp/\libhal_bsp.a(alt_instruction_exception_entry.o)
                0x00000000080001d0                alt_instruction_exception_entry
                0x0000000008000244                PROVIDE (__ram_exceptions_end, ABSOLUTE (.))
                0x0000000008000020                PROVIDE (__flash_exceptions_start, LOADADDR (.exceptions))

.text           0x0000000008000244    0x3b10c
                [!provide]                        PROVIDE (stext, ABSOLUTE (.))
 *(.interp)
 *(.hash)
 *(.dynsym)
 *(.dynstr)
 *(.gnu.version)
 *(.gnu.version_d)
 *(.gnu.version_r)
 *(.rel.init)
 *(.rela.init)
 *(.rel.text .rel.text.* .rel.gnu.linkonce.t.*)
 *(.rela.text .rela.text.* .rela.gnu.linkonce.t.*)
 *(.rel.fini)
 *(.rela.fini)
 *(.rel.rodata .rel.rodata.* .rel.gnu.linkonce.r.*)
 *(.rela.rodata .rela.rodata.* .rela.gnu.linkonce.r.*)
 *(.rel.data .rel.data.* .rel.gnu.linkonce.d.*)
 *(.rela.data .rela.data.* .rela.gnu.linkonce.d.*)
 *(.rel.tdata .rel.tdata.* .rel.gnu.linkonce.td.*)
 *(.rela.tdata .rela.tdata.* .rela.gnu.linkonce.td.*)
 *(.rel.tbss .rel.tbss.* .rel.gnu.linkonce.tb.*)
 *(.rela.tbss .rela.tbss.* .rela.gnu.linkonce.tb.*)
 *(.rel.ctors)
 *(.rela.ctors)
 *(.rel.dtors)
 *(.rela.dtors)
 *(.rel.got)
 *(.rela.got)
 *(.rel.sdata .rel.sdata.* .rel.gnu.linkonce.s.*)
 *(.rela.sdata .rela.sdata.* .rela.gnu.linkonce.s.*)
 *(.rel.sbss .rel.sbss.* .rel.gnu.linkonce.sb.*)
 *(.rela.sbss .rela.sbss.* .rela.gnu.linkonce.sb.*)
 *(.rel.sdata2 .rel.sdata2.* .rel.gnu.linkonce.s2.*)
 *(.rela.sdata2 .rela.sdata2.* .rela.gnu.linkonce.s2.*)
 *(.rel.sbss2 .rel.sbss2.* .rel.gnu.linkonce.sb2.*)
 *(.rela.sbss2 .rela.sbss2.* .rela.gnu.linkonce.sb2.*)
 *(.rel.bss .rel.bss.* .rel.gnu.linkonce.b.*)
 *(.rela.bss .rela.bss.* .rela.gnu.linkonce.b.*)
 *(.rel.plt)
 *(.rela.plt)
 *(.rel.dyn)
 *(.init)
 *(.plt)
 *(.text .stub .text.* .gnu.linkonce.t.*)
 .text          0x0000000008000244       0x4c ../Hello_bsp//obj/HAL/src/crt0.o
                0x0000000008000244                _start
 .text          0x0000000008000290     0x18d0 obj/default/src/app.o
                0x0000000008000698                mat4_rotate_zyx
                0x0000000008000780                mesh_init
                0x000000000800081c                mesh_subdevide
                0x0000000008000b78                mesh_createbox
                0x0000000008000fc0                mesh_destroy
                0x000000000800100c                mesh_create_sphere
                0x000000000800103c                app_calc_object_constant
                0x00000000080011fc                app_upload_program
                0x000000000800153c                app_upload_vertices
                0x00000000080015a4                app_upload_object_constant
                0x000000000800165c                app_run_vertex_shader_async
                0x0000000008001690                app_download_points
                0x00000000080016e0                app_render_on_screen
                0x00000000080019ac                rgb16_drawline
 .text          0x0000000008001b60     0x1848 obj/default/src/gppcu.o
                0x0000000008001d44                gppcu_device_command
                0x0000000008001dc4                gppcu_stat
                0x0000000008001eb4                gppcu_is_done
                0x0000000008001f44                DEPRECATED__gppcu_init
                0x0000000008002018                gppcu_init
                0x0000000008002110                gppcu_init_task
                0x0000000008002204                gppcu_destroy
                0x00000000080026a8                DEPRECATED__gppcu_program_autofeed_device
                0x00000000080027e4                instr_to_string
                0x0000000008002908                gppcu_program_autofeed_device_parallel
                0x0000000008002d54                gppcu_init_task_parallel
                0x0000000008002eb4                gppcu_run_autofeed_device
                0x0000000008002f2c                gppcu_clear_instr
                0x0000000008002f58                gppcu_write
                0x00000000080030b8                gppcu_read
                0x000000000800325c                gppcu_write_const
                0x0000000008003308                gppcu_data_wr_slow
                0x0000000008003360                gppcu_data_rd_slow
 .text          0x00000000080033a8     0x13b4 obj/default/src/main.o
                0x00000000080037cc                wait
                0x0000000008003810                display_stat_is_done
                0x00000000080038cc                mem_clr
                0x000000000800394c                monitor
                0x0000000008003a50                reinterpret_float
                0x0000000008003a80                spf
                0x0000000008003adc                main
                0x0000000008003d20                main__cxt
                0x0000000008003f6c                maincc
                0x00000000080041b0                main_vv
                0x0000000008004540                main__1
 .text          0x000000000800475c    0x1b470 obj/default/src/mathc.o
                0x000000000800475c                clampi
                0x00000000080047b4                nearly_equal
                0x0000000008004824                to_radians
                0x0000000008004864                to_degrees
                0x00000000080048a4                clampf
                0x000000000800490c                vec2i_is_zero
                0x0000000008004958                vec2i_is_equal
                0x00000000080049bc                vec2i
                0x0000000008004a04                vec2i_assign
                0x0000000008004a50                vec2i_assign_vec2
                0x0000000008004aa8                vec2i_zero
                0x0000000008004ae0                vec2i_one
                0x0000000008004b20                vec2i_sign
                0x0000000008004bdc                vec2i_add
                0x0000000008004c4c                vec2i_add_i
                0x0000000008004cb0                vec2i_subtract
                0x0000000008004d20                vec2i_subtract_i
                0x0000000008004d84                vec2i_multiply
                0x0000000008004df4                vec2i_multiply_i
                0x0000000008004e58                vec2i_divide
                0x0000000008004eec                vec2i_divide_i
                0x0000000008004f6c                vec2i_snap
                0x0000000008005020                vec2i_snap_i
                0x00000000080050b4                vec2i_negative
                0x000000000800510c                vec2i_abs
                0x00000000080051a4                vec2i_max
                0x0000000008005250                vec2i_min
                0x00000000080052fc                vec2i_clamp
                0x0000000008005354                vec2i_tangent
                0x00000000080053b4                vec3i_is_zero
                0x0000000008005410                vec3i_is_equal
                0x0000000008005490                vec3i
                0x00000000080054ec                vec3i_assign
                0x000000000800554c                vec3i_assign_vec3
                0x00000000080055c0                vec3i_zero
                0x0000000008005604                vec3i_one
                0x0000000008005654                vec3i_sign
                0x0000000008005764                vec3i_add
                0x00000000080057fc                vec3i_add_i
                0x0000000008005880                vec3i_subtract
                0x0000000008005918                vec3i_subtract_i
                0x000000000800599c                vec3i_multiply
                0x0000000008005a34                vec3i_multiply_i
                0x0000000008005ab8                vec3i_divide
                0x0000000008005b7c                vec3i_divide_i
                0x0000000008005c20                vec3i_snap
                0x0000000008005d18                vec3i_snap_i
                0x0000000008005ddc                vec3i_cross
                0x0000000008005ee4                vec3i_negative
                0x0000000008005f58                vec3i_abs
                0x0000000008006030                vec3i_max
                0x0000000008006124                vec3i_min
                0x0000000008006218                vec3i_clamp
                0x0000000008006270                vec4i_is_zero
                0x00000000080062dc                vec4i_is_equal
                0x0000000008006378                vec4i
                0x00000000080063e4                vec4i_assign
                0x0000000008006458                vec4i_assign_vec4
                0x00000000080064e8                vec4i_zero
                0x0000000008006538                vec4i_one
                0x0000000008006598                vec4i_sign
                0x00000000080066fc                vec4i_add
                0x00000000080067bc                vec4i_add_i
                0x0000000008006860                vec4i_subtract
                0x0000000008006920                vec4i_subtract_i
                0x00000000080069c4                vec4i_multiply
                0x0000000008006a84                vec4i_multiply_i
                0x0000000008006b28                vec4i_divide
                0x0000000008006c1c                vec4i_divide_i
                0x0000000008006ce4                vec4i_snap
                0x0000000008006e20                vec4i_snap_i
                0x0000000008006f14                vec4i_negative
                0x0000000008006fa4                vec4i_abs
                0x00000000080070bc                vec4i_max
                0x00000000080071f8                vec4i_min
                0x0000000008007334                vec4i_clamp
                0x000000000800738c                vec2_is_zero
                0x00000000080073f0                vec2_is_equal
                0x0000000008007474                vec2
                0x00000000080074bc                vec2_assign
                0x0000000008007508                vec2_assign_vec2i
                0x0000000008007560                vec2_zero
                0x0000000008007598                vec2_one
                0x00000000080075d8                vec2_sign
                0x00000000080076b4                vec2_add
                0x0000000008007724                vec2_add_f
                0x0000000008007788                vec2_subtract
                0x00000000080077f8                vec2_subtract_f
                0x000000000800785c                vec2_multiply
                0x00000000080078cc                vec2_multiply_f
                0x0000000008007930                vec2_multiply_mat2
                0x00000000080079dc                vec2_divide
                0x0000000008007a4c                vec2_divide_f
                0x0000000008007ab0                vec2_snap
                0x0000000008007b64                vec2_snap_f
                0x0000000008007c00                vec2_negative
                0x0000000008007c58                vec2_abs
                0x0000000008007cb0                vec2_floor
                0x0000000008007d28                vec2_ceil
                0x0000000008007da0                vec2_round
                0x0000000008007e18                vec2_max
                0x0000000008007eb0                vec2_min
                0x0000000008007f48                vec2_clamp
                0x0000000008007fa0                vec2_normalize
                0x0000000008008048                vec2_dot
                0x00000000080080a8                vec2_project
                0x0000000008008140                vec2_slide
                0x00000000080081d8                vec2_reflect
                0x0000000008008278                vec2_tangent
                0x00000000080082d8                vec2_rotate
                0x0000000008008388                vec2_lerp
                0x0000000008008428                vec2_bezier3
                0x00000000080084a4                vec2_bezier4
                0x0000000008008578                vec2_angle
                0x00000000080085c8                vec2_length
                0x0000000008008634                vec2_length_squared
                0x0000000008008690                vec2_distance
                0x0000000008008738                vec2_distance_squared
                0x00000000080087d0                vec2_linear_independent
                0x0000000008008830                vec2_orthonormalization
                0x00000000080089cc                vec3_is_zero
                0x0000000008008a4c                vec3_is_equal
                0x0000000008008afc                vec3
                0x0000000008008b58                vec3_assign
                0x0000000008008bb8                vec3_assign_vec3i
                0x0000000008008c2c                vec3_zero
                0x0000000008008c70                vec3_one
                0x0000000008008cc0                vec3_sign
                0x0000000008008e00                vec3_add
                0x0000000008008e98                vec3_add_f
                0x0000000008008f1c                vec3_subtract
                0x0000000008008fb4                vec3_subtract_f
                0x0000000008009038                vec3_multiply
                0x00000000080090d0                vec3_multiply_f
                0x0000000008009154                vec3_multiply_mat3
                0x000000000800928c                vec3_divide
                0x0000000008009324                vec3_divide_f
                0x00000000080093a8                vec3_snap
                0x00000000080094a0                vec3_snap_f
                0x0000000008009570                vec3_negative
                0x00000000080095e4                vec3_abs
                0x0000000008009658                vec3_floor
                0x00000000080096f4                vec3_ceil
                0x0000000008009790                vec3_round
                0x000000000800982c                vec3_max
                0x00000000080098f8                vec3_min
                0x00000000080099c4                vec3_clamp
                0x0000000008009a1c                vec3_cross
                0x0000000008009b24                vec3_normalize
                0x0000000008009c0c                vec3_dot
                0x0000000008009c8c                vec3_project
                0x0000000008009d44                vec3_slide
                0x0000000008009e0c                vec3_reflect
                0x0000000008009edc                vec3_rotate
                0x000000000800a174                vec3_lerp
                0x000000000800a254                vec3_bezier3
                0x000000000800a2d0                vec3_bezier4
                0x000000000800a3a4                vec3_length
                0x000000000800a430                vec3_length_squared
                0x000000000800a4ac                vec3_distance
                0x000000000800a594                vec3_distance_squared
                0x000000000800a66c                vec3_linear_independent
                0x000000000800a7a0                vec3_orthonormalization
                0x000000000800aa04                vec4_is_zero
                0x000000000800aaa0                vec4_is_equal
                0x000000000800ab7c                vec4
                0x000000000800abe8                vec4_assign
                0x000000000800ac5c                vec4_assign_vec4i
                0x000000000800acec                vec4_zero
                0x000000000800ad3c                vec4_one
                0x000000000800ad9c                vec4_sign
                0x000000000800af40                vec4_add
                0x000000000800b000                vec4_add_f
                0x000000000800b0a4                vec4_subtract
                0x000000000800b164                vec4_subtract_f
                0x000000000800b208                vec4_multiply
                0x000000000800b2c8                vec4_multiply_f
                0x000000000800b36c                vec4_multiply_mat4
                0x000000000800b560                vec4_divide
                0x000000000800b620                vec4_divide_f
                0x000000000800b6c4                vec4_snap
                0x000000000800b800                vec4_snap_f
                0x000000000800b904                vec4_negative
                0x000000000800b994                vec4_abs
                0x000000000800ba24                vec4_floor
                0x000000000800bae4                vec4_ceil
                0x000000000800bba4                vec4_round
                0x000000000800bc64                vec4_max
                0x000000000800bd64                vec4_min
                0x000000000800be64                vec4_clamp
                0x000000000800bebc                vec4_normalize
                0x000000000800bfe4                vec4_lerp
                0x000000000800c104                quat_is_zero
                0x000000000800c1a0                quat_is_equal
                0x000000000800c27c                quat
                0x000000000800c2e8                quat_assign
                0x000000000800c35c                quat_zero
                0x000000000800c3ac                quat_null
                0x000000000800c400                quat_multiply
                0x000000000800c628                quat_multiply_f
                0x000000000800c6cc                quat_divide
                0x000000000800c924                quat_divide_f
                0x000000000800c9c8                quat_negative
                0x000000000800ca58                quat_conjugate
                0x000000000800cae0                quat_inverse
                0x000000000800cc0c                quat_normalize
                0x000000000800cd40                quat_dot
                0x000000000800cde0                quat_power
                0x000000000800cf44                quat_from_axis_angle
                0x000000000800d00c                quat_from_vec3
                0x000000000800d0e4                quat_from_mat4
                0x000000000800d550                quat_lerp
                0x000000000800d670                quat_slerp
                0x000000000800d848                quat_length
                0x000000000800d8f4                quat_length_squared
                0x000000000800d990                quat_angle
                0x000000000800da24                mat2
                0x000000000800da90                mat2_zero
                0x000000000800dae0                mat2_identity
                0x000000000800db38                mat2_determinant
                0x000000000800db98                mat2_assign
                0x000000000800dc0c                mat2_negative
                0x000000000800dc9c                mat2_transpose
                0x000000000800dd30                mat2_cofactor
                0x000000000800ddd4                mat2_adjugate
                0x000000000800de78                mat2_multiply
                0x000000000800dfd0                mat2_multiply_f
                0x000000000800e074                mat2_inverse
                0x000000000800e120                mat2_scaling
                0x000000000800e16c                mat2_scale
                0x000000000800e1dc                mat2_rotation_z
                0x000000000800e264                mat2_lerp
                0x000000000800e384                mat3
                0x000000000800e440                mat3_zero
                0x000000000800e4cc                mat3_identity
                0x000000000800e564                mat3_determinant
                0x000000000800e68c                mat3_assign
                0x000000000800e764                mat3_negative
                0x000000000800e880                mat3_transpose
                0x000000000800e9a0                mat3_cofactor
                0x000000000800ecd0                mat3_multiply
                0x000000000800f0d0                mat3_multiply_f
                0x000000000800f214                mat3_inverse
                0x000000000800f244                mat3_scaling
                0x000000000800f2a4                mat3_scale
                0x000000000800f33c                mat3_rotation_x
                0x000000000800f3c8                mat3_rotation_y
                0x000000000800f450                mat3_rotation_z
                0x000000000800f4d8                mat3_rotation_axis
                0x000000000800f7e0                mat3_rotation_quat
                0x000000000800fa24                mat3_lerp
                0x000000000800fc84                mat4
                0x000000000800fdb0                mat4_zero
                0x000000000800fe90                mat4_identity
                0x000000000800ff80                mat4_determinant
                0x000000000801036c                mat4_assign
                0x00000000080104d0                mat4_negative
                0x00000000080106b0                mat4_transpose
                0x0000000008010894                mat4_cofactor
                0x00000000080111e0                mat4_rotation_x
                0x000000000801126c                mat4_rotation_y
                0x00000000080112f4                mat4_rotation_z
                0x000000000801137c                mat4_rotation_axis
                0x00000000080116dc                mat4_rotation_quat
                0x0000000008011978                mat4_translation
                0x0000000008011ae0                mat4_translate
                0x0000000008011c80                mat4_scaling
                0x0000000008011de8                mat4_scale
                0x0000000008011f84                mat4_multiply
                0x000000000801288c                mat4_multiply_f
                0x0000000008012ab0                mat4_inverse
                0x000000000801367c                mat4_lerp
                0x0000000008013a9c                mat4_look_at
                0x0000000008013c68                mat4_ortho
                0x0000000008013df4                mat4_perspective
                0x0000000008013f64                mat4_perspective_fov
                0x00000000080140f0                mat4_perspective_infinite
                0x0000000008014284                svec2i_is_zero
                0x00000000080142b8                svec2i_is_equal
                0x00000000080142fc                svec2i
                0x0000000008014350                svec2i_assign
                0x00000000080143a4                svec2i_assign_vec2
                0x00000000080143f8                svec2i_zero
                0x000000000801443c                svec2i_one
                0x0000000008014480                svec2i_sign
                0x00000000080144d4                svec2i_add
                0x0000000008014538                svec2i_add_i
                0x0000000008014594                svec2i_subtract
                0x00000000080145f8                svec2i_subtract_i
                0x0000000008014654                svec2i_multiply
                0x00000000080146b8                svec2i_multiply_i
                0x0000000008014714                svec2i_divide
                0x0000000008014778                svec2i_divide_i
                0x00000000080147d4                svec2i_snap
                0x0000000008014838                svec2i_snap_i
                0x0000000008014894                svec2i_negative
                0x00000000080148e8                svec2i_abs
                0x000000000801493c                svec2i_max
                0x00000000080149a0                svec2i_min
                0x0000000008014a04                svec2i_clamp
                0x0000000008014a6c                svec2i_tangent
                0x0000000008014ac0                svec3i_is_zero
                0x0000000008014af8                svec3i_is_equal
                0x0000000008014b38                svec3i
                0x0000000008014ba0                svec3i_assign
                0x0000000008014c04                svec3i_assign_vec3
                0x0000000008014c68                svec3i_zero
                0x0000000008014cb8                svec3i_one
                0x0000000008014d08                svec3i_sign
                0x0000000008014d6c                svec3i_add
                0x0000000008014dd4                svec3i_add_i
                0x0000000008014e3c                svec3i_subtract
                0x0000000008014ea4                svec3i_subtract_i
                0x0000000008014f0c                svec3i_multiply
                0x0000000008014f74                svec3i_multiply_i
                0x0000000008014fdc                svec3i_divide
                0x0000000008015044                svec3i_divide_i
                0x00000000080150ac                svec3i_snap
                0x0000000008015114                svec3i_snap_i
                0x000000000801517c                svec3i_cross
                0x00000000080151e4                svec3i_negative
                0x0000000008015248                svec3i_abs
                0x00000000080152ac                svec3i_max
                0x0000000008015314                svec3i_min
                0x000000000801537c                svec3i_clamp
                0x00000000080153ec                svec4i_is_zero
                0x0000000008015428                svec4i_is_equal
                0x0000000008015468                svec4i
                0x00000000080154e0                svec4i_assign
                0x0000000008015548                svec4i_assign_vec4
                0x00000000080155b0                svec4i_zero
                0x0000000008015608                svec4i_one
                0x0000000008015660                svec4i_sign
                0x00000000080156c8                svec4i_add
                0x0000000008015738                svec4i_add_i
                0x00000000080157a4                svec4i_subtract
                0x0000000008015814                svec4i_subtract_i
                0x0000000008015880                svec4i_multiply
                0x00000000080158f0                svec4i_multiply_i
                0x000000000801595c                svec4i_divide
                0x00000000080159cc                svec4i_divide_i
                0x0000000008015a38                svec4i_snap
                0x0000000008015aa8                svec4i_snap_i
                0x0000000008015b14                svec4i_negative
                0x0000000008015b7c                svec4i_abs
                0x0000000008015be4                svec4i_max
                0x0000000008015c54                svec4i_min
                0x0000000008015cc4                svec4i_clamp
                0x0000000008015d3c                svec2_is_zero
                0x0000000008015d70                svec2_is_equal
                0x0000000008015db4                svec2
                0x0000000008015e08                svec2_assign
                0x0000000008015e5c                svec2_assign_vec2i
                0x0000000008015eb0                svec2_zero
                0x0000000008015ef4                svec2_one
                0x0000000008015f38                svec2_sign
                0x0000000008015f8c                svec2_add
                0x0000000008015ff0                svec2_add_f
                0x000000000801604c                svec2_subtract
                0x00000000080160b0                svec2_subtract_f
                0x000000000801610c                svec2_multiply
                0x0000000008016170                svec2_multiply_f
                0x00000000080161cc                svec2_multiply_mat2
                0x000000000801622c                svec2_divide
                0x0000000008016290                svec2_divide_f
                0x00000000080162ec                svec2_snap
                0x0000000008016350                svec2_snap_f
                0x00000000080163ac                svec2_negative
                0x0000000008016400                svec2_abs
                0x0000000008016454                svec2_floor
                0x00000000080164a8                svec2_ceil
                0x00000000080164fc                svec2_round
                0x0000000008016550                svec2_max
                0x00000000080165b4                svec2_min
                0x0000000008016618                svec2_clamp
                0x0000000008016680                svec2_normalize
                0x00000000080166d4                svec2_dot
                0x0000000008016720                svec2_project
                0x0000000008016784                svec2_slide
                0x00000000080167e8                svec2_reflect
                0x000000000801684c                svec2_tangent
                0x00000000080168a0                svec2_rotate
                0x00000000080168fc                svec2_lerp
                0x0000000008016964                svec2_bezier3
                0x00000000080169d4                svec2_bezier4
                0x0000000008016a4c                svec2_angle
                0x0000000008016a88                svec2_length
                0x0000000008016ac4                svec2_length_squared
                0x0000000008016b00                svec2_distance
                0x0000000008016b4c                svec2_distance_squared
                0x0000000008016b98                svec3_is_zero
                0x0000000008016bd0                svec3_is_equal
                0x0000000008016c10                svec3
                0x0000000008016c78                svec3_assign
                0x0000000008016cdc                svec3_assign_vec3i
                0x0000000008016d40                svec3_zero
                0x0000000008016d90                svec3_one
                0x0000000008016de0                svec3_sign
                0x0000000008016e44                svec3_add
                0x0000000008016eac                svec3_add_f
                0x0000000008016f14                svec3_subtract
                0x0000000008016f7c                svec3_subtract_f
                0x0000000008016fe4                svec3_multiply
                0x000000000801704c                svec3_multiply_f
                0x00000000080170b4                svec3_multiply_mat3
                0x000000000801711c                svec3_divide
                0x0000000008017184                svec3_divide_f
                0x00000000080171ec                svec3_snap
                0x0000000008017254                svec3_snap_f
                0x00000000080172bc                svec3_negative
                0x0000000008017320                svec3_abs
                0x0000000008017384                svec3_floor
                0x00000000080173e8                svec3_ceil
                0x000000000801744c                svec3_round
                0x00000000080174b0                svec3_max
                0x0000000008017518                svec3_min
                0x0000000008017580                svec3_clamp
                0x00000000080175f0                svec3_cross
                0x0000000008017658                svec3_normalize
                0x00000000080176bc                svec3_dot
                0x0000000008017704                svec3_project
                0x000000000801776c                svec3_slide
                0x00000000080177d4                svec3_reflect
                0x000000000801783c                svec3_rotate
                0x00000000080178a8                svec3_lerp
                0x0000000008017914                svec3_bezier3
                0x000000000801798c                svec3_bezier4
                0x0000000008017a0c                svec3_length
                0x0000000008017a4c                svec3_length_squared
                0x0000000008017a8c                svec3_distance
                0x0000000008017ad4                svec3_distance_squared
                0x0000000008017b1c                svec4_is_zero
                0x0000000008017b58                svec4_is_equal
                0x0000000008017b98                svec4
                0x0000000008017c10                svec4_assign
                0x0000000008017c78                svec4_assign_vec4i
                0x0000000008017ce0                svec4_zero
                0x0000000008017d38                svec4_one
                0x0000000008017d90                svec4_sign
                0x0000000008017df8                svec4_add
                0x0000000008017e68                svec4_add_f
                0x0000000008017ed4                svec4_subtract
                0x0000000008017f44                svec4_subtract_f
                0x0000000008017fb0                svec4_multiply
                0x0000000008018020                svec4_multiply_f
                0x000000000801808c                svec4_multiply_mat4
                0x00000000080180fc                svec4_divide
                0x000000000801816c                svec4_divide_f
                0x00000000080181d8                svec4_snap
                0x0000000008018248                svec4_snap_f
                0x00000000080182b4                svec4_negative
                0x000000000801831c                svec4_abs
                0x0000000008018384                svec4_floor
                0x00000000080183ec                svec4_ceil
                0x0000000008018454                svec4_round
                0x00000000080184bc                svec4_max
                0x000000000801852c                svec4_min
                0x000000000801859c                svec4_clamp
                0x0000000008018614                svec4_normalize
                0x000000000801867c                svec4_lerp
                0x00000000080186f0                squat_is_zero
                0x000000000801872c                squat_is_equal
                0x000000000801876c                squat
                0x00000000080187e4                squat_assign
                0x000000000801884c                squat_zero
                0x00000000080188a4                squat_null
                0x00000000080188fc                squat_multiply
                0x000000000801896c                squat_multiply_f
                0x00000000080189d8                squat_divide
                0x0000000008018a48                squat_divide_f
                0x0000000008018ab4                squat_negative
                0x0000000008018b1c                squat_conjugate
                0x0000000008018b84                squat_inverse
                0x0000000008018bec                squat_normalize
                0x0000000008018c54                squat_dot
                0x0000000008018c9c                squat_power
                0x0000000008018d08                squat_from_axis_angle
                0x0000000008018d78                squat_from_vec3
                0x0000000008018de8                squat_from_mat4
                0x0000000008018e50                squat_lerp
                0x0000000008018ec4                squat_slerp
                0x0000000008018f38                squat_length
                0x0000000008018f7c                squat_length_squared
                0x0000000008018fc0                squat_angle
                0x0000000008019008                smat2
                0x0000000008019080                smat2_zero
                0x00000000080190d8                smat2_identity
                0x0000000008019130                smat2_determinant
                0x0000000008019174                smat2_assign
                0x00000000080191dc                smat2_negative
                0x0000000008019244                smat2_transpose
                0x00000000080192ac                smat2_cofactor
                0x0000000008019314                smat2_adjugate
                0x000000000801937c                smat2_multiply
                0x00000000080193ec                smat2_multiply_f
                0x0000000008019458                smat2_inverse
                0x00000000080194c0                smat2_scaling
                0x0000000008019528                smat2_scale
                0x0000000008019598                smat2_rotation_z
                0x00000000080195f8                smat2_lerp
                0x000000000801966c                smat3
                0x0000000008019734                smat3_zero
                0x00000000080197b4                smat3_identity
                0x0000000008019834                smat3_determinant
                0x0000000008019878                smat3_assign
                0x0000000008019908                smat3_negative
                0x0000000008019998                smat3_transpose
                0x0000000008019a28                smat3_cofactor
                0x0000000008019ab8                smat3_multiply
                0x0000000008019b50                smat3_multiply_f
                0x0000000008019be4                smat3_inverse
                0x0000000008019c74                smat3_scaling
                0x0000000008019d08                smat3_scale
                0x0000000008019da0                smat3_rotation_x
                0x0000000008019e28                smat3_rotation_y
                0x0000000008019eb0                smat3_rotation_z
                0x0000000008019f38                smat3_rotation_axis
                0x0000000008019fd0                smat3_rotation_quat
                0x000000000801a060                smat3_lerp
                0x000000000801a0fc                smat4
                0x000000000801a1d0                smat4_zero
                0x000000000801a224                smat4_identity
                0x000000000801a278                smat4_determinant
                0x000000000801a2bc                smat4_assign
                0x000000000801a320                smat4_negative
                0x000000000801a384                smat4_transpose
                0x000000000801a3e8                smat4_cofactor
                0x000000000801a44c                smat4_rotation_x
                0x000000000801a4a8                smat4_rotation_y
                0x000000000801a504                smat4_rotation_z
                0x000000000801a560                smat4_rotation_axis
                0x000000000801a5cc                smat4_rotation_quat
                0x000000000801a630                smat4_translation
                0x000000000801a69c                smat4_translate
                0x000000000801a708                smat4_scaling
                0x000000000801a774                smat4_scale
                0x000000000801a7e0                smat4_multiply
                0x000000000801a84c                smat4_multiply_f
                0x000000000801a8b4                smat4_inverse
                0x000000000801a918                smat4_lerp
                0x000000000801a988                smat4_look_at
                0x000000000801a9fc                smat4_ortho
                0x000000000801aa80                smat4_perspective
                0x000000000801aaf4                smat4_perspective_fov
                0x000000000801ab70                smat4_perspective_infinite
                0x000000000801abdc                psvec2i_is_zero
                0x000000000801ac0c                psvec2i_is_equal
                0x000000000801ac44                psvec2i
                0x000000000801ac84                psvec2i_assign
                0x000000000801acbc                psvec2i_assign_vec2
                0x000000000801acf4                psvec2i_zero
                0x000000000801ad24                psvec2i_one
                0x000000000801ad54                psvec2i_sign
                0x000000000801ad8c                psvec2i_add
                0x000000000801adcc                psvec2i_add_i
                0x000000000801ae0c                psvec2i_subtract
                0x000000000801ae4c                psvec2i_subtract_i
                0x000000000801ae8c                psvec2i_multiply
                0x000000000801aecc                psvec2i_multiply_i
                0x000000000801af0c                psvec2i_divide
                0x000000000801af4c                psvec2i_divide_i
                0x000000000801af8c                psvec2i_snap
                0x000000000801afcc                psvec2i_snap_i
                0x000000000801b00c                psvec2i_negative
                0x000000000801b044                psvec2i_abs
                0x000000000801b07c                psvec2i_max
                0x000000000801b0bc                psvec2i_min
                0x000000000801b0fc                psvec2i_clamp
                0x000000000801b144                psvec2i_tangent
                0x000000000801b17c                psvec3i_is_zero
                0x000000000801b1ac                psvec3i_is_equal
                0x000000000801b1e4                psvec3i
                0x000000000801b22c                psvec3i_assign
                0x000000000801b264                psvec3i_assign_vec3
                0x000000000801b29c                psvec3i_zero
                0x000000000801b2cc                psvec3i_one
                0x000000000801b2fc                psvec3i_sign
                0x000000000801b334                psvec3i_add
                0x000000000801b374                psvec3i_add_i
                0x000000000801b3b4                psvec3i_subtract
                0x000000000801b3f4                psvec3i_subtract_i
                0x000000000801b434                psvec3i_multiply
                0x000000000801b474                psvec3i_multiply_i
                0x000000000801b4b4                psvec3i_divide
                0x000000000801b4f4                psvec3i_divide_i
                0x000000000801b534                psvec3i_snap
                0x000000000801b574                psvec3i_snap_i
                0x000000000801b5b4                psvec3i_cross
                0x000000000801b5f4                psvec3i_negative
                0x000000000801b62c                psvec3i_abs
                0x000000000801b664                psvec3i_max
                0x000000000801b6a4                psvec3i_min
                0x000000000801b6e4                psvec3i_clamp
                0x000000000801b72c                psvec4i_is_zero
                0x000000000801b75c                psvec4i_is_equal
                0x000000000801b794                psvec4i
                0x000000000801b7e4                psvec4i_assign
                0x000000000801b81c                psvec4i_assign_vec4
                0x000000000801b854                psvec4i_zero
                0x000000000801b884                psvec4i_one
                0x000000000801b8b4                psvec4i_sign
                0x000000000801b8ec                psvec4i_add
                0x000000000801b92c                psvec4i_add_i
                0x000000000801b96c                psvec4i_subtract
                0x000000000801b9ac                psvec4i_subtract_i
                0x000000000801b9ec                psvec4i_multiply
                0x000000000801ba2c                psvec4i_multiply_i
                0x000000000801ba6c                psvec4i_divide
                0x000000000801baac                psvec4i_divide_i
                0x000000000801baec                psvec4i_snap
                0x000000000801bb2c                psvec4i_snap_i
                0x000000000801bb6c                psvec4i_negative
                0x000000000801bba4                psvec4i_abs
                0x000000000801bbdc                psvec4i_max
                0x000000000801bc1c                psvec4i_min
                0x000000000801bc5c                psvec4i_clamp
                0x000000000801bca4                psvec2_is_zero
                0x000000000801bcd4                psvec2_is_equal
                0x000000000801bd0c                psvec2
                0x000000000801bd4c                psvec2_assign
                0x000000000801bd84                psvec2_assign_vec2i
                0x000000000801bdbc                psvec2_zero
                0x000000000801bdec                psvec2_one
                0x000000000801be1c                psvec2_sign
                0x000000000801be54                psvec2_add
                0x000000000801be94                psvec2_add_f
                0x000000000801bed4                psvec2_subtract
                0x000000000801bf14                psvec2_subtract_f
                0x000000000801bf54                psvec2_multiply
                0x000000000801bf94                psvec2_multiply_f
                0x000000000801bfd4                psvec2_multiply_mat2
                0x000000000801c014                psvec2_divide
                0x000000000801c054                psvec2_divide_f
                0x000000000801c094                psvec2_snap
                0x000000000801c0d4                psvec2_snap_f
                0x000000000801c114                psvec2_negative
                0x000000000801c14c                psvec2_abs
                0x000000000801c184                psvec2_floor
                0x000000000801c1bc                psvec2_ceil
                0x000000000801c1f4                psvec2_round
                0x000000000801c22c                psvec2_max
                0x000000000801c26c                psvec2_min
                0x000000000801c2ac                psvec2_clamp
                0x000000000801c2f4                psvec2_normalize
                0x000000000801c32c                psvec2_dot
                0x000000000801c36c                psvec2_project
                0x000000000801c3ac                psvec2_slide
                0x000000000801c3ec                psvec2_reflect
                0x000000000801c42c                psvec2_tangent
                0x000000000801c464                psvec2_rotate
                0x000000000801c4a4                psvec2_lerp
                0x000000000801c4ec                psvec2_bezier3
                0x000000000801c53c                psvec2_bezier4
                0x000000000801c594                psvec2_angle
                0x000000000801c5cc                psvec2_length
                0x000000000801c604                psvec2_length_squared
                0x000000000801c63c                psvec2_distance
                0x000000000801c67c                psvec2_distance_squared
                0x000000000801c6bc                psvec3_is_zero
                0x000000000801c6ec                psvec3_is_equal
                0x000000000801c724                psvec3
                0x000000000801c76c                psvec3_assign
                0x000000000801c7a4                psvec3_assign_vec3i
                0x000000000801c7dc                psvec3_zero
                0x000000000801c80c                psvec3_one
                0x000000000801c83c                psvec3_sign
                0x000000000801c874                psvec3_add
                0x000000000801c8b4                psvec3_add_f
                0x000000000801c8f4                psvec3_subtract
                0x000000000801c934                psvec3_subtract_f
                0x000000000801c974                psvec3_multiply
                0x000000000801c9b4                psvec3_multiply_f
                0x000000000801c9f4                psvec3_multiply_mat3
                0x000000000801ca34                psvec3_divide
                0x000000000801ca74                psvec3_divide_f
                0x000000000801cab4                psvec3_snap
                0x000000000801caf4                psvec3_snap_f
                0x000000000801cb34                psvec3_negative
                0x000000000801cb6c                psvec3_abs
                0x000000000801cba4                psvec3_floor
                0x000000000801cbdc                psvec3_ceil
                0x000000000801cc14                psvec3_round
                0x000000000801cc4c                psvec3_max
                0x000000000801cc8c                psvec3_min
                0x000000000801cccc                psvec3_clamp
                0x000000000801cd14                psvec3_cross
                0x000000000801cd54                psvec3_normalize
                0x000000000801cd8c                psvec3_dot
                0x000000000801cdcc                psvec3_project
                0x000000000801ce0c                psvec3_slide
                0x000000000801ce4c                psvec3_reflect
                0x000000000801ce8c                psvec3_rotate
                0x000000000801ced4                psvec3_lerp
                0x000000000801cf1c                psvec3_bezier3
                0x000000000801cf6c                psvec3_bezier4
                0x000000000801cfc4                psvec3_length
                0x000000000801cffc                psvec3_length_squared
                0x000000000801d034                psvec3_distance
                0x000000000801d074                psvec3_distance_squared
                0x000000000801d0b4                psvec4_is_zero
                0x000000000801d0e4                psvec4_is_equal
                0x000000000801d11c                psvec4
                0x000000000801d16c                psvec4_assign
                0x000000000801d1a4                psvec4_assign_vec4i
                0x000000000801d1dc                psvec4_zero
                0x000000000801d20c                psvec4_one
                0x000000000801d23c                psvec4_sign
                0x000000000801d274                psvec4_add
                0x000000000801d2b4                psvec4_add_f
                0x000000000801d2f4                psvec4_subtract
                0x000000000801d334                psvec4_subtract_f
                0x000000000801d374                psvec4_multiply
                0x000000000801d3b4                psvec4_multiply_f
                0x000000000801d3f4                psvec4_multiply_mat4
                0x000000000801d434                psvec4_divide
                0x000000000801d474                psvec4_divide_f
                0x000000000801d4b4                psvec4_snap
                0x000000000801d4f4                psvec4_snap_f
                0x000000000801d534                psvec4_negative
                0x000000000801d56c                psvec4_abs
                0x000000000801d5a4                psvec4_floor
                0x000000000801d5dc                psvec4_ceil
                0x000000000801d614                psvec4_round
                0x000000000801d64c                psvec4_max
                0x000000000801d68c                psvec4_min
                0x000000000801d6cc                psvec4_clamp
                0x000000000801d714                psvec4_normalize
                0x000000000801d74c                psvec4_lerp
                0x000000000801d794                psquat_is_zero
                0x000000000801d7c4                psquat_is_equal
                0x000000000801d7fc                psquat
                0x000000000801d84c                psquat_assign
                0x000000000801d884                psquat_zero
                0x000000000801d8b4                psquat_null
                0x000000000801d8e4                psquat_multiply
                0x000000000801d924                psquat_multiply_f
                0x000000000801d964                psquat_divide
                0x000000000801d9a4                psquat_divide_f
                0x000000000801d9e4                psquat_negative
                0x000000000801da1c                psquat_conjugate
                0x000000000801da54                psquat_inverse
                0x000000000801da8c                psquat_normalize
                0x000000000801dac4                psquat_dot
                0x000000000801db04                psquat_power
                0x000000000801db44                psquat_from_axis_angle
                0x000000000801db84                psquat_from_vec3
                0x000000000801dbc4                psquat_from_mat4
                0x000000000801dbfc                psquat_lerp
                0x000000000801dc44                psquat_slerp
                0x000000000801dc8c                psquat_length
                0x000000000801dcc4                psquat_length_squared
                0x000000000801dcfc                psquat_angle
                0x000000000801dd3c                psmat2
                0x000000000801dd8c                psmat2_zero
                0x000000000801ddbc                psmat2_identity
                0x000000000801ddec                psmat2_determinant
                0x000000000801de24                psmat2_assign
                0x000000000801de5c                psmat2_negative
                0x000000000801de94                psmat2_transpose
                0x000000000801decc                psmat2_cofactor
                0x000000000801df04                psmat2_adjugate
                0x000000000801df3c                psmat2_multiply
                0x000000000801df7c                psmat2_multiply_f
                0x000000000801dfbc                psmat2_inverse
                0x000000000801dff4                psmat2_scaling
                0x000000000801e02c                psmat2_scale
                0x000000000801e06c                psmat2_rotation_z
                0x000000000801e0a4                psmat2_lerp
                0x000000000801e0ec                psmat3
                0x000000000801e164                psmat3_zero
                0x000000000801e194                psmat3_identity
                0x000000000801e1c4                psmat3_determinant
                0x000000000801e1fc                psmat3_assign
                0x000000000801e234                psmat3_negative
                0x000000000801e26c                psmat3_transpose
                0x000000000801e2a4                psmat3_cofactor
                0x000000000801e2dc                psmat3_multiply
                0x000000000801e31c                psmat3_multiply_f
                0x000000000801e35c                psmat3_inverse
                0x000000000801e394                psmat3_scaling
                0x000000000801e3cc                psmat3_scale
                0x000000000801e40c                psmat3_rotation_x
                0x000000000801e444                psmat3_rotation_y
                0x000000000801e47c                psmat3_rotation_z
                0x000000000801e4b4                psmat3_rotation_axis
                0x000000000801e4f4                psmat3_rotation_quat
                0x000000000801e52c                psmat3_lerp
                0x000000000801e574                psmat4
                0x000000000801e624                psmat4_zero
                0x000000000801e654                psmat4_identity
                0x000000000801e684                psmat4_determinant
                0x000000000801e6bc                psmat4_assign
                0x000000000801e6f4                psmat4_negative
                0x000000000801e72c                psmat4_transpose
                0x000000000801e764                psmat4_cofactor
                0x000000000801e79c                psmat4_rotation_x
                0x000000000801e7d4                psmat4_rotation_y
                0x000000000801e80c                psmat4_rotation_z
                0x000000000801e844                psmat4_rotation_axis
                0x000000000801e884                psmat4_rotation_quat
                0x000000000801e8bc                psmat4_translation
                0x000000000801e8fc                psmat4_translate
                0x000000000801e93c                psmat4_scaling
                0x000000000801e97c                psmat4_scale
                0x000000000801e9bc                psmat4_multiply
                0x000000000801e9fc                psmat4_multiply_f
                0x000000000801ea3c                psmat4_inverse
                0x000000000801ea74                psmat4_lerp
                0x000000000801eabc                psmat4_look_at
                0x000000000801eb04                psmat4_ortho
                0x000000000801eb64                psmat4_perspective
                0x000000000801ebb4                psmat4_perspective_fov
                0x000000000801ec0c                psmat4_perspective_infinite
                0x000000000801ec54                quadratic_ease_out
                0x000000000801ec94                quadratic_ease_in
                0x000000000801ecc8                quadratic_ease_in_out
                0x000000000801ed50                cubic_ease_out
                0x000000000801eda4                cubic_ease_in
                0x000000000801ede0                cubic_ease_in_out
                0x000000000801ee80                quartic_ease_out
                0x000000000801eee4                quartic_ease_in
                0x000000000801ef28                quartic_ease_in_out
                0x000000000801efd4                quintic_ease_out
                0x000000000801f038                quintic_ease_in
                0x000000000801f084                quintic_ease_in_out
                0x000000000801f144                sine_ease_out
                0x000000000801f18c                sine_ease_in
                0x000000000801f1e8                sine_ease_in_out
                0x000000000801f244                circular_ease_out
                0x000000000801f290                circular_ease_in
                0x000000000801f2e8                circular_ease_in_out
                0x000000000801f3b8                exponential_ease_out
                0x000000000801f430                exponential_ease_in
                0x000000000801f4a4                exponential_ease_in_out
                0x000000000801f55c                elastic_ease_out
                0x000000000801f5e0                elastic_ease_in
                0x000000000801f65c                elastic_ease_in_out
                0x000000000801f778                back_ease_out
                0x000000000801f804                back_ease_in
                0x000000000801f878                back_ease_in_out
                0x000000000801f994                bounce_ease_out
                0x000000000801fae0                bounce_ease_in
                0x000000000801fb30                bounce_ease_in_out
 .text          0x000000000801fbcc        0x0 obj/default/src/utils.o
 .text          0x000000000801fbcc        0x0 ../Hello_bsp//newlib/nios2-elf/lib\libm.a(lib_a-sf_ceil.o)
 .text.ceilf    0x000000000801fbcc      0x168 ../Hello_bsp//newlib/nios2-elf/lib\libm.a(lib_a-sf_ceil.o)
                0x000000000801fbcc                ceilf
 .text          0x000000000801fd34        0x0 ../Hello_bsp//newlib/nios2-elf/lib\libm.a(lib_a-sf_cos.o)
 .text.cosf     0x000000000801fd34      0x140 ../Hello_bsp//newlib/nios2-elf/lib\libm.a(lib_a-sf_cos.o)
                0x000000000801fd34                cosf
 .text          0x000000000801fe74        0x0 ../Hello_bsp//newlib/nios2-elf/lib\libm.a(lib_a-sf_floor.o)
 .text.floorf   0x000000000801fe74      0x164 ../Hello_bsp//newlib/nios2-elf/lib\libm.a(lib_a-sf_floor.o)
                0x000000000801fe74                floorf
 .text          0x000000000801ffd8        0x0 ../Hello_bsp//newlib/nios2-elf/lib\libm.a(lib_a-sf_fmax.o)
 .text.fmaxf    0x000000000801ffd8       0x7c ../Hello_bsp//newlib/nios2-elf/lib\libm.a(lib_a-sf_fmax.o)
                0x000000000801ffd8                fmaxf
 .text          0x0000000008020054        0x0 ../Hello_bsp//newlib/nios2-elf/lib\libm.a(lib_a-sf_fmin.o)
 .text.fminf    0x0000000008020054       0x7c ../Hello_bsp//newlib/nios2-elf/lib\libm.a(lib_a-sf_fmin.o)
                0x0000000008020054                fminf
 .text          0x00000000080200d0        0x0 ../Hello_bsp//newlib/nios2-elf/lib\libm.a(lib_a-sf_fpclassify.o)
 .text.__fpclassifyf
                0x00000000080200d0       0xdc ../Hello_bsp//newlib/nios2-elf/lib\libm.a(lib_a-sf_fpclassify.o)
                0x00000000080200d0                __fpclassifyf
 .text          0x00000000080201ac        0x0 ../Hello_bsp//newlib/nios2-elf/lib\libm.a(lib_a-sf_round.o)
 .text.roundf   0x00000000080201ac      0x11c ../Hello_bsp//newlib/nios2-elf/lib\libm.a(lib_a-sf_round.o)
                0x00000000080201ac                roundf
 .text          0x00000000080202c8        0x0 ../Hello_bsp//newlib/nios2-elf/lib\libm.a(lib_a-sf_sin.o)
 .text.sinf     0x00000000080202c8      0x144 ../Hello_bsp//newlib/nios2-elf/lib\libm.a(lib_a-sf_sin.o)
                0x00000000080202c8                sinf
 .text          0x000000000802040c        0x0 ../Hello_bsp//newlib/nios2-elf/lib\libm.a(lib_a-sf_tan.o)
 .text.tanf     0x000000000802040c       0xe0 ../Hello_bsp//newlib/nios2-elf/lib\libm.a(lib_a-sf_tan.o)
                0x000000000802040c                tanf
 .text          0x00000000080204ec        0x0 ../Hello_bsp//newlib/nios2-elf/lib\libm.a(lib_a-wf_acos.o)
 .text.acosf    0x00000000080204ec      0x144 ../Hello_bsp//newlib/nios2-elf/lib\libm.a(lib_a-wf_acos.o)
                0x00000000080204ec                acosf
 .text          0x0000000008020630        0x0 ../Hello_bsp//newlib/nios2-elf/lib\libm.a(lib_a-wf_atan2.o)
 .text.atan2f   0x0000000008020630       0x40 ../Hello_bsp//newlib/nios2-elf/lib\libm.a(lib_a-wf_atan2.o)
                0x0000000008020630                atan2f
 .text          0x0000000008020670        0x0 ../Hello_bsp//newlib/nios2-elf/lib\libm.a(lib_a-wf_pow.o)
 .text.powf     0x0000000008020670      0x73c ../Hello_bsp//newlib/nios2-elf/lib\libm.a(lib_a-wf_pow.o)
                0x0000000008020670                powf
 .text          0x0000000008020dac        0x0 ../Hello_bsp//newlib/nios2-elf/lib\libm.a(lib_a-wf_sqrt.o)
 .text.sqrtf    0x0000000008020dac      0x160 ../Hello_bsp//newlib/nios2-elf/lib\libm.a(lib_a-wf_sqrt.o)
                0x0000000008020dac                sqrtf
 .text          0x0000000008020f0c        0x0 ../Hello_bsp//newlib/nios2-elf/lib\libm.a(lib_a-ef_acos.o)
 .text.__ieee754_acosf
                0x0000000008020f0c      0x4d4 ../Hello_bsp//newlib/nios2-elf/lib\libm.a(lib_a-ef_acos.o)
                0x0000000008020f0c                __ieee754_acosf
 .text          0x00000000080213e0        0x0 ../Hello_bsp//newlib/nios2-elf/lib\libm.a(lib_a-ef_atan2.o)
 .text.__ieee754_atan2f
                0x00000000080213e0      0x414 ../Hello_bsp//newlib/nios2-elf/lib\libm.a(lib_a-ef_atan2.o)
                0x00000000080213e0                __ieee754_atan2f
 .text          0x00000000080217f4        0x0 ../Hello_bsp//newlib/nios2-elf/lib\libm.a(lib_a-ef_pow.o)
 .text.__ieee754_powf
                0x00000000080217f4      0xd64 ../Hello_bsp//newlib/nios2-elf/lib\libm.a(lib_a-ef_pow.o)
                0x00000000080217f4                __ieee754_powf
 .text          0x0000000008022558        0x0 ../Hello_bsp//newlib/nios2-elf/lib\libm.a(lib_a-ef_rem_pio2.o)
 .text.__ieee754_rem_pio2f
                0x0000000008022558      0x674 ../Hello_bsp//newlib/nios2-elf/lib\libm.a(lib_a-ef_rem_pio2.o)
                0x0000000008022558                __ieee754_rem_pio2f
 .text          0x0000000008022bcc        0x0 ../Hello_bsp//newlib/nios2-elf/lib\libm.a(lib_a-ef_sqrt.o)
 .text.__ieee754_sqrtf
                0x0000000008022bcc      0x294 ../Hello_bsp//newlib/nios2-elf/lib\libm.a(lib_a-ef_sqrt.o)
                0x0000000008022bcc                __ieee754_sqrtf
 .text          0x0000000008022e60        0x0 ../Hello_bsp//newlib/nios2-elf/lib\libm.a(lib_a-kf_cos.o)
 .text.__kernel_cosf
                0x0000000008022e60      0x1c4 ../Hello_bsp//newlib/nios2-elf/lib\libm.a(lib_a-kf_cos.o)
                0x0000000008022e60                __kernel_cosf
 .text          0x0000000008023024        0x0 ../Hello_bsp//newlib/nios2-elf/lib\libm.a(lib_a-kf_rem_pio2.o)
 .text.__kernel_rem_pio2f
                0x0000000008023024      0xea0 ../Hello_bsp//newlib/nios2-elf/lib\libm.a(lib_a-kf_rem_pio2.o)
                0x0000000008023024                __kernel_rem_pio2f
 .text          0x0000000008023ec4        0x0 ../Hello_bsp//newlib/nios2-elf/lib\libm.a(lib_a-kf_sin.o)
 .text.__kernel_sinf
                0x0000000008023ec4      0x16c ../Hello_bsp//newlib/nios2-elf/lib\libm.a(lib_a-kf_sin.o)
                0x0000000008023ec4                __kernel_sinf
 .text          0x0000000008024030        0x0 ../Hello_bsp//newlib/nios2-elf/lib\libm.a(lib_a-kf_tan.o)
 .text.__kernel_tanf
                0x0000000008024030      0x3fc ../Hello_bsp//newlib/nios2-elf/lib\libm.a(lib_a-kf_tan.o)
                0x0000000008024030                __kernel_tanf
 .text          0x000000000802442c        0x0 ../Hello_bsp//newlib/nios2-elf/lib\libm.a(lib_a-s_lib_ver.o)
 .text          0x000000000802442c        0x0 ../Hello_bsp//newlib/nios2-elf/lib\libm.a(lib_a-s_matherr.o)
 .text.matherr  0x000000000802442c       0x68 ../Hello_bsp//newlib/nios2-elf/lib\libm.a(lib_a-s_matherr.o)
                0x000000000802442c                matherr
 .text          0x0000000008024494        0x0 ../Hello_bsp//newlib/nios2-elf/lib\libm.a(lib_a-s_nan.o)
 .text.nan      0x0000000008024494       0x44 ../Hello_bsp//newlib/nios2-elf/lib\libm.a(lib_a-s_nan.o)
                0x0000000008024494                nan
 .text          0x00000000080244d8        0x0 ../Hello_bsp//newlib/nios2-elf/lib\libm.a(lib_a-s_rint.o)
 .text.rint     0x00000000080244d8      0x438 ../Hello_bsp//newlib/nios2-elf/lib\libm.a(lib_a-s_rint.o)
                0x00000000080244d8                rint
 .text          0x0000000008024910        0x0 ../Hello_bsp//newlib/nios2-elf/lib\libm.a(lib_a-sf_atan.o)
 .text.atanf    0x0000000008024910      0x370 ../Hello_bsp//newlib/nios2-elf/lib\libm.a(lib_a-sf_atan.o)
                0x0000000008024910                atanf
 .text          0x0000000008024c80        0x0 ../Hello_bsp//newlib/nios2-elf/lib\libm.a(lib_a-sf_fabs.o)
 .text.fabsf    0x0000000008024c80       0x58 ../Hello_bsp//newlib/nios2-elf/lib\libm.a(lib_a-sf_fabs.o)
                0x0000000008024c80                fabsf
 .text          0x0000000008024cd8        0x0 ../Hello_bsp//newlib/nios2-elf/lib\libm.a(lib_a-sf_finite.o)
 .text.finitef  0x0000000008024cd8       0x54 ../Hello_bsp//newlib/nios2-elf/lib\libm.a(lib_a-sf_finite.o)
                0x0000000008024cd8                finitef
 .text          0x0000000008024d2c        0x0 ../Hello_bsp//newlib/nios2-elf/lib\libm.a(lib_a-sf_nan.o)
 .text.nanf     0x0000000008024d2c       0x34 ../Hello_bsp//newlib/nios2-elf/lib\libm.a(lib_a-sf_nan.o)
                0x0000000008024d2c                nanf
 .text          0x0000000008024d60        0x0 ../Hello_bsp//newlib/nios2-elf/lib\libm.a(lib_a-sf_scalbn.o)
 .text.scalbnf  0x0000000008024d60      0x214 ../Hello_bsp//newlib/nios2-elf/lib\libm.a(lib_a-sf_scalbn.o)
                0x0000000008024d60                scalbnf
 .text          0x0000000008024f74        0x0 ../Hello_bsp//newlib/nios2-elf/lib\libm.a(lib_a-sf_copysign.o)
 .text.copysignf
                0x0000000008024f74       0x78 ../Hello_bsp//newlib/nios2-elf/lib\libm.a(lib_a-sf_copysign.o)
                0x0000000008024f74                copysignf
 .text          0x0000000008024fec      0x1b4 d:/intelfpga_lite/18.0/nios2eds/bin/gnu/h-x86_64-mingw32/bin/../lib/gcc/nios2-elf/5.3.0\libgcc.a(lib2-divmod.o)
                0x0000000008024fec                __divsi3
                0x0000000008025070                __modsi3
                0x00000000080250e4                __udivsi3
                0x0000000008025148                __umodsi3
 .text          0x00000000080251a0      0x8ac d:/intelfpga_lite/18.0/nios2eds/bin/gnu/h-x86_64-mingw32/bin/../lib/gcc/nios2-elf/5.3.0\libgcc.a(adddf3.o)
                0x00000000080251a0                __adddf3
 .text          0x0000000008025a4c      0x8e8 d:/intelfpga_lite/18.0/nios2eds/bin/gnu/h-x86_64-mingw32/bin/../lib/gcc/nios2-elf/5.3.0\libgcc.a(divdf3.o)
                0x0000000008025a4c                __divdf3
 .text          0x0000000008026334       0x88 d:/intelfpga_lite/18.0/nios2eds/bin/gnu/h-x86_64-mingw32/bin/../lib/gcc/nios2-elf/5.3.0\libgcc.a(eqdf2.o)
                0x0000000008026334                __nedf2
                0x0000000008026334                __eqdf2
 .text          0x00000000080263bc      0x8fc d:/intelfpga_lite/18.0/nios2eds/bin/gnu/h-x86_64-mingw32/bin/../lib/gcc/nios2-elf/5.3.0\libgcc.a(subdf3.o)
                0x00000000080263bc                __subdf3
 .text          0x0000000008026cb8      0x110 d:/intelfpga_lite/18.0/nios2eds/bin/gnu/h-x86_64-mingw32/bin/../lib/gcc/nios2-elf/5.3.0\libgcc.a(extendsfdf2.o)
                0x0000000008026cb8                __extendsfdf2
 .text          0x0000000008026dc8      0x1a8 d:/intelfpga_lite/18.0/nios2eds/bin/gnu/h-x86_64-mingw32/bin/../lib/gcc/nios2-elf/5.3.0\libgcc.a(truncdfsf2.o)
                0x0000000008026dc8                __truncdfsf2
 .text          0x0000000008026f70       0x64 d:/intelfpga_lite/18.0/nios2eds/bin/gnu/h-x86_64-mingw32/bin/../lib/gcc/nios2-elf/5.3.0\libgcc.a(_clzsi2.o)
                0x0000000008026f70                __clzsi2
 .text          0x0000000008026fd4        0x0 d:/intelfpga_lite/18.0/nios2eds/bin/gnu/h-x86_64-mingw32/bin/../lib/gcc/nios2-elf/5.3.0\libgcc.a(_clz.o)
 .text          0x0000000008026fd4        0x0 ../Hello_bsp//newlib/nios2-elf/lib\libc.a(lib_a-errno.o)
 .text.__errno  0x0000000008026fd4       0x20 ../Hello_bsp//newlib/nios2-elf/lib\libc.a(lib_a-errno.o)
                0x0000000008026fd4                __errno
 .text          0x0000000008026ff4        0x0 ../Hello_bsp//newlib/nios2-elf/lib\libc.a(lib_a-impure.o)
 .text          0x0000000008026ff4        0x0 ../Hello_bsp//newlib/nios2-elf/lib\libc.a(lib_a-malloc.o)
 .text.malloc   0x0000000008026ff4       0x38 ../Hello_bsp//newlib/nios2-elf/lib\libc.a(lib_a-malloc.o)
                0x0000000008026ff4                malloc
 .text.free     0x000000000802702c       0x3c ../Hello_bsp//newlib/nios2-elf/lib\libc.a(lib_a-malloc.o)
                0x000000000802702c                free
 .text          0x0000000008027068        0x0 ../Hello_bsp//newlib/nios2-elf/lib\libc.a(lib_a-mallocr.o)
 .text.malloc_extend_top
                0x0000000008027068      0x3b4 ../Hello_bsp//newlib/nios2-elf/lib\libc.a(lib_a-mallocr.o)
 .text._malloc_r
                0x000000000802741c      0xb7c ../Hello_bsp//newlib/nios2-elf/lib\libc.a(lib_a-mallocr.o)
                0x000000000802741c                _malloc_r
 .text          0x0000000008027f98        0x0 ../Hello_bsp//newlib/nios2-elf/lib\libc.a(lib_a-memcpy.o)
 .text.memcpy   0x0000000008027f98      0x188 ../Hello_bsp//newlib/nios2-elf/lib\libc.a(lib_a-memcpy.o)
                0x0000000008027f98                memcpy
 .text          0x0000000008028120        0x0 ../Hello_bsp//newlib/nios2-elf/lib\libc.a(lib_a-memset.o)
 .text.memset   0x0000000008028120      0x1c4 ../Hello_bsp//newlib/nios2-elf/lib\libc.a(lib_a-memset.o)
                0x0000000008028120                memset
 .text          0x00000000080282e4        0x0 ../Hello_bsp//newlib/nios2-elf/lib\libc.a(lib_a-printf.o)
 .text._printf_r
                0x00000000080282e4       0x64 ../Hello_bsp//newlib/nios2-elf/lib\libc.a(lib_a-printf.o)
                0x00000000080282e4                _printf_r
 .text.printf   0x0000000008028348       0x68 ../Hello_bsp//newlib/nios2-elf/lib\libc.a(lib_a-printf.o)
                0x0000000008028348                printf
 .text          0x00000000080283b0        0x0 ../Hello_bsp//newlib/nios2-elf/lib\libc.a(lib_a-putchar.o)
 .text._putchar_r
                0x00000000080283b0       0x44 ../Hello_bsp//newlib/nios2-elf/lib\libc.a(lib_a-putchar.o)
                0x00000000080283b0                _putchar_r
 .text.putchar  0x00000000080283f4       0x48 ../Hello_bsp//newlib/nios2-elf/lib\libc.a(lib_a-putchar.o)
                0x00000000080283f4                putchar
 .text          0x000000000802843c        0x0 ../Hello_bsp//newlib/nios2-elf/lib\libc.a(lib_a-puts.o)
 .text._puts_r  0x000000000802843c      0x118 ../Hello_bsp//newlib/nios2-elf/lib\libc.a(lib_a-puts.o)
                0x000000000802843c                _puts_r
 .text.puts     0x0000000008028554       0x38 ../Hello_bsp//newlib/nios2-elf/lib\libc.a(lib_a-puts.o)
                0x0000000008028554                puts
 .text          0x000000000802858c        0x0 ../Hello_bsp//newlib/nios2-elf/lib\libc.a(lib_a-rand.o)
 .text.srand    0x000000000802858c       0x44 ../Hello_bsp//newlib/nios2-elf/lib\libc.a(lib_a-rand.o)
                0x000000000802858c                srand
 .text.rand     0x00000000080285d0       0xc8 ../Hello_bsp//newlib/nios2-elf/lib\libc.a(lib_a-rand.o)
                0x00000000080285d0                rand
 .text          0x0000000008028698        0x0 ../Hello_bsp//newlib/nios2-elf/lib\libc.a(lib_a-sbrkr.o)
 .text._sbrk_r  0x0000000008028698       0x60 ../Hello_bsp//newlib/nios2-elf/lib\libc.a(lib_a-sbrkr.o)
                0x0000000008028698                _sbrk_r
 .text          0x00000000080286f8        0x0 ../Hello_bsp//newlib/nios2-elf/lib\libc.a(lib_a-strlen.o)
 .text.strlen   0x00000000080286f8       0xf4 ../Hello_bsp//newlib/nios2-elf/lib\libc.a(lib_a-strlen.o)
                0x00000000080286f8                strlen
 .text          0x00000000080287ec        0x0 ../Hello_bsp//newlib/nios2-elf/lib\libc.a(lib_a-vfprintf.o)
 .text.__sbprintf
                0x00000000080287ec       0xf0 ../Hello_bsp//newlib/nios2-elf/lib\libc.a(lib_a-vfprintf.o)
 .text.__vfprintf_internal
                0x00000000080288dc       0x50 ../Hello_bsp//newlib/nios2-elf/lib\libc.a(lib_a-vfprintf.o)
                0x00000000080288dc                __vfprintf_internal
 .text.___vfprintf_internal_r
                0x000000000802892c     0x20d0 ../Hello_bsp//newlib/nios2-elf/lib\libc.a(lib_a-vfprintf.o)
                0x000000000802892c                ___vfprintf_internal_r
 .text.cvt      0x000000000802a9fc      0x20c ../Hello_bsp//newlib/nios2-elf/lib\libc.a(lib_a-vfprintf.o)
 .text.exponent
                0x000000000802ac08      0x140 ../Hello_bsp//newlib/nios2-elf/lib\libc.a(lib_a-vfprintf.o)
 .text          0x000000000802ad48        0x0 ../Hello_bsp//newlib/nios2-elf/lib\libc.a(lib_a-vsprintf.o)
 .text.vsprintf
                0x000000000802ad48       0x48 ../Hello_bsp//newlib/nios2-elf/lib\libc.a(lib_a-vsprintf.o)
                0x000000000802ad48                vsprintf
 .text._vsprintf_r
                0x000000000802ad90       0x90 ../Hello_bsp//newlib/nios2-elf/lib\libc.a(lib_a-vsprintf.o)
                0x000000000802ad90                _vsprintf_r
 .text          0x000000000802ae20        0x0 ../Hello_bsp//newlib/nios2-elf/lib\libc.a(lib_a-wsetup.o)
 .text.__swsetup_r
                0x000000000802ae20      0x1a0 ../Hello_bsp//newlib/nios2-elf/lib\libc.a(lib_a-wsetup.o)
                0x000000000802ae20                __swsetup_r
 .text          0x000000000802afc0        0x0 ../Hello_bsp//newlib/nios2-elf/lib\libc.a(lib_a-dtoa.o)
 .text.quorem   0x000000000802afc0      0x3b4 ../Hello_bsp//newlib/nios2-elf/lib\libc.a(lib_a-dtoa.o)
 .text._dtoa_r  0x000000000802b374     0x1b78 ../Hello_bsp//newlib/nios2-elf/lib\libc.a(lib_a-dtoa.o)
                0x000000000802b374                _dtoa_r
 .text          0x000000000802ceec        0x0 ../Hello_bsp//newlib/nios2-elf/lib\libc.a(lib_a-fflush.o)
 .text.__sflush_r
                0x000000000802ceec      0x304 ../Hello_bsp//newlib/nios2-elf/lib\libc.a(lib_a-fflush.o)
                0x000000000802ceec                __sflush_r
 .text._fflush_r
                0x000000000802d1f0       0x88 ../Hello_bsp//newlib/nios2-elf/lib\libc.a(lib_a-fflush.o)
                0x000000000802d1f0                _fflush_r
 .text.fflush   0x000000000802d278       0x54 ../Hello_bsp//newlib/nios2-elf/lib\libc.a(lib_a-fflush.o)
                0x000000000802d278                fflush
 .text          0x000000000802d2cc        0x0 ../Hello_bsp//newlib/nios2-elf/lib\libc.a(lib_a-findfp.o)
 .text.std      0x000000000802d2cc       0xf4 ../Hello_bsp//newlib/nios2-elf/lib\libc.a(lib_a-findfp.o)
 .text.__sfmoreglue
                0x000000000802d3c0       0xa4 ../Hello_bsp//newlib/nios2-elf/lib\libc.a(lib_a-findfp.o)
                0x000000000802d3c0                __sfmoreglue
 .text.__sfp    0x000000000802d464      0x194 ../Hello_bsp//newlib/nios2-elf/lib\libc.a(lib_a-findfp.o)
                0x000000000802d464                __sfp
 .text._cleanup_r
                0x000000000802d5f8       0x44 ../Hello_bsp//newlib/nios2-elf/lib\libc.a(lib_a-findfp.o)
                0x000000000802d5f8                _cleanup_r
 .text._cleanup
                0x000000000802d63c       0x34 ../Hello_bsp//newlib/nios2-elf/lib\libc.a(lib_a-findfp.o)
                0x000000000802d63c                _cleanup
 .text.__sinit  0x000000000802d670       0xd8 ../Hello_bsp//newlib/nios2-elf/lib\libc.a(lib_a-findfp.o)
                0x000000000802d670                __sinit
 .text.__sfp_lock_acquire
                0x000000000802d748       0x20 ../Hello_bsp//newlib/nios2-elf/lib\libc.a(lib_a-findfp.o)
                0x000000000802d748                __sfp_lock_acquire
 .text.__sfp_lock_release
                0x000000000802d768       0x20 ../Hello_bsp//newlib/nios2-elf/lib\libc.a(lib_a-findfp.o)
                0x000000000802d768                __sfp_lock_release
 .text.__sinit_lock_acquire
                0x000000000802d788       0x20 ../Hello_bsp//newlib/nios2-elf/lib\libc.a(lib_a-findfp.o)
                0x000000000802d788                __sinit_lock_acquire
 .text.__sinit_lock_release
                0x000000000802d7a8       0x20 ../Hello_bsp//newlib/nios2-elf/lib\libc.a(lib_a-findfp.o)
                0x000000000802d7a8                __sinit_lock_release
 .text.__fp_lock
                0x000000000802d7c8       0x24 ../Hello_bsp//newlib/nios2-elf/lib\libc.a(lib_a-findfp.o)
 .text.__fp_unlock
                0x000000000802d7ec       0x24 ../Hello_bsp//newlib/nios2-elf/lib\libc.a(lib_a-findfp.o)
 .text.__fp_lock_all
                0x000000000802d810       0x40 ../Hello_bsp//newlib/nios2-elf/lib\libc.a(lib_a-findfp.o)
                0x000000000802d810                __fp_lock_all
 .text.__fp_unlock_all
                0x000000000802d850       0x40 ../Hello_bsp//newlib/nios2-elf/lib\libc.a(lib_a-findfp.o)
                0x000000000802d850                __fp_unlock_all
 .text          0x000000000802d890        0x0 ../Hello_bsp//newlib/nios2-elf/lib\libc.a(lib_a-freer.o)
 .text._free_r  0x000000000802d890      0x560 ../Hello_bsp//newlib/nios2-elf/lib\libc.a(lib_a-freer.o)
                0x000000000802d890                _free_r
 .text._malloc_trim_r
                0x000000000802ddf0      0x1cc ../Hello_bsp//newlib/nios2-elf/lib\libc.a(lib_a-freer.o)
                0x000000000802ddf0                _malloc_trim_r
 .text          0x000000000802dfbc        0x0 ../Hello_bsp//newlib/nios2-elf/lib\libc.a(lib_a-fvwrite.o)
 .text.__sfvwrite_r
                0x000000000802dfbc      0x5dc ../Hello_bsp//newlib/nios2-elf/lib\libc.a(lib_a-fvwrite.o)
                0x000000000802dfbc                __sfvwrite_r
 .text          0x000000000802e598        0x0 ../Hello_bsp//newlib/nios2-elf/lib\libc.a(lib_a-fwalk.o)
 .text._fwalk   0x000000000802e598       0xd8 ../Hello_bsp//newlib/nios2-elf/lib\libc.a(lib_a-fwalk.o)
                0x000000000802e598                _fwalk
 .text._fwalk_reent
                0x000000000802e670       0xdc ../Hello_bsp//newlib/nios2-elf/lib\libc.a(lib_a-fwalk.o)
                0x000000000802e670                _fwalk_reent
 .text          0x000000000802e74c        0x0 ../Hello_bsp//newlib/nios2-elf/lib\libc.a(lib_a-int_errno.o)
 .text          0x000000000802e74c        0x0 ../Hello_bsp//newlib/nios2-elf/lib\libc.a(lib_a-locale.o)
 .text._setlocale_r
                0x000000000802e74c       0x84 ../Hello_bsp//newlib/nios2-elf/lib\libc.a(lib_a-locale.o)
                0x000000000802e74c                _setlocale_r
 .text.__locale_charset
                0x000000000802e7d0       0x24 ../Hello_bsp//newlib/nios2-elf/lib\libc.a(lib_a-locale.o)
                0x000000000802e7d0                __locale_charset
 .text.__locale_mb_cur_max
                0x000000000802e7f4       0x20 ../Hello_bsp//newlib/nios2-elf/lib\libc.a(lib_a-locale.o)
                0x000000000802e7f4                __locale_mb_cur_max
 .text.__locale_msgcharset
                0x000000000802e814       0x24 ../Hello_bsp//newlib/nios2-elf/lib\libc.a(lib_a-locale.o)
                0x000000000802e814                __locale_msgcharset
 .text.__locale_cjk_lang
                0x000000000802e838       0x20 ../Hello_bsp//newlib/nios2-elf/lib\libc.a(lib_a-locale.o)
                0x000000000802e838                __locale_cjk_lang
 .text._localeconv_r
                0x000000000802e858       0x28 ../Hello_bsp//newlib/nios2-elf/lib\libc.a(lib_a-locale.o)
                0x000000000802e858                _localeconv_r
 .text.setlocale
                0x000000000802e880       0x40 ../Hello_bsp//newlib/nios2-elf/lib\libc.a(lib_a-locale.o)
                0x000000000802e880                setlocale
 .text.localeconv
                0x000000000802e8c0       0x30 ../Hello_bsp//newlib/nios2-elf/lib\libc.a(lib_a-locale.o)
                0x000000000802e8c0                localeconv
 .text          0x000000000802e8f0        0x0 ../Hello_bsp//newlib/nios2-elf/lib\libc.a(lib_a-makebuf.o)
 .text.__smakebuf_r
                0x000000000802e8f0      0x22c ../Hello_bsp//newlib/nios2-elf/lib\libc.a(lib_a-makebuf.o)
                0x000000000802e8f0                __smakebuf_r
 .text          0x000000000802eb1c        0x0 ../Hello_bsp//newlib/nios2-elf/lib\libc.a(lib_a-memchr.o)
 .text.memchr   0x000000000802eb1c      0x1bc ../Hello_bsp//newlib/nios2-elf/lib\libc.a(lib_a-memchr.o)
                0x000000000802eb1c                memchr
 .text          0x000000000802ecd8        0x0 ../Hello_bsp//newlib/nios2-elf/lib\libc.a(lib_a-memmove.o)
 .text.memmove  0x000000000802ecd8      0x208 ../Hello_bsp//newlib/nios2-elf/lib\libc.a(lib_a-memmove.o)
                0x000000000802ecd8                memmove
 .text          0x000000000802eee0        0x0 ../Hello_bsp//newlib/nios2-elf/lib\libc.a(lib_a-mprec.o)
 .text._Balloc  0x000000000802eee0      0x130 ../Hello_bsp//newlib/nios2-elf/lib\libc.a(lib_a-mprec.o)
                0x000000000802eee0                _Balloc
 .text._Bfree   0x000000000802f010       0x7c ../Hello_bsp//newlib/nios2-elf/lib\libc.a(lib_a-mprec.o)
                0x000000000802f010                _Bfree
 .text.__multadd
                0x000000000802f08c      0x194 ../Hello_bsp//newlib/nios2-elf/lib\libc.a(lib_a-mprec.o)
                0x000000000802f08c                __multadd
 .text.__s2b    0x000000000802f220      0x18c ../Hello_bsp//newlib/nios2-elf/lib\libc.a(lib_a-mprec.o)
                0x000000000802f220                __s2b
 .text.__hi0bits
                0x000000000802f3ac       0x90 ../Hello_bsp//newlib/nios2-elf/lib\libc.a(lib_a-mprec.o)
                0x000000000802f3ac                __hi0bits
 .text.__lo0bits
                0x000000000802f43c       0xec ../Hello_bsp//newlib/nios2-elf/lib\libc.a(lib_a-mprec.o)
                0x000000000802f43c                __lo0bits
 .text.__i2b    0x000000000802f528       0x58 ../Hello_bsp//newlib/nios2-elf/lib\libc.a(lib_a-mprec.o)
                0x000000000802f528                __i2b
 .text.__multiply
                0x000000000802f580      0x3d0 ../Hello_bsp//newlib/nios2-elf/lib\libc.a(lib_a-mprec.o)
                0x000000000802f580                __multiply
 .text.__pow5mult
                0x000000000802f950      0x178 ../Hello_bsp//newlib/nios2-elf/lib\libc.a(lib_a-mprec.o)
                0x000000000802f950                __pow5mult
 .text.__lshift
                0x000000000802fac8      0x1f8 ../Hello_bsp//newlib/nios2-elf/lib\libc.a(lib_a-mprec.o)
                0x000000000802fac8                __lshift
 .text.__mcmp   0x000000000802fcc0      0x114 ../Hello_bsp//newlib/nios2-elf/lib\libc.a(lib_a-mprec.o)
                0x000000000802fcc0                __mcmp
 .text.__mdiff  0x000000000802fdd4      0x2a4 ../Hello_bsp//newlib/nios2-elf/lib\libc.a(lib_a-mprec.o)
                0x000000000802fdd4                __mdiff
 .text.__ulp    0x0000000008030078       0xcc ../Hello_bsp//newlib/nios2-elf/lib\libc.a(lib_a-mprec.o)
                0x0000000008030078                __ulp
 .text.__b2d    0x0000000008030144      0x204 ../Hello_bsp//newlib/nios2-elf/lib\libc.a(lib_a-mprec.o)
                0x0000000008030144                __b2d
 .text.__d2b    0x0000000008030348      0x240 ../Hello_bsp//newlib/nios2-elf/lib\libc.a(lib_a-mprec.o)
                0x0000000008030348                __d2b
 .text.__ratio  0x0000000008030588      0x11c ../Hello_bsp//newlib/nios2-elf/lib\libc.a(lib_a-mprec.o)
                0x0000000008030588                __ratio
 .text._mprec_log10
                0x00000000080306a4       0xb0 ../Hello_bsp//newlib/nios2-elf/lib\libc.a(lib_a-mprec.o)
                0x00000000080306a4                _mprec_log10
 .text.__copybits
                0x0000000008030754       0xd0 ../Hello_bsp//newlib/nios2-elf/lib\libc.a(lib_a-mprec.o)
                0x0000000008030754                __copybits
 .text.__any_on
                0x0000000008030824      0x134 ../Hello_bsp//newlib/nios2-elf/lib\libc.a(lib_a-mprec.o)
                0x0000000008030824                __any_on
 .text          0x0000000008030958        0x0 ../Hello_bsp//newlib/nios2-elf/lib\libc.a(lib_a-putc.o)
 .text._putc_r  0x0000000008030958      0x104 ../Hello_bsp//newlib/nios2-elf/lib\libc.a(lib_a-putc.o)
                0x0000000008030958                _putc_r
 .text.putc     0x0000000008030a5c      0x108 ../Hello_bsp//newlib/nios2-elf/lib\libc.a(lib_a-putc.o)
                0x0000000008030a5c                putc
 .text          0x0000000008030b64        0x0 ../Hello_bsp//newlib/nios2-elf/lib\libc.a(lib_a-reallocr.o)
 .text._realloc_r
                0x0000000008030b64      0xbf0 ../Hello_bsp//newlib/nios2-elf/lib\libc.a(lib_a-reallocr.o)
                0x0000000008030b64                _realloc_r
 .text          0x0000000008031754        0x0 ../Hello_bsp//newlib/nios2-elf/lib\libc.a(lib_a-s_fpclassify.o)
 .text.__fpclassifyd
                0x0000000008031754      0x104 ../Hello_bsp//newlib/nios2-elf/lib\libc.a(lib_a-s_fpclassify.o)
                0x0000000008031754                __fpclassifyd
 .text          0x0000000008031858        0x0 ../Hello_bsp//newlib/nios2-elf/lib\libc.a(lib_a-stdio.o)
 .text.__sread  0x0000000008031858       0x9c ../Hello_bsp//newlib/nios2-elf/lib\libc.a(lib_a-stdio.o)
                0x0000000008031858                __sread
 .text.__seofread
                0x00000000080318f4       0x30 ../Hello_bsp//newlib/nios2-elf/lib\libc.a(lib_a-stdio.o)
                0x00000000080318f4                __seofread
 .text.__swrite
                0x0000000008031924       0xb4 ../Hello_bsp//newlib/nios2-elf/lib\libc.a(lib_a-stdio.o)
                0x0000000008031924                __swrite
 .text.__sseek  0x00000000080319d8       0xa0 ../Hello_bsp//newlib/nios2-elf/lib\libc.a(lib_a-stdio.o)
                0x00000000080319d8                __sseek
 .text.__sclose
                0x0000000008031a78       0x54 ../Hello_bsp//newlib/nios2-elf/lib\libc.a(lib_a-stdio.o)
                0x0000000008031a78                __sclose
 .text          0x0000000008031acc        0x0 ../Hello_bsp//newlib/nios2-elf/lib\libc.a(lib_a-strcmp.o)
 .text.strcmp   0x0000000008031acc      0x140 ../Hello_bsp//newlib/nios2-elf/lib\libc.a(lib_a-strcmp.o)
                0x0000000008031acc                strcmp
 .text          0x0000000008031c0c        0x0 ../Hello_bsp//newlib/nios2-elf/lib\libc.a(lib_a-svfprintf.o)
 .text.___svfprintf_internal_r
                0x0000000008031c0c     0x205c ../Hello_bsp//newlib/nios2-elf/lib\libc.a(lib_a-svfprintf.o)
                0x0000000008031c0c                ___svfprintf_internal_r
 .text.cvt      0x0000000008033c68      0x20c ../Hello_bsp//newlib/nios2-elf/lib\libc.a(lib_a-svfprintf.o)
 .text.exponent
                0x0000000008033e74      0x140 ../Hello_bsp//newlib/nios2-elf/lib\libc.a(lib_a-svfprintf.o)
 .text          0x0000000008033fb4        0x0 ../Hello_bsp//newlib/nios2-elf/lib\libc.a(lib_a-vfiprintf.o)
 .text.__sprint_r
                0x0000000008033fb4      0x13c ../Hello_bsp//newlib/nios2-elf/lib\libc.a(lib_a-vfiprintf.o)
                0x0000000008033fb4                __sprint_r
 .text.__sbprintf
                0x00000000080340f0       0xf0 ../Hello_bsp//newlib/nios2-elf/lib\libc.a(lib_a-vfiprintf.o)
 .text.__vfiprintf_internal
                0x00000000080341e0       0x50 ../Hello_bsp//newlib/nios2-elf/lib\libc.a(lib_a-vfiprintf.o)
                0x00000000080341e0                __vfiprintf_internal
 .text.___vfiprintf_internal_r
                0x0000000008034230     0x12c4 ../Hello_bsp//newlib/nios2-elf/lib\libc.a(lib_a-vfiprintf.o)
                0x0000000008034230                ___vfiprintf_internal_r
 .text          0x00000000080354f4        0x0 ../Hello_bsp//newlib/nios2-elf/lib\libc.a(lib_a-wbuf.o)
 .text.__swbuf_r
                0x00000000080354f4      0x168 ../Hello_bsp//newlib/nios2-elf/lib\libc.a(lib_a-wbuf.o)
                0x00000000080354f4                __swbuf_r
 .text.__swbuf  0x000000000803565c       0x40 ../Hello_bsp//newlib/nios2-elf/lib\libc.a(lib_a-wbuf.o)
                0x000000000803565c                __swbuf
 .text          0x000000000803569c        0x0 ../Hello_bsp//newlib/nios2-elf/lib\libc.a(lib_a-writer.o)
 .text._write_r
                0x000000000803569c       0x70 ../Hello_bsp//newlib/nios2-elf/lib\libc.a(lib_a-writer.o)
                0x000000000803569c                _write_r
 .text          0x000000000803570c        0x0 ../Hello_bsp//newlib/nios2-elf/lib\libc.a(closer.o)
 .text._close_r
                0x000000000803570c       0x60 ../Hello_bsp//newlib/nios2-elf/lib\libc.a(closer.o)
                0x000000000803570c                _close_r