Archive member included to satisfy reference by file (symbol)

../Hello_bsp//newlib/nios2-elf/lib\libm.a(lib_a-sf_ceil.o)
                              obj/default/src/mathc.o (ceilf)
../Hello_bsp//newlib/nios2-elf/lib\libm.a(lib_a-sf_cos.o)
                              obj/default/src/mathc.o (cosf)
../Hello_bsp//newlib/nios2-elf/lib\libm.a(lib_a-sf_floor.o)
                              obj/default/src/mathc.o (floorf)
../Hello_bsp//newlib/nios2-elf/lib\libm.a(lib_a-sf_fmax.o)
                              obj/default/src/mathc.o (fmaxf)
../Hello_bsp//newlib/nios2-elf/lib\libm.a(lib_a-sf_fmin.o)
                              obj/default/src/mathc.o (fminf)
../Hello_bsp//newlib/nios2-elf/lib\libm.a(lib_a-sf_fpclassify.o)
                              ../Hello_bsp//newlib/nios2-elf/lib\libm.a(lib_a-sf_fmax.o) (__fpclassifyf)
../Hello_bsp//newlib/nios2-elf/lib\libm.a(lib_a-sf_round.o)
                              obj/default/src/mathc.o (roundf)
../Hello_bsp//newlib/nios2-elf/lib\libm.a(lib_a-sf_sin.o)
                              obj/default/src/mathc.o (sinf)
../Hello_bsp//newlib/nios2-elf/lib\libm.a(lib_a-sf_tan.o)
                              obj/default/src/mathc.o (tanf)
../Hello_bsp//newlib/nios2-elf/lib\libm.a(lib_a-wf_acos.o)
                              obj/default/src/mathc.o (acosf)
../Hello_bsp//newlib/nios2-elf/lib\libm.a(lib_a-wf_atan2.o)
                              obj/default/src/mathc.o (atan2f)
../Hello_bsp//newlib/nios2-elf/lib\libm.a(lib_a-wf_pow.o)
                              obj/default/src/mathc.o (powf)
../Hello_bsp//newlib/nios2-elf/lib\libm.a(lib_a-wf_sqrt.o)
                              obj/default/src/mathc.o (sqrtf)
../Hello_bsp//newlib/nios2-elf/lib\libm.a(lib_a-ef_acos.o)
                              ../Hello_bsp//newlib/nios2-elf/lib\libm.a(lib_a-wf_acos.o) (__ieee754_acosf)
../Hello_bsp//newlib/nios2-elf/lib\libm.a(lib_a-ef_atan2.o)
                              ../Hello_bsp//newlib/nios2-elf/lib\libm.a(lib_a-wf_atan2.o) (__ieee754_atan2f)
../Hello_bsp//newlib/nios2-elf/lib\libm.a(lib_a-ef_pow.o)
                              ../Hello_bsp//newlib/nios2-elf/lib\libm.a(lib_a-wf_pow.o) (__ieee754_powf)
../Hello_bsp//newlib/nios2-elf/lib\libm.a(lib_a-ef_rem_pio2.o)
                              ../Hello_bsp//newlib/nios2-elf/lib\libm.a(lib_a-sf_cos.o) (__ieee754_rem_pio2f)
../Hello_bsp//newlib/nios2-elf/lib\libm.a(lib_a-ef_sqrt.o)
                              ../Hello_bsp//newlib/nios2-elf/lib\libm.a(lib_a-wf_sqrt.o) (__ieee754_sqrtf)
../Hello_bsp//newlib/nios2-elf/lib\libm.a(lib_a-kf_cos.o)
                              ../Hello_bsp//newlib/nios2-elf/lib\libm.a(lib_a-sf_cos.o) (__kernel_cosf)
../Hello_bsp//newlib/nios2-elf/lib\libm.a(lib_a-kf_rem_pio2.o)
                              ../Hello_bsp//newlib/nios2-elf/lib\libm.a(lib_a-ef_rem_pio2.o) (__kernel_rem_pio2f)
../Hello_bsp//newlib/nios2-elf/lib\libm.a(lib_a-kf_sin.o)
                              ../Hello_bsp//newlib/nios2-elf/lib\libm.a(lib_a-sf_cos.o) (__kernel_sinf)
../Hello_bsp//newlib/nios2-elf/lib\libm.a(lib_a-kf_tan.o)
                              ../Hello_bsp//newlib/nios2-elf/lib\libm.a(lib_a-sf_tan.o) (__kernel_tanf)
../Hello_bsp//newlib/nios2-elf/lib\libm.a(lib_a-s_lib_ver.o)
                              ../Hello_bsp//newlib/nios2-elf/lib\libm.a(lib_a-wf_acos.o) (__fdlib_version)
../Hello_bsp//newlib/nios2-elf/lib\libm.a(lib_a-s_matherr.o)
                              ../Hello_bsp//newlib/nios2-elf/lib\libm.a(lib_a-wf_acos.o) (matherr)
../Hello_bsp//newlib/nios2-elf/lib\libm.a(lib_a-s_nan.o)
                              ../Hello_bsp//newlib/nios2-elf/lib\libm.a(lib_a-wf_acos.o) (nan)
../Hello_bsp//newlib/nios2-elf/lib\libm.a(lib_a-s_rint.o)
                              ../Hello_bsp//newlib/nios2-elf/lib\libm.a(lib_a-wf_pow.o) (rint)
../Hello_bsp//newlib/nios2-elf/lib\libm.a(lib_a-sf_atan.o)
                              ../Hello_bsp//newlib/nios2-elf/lib\libm.a(lib_a-ef_atan2.o) (atanf)
../Hello_bsp//newlib/nios2-elf/lib\libm.a(lib_a-sf_fabs.o)
                              ../Hello_bsp//newlib/nios2-elf/lib\libm.a(lib_a-wf_acos.o) (fabsf)
../Hello_bsp//newlib/nios2-elf/lib\libm.a(lib_a-sf_finite.o)
                              ../Hello_bsp//newlib/nios2-elf/lib\libm.a(lib_a-wf_pow.o) (finitef)
../Hello_bsp//newlib/nios2-elf/lib\libm.a(lib_a-sf_nan.o)
                              ../Hello_bsp//newlib/nios2-elf/lib\libm.a(lib_a-ef_pow.o) (nanf)
../Hello_bsp//newlib/nios2-elf/lib\libm.a(lib_a-sf_scalbn.o)
                              ../Hello_bsp//newlib/nios2-elf/lib\libm.a(lib_a-ef_pow.o) (scalbnf)
../Hello_bsp//newlib/nios2-elf/lib\libm.a(lib_a-sf_copysign.o)
                              ../Hello_bsp//newlib/nios2-elf/lib\libm.a(lib_a-sf_scalbn.o) (copysignf)
d:/intelfpga_lite/18.0/nios2eds/bin/gnu/h-x86_64-mingw32/bin/../lib/gcc/nios2-elf/5.3.0\libgcc.a(lib2-divmod.o)
                              obj/default/src/gppcu.o (__divsi3)
[...]
Memory Configuration

Name             Origin             Length             Attributes
reset            0x0000000008000000 0x0000000000000020
sdram            0x0000000008000020 0x0000000007ffffe0
bufferram_out    0x0000000010000000 0x000000000002ee00
*default*        0x0000000000000000 0xffffffffffffffff

Linker script and memory map

LOAD ../Hello_bsp//obj/HAL/src/crt0.o
LOAD obj/default/src/app.o
LOAD obj/default/src/gppcu.o
LOAD obj/default/src/main.o
LOAD obj/default/src/mathc.o
LOAD obj/default/src/utils.o
LOAD d:/intelfpga_lite/18.0/nios2eds/bin/gnu/h-x86_64-mingw32/bin/../lib/gcc/nios2-elf/5.3.0/../../../../../H-x86_64-mingw32/nios2-elf/lib\libstdc++.a
LOAD ../Hello_bsp//newlib/nios2-elf/lib\libm.a
LOAD d:/intelfpga_lite/18.0/nios2eds/bin/gnu/h-x86_64-mingw32/bin/../lib/gcc/nios2-elf/5.3.0\libgcc.a
START GROUP
LOAD ../Hello_bsp//newlib/nios2-elf/lib\libc.a
LOAD d:/intelfpga_lite/18.0/nios2eds/bin/gnu/h-x86_64-mingw32/bin/../lib/gcc/nios2-elf/5.3.0\libgcc.a
LOAD ../Hello_bsp/\libhal_bsp.a
LOAD ../Hello_bsp//newlib/nios2-elf/lib\libm.a
END GROUP
LOAD d:/intelfpga_lite/18.0/nios2eds/bin/gnu/h-x86_64-mingw32/bin/../lib/gcc/nios2-elf/5.3.0\libgcc.a
                0x0000000008000000                __alt_mem_sdram = 0x8000000
                0x0000000010000000                __alt_mem_bufferram_out = 0x10000000

.entry          0x0000000008000000       0x20
 *(.entry)
 .entry         0x0000000008000000       0x20 ../Hello_bsp//obj/HAL/src/crt0.o
                0x0000000008000000                __reset

.exceptions     0x0000000008000020      0x224
                0x0000000008000020                PROVIDE (__ram_exceptions_start, ABSOLUTE (.))
                0x0000000008000020                . = ALIGN (0x20)
 *(.irq)
 *(.exceptions.entry.label)
 .exceptions.entry.label
                0x0000000008000020        0x0 ../Hello_bsp/\libhal_bsp.a(alt_irq_entry.o)
                0x0000000008000020                alt_irq_entry
 .exceptions.entry.label
                0x0000000008000020        0x0 ../Hello_bsp/\libhal_bsp.a(alt_exception_entry.o)
                0x0000000008000020                alt_exception
 *(.exceptions.entry.user)
 *(.exceptions.entry.ecc_fatal)
 *(.exceptions.entry)
 .exceptions.entry
                0x0000000008000020       0x54 ../Hello_bsp/\libhal_bsp.a(alt_exception_entry.o)
 *(.exceptions.irqtest.user)
 *(.exceptions.irqtest)
 .exceptions.irqtest
                0x0000000008000074       0x10 ../Hello_bsp/\libhal_bsp.a(alt_irq_entry.o)
 *(.exceptions.irqhandler.user)
 *(.exceptions.irqhandler)
 .exceptions.irqhandler
                0x0000000008000084        0x4 ../Hello_bsp/\libhal_bsp.a(alt_irq_entry.o)
 *(.exceptions.irqreturn.user)
 *(.exceptions.irqreturn)
 .exceptions.irqreturn
                0x0000000008000088        0x4 ../Hello_bsp/\libhal_bsp.a(alt_irq_entry.o)
 *(.exceptions.notirq.label)
 .exceptions.notirq.label
                0x000000000800008c        0x0 ../Hello_bsp/\libhal_bsp.a(alt_irq_entry.o)
 *(.exceptions.notirq.user)
 *(.exceptions.notirq)
 .exceptions.notirq
                0x000000000800008c        0x8 ../Hello_bsp/\libhal_bsp.a(alt_exception_entry.o)
 *(.exceptions.soft.user)
 *(.exceptions.soft)
 *(.exceptions.unknown.user)
 *(.exceptions.unknown)
 .exceptions.unknown
                0x0000000008000094       0x14 ../Hello_bsp/\libhal_bsp.a(alt_exception_entry.o)
 *(.exceptions.exit.label)
 .exceptions.exit.label
                0x00000000080000a8        0x0 ../Hello_bsp/\libhal_bsp.a(alt_irq_entry.o)
 .exceptions.exit.label
                0x00000000080000a8        0x0 ../Hello_bsp/\libhal_bsp.a(alt_exception_entry.o)
 *(.exceptions.exit.user)
 *(.exceptions.exit)
 .exceptions.exit
                0x00000000080000a8       0x54 ../Hello_bsp/\libhal_bsp.a(alt_exception_entry.o)
 *(.exceptions)
 .exceptions    0x00000000080000fc       0xd4 ../Hello_bsp/\libhal_bsp.a(alt_irq_handler.o)
                0x00000000080000fc                alt_irq_handler
 .exceptions    0x00000000080001d0       0x74 ../Hello_bsp/\libhal_bsp.a(alt_instruction_exception_entry.o)
                0x00000000080001d0                alt_instruction_exception_entry
                0x0000000008000244                PROVIDE (__ram_exceptions_end, ABSOLUTE (.))
                0x0000000008000020                PROVIDE (__flash_exceptions_start, LOADADDR (.exceptions))

.text           0x0000000008000244    0x364d0
                [!provide]                        PROVIDE (stext, ABSOLUTE (.))
 *(.interp)
 *(.hash)
 *(.dynsym)
 *(.dynstr)
 *(.gnu.version)
 *(.gnu.version_d)
 *(.gnu.version_r)
 *(.rel.init)
 *(.rela.init)
 *(.rel.text .rel.text.* .rel.gnu.linkonce.t.*)
 *(.rela.text .rela.text.* .rela.gnu.linkonce.t.*)
 *(.rel.fini)
 *(.rela.fini)
 *(.rel.rodata .rel.rodata.* .rel.gnu.linkonce.r.*)
 *(.rela.rodata .rela.rodata.* .rela.gnu.linkonce.r.*)
 *(.rel.data .rel.data.* .rel.gnu.linkonce.d.*)
 *(.rela.data .rela.data.* .rela.gnu.linkonce.d.*)
 *(.rel.tdata .rel.tdata.* .rel.gnu.linkonce.td.*)
 *(.rela.tdata .rela.tdata.* .rela.gnu.linkonce.td.*)
 *(.rel.tbss .rel.tbss.* .rel.gnu.linkonce.tb.*)
 *(.rela.tbss .rela.tbss.* .rela.gnu.linkonce.tb.*)
 *(.rel.ctors)
 *(.rela.ctors)
 *(.rel.dtors)
 *(.rela.dtors)
 *(.rel.got)
 *(.rela.got)
 *(.rel.sdata .rel.sdata.* .rel.gnu.linkonce.s.*)
 *(.rela.sdata .rela.sdata.* .rela.gnu.linkonce.s.*)
 *(.rel.sbss .rel.sbss.* .rel.gnu.linkonce.sb.*)
 *(.rela.sbss .rela.sbss.* .rela.gnu.linkonce.sb.*)
 *(.rel.sdata2 .rel.sdata2.* .rel.gnu.linkonce.s2.*)
 *(.rela.sdata2 .rela.sdata2.* .rela.gnu.linkonce.s2.*)
 *(.rel.sbss2 .rel.sbss2.* .rel.gnu.linkonce.sb2.*)
 *(.rela.sbss2 .rela.sbss2.* .rela.gnu.linkonce.sb2.*)
 *(.rel.bss .rel.bss.* .rel.gnu.linkonce.b.*)
 *(.rela.bss .rela.bss.* .rela.gnu.linkonce.b.*)
 *(.rel.plt)
 *(.rela.plt)
 *(.rel.dyn)
 *(.init)
 *(.plt)
 *(.text .stub .text.* .gnu.linkonce.t.*)
 .text          0x0000000008000244       0x4c ../Hello_bsp//obj/HAL/src/crt0.o
                0x0000000008000244                _start
 .text          0x0000000008000290      0xb78 obj/default/src/app.o
                0x0000000008000600                mat4_rotate_zyx
                0x00000000080006e8                app_calc_object_constant
                0x00000000080008c0                app_upload_program
                0x0000000008000c30                app_upload_vertices
                0x0000000008000c98                app_upload_object_constant
                0x0000000008000cc0                rgb16_drawline
 .text          0x0000000008000e08     0x1698 obj/default/src/gppcu.o
                0x0000000008000fec                gppcu_device_command
                0x000000000800106c                gppcu_stat
                0x000000000800115c                gppcu_is_done
                0x00000000080011ec                DEPRECATED__gppcu_init
                0x00000000080012c0                gppcu_init
                0x00000000080013b8                gppcu_init_task
                0x000000000800149c                gppcu_destroy
                0x0000000008001940                DEPRECATED__gppcu_program_autofeed_device
                0x0000000008001a7c                instr_to_string
                0x0000000008001ba0                gppcu_program_autofeed_device_parallel
                0x0000000008001fb4                gppcu_run_autofeed_device
                0x000000000800202c                gppcu_clear_instr
                0x0000000008002058                gppcu_write
                0x00000000080021b4                gppcu_read
                0x0000000008002354                gppcu_write_const
                0x0000000008002400                gppcu_data_wr_slow
                0x0000000008002458                gppcu_data_rd_slow
 .text          0x00000000080024a0     0x1024 obj/default/src/main.o
                0x00000000080028c4                wait
                0x0000000008002908                display_stat_is_done
                0x00000000080029c4                mem_clr
                0x0000000008002a44                monitor
                0x0000000008002b48                main
                0x0000000008002d9c                main(double)
                0x0000000008002fe0                main__2
                0x00000000080032a8                main__1
 .text          0x00000000080034c4    0x1b470 obj/default/src/mathc.o
                0x00000000080034c4                clampi
                0x000000000800351c                nearly_equal
                0x000000000800358c                to_radians
                0x00000000080035cc                to_degrees
                0x000000000800360c                clampf
                0x0000000008003674                vec2i_is_zero
                0x00000000080036c0                vec2i_is_equal
                0x0000000008003724                vec2i
                0x000000000800376c                vec2i_assign
                0x00000000080037b8                vec2i_assign_vec2
                0x0000000008003810                vec2i_zero
                0x0000000008003848                vec2i_one
                0x0000000008003888                vec2i_sign
                0x0000000008003944                vec2i_add
                0x00000000080039b4                vec2i_add_i
                0x0000000008003a18                vec2i_subtract
                0x0000000008003a88                vec2i_subtract_i
                0x0000000008003aec                vec2i_multiply
                0x0000000008003b5c                vec2i_multiply_i
                0x0000000008003bc0                vec2i_divide
                0x0000000008003c54                vec2i_divide_i
                0x0000000008003cd4                vec2i_snap
                0x0000000008003d88                vec2i_snap_i
                0x0000000008003e1c                vec2i_negative
                0x0000000008003e74                vec2i_abs
                0x0000000008003f0c                vec2i_max
                0x0000000008003fb8                vec2i_min
                0x0000000008004064                vec2i_clamp
                0x00000000080040bc                vec2i_tangent
                0x000000000800411c                vec3i_is_zero
                0x0000000008004178                vec3i_is_equal
                0x00000000080041f8                vec3i
                0x0000000008004254                vec3i_assign
                0x00000000080042b4                vec3i_assign_vec3
                0x0000000008004328                vec3i_zero
                0x000000000800436c                vec3i_one
                0x00000000080043bc                vec3i_sign
                0x00000000080044cc                vec3i_add
                0x0000000008004564                vec3i_add_i
                0x00000000080045e8                vec3i_subtract
                0x0000000008004680                vec3i_subtract_i
                0x0000000008004704                vec3i_multiply
                0x000000000800479c                vec3i_multiply_i
                0x0000000008004820                vec3i_divide
                0x00000000080048e4                vec3i_divide_i
                0x0000000008004988                vec3i_snap
                0x0000000008004a80                vec3i_snap_i
                0x0000000008004b44                vec3i_cross
                0x0000000008004c4c                vec3i_negative
                0x0000000008004cc0                vec3i_abs
                0x0000000008004d98                vec3i_max
                0x0000000008004e8c                vec3i_min
                0x0000000008004f80                vec3i_clamp
                0x0000000008004fd8                vec4i_is_zero
                0x0000000008005044                vec4i_is_equal
                0x00000000080050e0                vec4i
                0x000000000800514c                vec4i_assign
                0x00000000080051c0                vec4i_assign_vec4
                0x0000000008005250                vec4i_zero
                0x00000000080052a0                vec4i_one
                0x0000000008005300                vec4i_sign
                0x0000000008005464                vec4i_add
                0x0000000008005524                vec4i_add_i
                0x00000000080055c8                vec4i_subtract
                0x0000000008005688                vec4i_subtract_i
                0x000000000800572c                vec4i_multiply
                0x00000000080057ec                vec4i_multiply_i
                0x0000000008005890                vec4i_divide
                0x0000000008005984                vec4i_divide_i
                0x0000000008005a4c                vec4i_snap
                0x0000000008005b88                vec4i_snap_i
                0x0000000008005c7c                vec4i_negative
                0x0000000008005d0c                vec4i_abs
                0x0000000008005e24                vec4i_max
                0x0000000008005f60                vec4i_min
                0x000000000800609c                vec4i_clamp
                0x00000000080060f4                vec2_is_zero
                0x0000000008006158                vec2_is_equal
                0x00000000080061dc                vec2
                0x0000000008006224                vec2_assign
                0x0000000008006270                vec2_assign_vec2i
                0x00000000080062c8                vec2_zero
                0x0000000008006300                vec2_one
                0x0000000008006340                vec2_sign
                0x000000000800641c                vec2_add
                0x000000000800648c                vec2_add_f
                0x00000000080064f0                vec2_subtract
                0x0000000008006560                vec2_subtract_f
                0x00000000080065c4                vec2_multiply
                0x0000000008006634                vec2_multiply_f
                0x0000000008006698                vec2_multiply_mat2
                0x0000000008006744                vec2_divide
                0x00000000080067b4                vec2_divide_f
                0x0000000008006818                vec2_snap
                0x00000000080068cc                vec2_snap_f
                0x0000000008006968                vec2_negative
                0x00000000080069c0                vec2_abs
                0x0000000008006a18                vec2_floor
                0x0000000008006a90                vec2_ceil
                0x0000000008006b08                vec2_round
                0x0000000008006b80                vec2_max
                0x0000000008006c18                vec2_min
                0x0000000008006cb0                vec2_clamp
                0x0000000008006d08                vec2_normalize
                0x0000000008006db0                vec2_dot
                0x0000000008006e10                vec2_project
                0x0000000008006ea8                vec2_slide
                0x0000000008006f40                vec2_reflect
                0x0000000008006fe0                vec2_tangent
                0x0000000008007040                vec2_rotate
                0x00000000080070f0                vec2_lerp
                0x0000000008007190                vec2_bezier3
                0x000000000800720c                vec2_bezier4
                0x00000000080072e0                vec2_angle
                0x0000000008007330                vec2_length
                0x000000000800739c                vec2_length_squared
                0x00000000080073f8                vec2_distance
                0x00000000080074a0                vec2_distance_squared
                0x0000000008007538                vec2_linear_independent
                0x0000000008007598                vec2_orthonormalization
                0x0000000008007734                vec3_is_zero
                0x00000000080077b4                vec3_is_equal
                0x0000000008007864                vec3
                0x00000000080078c0                vec3_assign
                0x0000000008007920                vec3_assign_vec3i
                0x0000000008007994                vec3_zero
                0x00000000080079d8                vec3_one
                0x0000000008007a28                vec3_sign
                0x0000000008007b68                vec3_add
                0x0000000008007c00                vec3_add_f
                0x0000000008007c84                vec3_subtract
                0x0000000008007d1c                vec3_subtract_f
                0x0000000008007da0                vec3_multiply
                0x0000000008007e38                vec3_multiply_f
                0x0000000008007ebc                vec3_multiply_mat3
                0x0000000008007ff4                vec3_divide
                0x000000000800808c                vec3_divide_f
                0x0000000008008110                vec3_snap
                0x0000000008008208                vec3_snap_f
                0x00000000080082d8                vec3_negative
                0x000000000800834c                vec3_abs
                0x00000000080083c0                vec3_floor
                0x000000000800845c                vec3_ceil
                0x00000000080084f8                vec3_round
                0x0000000008008594                vec3_max
                0x0000000008008660                vec3_min
                0x000000000800872c                vec3_clamp
                0x0000000008008784                vec3_cross
                0x000000000800888c                vec3_normalize
                0x0000000008008974                vec3_dot
                0x00000000080089f4                vec3_project
                0x0000000008008aac                vec3_slide
                0x0000000008008b74                vec3_reflect
                0x0000000008008c44                vec3_rotate
                0x0000000008008edc                vec3_lerp
                0x0000000008008fbc                vec3_bezier3
                0x0000000008009038                vec3_bezier4
                0x000000000800910c                vec3_length
                0x0000000008009198                vec3_length_squared
                0x0000000008009214                vec3_distance
                0x00000000080092fc                vec3_distance_squared
                0x00000000080093d4                vec3_linear_independent
                0x0000000008009508                vec3_orthonormalization
                0x000000000800976c                vec4_is_zero
                0x0000000008009808                vec4_is_equal
                0x00000000080098e4                vec4
                0x0000000008009950                vec4_assign
                0x00000000080099c4                vec4_assign_vec4i
                0x0000000008009a54                vec4_zero
                0x0000000008009aa4                vec4_one
                0x0000000008009b04                vec4_sign
                0x0000000008009ca8                vec4_add
                0x0000000008009d68                vec4_add_f
                0x0000000008009e0c                vec4_subtract
                0x0000000008009ecc                vec4_subtract_f
                0x0000000008009f70                vec4_multiply
                0x000000000800a030                vec4_multiply_f
                0x000000000800a0d4                vec4_multiply_mat4
                0x000000000800a2c8                vec4_divide
                0x000000000800a388                vec4_divide_f
                0x000000000800a42c                vec4_snap
                0x000000000800a568                vec4_snap_f
                0x000000000800a66c                vec4_negative
                0x000000000800a6fc                vec4_abs
                0x000000000800a78c                vec4_floor
                0x000000000800a84c                vec4_ceil
                0x000000000800a90c                vec4_round
                0x000000000800a9cc                vec4_max
                0x000000000800aacc                vec4_min
                0x000000000800abcc                vec4_clamp
                0x000000000800ac24                vec4_normalize
                0x000000000800ad4c                vec4_lerp
                0x000000000800ae6c                quat_is_zero
                0x000000000800af08                quat_is_equal
                0x000000000800afe4                quat
                0x000000000800b050                quat_assign
                0x000000000800b0c4                quat_zero
                0x000000000800b114                quat_null
                0x000000000800b168                quat_multiply
                0x000000000800b390                quat_multiply_f
                0x000000000800b434                quat_divide
                0x000000000800b68c                quat_divide_f
                0x000000000800b730                quat_negative
                0x000000000800b7c0                quat_conjugate
                0x000000000800b848                quat_inverse
                0x000000000800b974                quat_normalize
                0x000000000800baa8                quat_dot
                0x000000000800bb48                quat_power
                0x000000000800bcac                quat_from_axis_angle
                0x000000000800bd74                quat_from_vec3
                0x000000000800be4c                quat_from_mat4
                0x000000000800c2b8                quat_lerp
                0x000000000800c3d8                quat_slerp
                0x000000000800c5b0                quat_length
                0x000000000800c65c                quat_length_squared
                0x000000000800c6f8                quat_angle
                0x000000000800c78c                mat2
                0x000000000800c7f8                mat2_zero
                0x000000000800c848                mat2_identity
                0x000000000800c8a0                mat2_determinant
                0x000000000800c900                mat2_assign
                0x000000000800c974                mat2_negative
                0x000000000800ca04                mat2_transpose
                0x000000000800ca98                mat2_cofactor
                0x000000000800cb3c                mat2_adjugate
                0x000000000800cbe0                mat2_multiply
                0x000000000800cd38                mat2_multiply_f
                0x000000000800cddc                mat2_inverse
                0x000000000800ce88                mat2_scaling
                0x000000000800ced4                mat2_scale
                0x000000000800cf44                mat2_rotation_z
                0x000000000800cfcc                mat2_lerp
                0x000000000800d0ec                mat3
                0x000000000800d1a8                mat3_zero
                0x000000000800d234                mat3_identity
                0x000000000800d2cc                mat3_determinant
                0x000000000800d3f4                mat3_assign
                0x000000000800d4cc                mat3_negative
                0x000000000800d5e8                mat3_transpose
                0x000000000800d708                mat3_cofactor
                0x000000000800da38                mat3_multiply
                0x000000000800de38                mat3_multiply_f
                0x000000000800df7c                mat3_inverse
                0x000000000800dfac                mat3_scaling
                0x000000000800e00c                mat3_scale
                0x000000000800e0a4                mat3_rotation_x
                0x000000000800e130                mat3_rotation_y
                0x000000000800e1b8                mat3_rotation_z
                0x000000000800e240                mat3_rotation_axis
                0x000000000800e548                mat3_rotation_quat
                0x000000000800e78c                mat3_lerp
                0x000000000800e9ec                mat4
                0x000000000800eb18                mat4_zero
                0x000000000800ebf8                mat4_identity
                0x000000000800ece8                mat4_determinant
                0x000000000800f0d4                mat4_assign
                0x000000000800f238                mat4_negative
                0x000000000800f418                mat4_transpose
                0x000000000800f5fc                mat4_cofactor
                0x000000000800ff48                mat4_rotation_x
                0x000000000800ffd4                mat4_rotation_y
                0x000000000801005c                mat4_rotation_z
                0x00000000080100e4                mat4_rotation_axis
                0x0000000008010444                mat4_rotation_quat
                0x00000000080106e0                mat4_translation
                0x0000000008010848                mat4_translate
                0x00000000080109e8                mat4_scaling
                0x0000000008010b50                mat4_scale
                0x0000000008010cec                mat4_multiply
                0x00000000080115f4                mat4_multiply_f
                0x0000000008011818                mat4_inverse
                0x00000000080123e4                mat4_lerp
                0x0000000008012804                mat4_look_at
                0x00000000080129d0                mat4_ortho
                0x0000000008012b5c                mat4_perspective
                0x0000000008012ccc                mat4_perspective_fov
                0x0000000008012e58                mat4_perspective_infinite
                0x0000000008012fec                svec2i_is_zero
                0x0000000008013020                svec2i_is_equal
                0x0000000008013064                svec2i
                0x00000000080130b8                svec2i_assign
                0x000000000801310c                svec2i_assign_vec2
                0x0000000008013160                svec2i_zero
                0x00000000080131a4                svec2i_one
                0x00000000080131e8                svec2i_sign
                0x000000000801323c                svec2i_add
                0x00000000080132a0                svec2i_add_i
                0x00000000080132fc                svec2i_subtract
                0x0000000008013360                svec2i_subtract_i
                0x00000000080133bc                svec2i_multiply
                0x0000000008013420                svec2i_multiply_i
                0x000000000801347c                svec2i_divide
                0x00000000080134e0                svec2i_divide_i
                0x000000000801353c                svec2i_snap
                0x00000000080135a0                svec2i_snap_i
                0x00000000080135fc                svec2i_negative
                0x0000000008013650                svec2i_abs
                0x00000000080136a4                svec2i_max
                0x0000000008013708                svec2i_min
                0x000000000801376c                svec2i_clamp
                0x00000000080137d4                svec2i_tangent
                0x0000000008013828                svec3i_is_zero
                0x0000000008013860                svec3i_is_equal
                0x00000000080138a0                svec3i
                0x0000000008013908                svec3i_assign
                0x000000000801396c                svec3i_assign_vec3
                0x00000000080139d0                svec3i_zero
                0x0000000008013a20                svec3i_one
                0x0000000008013a70                svec3i_sign
                0x0000000008013ad4                svec3i_add
                0x0000000008013b3c                svec3i_add_i
                0x0000000008013ba4                svec3i_subtract
                0x0000000008013c0c                svec3i_subtract_i
                0x0000000008013c74                svec3i_multiply
                0x0000000008013cdc                svec3i_multiply_i
                0x0000000008013d44                svec3i_divide
                0x0000000008013dac                svec3i_divide_i
                0x0000000008013e14                svec3i_snap
                0x0000000008013e7c                svec3i_snap_i
                0x0000000008013ee4                svec3i_cross
                0x0000000008013f4c                svec3i_negative
                0x0000000008013fb0                svec3i_abs
                0x0000000008014014                svec3i_max
                0x000000000801407c                svec3i_min
                0x00000000080140e4                svec3i_clamp
                0x0000000008014154                svec4i_is_zero
                0x0000000008014190                svec4i_is_equal
                0x00000000080141d0                svec4i
                0x0000000008014248                svec4i_assign
                0x00000000080142b0                svec4i_assign_vec4
                0x0000000008014318                svec4i_zero
                0x0000000008014370                svec4i_one
                0x00000000080143c8                svec4i_sign
                0x0000000008014430                svec4i_add
                0x00000000080144a0                svec4i_add_i
                0x000000000801450c                svec4i_subtract
                0x000000000801457c                svec4i_subtract_i
                0x00000000080145e8                svec4i_multiply
                0x0000000008014658                svec4i_multiply_i
                0x00000000080146c4                svec4i_divide
                0x0000000008014734                svec4i_divide_i
                0x00000000080147a0                svec4i_snap
                0x0000000008014810                svec4i_snap_i
                0x000000000801487c                svec4i_negative
                0x00000000080148e4                svec4i_abs
                0x000000000801494c                svec4i_max
                0x00000000080149bc                svec4i_min
                0x0000000008014a2c                svec4i_clamp
                0x0000000008014aa4                svec2_is_zero
                0x0000000008014ad8                svec2_is_equal
                0x0000000008014b1c                svec2
                0x0000000008014b70                svec2_assign
                0x0000000008014bc4                svec2_assign_vec2i
                0x0000000008014c18                svec2_zero
                0x0000000008014c5c                svec2_one
                0x0000000008014ca0                svec2_sign
                0x0000000008014cf4                svec2_add
                0x0000000008014d58                svec2_add_f
                0x0000000008014db4                svec2_subtract
                0x0000000008014e18                svec2_subtract_f
                0x0000000008014e74                svec2_multiply
                0x0000000008014ed8                svec2_multiply_f
                0x0000000008014f34                svec2_multiply_mat2
                0x0000000008014f94                svec2_divide
                0x0000000008014ff8                svec2_divide_f
                0x0000000008015054                svec2_snap
                0x00000000080150b8                svec2_snap_f
                0x0000000008015114                svec2_negative
                0x0000000008015168                svec2_abs
                0x00000000080151bc                svec2_floor
                0x0000000008015210                svec2_ceil
                0x0000000008015264                svec2_round
                0x00000000080152b8                svec2_max
                0x000000000801531c                svec2_min
                0x0000000008015380                svec2_clamp
                0x00000000080153e8                svec2_normalize
                0x000000000801543c                svec2_dot
                0x0000000008015488                svec2_project
                0x00000000080154ec                svec2_slide
                0x0000000008015550                svec2_reflect
                0x00000000080155b4                svec2_tangent
                0x0000000008015608                svec2_rotate
                0x0000000008015664                svec2_lerp
                0x00000000080156cc                svec2_bezier3
                0x000000000801573c                svec2_bezier4
                0x00000000080157b4                svec2_angle
                0x00000000080157f0                svec2_length
                0x000000000801582c                svec2_length_squared
                0x0000000008015868                svec2_distance
                0x00000000080158b4                svec2_distance_squared
                0x0000000008015900                svec3_is_zero
                0x0000000008015938                svec3_is_equal
                0x0000000008015978                svec3
                0x00000000080159e0                svec3_assign
                0x0000000008015a44                svec3_assign_vec3i
                0x0000000008015aa8                svec3_zero
                0x0000000008015af8                svec3_one
                0x0000000008015b48                svec3_sign
                0x0000000008015bac                svec3_add
                0x0000000008015c14                svec3_add_f
                0x0000000008015c7c                svec3_subtract
                0x0000000008015ce4                svec3_subtract_f
                0x0000000008015d4c                svec3_multiply
                0x0000000008015db4                svec3_multiply_f
                0x0000000008015e1c                svec3_multiply_mat3
                0x0000000008015e84                svec3_divide
                0x0000000008015eec                svec3_divide_f
                0x0000000008015f54                svec3_snap
                0x0000000008015fbc                svec3_snap_f
                0x0000000008016024                svec3_negative
                0x0000000008016088                svec3_abs
                0x00000000080160ec                svec3_floor
                0x0000000008016150                svec3_ceil
                0x00000000080161b4                svec3_round
                0x0000000008016218                svec3_max
                0x0000000008016280                svec3_min
                0x00000000080162e8                svec3_clamp
                0x0000000008016358                svec3_cross
                0x00000000080163c0                svec3_normalize
                0x0000000008016424                svec3_dot
                0x000000000801646c                svec3_project
                0x00000000080164d4                svec3_slide
                0x000000000801653c                svec3_reflect
                0x00000000080165a4                svec3_rotate
                0x0000000008016610                svec3_lerp
                0x000000000801667c                svec3_bezier3
                0x00000000080166f4                svec3_bezier4
                0x0000000008016774                svec3_length
                0x00000000080167b4                svec3_length_squared
                0x00000000080167f4                svec3_distance
                0x000000000801683c                svec3_distance_squared
                0x0000000008016884                svec4_is_zero
                0x00000000080168c0                svec4_is_equal
                0x0000000008016900                svec4
                0x0000000008016978                svec4_assign
                0x00000000080169e0                svec4_assign_vec4i
                0x0000000008016a48                svec4_zero
                0x0000000008016aa0                svec4_one
                0x0000000008016af8                svec4_sign
                0x0000000008016b60                svec4_add
                0x0000000008016bd0                svec4_add_f
                0x0000000008016c3c                svec4_subtract
                0x0000000008016cac                svec4_subtract_f
                0x0000000008016d18                svec4_multiply
                0x0000000008016d88                svec4_multiply_f
                0x0000000008016df4                svec4_multiply_mat4
                0x0000000008016e64                svec4_divide
                0x0000000008016ed4                svec4_divide_f
                0x0000000008016f40                svec4_snap
                0x0000000008016fb0                svec4_snap_f
                0x000000000801701c                svec4_negative
                0x0000000008017084                svec4_abs
                0x00000000080170ec                svec4_floor
                0x0000000008017154                svec4_ceil
                0x00000000080171bc                svec4_round
                0x0000000008017224                svec4_max
                0x0000000008017294                svec4_min
                0x0000000008017304                svec4_clamp
                0x000000000801737c                svec4_normalize
                0x00000000080173e4                svec4_lerp
                0x0000000008017458                squat_is_zero
                0x0000000008017494                squat_is_equal
                0x00000000080174d4                squat
                0x000000000801754c                squat_assign
                0x00000000080175b4                squat_zero
                0x000000000801760c                squat_null
                0x0000000008017664                squat_multiply
                0x00000000080176d4                squat_multiply_f
                0x0000000008017740                squat_divide
                0x00000000080177b0                squat_divide_f
                0x000000000801781c                squat_negative
                0x0000000008017884                squat_conjugate
                0x00000000080178ec                squat_inverse
                0x0000000008017954                squat_normalize
                0x00000000080179bc                squat_dot
                0x0000000008017a04                squat_power
                0x0000000008017a70                squat_from_axis_angle
                0x0000000008017ae0                squat_from_vec3
                0x0000000008017b50                squat_from_mat4
                0x0000000008017bb8                squat_lerp
                0x0000000008017c2c                squat_slerp
                0x0000000008017ca0                squat_length
                0x0000000008017ce4                squat_length_squared
                0x0000000008017d28                squat_angle
                0x0000000008017d70                smat2
                0x0000000008017de8                smat2_zero
                0x0000000008017e40                smat2_identity
                0x0000000008017e98                smat2_determinant
                0x0000000008017edc                smat2_assign
                0x0000000008017f44                smat2_negative
                0x0000000008017fac                smat2_transpose
                0x0000000008018014                smat2_cofactor
                0x000000000801807c                smat2_adjugate
                0x00000000080180e4                smat2_multiply
                0x0000000008018154                smat2_multiply_f
                0x00000000080181c0                smat2_inverse
                0x0000000008018228                smat2_scaling
                0x0000000008018290                smat2_scale
                0x0000000008018300                smat2_rotation_z
                0x0000000008018360                smat2_lerp
                0x00000000080183d4                smat3
                0x000000000801849c                smat3_zero
                0x000000000801851c                smat3_identity
                0x000000000801859c                smat3_determinant
                0x00000000080185e0                smat3_assign
                0x0000000008018670                smat3_negative
                0x0000000008018700                smat3_transpose
                0x0000000008018790                smat3_cofactor
                0x0000000008018820                smat3_multiply
                0x00000000080188b8                smat3_multiply_f
                0x000000000801894c                smat3_inverse
                0x00000000080189dc                smat3_scaling
                0x0000000008018a70                smat3_scale
                0x0000000008018b08                smat3_rotation_x
                0x0000000008018b90                smat3_rotation_y
                0x0000000008018c18                smat3_rotation_z
                0x0000000008018ca0                smat3_rotation_axis
                0x0000000008018d38                smat3_rotation_quat
                0x0000000008018dc8                smat3_lerp
                0x0000000008018e64                smat4
                0x0000000008018f38                smat4_zero
                0x0000000008018f8c                smat4_identity
                0x0000000008018fe0                smat4_determinant
                0x0000000008019024                smat4_assign
                0x0000000008019088                smat4_negative
                0x00000000080190ec                smat4_transpose
                0x0000000008019150                smat4_cofactor
                0x00000000080191b4                smat4_rotation_x
                0x0000000008019210                smat4_rotation_y
                0x000000000801926c                smat4_rotation_z
                0x00000000080192c8                smat4_rotation_axis
                0x0000000008019334                smat4_rotation_quat
                0x0000000008019398                smat4_translation
                0x0000000008019404                smat4_translate
                0x0000000008019470                smat4_scaling
                0x00000000080194dc                smat4_scale
                0x0000000008019548                smat4_multiply
                0x00000000080195b4                smat4_multiply_f
                0x000000000801961c                smat4_inverse
                0x0000000008019680                smat4_lerp
                0x00000000080196f0                smat4_look_at
                0x0000000008019764                smat4_ortho
                0x00000000080197e8                smat4_perspective
                0x000000000801985c                smat4_perspective_fov
                0x00000000080198d8                smat4_perspective_infinite
                0x0000000008019944                psvec2i_is_zero
                0x0000000008019974                psvec2i_is_equal
                0x00000000080199ac                psvec2i
                0x00000000080199ec                psvec2i_assign
                0x0000000008019a24                psvec2i_assign_vec2
                0x0000000008019a5c                psvec2i_zero
                0x0000000008019a8c                psvec2i_one
                0x0000000008019abc                psvec2i_sign
                0x0000000008019af4                psvec2i_add
                0x0000000008019b34                psvec2i_add_i
                0x0000000008019b74                psvec2i_subtract
                0x0000000008019bb4                psvec2i_subtract_i
                0x0000000008019bf4                psvec2i_multiply
                0x0000000008019c34                psvec2i_multiply_i
                0x0000000008019c74                psvec2i_divide
                0x0000000008019cb4                psvec2i_divide_i
                0x0000000008019cf4                psvec2i_snap
                0x0000000008019d34                psvec2i_snap_i
                0x0000000008019d74                psvec2i_negative
                0x0000000008019dac                psvec2i_abs
                0x0000000008019de4                psvec2i_max
                0x0000000008019e24                psvec2i_min
                0x0000000008019e64                psvec2i_clamp
                0x0000000008019eac                psvec2i_tangent
                0x0000000008019ee4                psvec3i_is_zero
                0x0000000008019f14                psvec3i_is_equal
                0x0000000008019f4c                psvec3i
                0x0000000008019f94                psvec3i_assign
                0x0000000008019fcc                psvec3i_assign_vec3
                0x000000000801a004                psvec3i_zero
                0x000000000801a034                psvec3i_one
                0x000000000801a064                psvec3i_sign
                0x000000000801a09c                psvec3i_add
                0x000000000801a0dc                psvec3i_add_i
                0x000000000801a11c                psvec3i_subtract
                0x000000000801a15c                psvec3i_subtract_i
                0x000000000801a19c                psvec3i_multiply
                0x000000000801a1dc                psvec3i_multiply_i
                0x000000000801a21c                psvec3i_divide
                0x000000000801a25c                psvec3i_divide_i
                0x000000000801a29c                psvec3i_snap
                0x000000000801a2dc                psvec3i_snap_i
                0x000000000801a31c                psvec3i_cross
                0x000000000801a35c                psvec3i_negative
                0x000000000801a394                psvec3i_abs
                0x000000000801a3cc                psvec3i_max
                0x000000000801a40c                psvec3i_min
                0x000000000801a44c                psvec3i_clamp
                0x000000000801a494                psvec4i_is_zero
                0x000000000801a4c4                psvec4i_is_equal
                0x000000000801a4fc                psvec4i
                0x000000000801a54c                psvec4i_assign
                0x000000000801a584                psvec4i_assign_vec4
                0x000000000801a5bc                psvec4i_zero
                0x000000000801a5ec                psvec4i_one
                0x000000000801a61c                psvec4i_sign
                0x000000000801a654                psvec4i_add
                0x000000000801a694                psvec4i_add_i
                0x000000000801a6d4                psvec4i_subtract
                0x000000000801a714                psvec4i_subtract_i
                0x000000000801a754                psvec4i_multiply
                0x000000000801a794                psvec4i_multiply_i
                0x000000000801a7d4                psvec4i_divide
                0x000000000801a814                psvec4i_divide_i
                0x000000000801a854                psvec4i_snap
                0x000000000801a894                psvec4i_snap_i
                0x000000000801a8d4                psvec4i_negative
                0x000000000801a90c                psvec4i_abs
                0x000000000801a944                psvec4i_max
                0x000000000801a984                psvec4i_min
                0x000000000801a9c4                psvec4i_clamp
                0x000000000801aa0c                psvec2_is_zero
                0x000000000801aa3c                psvec2_is_equal
                0x000000000801aa74                psvec2
                0x000000000801aab4                psvec2_assign
                0x000000000801aaec                psvec2_assign_vec2i
                0x000000000801ab24                psvec2_zero
                0x000000000801ab54                psvec2_one
                0x000000000801ab84                psvec2_sign
                0x000000000801abbc                psvec2_add
                0x000000000801abfc                psvec2_add_f
                0x000000000801ac3c                psvec2_subtract
                0x000000000801ac7c                psvec2_subtract_f
                0x000000000801acbc                psvec2_multiply
                0x000000000801acfc                psvec2_multiply_f
                0x000000000801ad3c                psvec2_multiply_mat2
                0x000000000801ad7c                psvec2_divide
                0x000000000801adbc                psvec2_divide_f
                0x000000000801adfc                psvec2_snap
                0x000000000801ae3c                psvec2_snap_f
                0x000000000801ae7c                psvec2_negative
                0x000000000801aeb4                psvec2_abs
                0x000000000801aeec                psvec2_floor
                0x000000000801af24                psvec2_ceil
                0x000000000801af5c                psvec2_round
                0x000000000801af94                psvec2_max
                0x000000000801afd4                psvec2_min
                0x000000000801b014                psvec2_clamp
                0x000000000801b05c                psvec2_normalize
                0x000000000801b094                psvec2_dot
                0x000000000801b0d4                psvec2_project
                0x000000000801b114                psvec2_slide
                0x000000000801b154                psvec2_reflect
                0x000000000801b194                psvec2_tangent
                0x000000000801b1cc                psvec2_rotate
                0x000000000801b20c                psvec2_lerp
                0x000000000801b254                psvec2_bezier3
                0x000000000801b2a4                psvec2_bezier4
                0x000000000801b2fc                psvec2_angle
                0x000000000801b334                psvec2_length
                0x000000000801b36c                psvec2_length_squared
                0x000000000801b3a4                psvec2_distance
                0x000000000801b3e4                psvec2_distance_squared
                0x000000000801b424                psvec3_is_zero
                0x000000000801b454                psvec3_is_equal
                0x000000000801b48c                psvec3
                0x000000000801b4d4                psvec3_assign
                0x000000000801b50c                psvec3_assign_vec3i
                0x000000000801b544                psvec3_zero
                0x000000000801b574                psvec3_one
                0x000000000801b5a4                psvec3_sign
                0x000000000801b5dc                psvec3_add
                0x000000000801b61c                psvec3_add_f
                0x000000000801b65c                psvec3_subtract
                0x000000000801b69c                psvec3_subtract_f
                0x000000000801b6dc                psvec3_multiply
                0x000000000801b71c                psvec3_multiply_f
                0x000000000801b75c                psvec3_multiply_mat3
                0x000000000801b79c                psvec3_divide
                0x000000000801b7dc                psvec3_divide_f
                0x000000000801b81c                psvec3_snap
                0x000000000801b85c                psvec3_snap_f
                0x000000000801b89c                psvec3_negative
                0x000000000801b8d4                psvec3_abs
                0x000000000801b90c                psvec3_floor
                0x000000000801b944                psvec3_ceil
                0x000000000801b97c                psvec3_round
                0x000000000801b9b4                psvec3_max
                0x000000000801b9f4                psvec3_min
                0x000000000801ba34                psvec3_clamp
                0x000000000801ba7c                psvec3_cross
                0x000000000801babc                psvec3_normalize
                0x000000000801baf4                psvec3_dot
                0x000000000801bb34                psvec3_project
                0x000000000801bb74                psvec3_slide
                0x000000000801bbb4                psvec3_reflect
                0x000000000801bbf4                psvec3_rotate
                0x000000000801bc3c                psvec3_lerp
                0x000000000801bc84                psvec3_bezier3
                0x000000000801bcd4                psvec3_bezier4
                0x000000000801bd2c                psvec3_length
                0x000000000801bd64                psvec3_length_squared
                0x000000000801bd9c                psvec3_distance
                0x000000000801bddc                psvec3_distance_squared
                0x000000000801be1c                psvec4_is_zero
                0x000000000801be4c                psvec4_is_equal
                0x000000000801be84                psvec4
                0x000000000801bed4                psvec4_assign
                0x000000000801bf0c                psvec4_assign_vec4i
                0x000000000801bf44                psvec4_zero
                0x000000000801bf74                psvec4_one
                0x000000000801bfa4                psvec4_sign
                0x000000000801bfdc                psvec4_add
                0x000000000801c01c                psvec4_add_f
                0x000000000801c05c                psvec4_subtract
                0x000000000801c09c                psvec4_subtract_f
                0x000000000801c0dc                psvec4_multiply
                0x000000000801c11c                psvec4_multiply_f
                0x000000000801c15c                psvec4_multiply_mat4
                0x000000000801c19c                psvec4_divide
                0x000000000801c1dc                psvec4_divide_f
                0x000000000801c21c                psvec4_snap
                0x000000000801c25c                psvec4_snap_f
                0x000000000801c29c                psvec4_negative
                0x000000000801c2d4                psvec4_abs
                0x000000000801c30c                psvec4_floor
                0x000000000801c344                psvec4_ceil
                0x000000000801c37c                psvec4_round
                0x000000000801c3b4                psvec4_max
                0x000000000801c3f4                psvec4_min
                0x000000000801c434                psvec4_clamp
                0x000000000801c47c                psvec4_normalize
                0x000000000801c4b4                psvec4_lerp
                0x000000000801c4fc                psquat_is_zero
                0x000000000801c52c                psquat_is_equal
                0x000000000801c564                psquat
                0x000000000801c5b4                psquat_assign
                0x000000000801c5ec                psquat_zero
                0x000000000801c61c                psquat_null
                0x000000000801c64c                psquat_multiply
                0x000000000801c68c                psquat_multiply_f
                0x000000000801c6cc                psquat_divide
                0x000000000801c70c                psquat_divide_f
                0x000000000801c74c                psquat_negative
                0x000000000801c784                psquat_conjugate
                0x000000000801c7bc                psquat_inverse
                0x000000000801c7f4                psquat_normalize
                0x000000000801c82c                psquat_dot
                0x000000000801c86c                psquat_power
                0x000000000801c8ac                psquat_from_axis_angle
                0x000000000801c8ec                psquat_from_vec3
                0x000000000801c92c                psquat_from_mat4
                0x000000000801c964                psquat_lerp
                0x000000000801c9ac                psquat_slerp
                0x000000000801c9f4                psquat_length
                0x000000000801ca2c                psquat_length_squared
                0x000000000801ca64                psquat_angle
                0x000000000801caa4                psmat2
                0x000000000801caf4                psmat2_zero
                0x000000000801cb24                psmat2_identity
                0x000000000801cb54                psmat2_determinant
                0x000000000801cb8c                psmat2_assign
                0x000000000801cbc4                psmat2_negative
                0x000000000801cbfc                psmat2_transpose
                0x000000000801cc34                psmat2_cofactor
                0x000000000801cc6c                psmat2_adjugate
                0x000000000801cca4                psmat2_multiply
                0x000000000801cce4                psmat2_multiply_f
                0x000000000801cd24                psmat2_inverse
                0x000000000801cd5c                psmat2_scaling
                0x000000000801cd94                psmat2_scale
                0x000000000801cdd4                psmat2_rotation_z
                0x000000000801ce0c                psmat2_lerp
                0x000000000801ce54                psmat3
                0x000000000801cecc                psmat3_zero
                0x000000000801cefc                psmat3_identity
                0x000000000801cf2c                psmat3_determinant
                0x000000000801cf64                psmat3_assign
                0x000000000801cf9c                psmat3_negative
                0x000000000801cfd4                psmat3_transpose
                0x000000000801d00c                psmat3_cofactor
                0x000000000801d044                psmat3_multiply
                0x000000000801d084                psmat3_multiply_f
                0x000000000801d0c4                psmat3_inverse
                0x000000000801d0fc                psmat3_scaling
                0x000000000801d134                psmat3_scale
                0x000000000801d174                psmat3_rotation_x
                0x000000000801d1ac                psmat3_rotation_y
                0x000000000801d1e4                psmat3_rotation_z
                0x000000000801d21c                psmat3_rotation_axis
                0x000000000801d25c                psmat3_rotation_quat
                0x000000000801d294                psmat3_lerp
                0x000000000801d2dc                psmat4
                0x000000000801d38c                psmat4_zero
                0x000000000801d3bc                psmat4_identity
                0x000000000801d3ec                psmat4_determinant
                0x000000000801d424                psmat4_assign
                0x000000000801d45c                psmat4_negative
                0x000000000801d494                psmat4_transpose
                0x000000000801d4cc                psmat4_cofactor
                0x000000000801d504                psmat4_rotation_x
                0x000000000801d53c                psmat4_rotation_y
                0x000000000801d574                psmat4_rotation_z
                0x000000000801d5ac                psmat4_rotation_axis
                0x000000000801d5ec                psmat4_rotation_quat
                0x000000000801d624                psmat4_translation
                0x000000000801d664                psmat4_translate
                0x000000000801d6a4                psmat4_scaling
                0x000000000801d6e4                psmat4_scale
                0x000000000801d724                psmat4_multiply
                0x000000000801d764                psmat4_multiply_f
                0x000000000801d7a4                psmat4_inverse
                0x000000000801d7dc                psmat4_lerp
                0x000000000801d824                psmat4_look_at
                0x000000000801d86c                psmat4_ortho
                0x000000000801d8cc                psmat4_perspective
                0x000000000801d91c                psmat4_perspective_fov
                0x000000000801d974                psmat4_perspective_infinite
                0x000000000801d9bc                quadratic_ease_out
                0x000000000801d9fc                quadratic_ease_in
                0x000000000801da30                quadratic_ease_in_out
                0x000000000801dab8                cubic_ease_out
                0x000000000801db0c                cubic_ease_in
                0x000000000801db48                cubic_ease_in_out
                0x000000000801dbe8                quartic_ease_out
                0x000000000801dc4c                quartic_ease_in
                0x000000000801dc90                quartic_ease_in_out
                0x000000000801dd3c                quintic_ease_out
                0x000000000801dda0                quintic_ease_in
                0x000000000801ddec                quintic_ease_in_out
                0x000000000801deac                sine_ease_out
                0x000000000801def4                sine_ease_in
                0x000000000801df50                sine_ease_in_out
                0x000000000801dfac                circular_ease_out
                0x000000000801dff8                circular_ease_in
                0x000000000801e050                circular_ease_in_out
                0x000000000801e120                exponential_ease_out
                0x000000000801e198                exponential_ease_in
                0x000000000801e20c                exponential_ease_in_out
                0x000000000801e2c4                elastic_ease_out
                0x000000000801e348                elastic_ease_in
                0x000000000801e3c4                elastic_ease_in_out
                0x000000000801e4e0                back_ease_out
                0x000000000801e56c                back_ease_in
                0x000000000801e5e0                back_ease_in_out
                0x000000000801e6fc                bounce_ease_out
                0x000000000801e848                bounce_ease_in
                0x000000000801e898                bounce_ease_in_out
 .text          0x000000000801e934        0x0 obj/default/src/utils.o
 .text          0x000000000801e934        0x0 ../Hello_bsp//newlib/nios2-elf/lib\libm.a(lib_a-sf_ceil.o)
 .text.ceilf    0x000000000801e934      0x168 ../Hello_bsp//newlib/nios2-elf/lib\libm.a(lib_a-sf_ceil.o)
                0x000000000801e934                ceilf
 .text          0x000000000801ea9c        0x0 ../Hello_bsp//newlib/nios2-elf/lib\libm.a(lib_a-sf_cos.o)
 .text.cosf     0x000000000801ea9c      0x140 ../Hello_bsp//newlib/nios2-elf/lib\libm.a(lib_a-sf_cos.o)
                0x000000000801ea9c                cosf
 .text          0x000000000801ebdc        0x0 ../Hello_bsp//newlib/nios2-elf/lib\libm.a(lib_a-sf_floor.o)
 .text.floorf   0x000000000801ebdc      0x164 ../Hello_bsp//newlib/nios2-elf/lib\libm.a(lib_a-sf_floor.o)
                0x000000000801ebdc                floorf
 .text          0x000000000801ed40        0x0 ../Hello_bsp//newlib/nios2-elf/lib\libm.a(lib_a-sf_fmax.o)
 .text.fmaxf    0x000000000801ed40       0x7c ../Hello_bsp//newlib/nios2-elf/lib\libm.a(lib_a-sf_fmax.o)
                0x000000000801ed40                fmaxf
 .text          0x000000000801edbc        0x0 ../Hello_bsp//newlib/nios2-elf/lib\libm.a(lib_a-sf_fmin.o)
 .text.fminf    0x000000000801edbc       0x7c ../Hello_bsp//newlib/nios2-elf/lib\libm.a(lib_a-sf_fmin.o)
                0x000000000801edbc                fminf
 .text          0x000000000801ee38        0x0 ../Hello_bsp//newlib/nios2-elf/lib\libm.a(lib_a-sf_fpclassify.o)
 .text.__fpclassifyf
                0x000000000801ee38       0xdc ../Hello_bsp//newlib/nios2-elf/lib\libm.a(lib_a-sf_fpclassify.o)
                0x000000000801ee38                __fpclassifyf
 .text          0x000000000801ef14        0x0 ../Hello_bsp//newlib/nios2-elf/lib\libm.a(lib_a-sf_round.o)
 .text.roundf   0x000000000801ef14      0x11c ../Hello_bsp//newlib/nios2-elf/lib\libm.a(lib_a-sf_round.o)
                0x000000000801ef14                roundf
 .text          0x000000000801f030        0x0 ../Hello_bsp//newlib/nios2-elf/lib\libm.a(lib_a-sf_sin.o)
 .text.sinf     0x000000000801f030      0x144 ../Hello_bsp//newlib/nios2-elf/lib\libm.a(lib_a-sf_sin.o)
                0x000000000801f030                sinf
 .text          0x000000000801f174        0x0 ../Hello_bsp//newlib/nios2-elf/lib\libm.a(lib_a-sf_tan.o)
 .text.tanf     0x000000000801f174       0xe0 ../Hello_bsp//newlib/nios2-elf/lib\libm.a(lib_a-sf_tan.o)
                0x000000000801f174                tanf
 .text          0x000000000801f254        0x0 ../Hello_bsp//newlib/nios2-elf/lib\libm.a(lib_a-wf_acos.o)
 .text.acosf    0x000000000801f254      0x144 ../Hello_bsp//newlib/nios2-elf/lib\libm.a(lib_a-wf_acos.o)
                0x000000000801f254                acosf
 .text          0x000000000801f398        0x0 ../Hello_bsp//newlib/nios2-elf/lib\libm.a(lib_a-wf_atan2.o)
 .text.atan2f   0x000000000801f398       0x40 ../Hello_bsp//newlib/nios2-elf/lib\libm.a(lib_a-wf_atan2.o)
                0x000000000801f398                atan2f
 .text          0x000000000801f3d8        0x0 ../Hello_bsp//newlib/nios2-elf/lib\libm.a(lib_a-wf_pow.o)
 .text.powf     0x000000000801f3d8      0x73c ../Hello_bsp//newlib/nios2-elf/lib\libm.a(lib_a-wf_pow.o)
                0x000000000801f3d8                powf
 .text          0x000000000801fb14        0x0 ../Hello_bsp//newlib/nios2-elf/lib\libm.a(lib_a-wf_sqrt.o)
 .text.sqrtf    0x000000000801fb14      0x160 ../Hello_bsp//newlib/nios2-elf/lib\libm.a(lib_a-wf_sqrt.o)
                0x000000000801fb14                sqrtf
 .text          0x000000000801fc74        0x0 ../Hello_bsp//newlib/nios2-elf/lib\libm.a(lib_a-ef_acos.o)
 .text.__ieee754_acosf
                0x000000000801fc74      0x4d4 ../Hello_bsp//newlib/nios2-elf/lib\libm.a(lib_a-ef_acos.o)
                0x000000000801fc74                __ieee754_acosf
 .text          0x0000000008020148        0x0 ../Hello_bsp//newlib/nios2-elf/lib\libm.a(lib_a-ef_atan2.o)
 .text.__ieee754_atan2f
                0x0000000008020148      0x414 ../Hello_bsp//newlib/nios2-elf/lib\libm.a(lib_a-ef_atan2.o)
                0x0000000008020148                __ieee754_atan2f
 .text          0x000000000802055c        0x0 ../Hello_bsp//newlib/nios2-elf/lib\libm.a(lib_a-ef_pow.o)
 .text.__ieee754_powf
                0x000000000802055c      0xd64 ../Hello_bsp//newlib/nios2-elf/lib\libm.a(lib_a-ef_pow.o)
                0x000000000802055c                __ieee754_powf
 .text          0x00000000080212c0        0x0 ../Hello_bsp//newlib/nios2-elf/lib\libm.a(lib_a-ef_rem_pio2.o)
 .text.__ieee754_rem_pio2f
                0x00000000080212c0      0x674 ../Hello_bsp//newlib/nios2-elf/lib\libm.a(lib_a-ef_rem_pio2.o)
                0x00000000080212c0                __ieee754_rem_pio2f
 .text          0x0000000008021934        0x0 ../Hello_bsp//newlib/nios2-elf/lib\libm.a(lib_a-ef_sqrt.o)
 .text.__ieee754_sqrtf
                0x0000000008021934      0x294 ../Hello_bsp//newlib/nios2-elf/lib\libm.a(lib_a-ef_sqrt.o)
                0x0000000008021934                __ieee754_sqrtf
 .text          0x0000000008021bc8        0x0 ../Hello_bsp//newlib/nios2-elf/lib\libm.a(lib_a-kf_cos.o)
 .text.__kernel_cosf
                0x0000000008021bc8      0x1c4 ../Hello_bsp//newlib/nios2-elf/lib\libm.a(lib_a-kf_cos.o)
                0x0000000008021bc8                __kernel_cosf
 .text          0x0000000008021d8c        0x0 ../Hello_bsp//newlib/nios2-elf/lib\libm.a(lib_a-kf_rem_pio2.o)
 .text.__kernel_rem_pio2f
                0x0000000008021d8c      0xea0 ../Hello_bsp//newlib/nios2-elf/lib\libm.a(lib_a-kf_rem_pio2.o)
                0x0000000008021d8c                __kernel_rem_pio2f
 .text          0x0000000008022c2c        0x0 ../Hello_bsp//newlib/nios2-elf/lib\libm.a(lib_a-kf_sin.o)
 .text.__kernel_sinf
                0x0000000008022c2c      0x16c ../Hello_bsp//newlib/nios2-elf/lib\libm.a(lib_a-kf_sin.o)
                0x0000000008022c2c                __kernel_sinf
 .text          0x0000000008022d98        0x0 ../Hello_bsp//newlib/nios2-elf/lib\libm.a(lib_a-kf_tan.o)
 .text.__kernel_tanf
                0x0000000008022d98      0x3fc ../Hello_bsp//newlib/nios2-elf/lib\libm.a(lib_a-kf_tan.o)
                0x0000000008022d98                __kernel_tanf
 .text          0x0000000008023194        0x0 ../Hello_bsp//newlib/nios2-elf/lib\libm.a(lib_a-s_lib_ver.o)
 .text          0x0000000008023194        0x0 ../Hello_bsp//newlib/nios2-elf/lib\libm.a(lib_a-s_matherr.o)
 .text.matherr  0x0000000008023194       0x68 ../Hello_bsp//newlib/nios2-elf/lib\libm.a(lib_a-s_matherr.o)
                0x0000000008023194                matherr
 .text          0x00000000080231fc        0x0 ../Hello_bsp//newlib/nios2-elf/lib\libm.a(lib_a-s_nan.o)
 .text.nan      0x00000000080231fc       0x44 ../Hello_bsp//newlib/nios2-elf/lib\libm.a(lib_a-s_nan.o)
                0x00000000080231fc                nan
 .text          0x0000000008023240        0x0 ../Hello_bsp//newlib/nios2-elf/lib\libm.a(lib_a-s_rint.o)
 .text.rint     0x0000000008023240      0x438 ../Hello_bsp//newlib/nios2-elf/lib\libm.a(lib_a-s_rint.o)
                0x0000000008023240                rint
 .text          0x0000000008023678        0x0 ../Hello_bsp//newlib/nios2-elf/lib\libm.a(lib_a-sf_atan.o)
 .text.atanf    0x0000000008023678      0x370 ../Hello_bsp//newlib/nios2-elf/lib\libm.a(lib_a-sf_atan.o)
                0x0000000008023678                atanf
 .text          0x00000000080239e8        0x0 ../Hello_bsp//newlib/nios2-elf/lib\libm.a(lib_a-sf_fabs.o)
 .text.fabsf    0x00000000080239e8       0x58 ../Hello_bsp//newlib/nios2-elf/lib\libm.a(lib_a-sf_fabs.o)
                0x00000000080239e8                fabsf
 .text          0x0000000008023a40        0x0 ../Hello_bsp//newlib/nios2-elf/lib\libm.a(lib_a-sf_finite.o)
 .text.finitef  0x0000000008023a40       0x54 ../Hello_bsp//newlib/nios2-elf/lib\libm.a(lib_a-sf_finite.o)
                0x0000000008023a40                finitef
 .text          0x0000000008023a94        0x0 ../Hello_bsp//newlib/nios2-elf/lib\libm.a(lib_a-sf_nan.o)
 .text.nanf     0x0000000008023a94       0x34 ../Hello_bsp//newlib/nios2-elf/lib\libm.a(lib_a-sf_nan.o)
                0x0000000008023a94                nanf
 .text          0x0000000008023ac8        0x0 ../Hello_bsp//newlib/nios2-elf/lib\libm.a(lib_a-sf_scalbn.o)
 .text.scalbnf  0x0000000008023ac8      0x214 ../Hello_bsp//newlib/nios2-elf/lib\libm.a(lib_a-sf_scalbn.o)
                0x0000000008023ac8                scalbnf
 .text          0x0000000008023cdc        0x0 ../Hello_bsp//newlib/nios2-elf/lib\libm.a(lib_a-sf_copysign.o)
 .text.copysignf
                0x0000000008023cdc       0x78 ../Hello_bsp//newlib/nios2-elf/lib\libm.a(lib_a-sf_copysign.o)
                0x0000000008023cdc                copysignf
 .text          0x0000000008023d54      0x1b4 d:/intelfpga_lite/18.0/nios2eds/bin/gnu/h-x86_64-mingw32/bin/../lib/gcc/nios2-elf/5.3.0\libgcc.a(lib2-divmod.o)
                0x0000000008023d54                __divsi3
                0x0000000008023dd8                __modsi3
                0x0000000008023e4c                __udivsi3
                0x0000000008023eb0                __umodsi3
 .text          0x0000000008023f08      0x8ac d:/intelfpga_lite/18.0/nios2eds/bin/gnu/h-x86_64-mingw32/bin/../lib/gcc/nios2-elf/5.3.0\libgcc.a(adddf3.o)
                0x0000000008023f08                __adddf3
 .text          0x00000000080247b4      0x8e8 d:/intelfpga_lite/18.0/nios2eds/bin/gnu/h-x86_64-mingw32/bin/../lib/gcc/nios2-elf/5.3.0\libgcc.a(divdf3.o)
                0x00000000080247b4                __divdf3
 .text          0x000000000802509c       0x88 d:/intelfpga_lite/18.0/nios2eds/bin/gnu/h-x86_64-mingw32/bin/../lib/gcc/nios2-elf/5.3.0\libgcc.a(eqdf2.o)
                0x000000000802509c                __nedf2
                0x000000000802509c                __eqdf2
 .text          0x0000000008025124      0x8fc d:/intelfpga_lite/18.0/nios2eds/bin/gnu/h-x86_64-mingw32/bin/../lib/gcc/nios2-elf/5.3.0\libgcc.a(subdf3.o)
                0x0000000008025124                __subdf3
 .text          0x0000000008025a20      0x110 d:/intelfpga_lite/18.0/nios2eds/bin/gnu/h-x86_64-mingw32/bin/../lib/gcc/nios2-elf/5.3.0\libgcc.a(extendsfdf2.o)
                0x0000000008025a20                __extendsfdf2
 .text          0x0000000008025b30      0x1a8 d:/intelfpga_lite/18.0/nios2eds/bin/gnu/h-x86_64-mingw32/bin/../lib/gcc/nios2-elf/5.3.0\libgcc.a(truncdfsf2.o)
                0x0000000008025b30                __truncdfsf2
 .text          0x0000000008025cd8       0x64 d:/intelfpga_lite/18.0/nios2eds/bin/gnu/h-x86_64-mingw32/bin/../lib/gcc/nios2-elf/5.3.0\libgcc.a(_clzsi2.o)
                0x0000000008025cd8                __clzsi2
 .text          0x0000000008025d3c        0x0 d:/intelfpga_lite/18.0/nios2eds/bin/gnu/h-x86_64-mingw32/bin/../lib/gcc/nios2-elf/5.3.0\libgcc.a(_clz.o)
 .text          0x0000000008025d3c        0x0 ../Hello_bsp//newlib/nios2-elf/lib\libc.a(lib_a-errno.o)
 .text.__errno  0x0000000008025d3c       0x20 ../Hello_bsp//newlib/nios2-elf/lib\libc.a(lib_a-errno.o)
                0x0000000008025d3c                __errno
 .text          0x0000000008025d5c        0x0 ../Hello_bsp//newlib/nios2-elf/lib\libc.a(lib_a-impure.o)
 .text          0x0000000008025d5c        0x0 ../Hello_bsp//newlib/nios2-elf/lib\libc.a(lib_a-malloc.o)
 .text.malloc   0x0000000008025d5c       0x38 ../Hello_bsp//newlib/nios2-elf/lib\libc.a(lib_a-malloc.o)
                0x0000000008025d5c                malloc
 .text.free     0x0000000008025d94       0x3c ../Hello_bsp//newlib/nios2-elf/lib\libc.a(lib_a-malloc.o)
                0x0000000008025d94                free
 .text          0x0000000008025dd0        0x0 ../Hello_bsp//newlib/nios2-elf/lib\libc.a(lib_a-mallocr.o)
 .text.malloc_extend_top
                0x0000000008025dd0      0x3b4 ../Hello_bsp//newlib/nios2-elf/lib\libc.a(lib_a-mallocr.o)
 .text._malloc_r
                0x0000000008026184      0xb7c ../Hello_bsp//newlib/nios2-elf/lib\libc.a(lib_a-mallocr.o)
                0x0000000008026184                _malloc_r
 .text          0x0000000008026d00        0x0 ../Hello_bsp//newlib/nios2-elf/lib\libc.a(lib_a-memcpy.o)
 .text.memcpy   0x0000000008026d00      0x188 ../Hello_bsp//newlib/nios2-elf/lib\libc.a(lib_a-memcpy.o)
                0x0000000008026d00                memcpy
 .text          0x0000000008026e88        0x0 ../Hello_bsp//newlib/nios2-elf/lib\libc.a(lib_a-memset.o)
 .text.memset   0x0000000008026e88      0x1c4 ../Hello_bsp//newlib/nios2-elf/lib\libc.a(lib_a-memset.o)
                0x0000000008026e88                memset
 .text          0x000000000802704c        0x0 ../Hello_bsp//newlib/nios2-elf/lib\libc.a(lib_a-printf.o)
 .text._printf_r
                0x000000000802704c       0x64 ../Hello_bsp//newlib/nios2-elf/lib\libc.a(lib_a-printf.o)
                0x000000000802704c                _printf_r
 .text.printf   0x00000000080270b0       0x68 ../Hello_bsp//newlib/nios2-elf/lib\libc.a(lib_a-printf.o)
                0x00000000080270b0                printf
 .text          0x0000000008027118        0x0 ../Hello_bsp//newlib/nios2-elf/lib\libc.a(lib_a-putchar.o)
 .text._putchar_r
                0x0000000008027118       0x44 ../Hello_bsp//newlib/nios2-elf/lib\libc.a(lib_a-putchar.o)
                0x0000000008027118                _putchar_r
 .text.putchar  0x000000000802715c       0x48 ../Hello_bsp//newlib/nios2-elf/lib\libc.a(lib_a-putchar.o)
                0x000000000802715c                putchar
 .text          0x00000000080271a4        0x0 ../Hello_bsp//newlib/nios2-elf/lib\libc.a(lib_a-puts.o)
 .text._puts_r  0x00000000080271a4      0x118 ../Hello_bsp//newlib/nios2-elf/lib\libc.a(lib_a-puts.o)
                0x00000000080271a4                _puts_r
 .text.puts     0x00000000080272bc       0x38 ../Hello_bsp//newlib/nios2-elf/lib\libc.a(lib_a-puts.o)
                0x00000000080272bc                puts
 .text          0x00000000080272f4        0x0 ../Hello_bsp//newlib/nios2-elf/lib\libc.a(lib_a-rand.o)
 .text.srand    0x00000000080272f4       0x44 ../Hello_bsp//newlib/nios2-elf/lib\libc.a(lib_a-rand.o)
                0x00000000080272f4                srand
 .text.rand     0x0000000008027338       0xc8 ../Hello_bsp//newlib/nios2-elf/lib\libc.a(lib_a-rand.o)
                0x0000000008027338                rand
 .text          0x0000000008027400        0x0 ../Hello_bsp//newlib/nios2-elf/lib\libc.a(lib_a-sbrkr.o)
 .text._sbrk_r  0x0000000008027400       0x60 ../Hello_bsp//newlib/nios2-elf/lib\libc.a(lib_a-sbrkr.o)
                0x0000000008027400                _sbrk_r
 .text          0x0000000008027460        0x0 ../Hello_bsp//newlib/nios2-elf/lib\libc.a(lib_a-strlen.o)
 .text.strlen   0x0000000008027460       0xf4 ../Hello_bsp//newlib/nios2-elf/lib\libc.a(lib_a-strlen.o)
                0x0000000008027460                strlen
 .text          0x0000000008027554        0x0 ../Hello_bsp//newlib/nios2-elf/lib\libc.a(lib_a-vfprintf.o)
 .text.__sbprintf
                0x0000000008027554       0xf0 ../Hello_bsp//newlib/nios2-elf/lib\libc.a(lib_a-vfprintf.o)
 .text.__vfprintf_internal
                0x0000000008027644       0x50 ../Hello_bsp//newlib/nios2-elf/lib\libc.a(lib_a-vfprintf.o)
                0x0000000008027644                __vfprintf_internal
 .text.___vfprintf_internal_r
                0x0000000008027694     0x20d0 ../Hello_bsp//newlib/nios2-elf/lib\libc.a(lib_a-vfprintf.o)
                0x0000000008027694                ___vfprintf_internal_r
 .text.cvt      0x0000000008029764      0x20c ../Hello_bsp//newlib/nios2-elf/lib\libc.a(lib_a-vfprintf.o)
 .text.exponent
                0x0000000008029970      0x140 ../Hello_bsp//newlib/nios2-elf/lib\libc.a(lib_a-vfprintf.o)
 .text          0x0000000008029ab0        0x0 ../Hello_bsp//newlib/nios2-elf/lib\libc.a(lib_a-wsetup.o)
 .text.__swsetup_r
                0x0000000008029ab0      0x1a0 ../Hello_bsp//newlib/nios2-elf/lib\libc.a(lib_a-wsetup.o)
                0x0000000008029ab0                __swsetup_r
 .text          0x0000000008029c50        0x0 ../Hello_bsp//newlib/nios2-elf/lib\libc.a(lib_a-dtoa.o)
 .text.quorem   0x0000000008029c50      0x3b4 ../Hello_bsp//newlib/nios2-elf/lib\libc.a(lib_a-dtoa.o)
 .text._dtoa_r  0x000000000802a004     0x1b78 ../Hello_bsp//newlib/nios2-elf/lib\libc.a(lib_a-dtoa.o)
                0x000000000802a004                _dtoa_r
 .text          0x000000000802bb7c        0x0 ../Hello_bsp//newlib/nios2-elf/lib\libc.a(lib_a-fflush.o)
 .text.__sflush_r
                0x000000000802bb7c      0x304 ../Hello_bsp//newlib/nios2-elf/lib\libc.a(lib_a-fflush.o)
                0x000000000802bb7c                __sflush_r
 .text._fflush_r
                0x000000000802be80       0x88 ../Hello_bsp//newlib/nios2-elf/lib\libc.a(lib_a-fflush.o)
                0x000000000802be80                _fflush_r
 .text.fflush   0x000000000802bf08       0x54 ../Hello_bsp//newlib/nios2-elf/lib\libc.a(lib_a-fflush.o)
                0x000000000802bf08                fflush
 .text          0x000000000802bf5c        0x0 ../Hello_bsp//newlib/nios2-elf/lib\libc.a(lib_a-findfp.o)
 .text.std      0x000000000802bf5c       0xf4 ../Hello_bsp//newlib/nios2-elf/lib\libc.a(lib_a-findfp.o)
 .text.__sfmoreglue
                0x000000000802c050       0xa4 ../Hello_bsp//newlib/nios2-elf/lib\libc.a(lib_a-findfp.o)
                0x000000000802c050                __sfmoreglue
 .text.__sfp    0x000000000802c0f4      0x194 ../Hello_bsp//newlib/nios2-elf/lib\libc.a(lib_a-findfp.o)
                0x000000000802c0f4                __sfp
 .text._cleanup_r
                0x000000000802c288       0x44 ../Hello_bsp//newlib/nios2-elf/lib\libc.a(lib_a-findfp.o)
                0x000000000802c288                _cleanup_r
 .text._cleanup
                0x000000000802c2cc       0x34 ../Hello_bsp//newlib/nios2-elf/lib\libc.a(lib_a-findfp.o)
                0x000000000802c2cc                _cleanup
 .text.__sinit  0x000000000802c300       0xd8 ../Hello_bsp//newlib/nios2-elf/lib\libc.a(lib_a-findfp.o)
                0x000000000802c300                __sinit
 .text.__sfp_lock_acquire
                0x000000000802c3d8       0x20 ../Hello_bsp//newlib/nios2-elf/lib\libc.a(lib_a-findfp.o)
                0x000000000802c3d8                __sfp_lock_acquire
 .text.__sfp_lock_release
                0x000000000802c3f8       0x20 ../Hello_bsp//newlib/nios2-elf/lib\libc.a(lib_a-findfp.o)
                0x000000000802c3f8                __sfp_lock_release
 .text.__sinit_lock_acquire
                0x000000000802c418       0x20 ../Hello_bsp//newlib/nios2-elf/lib\libc.a(lib_a-findfp.o)
                0x000000000802c418                __sinit_lock_acquire
 .text.__sinit_lock_release
                0x000000000802c438       0x20 ../Hello_bsp//newlib/nios2-elf/lib\libc.a(lib_a-findfp.o)
                0x000000000802c438                __sinit_lock_release
 .text.__fp_lock
                0x000000000802c458       0x24 ../Hello_bsp//newlib/nios2-elf/lib\libc.a(lib_a-findfp.o)
 .text.__fp_unlock
                0x000000000802c47c       0x24 ../Hello_bsp//newlib/nios2-elf/lib\libc.a(lib_a-findfp.o)
 .text.__fp_lock_all
                0x000000000802c4a0       0x40 ../Hello_bsp//newlib/nios2-elf/lib\libc.a(lib_a-findfp.o)
                0x000000000802c4a0                __fp_lock_all
 .text.__fp_unlock_all
                0x000000000802c4e0       0x40 ../Hello_bsp//newlib/nios2-elf/lib\libc.a(lib_a-findfp.o)
                0x000000000802c4e0                __fp_unlock_all
 .text          0x000000000802c520        0x0 ../Hello_bsp//newlib/nios2-elf/lib\libc.a(lib_a-freer.o)
 .text._free_r  0x000000000802c520      0x560 ../Hello_bsp//newlib/nios2-elf/lib\libc.a(lib_a-freer.o)
                0x000000000802c520                _free_r
 .text._malloc_trim_r
                0x000000000802ca80      0x1cc ../Hello_bsp//newlib/nios2-elf/lib\libc.a(lib_a-freer.o)
                0x000000000802ca80                _malloc_trim_r
 .text          0x000000000802cc4c        0x0 ../Hello_bsp//newlib/nios2-elf/lib\libc.a(lib_a-fvwrite.o)
 .text.__sfvwrite_r
                0x000000000802cc4c      0x5dc ../Hello_bsp//newlib/nios2-elf/lib\libc.a(lib_a-fvwrite.o)
                0x000000000802cc4c                __sfvwrite_r
 .text          0x000000000802d228        0x0 ../Hello_bsp//newlib/nios2-elf/lib\libc.a(lib_a-fwalk.o)
 .text._fwalk   0x000000000802d228       0xd8 ../Hello_bsp//newlib/nios2-elf/lib\libc.a(lib_a-fwalk.o)
                0x000000000802d228                _fwalk
 .text._fwalk_reent
                0x000000000802d300       0xdc ../Hello_bsp//newlib/nios2-elf/lib\libc.a(lib_a-fwalk.o)
                0x000000000802d300                _fwalk_reent
 .text          0x000000000802d3dc        0x0 ../Hello_bsp//newlib/nios2-elf/lib\libc.a(lib_a-int_errno.o)
 .text          0x000000000802d3dc        0x0 ../Hello_bsp//newlib/nios2-elf/lib\libc.a(lib_a-locale.o)
 .text._setlocale_r
                0x000000000802d3dc       0x84 ../Hello_bsp//newlib/nios2-elf/lib\libc.a(lib_a-locale.o)
                0x000000000802d3dc                _setlocale_r
 .text.__locale_charset
                0x000000000802d460       0x24 ../Hello_bsp//newlib/nios2-elf/lib\libc.a(lib_a-locale.o)
                0x000000000802d460                __locale_charset
 .text.__locale_mb_cur_max
                0x000000000802d484       0x20 ../Hello_bsp//newlib/nios2-elf/lib\libc.a(lib_a-locale.o)
                0x000000000802d484                __locale_mb_cur_max
 .text.__locale_msgcharset
                0x000000000802d4a4       0x24 ../Hello_bsp//newlib/nios2-elf/lib\libc.a(lib_a-locale.o)
                0x000000000802d4a4                __locale_msgcharset
 .text.__locale_cjk_lang
                0x000000000802d4c8       0x20 ../Hello_bsp//newlib/nios2-elf/lib\libc.a(lib_a-locale.o)
                0x000000000802d4c8                __locale_cjk_lang
 .text._localeconv_r
                0x000000000802d4e8       0x28 ../Hello_bsp//newlib/nios2-elf/lib\libc.a(lib_a-locale.o)
                0x000000000802d4e8                _localeconv_r
 .text.setlocale
                0x000000000802d510       0x40 ../Hello_bsp//newlib/nios2-elf/lib\libc.a(lib_a-locale.o)
                0x000000000802d510                setlocale
 .text.localeconv
                0x000000000802d550       0x30 ../Hello_bsp//newlib/nios2-elf/lib\libc.a(lib_a-locale.o)
                0x000000000802d550                localeconv
 .text          0x000000000802d580        0x0 ../Hello_bsp//newlib/nios2-elf/lib\libc.a(lib_a-makebuf.o)
 .text.__smakebuf_r
                0x000000000802d580      0x22c ../Hello_bsp//newlib/nios2-elf/lib\libc.a(lib_a-makebuf.o)
                0x000000000802d580                __smakebuf_r
 .text          0x000000000802d7ac        0x0 ../Hello_bsp//newlib/nios2-elf/lib\libc.a(lib_a-memchr.o)
 .text.memchr   0x000000000802d7ac      0x1bc ../Hello_bsp//newlib/nios2-elf/lib\libc.a(lib_a-memchr.o)
                0x000000000802d7ac                memchr
 .text          0x000000000802d968        0x0 ../Hello_bsp//newlib/nios2-elf/lib\libc.a(lib_a-memmove.o)
 .text.memmove  0x000000000802d968      0x208 ../Hello_bsp//newlib/nios2-elf/lib\libc.a(lib_a-memmove.o)
                0x000000000802d968                memmove
 .text          0x000000000802db70        0x0 ../Hello_bsp//newlib/nios2-elf/lib\libc.a(lib_a-mprec.o)
 .text._Balloc  0x000000000802db70      0x130 ../Hello_bsp//newlib/nios2-elf/lib\libc.a(lib_a-mprec.o)
                0x000000000802db70                _Balloc
 .text._Bfree   0x000000000802dca0       0x7c ../Hello_bsp//newlib/nios2-elf/lib\libc.a(lib_a-mprec.o)
                0x000000000802dca0                _Bfree
 .text.__multadd
                0x000000000802dd1c      0x194 ../Hello_bsp//newlib/nios2-elf/lib\libc.a(lib_a-mprec.o)
                0x000000000802dd1c                __multadd
 .text.__s2b    0x000000000802deb0      0x18c ../Hello_bsp//newlib/nios2-elf/lib\libc.a(lib_a-mprec.o)
                0x000000000802deb0                __s2b
 .text.__hi0bits
                0x000000000802e03c       0x90 ../Hello_bsp//newlib/nios2-elf/lib\libc.a(lib_a-mprec.o)
                0x000000000802e03c                __hi0bits
 .text.__lo0bits
                0x000000000802e0cc       0xec ../Hello_bsp//newlib/nios2-elf/lib\libc.a(lib_a-mprec.o)
                0x000000000802e0cc                __lo0bits
 .text.__i2b    0x000000000802e1b8       0x58 ../Hello_bsp//newlib/nios2-elf/lib\libc.a(lib_a-mprec.o)
                0x000000000802e1b8                __i2b
 .text.__multiply
                0x000000000802e210      0x3d0 ../Hello_bsp//newlib/nios2-elf/lib\libc.a(lib_a-mprec.o)
                0x000000000802e210                __multiply
 .text.__pow5mult
                0x000000000802e5e0      0x178 ../Hello_bsp//newlib/nios2-elf/lib\libc.a(lib_a-mprec.o)
                0x000000000802e5e0                __pow5mult
 .text.__lshift
                0x000000000802e758      0x1f8 ../Hello_bsp//newlib/nios2-elf/lib\libc.a(lib_a-mprec.o)
                0x000000000802e758                __lshift
 .text.__mcmp   0x000000000802e950      0x114 ../Hello_bsp//newlib/nios2-elf/lib\libc.a(lib_a-mprec.o)
                0x000000000802e950                __mcmp
 .text.__mdiff  0x000000000802ea64      0x2a4 ../Hello_bsp//newlib/nios2-elf/lib\libc.a(lib_a-mprec.o)
                0x000000000802ea64                __mdiff
 .text.__ulp    0x000000000802ed08       0xcc ../Hello_bsp//newlib/nios2-elf/lib\libc.a(lib_a-mprec.o)
                0x000000000802ed08                __ulp
 .text.__b2d    0x000000000802edd4      0x204 ../Hello_bsp//newlib/nios2-elf/lib\libc.a(lib_a-mprec.o)
                0x000000000802edd4                __b2d
 .text.__d2b    0x000000000802efd8      0x240 ../Hello_bsp//newlib/nios2-elf/lib\libc.a(lib_a-mprec.o)
                0x000000000802efd8                __d2b
 .text.__ratio  0x000000000802f218      0x11c ../Hello_bsp//newlib/nios2-elf/lib\libc.a(lib_a-mprec.o)
                0x000000000802f218                __ratio
 .text._mprec_log10
                0x000000000802f334       0xb0 ../Hello_bsp//newlib/nios2-elf/lib\libc.a(lib_a-mprec.o)
                0x000000000802f334                _mprec_log10
 .text.__copybits
                0x000000000802f3e4       0xd0 ../Hello_bsp//newlib/nios2-elf/lib\libc.a(lib_a-mprec.o)
                0x000000000802f3e4                __copybits
 .text.__any_on
                0x000000000802f4b4      0x134 ../Hello_bsp//newlib/nios2-elf/lib\libc.a(lib_a-mprec.o)
                0x000000000802f4b4                __any_on
 .text          0x000000000802f5e8        0x0 ../Hello_bsp//newlib/nios2-elf/lib\libc.a(lib_a-putc.o)
 .text._putc_r  0x000000000802f5e8      0x104 ../Hello_bsp//newlib/nios2-elf/lib\libc.a(lib_a-putc.o)
                0x000000000802f5e8                _putc_r
 .text.putc     0x000000000802f6ec      0x108 ../Hello_bsp//newlib/nios2-elf/lib\libc.a(lib_a-putc.o)
                0x000000000802f6ec                putc
 .text          0x000000000802f7f4        0x0 ../Hello_bsp//newlib/nios2-elf/lib\libc.a(lib_a-reallocr.o)
 .text._realloc_r
                0x000000000802f7f4      0xbf0 ../Hello_bsp//newlib/nios2-elf/lib\libc.a(lib_a-reallocr.o)
                0x000000000802f7f4                _realloc_r
 .text          0x00000000080303e4        0x0 ../Hello_bsp//newlib/nios2-elf/lib\libc.a(lib_a-s_fpclassify.o)
 .text.__fpclassifyd
                0x00000000080303e4      0x104 ../Hello_bsp//newlib/nios2-elf/lib\libc.a(lib_a-s_fpclassify.o)
                0x00000000080303e4                __fpclassifyd
 .text          0x00000000080304e8        0x0 ../Hello_bsp//newlib/nios2-elf/lib\libc.a(lib_a-stdio.o)
 .text.__sread  0x00000000080304e8       0x9c ../Hello_bsp//newlib/nios2-elf/lib\libc.a(lib_a-stdio.o)
                0x00000000080304e8                __sread
 .text.__seofread
                0x0000000008030584       0x30 ../Hello_bsp//newlib/nios2-elf/lib\libc.a(lib_a-stdio.o)
                0x0000000008030584                __seofread
 .text.__swrite
                0x00000000080305b4       0xb4 ../Hello_bsp//newlib/nios2-elf/lib\libc.a(lib_a-stdio.o)
                0x00000000080305b4                __swrite
 .text.__sseek  0x0000000008030668       0xa0 ../Hello_bsp//newlib/nios2-elf/lib\libc.a(lib_a-stdio.o)
                0x0000000008030668                __sseek
 .text.__sclose
                0x0000000008030708       0x54 ../Hello_bsp//newlib/nios2-elf/lib\libc.a(lib_a-stdio.o)
                0x0000000008030708                __sclose
 .text          0x000000000803075c        0x0 ../Hello_bsp//newlib/nios2-elf/lib\libc.a(lib_a-strcmp.o)
 .text.strcmp   0x000000000803075c      0x140 ../Hello_bsp//newlib/nios2-elf/lib\libc.a(lib_a-strcmp.o)
                0x000000000803075c                strcmp
 .text          0x000000000803089c        0x0 ../Hello_bsp//newlib/nios2-elf/lib\libc.a(lib_a-vfiprintf.o)
 .text.__sprint_r
                0x000000000803089c      0x13c ../Hello_bsp//newlib/nios2-elf/lib\libc.a(lib_a-vfiprintf.o)
                0x000000000803089c                __sprint_r
 .text.__sbprintf
                0x00000000080309d8       0xf0 ../Hello_bsp//newlib/nios2-elf/lib\libc.a(lib_a-vfiprintf.o)
 .text.__vfiprintf_internal
                0x0000000008030ac8       0x50 ../Hello_bsp//newlib/nios2-elf/lib\libc.a(lib_a-vfiprintf.o)
                0x0000000008030ac8                __vfiprintf_internal
 .text.___vfiprintf_internal_r
                0x0000000008030b18     0x12c4 ../Hello_bsp//newlib/nios2-elf/lib\libc.a(lib_a-vfiprintf.o)
                0x0000000008030b18                ___vfiprintf_internal_r
 .text          0x0000000008031ddc        0x0 ../Hello_bsp//newlib/nios2-elf/lib\libc.a(lib_a-wbuf.o)
 .text.__swbuf_r
                0x0000000008031ddc      0x168 ../Hello_bsp//newlib/nios2-elf/lib\libc.a(lib_a-wbuf.o)
                0x0000000008031ddc                __swbuf_r
 .text.__swbuf  0x0000000008031f44       0x40 ../Hello_bsp//newlib/nios2-elf/lib\libc.a(lib_a-wbuf.o)
                0x0000000008031f44                __swbuf
 .text          0x0000000008031f84        0x0 ../Hello_bsp//newlib/nios2-elf/lib\libc.a(lib_a-writer.o)
 .text._write_r
                0x0000000008031f84       0x70 ../Hello_bsp//newlib/nios2-elf/lib\libc.a(lib_a-writer.o)
                0x0000000008031f84                _write_r
 .text          0x0000000008031ff4        0x0 ../Hello_bsp//newlib/nios2-elf/lib\libc.a(closer.o)
 .text._close_r
                0x0000000008031ff4       0x60 ../Hello_bsp//newlib/nios2-elf/lib\libc.a(closer.o)
                0x0000000008031ff4                _close_r
 .text          0x0000000008032054        0x0 ../Hello_bsp//newlib/nios2-elf/lib\libc.a(lib_a-callocr.o)
 .text._calloc_r
                0x0000000008032054      0x164 ../Hello_bsp//newlib/nios2-elf/lib\libc.a(lib_a-callocr.o)
                0x0000000008032054                _calloc_r
 .text          0x00000000080321b8        0x0 ../Hello_bsp//newlib/nios2-elf/lib\libc.a(lib_a-fclose.o)
 .text._fclose_r
                0x00000000080321b8      0x12c ../Hello_bsp//newlib/nios2-elf/lib\libc.a(lib_a-fclose.o)
                0x00000000080321b8                _fclose_r
 .text.fclose   0x00000000080322e4       0x38 ../Hello_bsp//newlib/nios2-elf/lib\libc.a(lib_a-fclose.o)
                0x00000000080322e4                fclose
 .text          0x000000000803231c        0x0 ../Hello_bsp//newlib/nios2-elf/lib\libc.a(lib_a-fputwc.o)
 .text.__fputwc
                0x000000000803231c      0x1f4 ../Hello_bsp//newlib/nios2-elf/lib\libc.a(lib_a-fputwc.o)
                0x000000000803231c                __fputwc
 .text._fputwc_r
                0x0000000008032510       0x88 ../Hello_bsp//newlib/nios2-elf/lib\libc.a(lib_a-fputwc.o)
                0x0000000008032510                _fputwc_r
 .text.fputwc   0x0000000008032598       0x68 ../Hello_bsp//newlib/nios2-elf/lib\libc.a(lib_a-fputwc.o)
                0x0000000008032598                fputwc
 .text          0x0000000008032600        0x0 ../Hello_bsp//newlib/nios2-elf/lib\libc.a(lib_a-fstatr.o)
 .text._fstat_r
                0x0000000008032600       0x68 ../Hello_bsp//newlib/nios2-elf/lib\libc.a(lib_a-fstatr.o)
                0x0000000008032600                _fstat_r
 .text          0x0000000008032668        0x0 ../Hello_bsp//newlib/nios2-elf/lib\libc.a(lib_a-isattyr.o)
 .text._isatty_r
                0x0000000008032668       0x60 ../Hello_bsp//newlib/nios2-elf/lib\libc.a(lib_a-isattyr.o)