Archive member included to satisfy reference by file (symbol)

../Hello_bsp//newlib/nios2-elf/lib\libm.a(lib_a-sf_ceil.o)
                              obj/default/src/mathc.o (ceilf)
../Hello_bsp//newlib/nios2-elf/lib\libm.a(lib_a-sf_cos.o)
                              obj/default/src/mathc.o (cosf)
../Hello_bsp//newlib/nios2-elf/lib\libm.a(lib_a-sf_floor.o)
                              obj/default/src/mathc.o (floorf)
../Hello_bsp//newlib/nios2-elf/lib\libm.a(lib_a-sf_fmax.o)
                              obj/default/src/mathc.o (fmaxf)
../Hello_bsp//newlib/nios2-elf/lib\libm.a(lib_a-sf_fmin.o)
                              obj/default/src/mathc.o (fminf)
../Hello_bsp//newlib/nios2-elf/lib\libm.a(lib_a-sf_fpclassify.o)
                              ../Hello_bsp//newlib/nios2-elf/lib\libm.a(lib_a-sf_fmax.o) (__fpclassifyf)
../Hello_bsp//newlib/nios2-elf/lib\libm.a(lib_a-sf_round.o)
                              obj/default/src/mathc.o (roundf)
../Hello_bsp//newlib/nios2-elf/lib\libm.a(lib_a-sf_sin.o)
                              obj/default/src/mathc.o (sinf)
../Hello_bsp//newlib/nios2-elf/lib\libm.a(lib_a-sf_tan.o)
                              obj/default/src/mathc.o (tanf)
../Hello_bsp//newlib/nios2-elf/lib\libm.a(lib_a-wf_acos.o)
                              obj/default/src/mathc.o (acosf)
../Hello_bsp//newlib/nios2-elf/lib\libm.a(lib_a-wf_atan2.o)
                              obj/default/src/mathc.o (atan2f)
../Hello_bsp//newlib/nios2-elf/lib\libm.a(lib_a-wf_pow.o)
                              obj/default/src/mathc.o (powf)
../Hello_bsp//newlib/nios2-elf/lib\libm.a(lib_a-wf_sqrt.o)
                              obj/default/src/mathc.o (sqrtf)
../Hello_bsp//newlib/nios2-elf/lib\libm.a(lib_a-ef_acos.o)
                              ../Hello_bsp//newlib/nios2-elf/lib\libm.a(lib_a-wf_acos.o) (__ieee754_acosf)
../Hello_bsp//newlib/nios2-elf/lib\libm.a(lib_a-ef_atan2.o)
                              ../Hello_bsp//newlib/nios2-elf/lib\libm.a(lib_a-wf_atan2.o) (__ieee754_atan2f)
../Hello_bsp//newlib/nios2-elf/lib\libm.a(lib_a-ef_pow.o)
                              ../Hello_bsp//newlib/nios2-elf/lib\libm.a(lib_a-wf_pow.o) (__ieee754_powf)
../Hello_bsp//newlib/nios2-elf/lib\libm.a(lib_a-ef_rem_pio2.o)
                              ../Hello_bsp//newlib/nios2-elf/lib\libm.a(lib_a-sf_cos.o) (__ieee754_rem_pio2f)
../Hello_bsp//newlib/nios2-elf/lib\libm.a(lib_a-ef_sqrt.o)
                              ../Hello_bsp//newlib/nios2-elf/lib\libm.a(lib_a-wf_sqrt.o) (__ieee754_sqrtf)
../Hello_bsp//newlib/nios2-elf/lib\libm.a(lib_a-kf_cos.o)
                              ../Hello_bsp//newlib/nios2-elf/lib\libm.a(lib_a-sf_cos.o) (__kernel_cosf)
../Hello_bsp//newlib/nios2-elf/lib\libm.a(lib_a-kf_rem_pio2.o)
                              ../Hello_bsp//newlib/nios2-elf/lib\libm.a(lib_a-ef_rem_pio2.o) (__kernel_rem_pio2f)
../Hello_bsp//newlib/nios2-elf/lib\libm.a(lib_a-kf_sin.o)
                              ../Hello_bsp//newlib/nios2-elf/lib\libm.a(lib_a-sf_cos.o) (__kernel_sinf)
../Hello_bsp//newlib/nios2-elf/lib\libm.a(lib_a-kf_tan.o)
                              ../Hello_bsp//newlib/nios2-elf/lib\libm.a(lib_a-sf_tan.o) (__kernel_tanf)
../Hello_bsp//newlib/nios2-elf/lib\libm.a(lib_a-s_lib_ver.o)
                              ../Hello_bsp//newlib/nios2-elf/lib\libm.a(lib_a-wf_acos.o) (__fdlib_version)
../Hello_bsp//newlib/nios2-elf/lib\libm.a(lib_a-s_matherr.o)
                              ../Hello_bsp//newlib/nios2-elf/lib\libm.a(lib_a-wf_acos.o) (matherr)
../Hello_bsp//newlib/nios2-elf/lib\libm.a(lib_a-s_nan.o)
                              ../Hello_bsp//newlib/nios2-elf/lib\libm.a(lib_a-wf_acos.o) (nan)
../Hello_bsp//newlib/nios2-elf/lib\libm.a(lib_a-s_rint.o)
                              ../Hello_bsp//newlib/nios2-elf/lib\libm.a(lib_a-wf_pow.o) (rint)
../Hello_bsp//newlib/nios2-elf/lib\libm.a(lib_a-sf_atan.o)
                              ../Hello_bsp//newlib/nios2-elf/lib\libm.a(lib_a-ef_atan2.o) (atanf)
../Hello_bsp//newlib/nios2-elf/lib\libm.a(lib_a-sf_fabs.o)
                              ../Hello_bsp//newlib/nios2-elf/lib\libm.a(lib_a-wf_acos.o) (fabsf)
../Hello_bsp//newlib/nios2-elf/lib\libm.a(lib_a-sf_finite.o)
                              ../Hello_bsp//newlib/nios2-elf/lib\libm.a(lib_a-wf_pow.o) (finitef)
../Hello_bsp//newlib/nios2-elf/lib\libm.a(lib_a-sf_nan.o)
                              ../Hello_bsp//newlib/nios2-elf/lib\libm.a(lib_a-ef_pow.o) (nanf)
../Hello_bsp//newlib/nios2-elf/lib\libm.a(lib_a-sf_scalbn.o)
                              ../Hello_bsp//newlib/nios2-elf/lib\libm.a(lib_a-ef_pow.o) (scalbnf)
../Hello_bsp//newlib/nios2-elf/lib\libm.a(lib_a-sf_copysign.o)
                              ../Hello_bsp//newlib/nios2-elf/lib\libm.a(lib_a-sf_scalbn.o) (copysignf)
d:/intelfpga_lite/18.0/nios2eds/bin/gnu/h-x86_64-mingw32/bin/../lib/gcc/nios2-elf/5.3.0\libgcc.a(lib2-divmod.o)
                              obj/default/src/gppcu.o (__divsi3)
[...]
Memory Configuration

Name             Origin             Length             Attributes
reset            0x0000000008000000 0x0000000000000020
sdram            0x0000000008000020 0x0000000007ffffe0
bufferram_out    0x0000000010000000 0x000000000002ee00
*default*        0x0000000000000000 0xffffffffffffffff

Linker script and memory map

LOAD ../Hello_bsp//obj/HAL/src/crt0.o
LOAD obj/default/src/app.o
LOAD obj/default/src/gppcu.o
LOAD obj/default/src/main.o
LOAD obj/default/src/mathc.o
LOAD obj/default/src/utils.o
LOAD d:/intelfpga_lite/18.0/nios2eds/bin/gnu/h-x86_64-mingw32/bin/../lib/gcc/nios2-elf/5.3.0/../../../../../H-x86_64-mingw32/nios2-elf/lib\libstdc++.a
LOAD ../Hello_bsp//newlib/nios2-elf/lib\libm.a
LOAD d:/intelfpga_lite/18.0/nios2eds/bin/gnu/h-x86_64-mingw32/bin/../lib/gcc/nios2-elf/5.3.0\libgcc.a
START GROUP
LOAD ../Hello_bsp//newlib/nios2-elf/lib\libc.a
LOAD d:/intelfpga_lite/18.0/nios2eds/bin/gnu/h-x86_64-mingw32/bin/../lib/gcc/nios2-elf/5.3.0\libgcc.a
LOAD ../Hello_bsp/\libhal_bsp.a
LOAD ../Hello_bsp//newlib/nios2-elf/lib\libm.a
END GROUP
LOAD d:/intelfpga_lite/18.0/nios2eds/bin/gnu/h-x86_64-mingw32/bin/../lib/gcc/nios2-elf/5.3.0\libgcc.a
                0x0000000008000000                __alt_mem_sdram = 0x8000000
                0x0000000010000000                __alt_mem_bufferram_out = 0x10000000

.entry          0x0000000008000000       0x20
 *(.entry)
 .entry         0x0000000008000000       0x20 ../Hello_bsp//obj/HAL/src/crt0.o
                0x0000000008000000                __reset

.exceptions     0x0000000008000020      0x224
                0x0000000008000020                PROVIDE (__ram_exceptions_start, ABSOLUTE (.))
                0x0000000008000020                . = ALIGN (0x20)
 *(.irq)
 *(.exceptions.entry.label)
 .exceptions.entry.label
                0x0000000008000020        0x0 ../Hello_bsp/\libhal_bsp.a(alt_irq_entry.o)
                0x0000000008000020                alt_irq_entry
 .exceptions.entry.label
                0x0000000008000020        0x0 ../Hello_bsp/\libhal_bsp.a(alt_exception_entry.o)
                0x0000000008000020                alt_exception
 *(.exceptions.entry.user)
 *(.exceptions.entry.ecc_fatal)
 *(.exceptions.entry)
 .exceptions.entry
                0x0000000008000020       0x54 ../Hello_bsp/\libhal_bsp.a(alt_exception_entry.o)
 *(.exceptions.irqtest.user)
 *(.exceptions.irqtest)
 .exceptions.irqtest
                0x0000000008000074       0x10 ../Hello_bsp/\libhal_bsp.a(alt_irq_entry.o)
 *(.exceptions.irqhandler.user)
 *(.exceptions.irqhandler)
 .exceptions.irqhandler
                0x0000000008000084        0x4 ../Hello_bsp/\libhal_bsp.a(alt_irq_entry.o)
 *(.exceptions.irqreturn.user)
 *(.exceptions.irqreturn)
 .exceptions.irqreturn
                0x0000000008000088        0x4 ../Hello_bsp/\libhal_bsp.a(alt_irq_entry.o)
 *(.exceptions.notirq.label)
 .exceptions.notirq.label
                0x000000000800008c        0x0 ../Hello_bsp/\libhal_bsp.a(alt_irq_entry.o)
 *(.exceptions.notirq.user)
 *(.exceptions.notirq)
 .exceptions.notirq
                0x000000000800008c        0x8 ../Hello_bsp/\libhal_bsp.a(alt_exception_entry.o)
 *(.exceptions.soft.user)
 *(.exceptions.soft)
 *(.exceptions.unknown.user)
 *(.exceptions.unknown)
 .exceptions.unknown
                0x0000000008000094       0x14 ../Hello_bsp/\libhal_bsp.a(alt_exception_entry.o)
 *(.exceptions.exit.label)
 .exceptions.exit.label
                0x00000000080000a8        0x0 ../Hello_bsp/\libhal_bsp.a(alt_irq_entry.o)
 .exceptions.exit.label
                0x00000000080000a8        0x0 ../Hello_bsp/\libhal_bsp.a(alt_exception_entry.o)
 *(.exceptions.exit.user)
 *(.exceptions.exit)
 .exceptions.exit
                0x00000000080000a8       0x54 ../Hello_bsp/\libhal_bsp.a(alt_exception_entry.o)
 *(.exceptions)
 .exceptions    0x00000000080000fc       0xd4 ../Hello_bsp/\libhal_bsp.a(alt_irq_handler.o)
                0x00000000080000fc                alt_irq_handler
 .exceptions    0x00000000080001d0       0x74 ../Hello_bsp/\libhal_bsp.a(alt_instruction_exception_entry.o)
                0x00000000080001d0                alt_instruction_exception_entry
                0x0000000008000244                PROVIDE (__ram_exceptions_end, ABSOLUTE (.))
                0x0000000008000020                PROVIDE (__flash_exceptions_start, LOADADDR (.exceptions))

.text           0x0000000008000244    0x35484
                [!provide]                        PROVIDE (stext, ABSOLUTE (.))
 *(.interp)
 *(.hash)
 *(.dynsym)
 *(.dynstr)
 *(.gnu.version)
 *(.gnu.version_d)
 *(.gnu.version_r)
 *(.rel.init)
 *(.rela.init)
 *(.rel.text .rel.text.* .rel.gnu.linkonce.t.*)
 *(.rela.text .rela.text.* .rela.gnu.linkonce.t.*)
 *(.rel.fini)
 *(.rela.fini)
 *(.rel.rodata .rel.rodata.* .rel.gnu.linkonce.r.*)
 *(.rela.rodata .rela.rodata.* .rela.gnu.linkonce.r.*)
 *(.rel.data .rel.data.* .rel.gnu.linkonce.d.*)
 *(.rela.data .rela.data.* .rela.gnu.linkonce.d.*)
 *(.rel.tdata .rel.tdata.* .rel.gnu.linkonce.td.*)
 *(.rela.tdata .rela.tdata.* .rela.gnu.linkonce.td.*)
 *(.rel.tbss .rel.tbss.* .rel.gnu.linkonce.tb.*)
 *(.rela.tbss .rela.tbss.* .rela.gnu.linkonce.tb.*)
 *(.rel.ctors)
 *(.rela.ctors)
 *(.rel.dtors)
 *(.rela.dtors)
 *(.rel.got)
 *(.rela.got)
 *(.rel.sdata .rel.sdata.* .rel.gnu.linkonce.s.*)
 *(.rela.sdata .rela.sdata.* .rela.gnu.linkonce.s.*)
 *(.rel.sbss .rel.sbss.* .rel.gnu.linkonce.sb.*)
 *(.rela.sbss .rela.sbss.* .rela.gnu.linkonce.sb.*)
 *(.rel.sdata2 .rel.sdata2.* .rel.gnu.linkonce.s2.*)
 *(.rela.sdata2 .rela.sdata2.* .rela.gnu.linkonce.s2.*)
 *(.rel.sbss2 .rel.sbss2.* .rel.gnu.linkonce.sb2.*)
 *(.rela.sbss2 .rela.sbss2.* .rela.gnu.linkonce.sb2.*)
 *(.rel.bss .rel.bss.* .rel.gnu.linkonce.b.*)
 *(.rela.bss .rela.bss.* .rela.gnu.linkonce.b.*)
 *(.rel.plt)
 *(.rela.plt)
 *(.rel.dyn)
 *(.init)
 *(.plt)
 *(.text .stub .text.* .gnu.linkonce.t.*)
 .text          0x0000000008000244       0x4c ../Hello_bsp//obj/HAL/src/crt0.o
                0x0000000008000244                _start
 .text          0x0000000008000290      0x2c0 obj/default/src/app.o
                0x0000000008000290                mat4_rotate_zyx
                0x0000000008000378                app_calc_object_constant
 .text          0x0000000008000550     0x1524 obj/default/src/gppcu.o
                0x0000000008000734                gppcu_device_command
                0x00000000080007b4                gppcu_stat
                0x00000000080008a4                gppcu_init
                0x0000000008000978                gppcu_init_task
                0x0000000008000a5c                gppcu_destroy
                0x0000000008000f00                gppcu_program_autofeed_device
                0x000000000800103c                instr_to_string
                0x0000000008001160                gppcu_program_autofeed_device_parallel
                0x0000000008001588                gppcu_run_autofeed_device
                0x0000000008001600                gppcu_clear_instr
                0x000000000800162c                gppcu_write
                0x0000000008001788                gppcu_read
                0x0000000008001928                gppcu_write_const
                0x00000000080019d4                gppcu_data_wr_slow
                0x0000000008001a2c                gppcu_data_rd_slow
 .text          0x0000000008001a74      0xa04 obj/default/src/main.o
                0x0000000008001d30                wait
                0x0000000008001d74                display_stat
                0x0000000008001e30                mem_clr
                0x0000000008001eb0                monitor
                0x0000000008001fb4                main
                0x000000000800225c                gppcu_test
 .text          0x0000000008002478    0x1b470 obj/default/src/mathc.o
                0x0000000008002478                clampi
                0x00000000080024d0                nearly_equal
                0x0000000008002540                to_radians
                0x0000000008002580                to_degrees
                0x00000000080025c0                clampf
                0x0000000008002628                vec2i_is_zero
                0x0000000008002674                vec2i_is_equal
                0x00000000080026d8                vec2i
                0x0000000008002720                vec2i_assign
                0x000000000800276c                vec2i_assign_vec2
                0x00000000080027c4                vec2i_zero
                0x00000000080027fc                vec2i_one
                0x000000000800283c                vec2i_sign
                0x00000000080028f8                vec2i_add
                0x0000000008002968                vec2i_add_i
                0x00000000080029cc                vec2i_subtract
                0x0000000008002a3c                vec2i_subtract_i
                0x0000000008002aa0                vec2i_multiply
                0x0000000008002b10                vec2i_multiply_i
                0x0000000008002b74                vec2i_divide
                0x0000000008002c08                vec2i_divide_i
                0x0000000008002c88                vec2i_snap
                0x0000000008002d3c                vec2i_snap_i
                0x0000000008002dd0                vec2i_negative
                0x0000000008002e28                vec2i_abs
                0x0000000008002ec0                vec2i_max
                0x0000000008002f6c                vec2i_min
                0x0000000008003018                vec2i_clamp
                0x0000000008003070                vec2i_tangent
                0x00000000080030d0                vec3i_is_zero
                0x000000000800312c                vec3i_is_equal
                0x00000000080031ac                vec3i
                0x0000000008003208                vec3i_assign
                0x0000000008003268                vec3i_assign_vec3
                0x00000000080032dc                vec3i_zero
                0x0000000008003320                vec3i_one
                0x0000000008003370                vec3i_sign
                0x0000000008003480                vec3i_add
                0x0000000008003518                vec3i_add_i
                0x000000000800359c                vec3i_subtract
                0x0000000008003634                vec3i_subtract_i
                0x00000000080036b8                vec3i_multiply
                0x0000000008003750                vec3i_multiply_i
                0x00000000080037d4                vec3i_divide
                0x0000000008003898                vec3i_divide_i
                0x000000000800393c                vec3i_snap
                0x0000000008003a34                vec3i_snap_i
                0x0000000008003af8                vec3i_cross
                0x0000000008003c00                vec3i_negative
                0x0000000008003c74                vec3i_abs
                0x0000000008003d4c                vec3i_max
                0x0000000008003e40                vec3i_min
                0x0000000008003f34                vec3i_clamp
                0x0000000008003f8c                vec4i_is_zero
                0x0000000008003ff8                vec4i_is_equal
                0x0000000008004094                vec4i
                0x0000000008004100                vec4i_assign
                0x0000000008004174                vec4i_assign_vec4
                0x0000000008004204                vec4i_zero
                0x0000000008004254                vec4i_one
                0x00000000080042b4                vec4i_sign
                0x0000000008004418                vec4i_add
                0x00000000080044d8                vec4i_add_i
                0x000000000800457c                vec4i_subtract
                0x000000000800463c                vec4i_subtract_i
                0x00000000080046e0                vec4i_multiply
                0x00000000080047a0                vec4i_multiply_i
                0x0000000008004844                vec4i_divide
                0x0000000008004938                vec4i_divide_i
                0x0000000008004a00                vec4i_snap
                0x0000000008004b3c                vec4i_snap_i
                0x0000000008004c30                vec4i_negative
                0x0000000008004cc0                vec4i_abs
                0x0000000008004dd8                vec4i_max
                0x0000000008004f14                vec4i_min
                0x0000000008005050                vec4i_clamp
                0x00000000080050a8                vec2_is_zero
                0x000000000800510c                vec2_is_equal
                0x0000000008005190                vec2
                0x00000000080051d8                vec2_assign
                0x0000000008005224                vec2_assign_vec2i
                0x000000000800527c                vec2_zero
                0x00000000080052b4                vec2_one
                0x00000000080052f4                vec2_sign
                0x00000000080053d0                vec2_add
                0x0000000008005440                vec2_add_f
                0x00000000080054a4                vec2_subtract
                0x0000000008005514                vec2_subtract_f
                0x0000000008005578                vec2_multiply
                0x00000000080055e8                vec2_multiply_f
                0x000000000800564c                vec2_multiply_mat2
                0x00000000080056f8                vec2_divide
                0x0000000008005768                vec2_divide_f
                0x00000000080057cc                vec2_snap
                0x0000000008005880                vec2_snap_f
                0x000000000800591c                vec2_negative
                0x0000000008005974                vec2_abs
                0x00000000080059cc                vec2_floor
                0x0000000008005a44                vec2_ceil
                0x0000000008005abc                vec2_round
                0x0000000008005b34                vec2_max
                0x0000000008005bcc                vec2_min
                0x0000000008005c64                vec2_clamp
                0x0000000008005cbc                vec2_normalize
                0x0000000008005d64                vec2_dot
                0x0000000008005dc4                vec2_project
                0x0000000008005e5c                vec2_slide
                0x0000000008005ef4                vec2_reflect
                0x0000000008005f94                vec2_tangent
                0x0000000008005ff4                vec2_rotate
                0x00000000080060a4                vec2_lerp
                0x0000000008006144                vec2_bezier3
                0x00000000080061c0                vec2_bezier4
                0x0000000008006294                vec2_angle
                0x00000000080062e4                vec2_length
                0x0000000008006350                vec2_length_squared
                0x00000000080063ac                vec2_distance
                0x0000000008006454                vec2_distance_squared
                0x00000000080064ec                vec2_linear_independent
                0x000000000800654c                vec2_orthonormalization
                0x00000000080066e8                vec3_is_zero
                0x0000000008006768                vec3_is_equal
                0x0000000008006818                vec3
                0x0000000008006874                vec3_assign
                0x00000000080068d4                vec3_assign_vec3i
                0x0000000008006948                vec3_zero
                0x000000000800698c                vec3_one
                0x00000000080069dc                vec3_sign
                0x0000000008006b1c                vec3_add
                0x0000000008006bb4                vec3_add_f
                0x0000000008006c38                vec3_subtract
                0x0000000008006cd0                vec3_subtract_f
                0x0000000008006d54                vec3_multiply
                0x0000000008006dec                vec3_multiply_f
                0x0000000008006e70                vec3_multiply_mat3
                0x0000000008006fa8                vec3_divide
                0x0000000008007040                vec3_divide_f
                0x00000000080070c4                vec3_snap
                0x00000000080071bc                vec3_snap_f
                0x000000000800728c                vec3_negative
                0x0000000008007300                vec3_abs
                0x0000000008007374                vec3_floor
                0x0000000008007410                vec3_ceil
                0x00000000080074ac                vec3_round
                0x0000000008007548                vec3_max
                0x0000000008007614                vec3_min
                0x00000000080076e0                vec3_clamp
                0x0000000008007738                vec3_cross
                0x0000000008007840                vec3_normalize
                0x0000000008007928                vec3_dot
                0x00000000080079a8                vec3_project
                0x0000000008007a60                vec3_slide
                0x0000000008007b28                vec3_reflect
                0x0000000008007bf8                vec3_rotate
                0x0000000008007e90                vec3_lerp
                0x0000000008007f70                vec3_bezier3
                0x0000000008007fec                vec3_bezier4
                0x00000000080080c0                vec3_length
                0x000000000800814c                vec3_length_squared
                0x00000000080081c8                vec3_distance
                0x00000000080082b0                vec3_distance_squared
                0x0000000008008388                vec3_linear_independent
                0x00000000080084bc                vec3_orthonormalization
                0x0000000008008720                vec4_is_zero
                0x00000000080087bc                vec4_is_equal
                0x0000000008008898                vec4
                0x0000000008008904                vec4_assign
                0x0000000008008978                vec4_assign_vec4i
                0x0000000008008a08                vec4_zero
                0x0000000008008a58                vec4_one
                0x0000000008008ab8                vec4_sign
                0x0000000008008c5c                vec4_add
                0x0000000008008d1c                vec4_add_f
                0x0000000008008dc0                vec4_subtract
                0x0000000008008e80                vec4_subtract_f
                0x0000000008008f24                vec4_multiply
                0x0000000008008fe4                vec4_multiply_f
                0x0000000008009088                vec4_multiply_mat4
                0x000000000800927c                vec4_divide
                0x000000000800933c                vec4_divide_f
                0x00000000080093e0                vec4_snap
                0x000000000800951c                vec4_snap_f
                0x0000000008009620                vec4_negative
                0x00000000080096b0                vec4_abs
                0x0000000008009740                vec4_floor
                0x0000000008009800                vec4_ceil
                0x00000000080098c0                vec4_round
                0x0000000008009980                vec4_max
                0x0000000008009a80                vec4_min
                0x0000000008009b80                vec4_clamp
                0x0000000008009bd8                vec4_normalize
                0x0000000008009d00                vec4_lerp
                0x0000000008009e20                quat_is_zero
                0x0000000008009ebc                quat_is_equal
                0x0000000008009f98                quat
                0x000000000800a004                quat_assign
                0x000000000800a078                quat_zero
                0x000000000800a0c8                quat_null
                0x000000000800a11c                quat_multiply
                0x000000000800a344                quat_multiply_f
                0x000000000800a3e8                quat_divide
                0x000000000800a640                quat_divide_f
                0x000000000800a6e4                quat_negative
                0x000000000800a774                quat_conjugate
                0x000000000800a7fc                quat_inverse
                0x000000000800a928                quat_normalize
                0x000000000800aa5c                quat_dot
                0x000000000800aafc                quat_power
                0x000000000800ac60                quat_from_axis_angle
                0x000000000800ad28                quat_from_vec3
                0x000000000800ae00                quat_from_mat4
                0x000000000800b26c                quat_lerp
                0x000000000800b38c                quat_slerp
                0x000000000800b564                quat_length
                0x000000000800b610                quat_length_squared
                0x000000000800b6ac                quat_angle
                0x000000000800b740                mat2
                0x000000000800b7ac                mat2_zero
                0x000000000800b7fc                mat2_identity
                0x000000000800b854                mat2_determinant
                0x000000000800b8b4                mat2_assign
                0x000000000800b928                mat2_negative
                0x000000000800b9b8                mat2_transpose
                0x000000000800ba4c                mat2_cofactor
                0x000000000800baf0                mat2_adjugate
                0x000000000800bb94                mat2_multiply
                0x000000000800bcec                mat2_multiply_f
                0x000000000800bd90                mat2_inverse
                0x000000000800be3c                mat2_scaling
                0x000000000800be88                mat2_scale
                0x000000000800bef8                mat2_rotation_z
                0x000000000800bf80                mat2_lerp
                0x000000000800c0a0                mat3
                0x000000000800c15c                mat3_zero
                0x000000000800c1e8                mat3_identity
                0x000000000800c280                mat3_determinant
                0x000000000800c3a8                mat3_assign
                0x000000000800c480                mat3_negative
                0x000000000800c59c                mat3_transpose
                0x000000000800c6bc                mat3_cofactor
                0x000000000800c9ec                mat3_multiply
                0x000000000800cdec                mat3_multiply_f
                0x000000000800cf30                mat3_inverse
                0x000000000800cf60                mat3_scaling
                0x000000000800cfc0                mat3_scale
                0x000000000800d058                mat3_rotation_x
                0x000000000800d0e4                mat3_rotation_y
                0x000000000800d16c                mat3_rotation_z
                0x000000000800d1f4                mat3_rotation_axis
                0x000000000800d4fc                mat3_rotation_quat
                0x000000000800d740                mat3_lerp
                0x000000000800d9a0                mat4
                0x000000000800dacc                mat4_zero
                0x000000000800dbac                mat4_identity
                0x000000000800dc9c                mat4_determinant
                0x000000000800e088                mat4_assign
                0x000000000800e1ec                mat4_negative
                0x000000000800e3cc                mat4_transpose
                0x000000000800e5b0                mat4_cofactor
                0x000000000800eefc                mat4_rotation_x
                0x000000000800ef88                mat4_rotation_y
                0x000000000800f010                mat4_rotation_z
                0x000000000800f098                mat4_rotation_axis
                0x000000000800f3f8                mat4_rotation_quat
                0x000000000800f694                mat4_translation
                0x000000000800f7fc                mat4_translate
                0x000000000800f99c                mat4_scaling
                0x000000000800fb04                mat4_scale
                0x000000000800fca0                mat4_multiply
                0x00000000080105a8                mat4_multiply_f
                0x00000000080107cc                mat4_inverse
                0x0000000008011398                mat4_lerp
                0x00000000080117b8                mat4_look_at
                0x0000000008011984                mat4_ortho
                0x0000000008011b10                mat4_perspective
                0x0000000008011c80                mat4_perspective_fov
                0x0000000008011e0c                mat4_perspective_infinite
                0x0000000008011fa0                svec2i_is_zero
                0x0000000008011fd4                svec2i_is_equal
                0x0000000008012018                svec2i
                0x000000000801206c                svec2i_assign
                0x00000000080120c0                svec2i_assign_vec2
                0x0000000008012114                svec2i_zero
                0x0000000008012158                svec2i_one
                0x000000000801219c                svec2i_sign
                0x00000000080121f0                svec2i_add
                0x0000000008012254                svec2i_add_i
                0x00000000080122b0                svec2i_subtract
                0x0000000008012314                svec2i_subtract_i
                0x0000000008012370                svec2i_multiply
                0x00000000080123d4                svec2i_multiply_i
                0x0000000008012430                svec2i_divide
                0x0000000008012494                svec2i_divide_i
                0x00000000080124f0                svec2i_snap
                0x0000000008012554                svec2i_snap_i
                0x00000000080125b0                svec2i_negative
                0x0000000008012604                svec2i_abs
                0x0000000008012658                svec2i_max
                0x00000000080126bc                svec2i_min
                0x0000000008012720                svec2i_clamp
                0x0000000008012788                svec2i_tangent
                0x00000000080127dc                svec3i_is_zero
                0x0000000008012814                svec3i_is_equal
                0x0000000008012854                svec3i
                0x00000000080128bc                svec3i_assign
                0x0000000008012920                svec3i_assign_vec3
                0x0000000008012984                svec3i_zero
                0x00000000080129d4                svec3i_one
                0x0000000008012a24                svec3i_sign
                0x0000000008012a88                svec3i_add
                0x0000000008012af0                svec3i_add_i
                0x0000000008012b58                svec3i_subtract
                0x0000000008012bc0                svec3i_subtract_i
                0x0000000008012c28                svec3i_multiply
                0x0000000008012c90                svec3i_multiply_i
                0x0000000008012cf8                svec3i_divide
                0x0000000008012d60                svec3i_divide_i
                0x0000000008012dc8                svec3i_snap
                0x0000000008012e30                svec3i_snap_i
                0x0000000008012e98                svec3i_cross
                0x0000000008012f00                svec3i_negative
                0x0000000008012f64                svec3i_abs
                0x0000000008012fc8                svec3i_max
                0x0000000008013030                svec3i_min
                0x0000000008013098                svec3i_clamp
                0x0000000008013108                svec4i_is_zero
                0x0000000008013144                svec4i_is_equal
                0x0000000008013184                svec4i
                0x00000000080131fc                svec4i_assign
                0x0000000008013264                svec4i_assign_vec4
                0x00000000080132cc                svec4i_zero
                0x0000000008013324                svec4i_one
                0x000000000801337c                svec4i_sign
                0x00000000080133e4                svec4i_add
                0x0000000008013454                svec4i_add_i
                0x00000000080134c0                svec4i_subtract
                0x0000000008013530                svec4i_subtract_i
                0x000000000801359c                svec4i_multiply
                0x000000000801360c                svec4i_multiply_i
                0x0000000008013678                svec4i_divide
                0x00000000080136e8                svec4i_divide_i
                0x0000000008013754                svec4i_snap
                0x00000000080137c4                svec4i_snap_i
                0x0000000008013830                svec4i_negative
                0x0000000008013898                svec4i_abs
                0x0000000008013900                svec4i_max
                0x0000000008013970                svec4i_min
                0x00000000080139e0                svec4i_clamp
                0x0000000008013a58                svec2_is_zero
                0x0000000008013a8c                svec2_is_equal
                0x0000000008013ad0                svec2
                0x0000000008013b24                svec2_assign
                0x0000000008013b78                svec2_assign_vec2i
                0x0000000008013bcc                svec2_zero
                0x0000000008013c10                svec2_one
                0x0000000008013c54                svec2_sign
                0x0000000008013ca8                svec2_add
                0x0000000008013d0c                svec2_add_f
                0x0000000008013d68                svec2_subtract
                0x0000000008013dcc                svec2_subtract_f
                0x0000000008013e28                svec2_multiply
                0x0000000008013e8c                svec2_multiply_f
                0x0000000008013ee8                svec2_multiply_mat2
                0x0000000008013f48                svec2_divide
                0x0000000008013fac                svec2_divide_f
                0x0000000008014008                svec2_snap
                0x000000000801406c                svec2_snap_f
                0x00000000080140c8                svec2_negative
                0x000000000801411c                svec2_abs
                0x0000000008014170                svec2_floor
                0x00000000080141c4                svec2_ceil
                0x0000000008014218                svec2_round
                0x000000000801426c                svec2_max
                0x00000000080142d0                svec2_min
                0x0000000008014334                svec2_clamp
                0x000000000801439c                svec2_normalize
                0x00000000080143f0                svec2_dot
                0x000000000801443c                svec2_project
                0x00000000080144a0                svec2_slide
                0x0000000008014504                svec2_reflect
                0x0000000008014568                svec2_tangent
                0x00000000080145bc                svec2_rotate
                0x0000000008014618                svec2_lerp
                0x0000000008014680                svec2_bezier3
                0x00000000080146f0                svec2_bezier4
                0x0000000008014768                svec2_angle
                0x00000000080147a4                svec2_length
                0x00000000080147e0                svec2_length_squared
                0x000000000801481c                svec2_distance
                0x0000000008014868                svec2_distance_squared
                0x00000000080148b4                svec3_is_zero
                0x00000000080148ec                svec3_is_equal
                0x000000000801492c                svec3
                0x0000000008014994                svec3_assign
                0x00000000080149f8                svec3_assign_vec3i
                0x0000000008014a5c                svec3_zero
                0x0000000008014aac                svec3_one
                0x0000000008014afc                svec3_sign
                0x0000000008014b60                svec3_add
                0x0000000008014bc8                svec3_add_f
                0x0000000008014c30                svec3_subtract
                0x0000000008014c98                svec3_subtract_f
                0x0000000008014d00                svec3_multiply
                0x0000000008014d68                svec3_multiply_f
                0x0000000008014dd0                svec3_multiply_mat3
                0x0000000008014e38                svec3_divide
                0x0000000008014ea0                svec3_divide_f
                0x0000000008014f08                svec3_snap
                0x0000000008014f70                svec3_snap_f
                0x0000000008014fd8                svec3_negative
                0x000000000801503c                svec3_abs
                0x00000000080150a0                svec3_floor
                0x0000000008015104                svec3_ceil
                0x0000000008015168                svec3_round
                0x00000000080151cc                svec3_max
                0x0000000008015234                svec3_min
                0x000000000801529c                svec3_clamp
                0x000000000801530c                svec3_cross
                0x0000000008015374                svec3_normalize
                0x00000000080153d8                svec3_dot
                0x0000000008015420                svec3_project
                0x0000000008015488                svec3_slide
                0x00000000080154f0                svec3_reflect
                0x0000000008015558                svec3_rotate
                0x00000000080155c4                svec3_lerp
                0x0000000008015630                svec3_bezier3
                0x00000000080156a8                svec3_bezier4
                0x0000000008015728                svec3_length
                0x0000000008015768                svec3_length_squared
                0x00000000080157a8                svec3_distance
                0x00000000080157f0                svec3_distance_squared
                0x0000000008015838                svec4_is_zero
                0x0000000008015874                svec4_is_equal
                0x00000000080158b4                svec4
                0x000000000801592c                svec4_assign
                0x0000000008015994                svec4_assign_vec4i
                0x00000000080159fc                svec4_zero
                0x0000000008015a54                svec4_one
                0x0000000008015aac                svec4_sign
                0x0000000008015b14                svec4_add
                0x0000000008015b84                svec4_add_f
                0x0000000008015bf0                svec4_subtract
                0x0000000008015c60                svec4_subtract_f
                0x0000000008015ccc                svec4_multiply
                0x0000000008015d3c                svec4_multiply_f
                0x0000000008015da8                svec4_multiply_mat4
                0x0000000008015e18                svec4_divide
                0x0000000008015e88                svec4_divide_f
                0x0000000008015ef4                svec4_snap
                0x0000000008015f64                svec4_snap_f
                0x0000000008015fd0                svec4_negative
                0x0000000008016038                svec4_abs
                0x00000000080160a0                svec4_floor
                0x0000000008016108                svec4_ceil
                0x0000000008016170                svec4_round
                0x00000000080161d8                svec4_max
                0x0000000008016248                svec4_min
                0x00000000080162b8                svec4_clamp
                0x0000000008016330                svec4_normalize
                0x0000000008016398                svec4_lerp
                0x000000000801640c                squat_is_zero
                0x0000000008016448                squat_is_equal
                0x0000000008016488                squat
                0x0000000008016500                squat_assign
                0x0000000008016568                squat_zero
                0x00000000080165c0                squat_null
                0x0000000008016618                squat_multiply
                0x0000000008016688                squat_multiply_f
                0x00000000080166f4                squat_divide
                0x0000000008016764                squat_divide_f
                0x00000000080167d0                squat_negative
                0x0000000008016838                squat_conjugate
                0x00000000080168a0                squat_inverse
                0x0000000008016908                squat_normalize
                0x0000000008016970                squat_dot
                0x00000000080169b8                squat_power
                0x0000000008016a24                squat_from_axis_angle
                0x0000000008016a94                squat_from_vec3
                0x0000000008016b04                squat_from_mat4
                0x0000000008016b6c                squat_lerp
                0x0000000008016be0                squat_slerp
                0x0000000008016c54                squat_length
                0x0000000008016c98                squat_length_squared
                0x0000000008016cdc                squat_angle
                0x0000000008016d24                smat2
                0x0000000008016d9c                smat2_zero
                0x0000000008016df4                smat2_identity
                0x0000000008016e4c                smat2_determinant
                0x0000000008016e90                smat2_assign
                0x0000000008016ef8                smat2_negative
                0x0000000008016f60                smat2_transpose
                0x0000000008016fc8                smat2_cofactor
                0x0000000008017030                smat2_adjugate
                0x0000000008017098                smat2_multiply
                0x0000000008017108                smat2_multiply_f
                0x0000000008017174                smat2_inverse
                0x00000000080171dc                smat2_scaling
                0x0000000008017244                smat2_scale
                0x00000000080172b4                smat2_rotation_z
                0x0000000008017314                smat2_lerp
                0x0000000008017388                smat3
                0x0000000008017450                smat3_zero
                0x00000000080174d0                smat3_identity
                0x0000000008017550                smat3_determinant
                0x0000000008017594                smat3_assign
                0x0000000008017624                smat3_negative
                0x00000000080176b4                smat3_transpose
                0x0000000008017744                smat3_cofactor
                0x00000000080177d4                smat3_multiply
                0x000000000801786c                smat3_multiply_f
                0x0000000008017900                smat3_inverse
                0x0000000008017990                smat3_scaling
                0x0000000008017a24                smat3_scale
                0x0000000008017abc                smat3_rotation_x
                0x0000000008017b44                smat3_rotation_y
                0x0000000008017bcc                smat3_rotation_z
                0x0000000008017c54                smat3_rotation_axis
                0x0000000008017cec                smat3_rotation_quat
                0x0000000008017d7c                smat3_lerp
                0x0000000008017e18                smat4
                0x0000000008017eec                smat4_zero
                0x0000000008017f40                smat4_identity
                0x0000000008017f94                smat4_determinant
                0x0000000008017fd8                smat4_assign
                0x000000000801803c                smat4_negative
                0x00000000080180a0                smat4_transpose
                0x0000000008018104                smat4_cofactor
                0x0000000008018168                smat4_rotation_x
                0x00000000080181c4                smat4_rotation_y
                0x0000000008018220                smat4_rotation_z
                0x000000000801827c                smat4_rotation_axis
                0x00000000080182e8                smat4_rotation_quat
                0x000000000801834c                smat4_translation
                0x00000000080183b8                smat4_translate
                0x0000000008018424                smat4_scaling
                0x0000000008018490                smat4_scale
                0x00000000080184fc                smat4_multiply
                0x0000000008018568                smat4_multiply_f
                0x00000000080185d0                smat4_inverse
                0x0000000008018634                smat4_lerp
                0x00000000080186a4                smat4_look_at
                0x0000000008018718                smat4_ortho
                0x000000000801879c                smat4_perspective
                0x0000000008018810                smat4_perspective_fov
                0x000000000801888c                smat4_perspective_infinite
                0x00000000080188f8                psvec2i_is_zero
                0x0000000008018928                psvec2i_is_equal
                0x0000000008018960                psvec2i
                0x00000000080189a0                psvec2i_assign
                0x00000000080189d8                psvec2i_assign_vec2
                0x0000000008018a10                psvec2i_zero
                0x0000000008018a40                psvec2i_one
                0x0000000008018a70                psvec2i_sign
                0x0000000008018aa8                psvec2i_add
                0x0000000008018ae8                psvec2i_add_i
                0x0000000008018b28                psvec2i_subtract
                0x0000000008018b68                psvec2i_subtract_i
                0x0000000008018ba8                psvec2i_multiply
                0x0000000008018be8                psvec2i_multiply_i
                0x0000000008018c28                psvec2i_divide
                0x0000000008018c68                psvec2i_divide_i
                0x0000000008018ca8                psvec2i_snap
                0x0000000008018ce8                psvec2i_snap_i
                0x0000000008018d28                psvec2i_negative
                0x0000000008018d60                psvec2i_abs
                0x0000000008018d98                psvec2i_max
                0x0000000008018dd8                psvec2i_min
                0x0000000008018e18                psvec2i_clamp
                0x0000000008018e60                psvec2i_tangent
                0x0000000008018e98                psvec3i_is_zero
                0x0000000008018ec8                psvec3i_is_equal
                0x0000000008018f00                psvec3i
                0x0000000008018f48                psvec3i_assign
                0x0000000008018f80                psvec3i_assign_vec3
                0x0000000008018fb8                psvec3i_zero
                0x0000000008018fe8                psvec3i_one
                0x0000000008019018                psvec3i_sign
                0x0000000008019050                psvec3i_add
                0x0000000008019090                psvec3i_add_i
                0x00000000080190d0                psvec3i_subtract
                0x0000000008019110                psvec3i_subtract_i
                0x0000000008019150                psvec3i_multiply
                0x0000000008019190                psvec3i_multiply_i
                0x00000000080191d0                psvec3i_divide
                0x0000000008019210                psvec3i_divide_i
                0x0000000008019250                psvec3i_snap
                0x0000000008019290                psvec3i_snap_i
                0x00000000080192d0                psvec3i_cross
                0x0000000008019310                psvec3i_negative
                0x0000000008019348                psvec3i_abs
                0x0000000008019380                psvec3i_max
                0x00000000080193c0                psvec3i_min
                0x0000000008019400                psvec3i_clamp
                0x0000000008019448                psvec4i_is_zero
                0x0000000008019478                psvec4i_is_equal
                0x00000000080194b0                psvec4i
                0x0000000008019500                psvec4i_assign
                0x0000000008019538                psvec4i_assign_vec4
                0x0000000008019570                psvec4i_zero
                0x00000000080195a0                psvec4i_one
                0x00000000080195d0                psvec4i_sign
                0x0000000008019608                psvec4i_add
                0x0000000008019648                psvec4i_add_i
                0x0000000008019688                psvec4i_subtract
                0x00000000080196c8                psvec4i_subtract_i
                0x0000000008019708                psvec4i_multiply
                0x0000000008019748                psvec4i_multiply_i
                0x0000000008019788                psvec4i_divide
                0x00000000080197c8                psvec4i_divide_i
                0x0000000008019808                psvec4i_snap
                0x0000000008019848                psvec4i_snap_i
                0x0000000008019888                psvec4i_negative
                0x00000000080198c0                psvec4i_abs
                0x00000000080198f8                psvec4i_max
                0x0000000008019938                psvec4i_min
                0x0000000008019978                psvec4i_clamp
                0x00000000080199c0                psvec2_is_zero
                0x00000000080199f0                psvec2_is_equal
                0x0000000008019a28                psvec2
                0x0000000008019a68                psvec2_assign
                0x0000000008019aa0                psvec2_assign_vec2i
                0x0000000008019ad8                psvec2_zero
                0x0000000008019b08                psvec2_one
                0x0000000008019b38                psvec2_sign
                0x0000000008019b70                psvec2_add
                0x0000000008019bb0                psvec2_add_f
                0x0000000008019bf0                psvec2_subtract
                0x0000000008019c30                psvec2_subtract_f
                0x0000000008019c70                psvec2_multiply
                0x0000000008019cb0                psvec2_multiply_f
                0x0000000008019cf0                psvec2_multiply_mat2
                0x0000000008019d30                psvec2_divide
                0x0000000008019d70                psvec2_divide_f
                0x0000000008019db0                psvec2_snap
                0x0000000008019df0                psvec2_snap_f
                0x0000000008019e30                psvec2_negative
                0x0000000008019e68                psvec2_abs
                0x0000000008019ea0                psvec2_floor
                0x0000000008019ed8                psvec2_ceil
                0x0000000008019f10                psvec2_round
                0x0000000008019f48                psvec2_max
                0x0000000008019f88                psvec2_min
                0x0000000008019fc8                psvec2_clamp
                0x000000000801a010                psvec2_normalize
                0x000000000801a048                psvec2_dot
                0x000000000801a088                psvec2_project
                0x000000000801a0c8                psvec2_slide
                0x000000000801a108                psvec2_reflect
                0x000000000801a148                psvec2_tangent
                0x000000000801a180                psvec2_rotate
                0x000000000801a1c0                psvec2_lerp
                0x000000000801a208                psvec2_bezier3
                0x000000000801a258                psvec2_bezier4
                0x000000000801a2b0                psvec2_angle
                0x000000000801a2e8                psvec2_length
                0x000000000801a320                psvec2_length_squared
                0x000000000801a358                psvec2_distance
                0x000000000801a398                psvec2_distance_squared
                0x000000000801a3d8                psvec3_is_zero
                0x000000000801a408                psvec3_is_equal
                0x000000000801a440                psvec3
                0x000000000801a488                psvec3_assign
                0x000000000801a4c0                psvec3_assign_vec3i
                0x000000000801a4f8                psvec3_zero
                0x000000000801a528                psvec3_one
                0x000000000801a558                psvec3_sign
                0x000000000801a590                psvec3_add
                0x000000000801a5d0                psvec3_add_f
                0x000000000801a610                psvec3_subtract
                0x000000000801a650                psvec3_subtract_f
                0x000000000801a690                psvec3_multiply
                0x000000000801a6d0                psvec3_multiply_f
                0x000000000801a710                psvec3_multiply_mat3
                0x000000000801a750                psvec3_divide
                0x000000000801a790                psvec3_divide_f
                0x000000000801a7d0                psvec3_snap
                0x000000000801a810                psvec3_snap_f
                0x000000000801a850                psvec3_negative
                0x000000000801a888                psvec3_abs
                0x000000000801a8c0                psvec3_floor
                0x000000000801a8f8                psvec3_ceil
                0x000000000801a930                psvec3_round
                0x000000000801a968                psvec3_max
                0x000000000801a9a8                psvec3_min
                0x000000000801a9e8                psvec3_clamp
                0x000000000801aa30                psvec3_cross
                0x000000000801aa70                psvec3_normalize
                0x000000000801aaa8                psvec3_dot
                0x000000000801aae8                psvec3_project
                0x000000000801ab28                psvec3_slide
                0x000000000801ab68                psvec3_reflect
                0x000000000801aba8                psvec3_rotate
                0x000000000801abf0                psvec3_lerp
                0x000000000801ac38                psvec3_bezier3
                0x000000000801ac88                psvec3_bezier4
                0x000000000801ace0                psvec3_length
                0x000000000801ad18                psvec3_length_squared
                0x000000000801ad50                psvec3_distance
                0x000000000801ad90                psvec3_distance_squared
                0x000000000801add0                psvec4_is_zero
                0x000000000801ae00                psvec4_is_equal
                0x000000000801ae38                psvec4
                0x000000000801ae88                psvec4_assign
                0x000000000801aec0                psvec4_assign_vec4i
                0x000000000801aef8                psvec4_zero
                0x000000000801af28                psvec4_one
                0x000000000801af58                psvec4_sign
                0x000000000801af90                psvec4_add
                0x000000000801afd0                psvec4_add_f
                0x000000000801b010                psvec4_subtract
                0x000000000801b050                psvec4_subtract_f
                0x000000000801b090                psvec4_multiply
                0x000000000801b0d0                psvec4_multiply_f
                0x000000000801b110                psvec4_multiply_mat4
                0x000000000801b150                psvec4_divide
                0x000000000801b190                psvec4_divide_f
                0x000000000801b1d0                psvec4_snap
                0x000000000801b210                psvec4_snap_f
                0x000000000801b250                psvec4_negative
                0x000000000801b288                psvec4_abs
                0x000000000801b2c0                psvec4_floor
                0x000000000801b2f8                psvec4_ceil
                0x000000000801b330                psvec4_round
                0x000000000801b368                psvec4_max
                0x000000000801b3a8                psvec4_min
                0x000000000801b3e8                psvec4_clamp
                0x000000000801b430                psvec4_normalize
                0x000000000801b468                psvec4_lerp
                0x000000000801b4b0                psquat_is_zero
                0x000000000801b4e0                psquat_is_equal
                0x000000000801b518                psquat
                0x000000000801b568                psquat_assign
                0x000000000801b5a0                psquat_zero
                0x000000000801b5d0                psquat_null
                0x000000000801b600                psquat_multiply
                0x000000000801b640                psquat_multiply_f
                0x000000000801b680                psquat_divide
                0x000000000801b6c0                psquat_divide_f
                0x000000000801b700                psquat_negative
                0x000000000801b738                psquat_conjugate
                0x000000000801b770                psquat_inverse
                0x000000000801b7a8                psquat_normalize
                0x000000000801b7e0                psquat_dot
                0x000000000801b820                psquat_power
                0x000000000801b860                psquat_from_axis_angle
                0x000000000801b8a0                psquat_from_vec3
                0x000000000801b8e0                psquat_from_mat4
                0x000000000801b918                psquat_lerp
                0x000000000801b960                psquat_slerp
                0x000000000801b9a8                psquat_length
                0x000000000801b9e0                psquat_length_squared
                0x000000000801ba18                psquat_angle
                0x000000000801ba58                psmat2
                0x000000000801baa8                psmat2_zero
                0x000000000801bad8                psmat2_identity
                0x000000000801bb08                psmat2_determinant
                0x000000000801bb40                psmat2_assign
                0x000000000801bb78                psmat2_negative
                0x000000000801bbb0                psmat2_transpose
                0x000000000801bbe8                psmat2_cofactor
                0x000000000801bc20                psmat2_adjugate
                0x000000000801bc58                psmat2_multiply
                0x000000000801bc98                psmat2_multiply_f
                0x000000000801bcd8                psmat2_inverse
                0x000000000801bd10                psmat2_scaling
                0x000000000801bd48                psmat2_scale
                0x000000000801bd88                psmat2_rotation_z
                0x000000000801bdc0                psmat2_lerp
                0x000000000801be08                psmat3
                0x000000000801be80                psmat3_zero
                0x000000000801beb0                psmat3_identity
                0x000000000801bee0                psmat3_determinant
                0x000000000801bf18                psmat3_assign
                0x000000000801bf50                psmat3_negative
                0x000000000801bf88                psmat3_transpose
                0x000000000801bfc0                psmat3_cofactor
                0x000000000801bff8                psmat3_multiply
                0x000000000801c038                psmat3_multiply_f
                0x000000000801c078                psmat3_inverse
                0x000000000801c0b0                psmat3_scaling
                0x000000000801c0e8                psmat3_scale
                0x000000000801c128                psmat3_rotation_x
                0x000000000801c160                psmat3_rotation_y
                0x000000000801c198                psmat3_rotation_z
                0x000000000801c1d0                psmat3_rotation_axis
                0x000000000801c210                psmat3_rotation_quat
                0x000000000801c248                psmat3_lerp
                0x000000000801c290                psmat4
                0x000000000801c340                psmat4_zero
                0x000000000801c370                psmat4_identity
                0x000000000801c3a0                psmat4_determinant
                0x000000000801c3d8                psmat4_assign
                0x000000000801c410                psmat4_negative
                0x000000000801c448                psmat4_transpose
                0x000000000801c480                psmat4_cofactor
                0x000000000801c4b8                psmat4_rotation_x
                0x000000000801c4f0                psmat4_rotation_y
                0x000000000801c528                psmat4_rotation_z
                0x000000000801c560                psmat4_rotation_axis
                0x000000000801c5a0                psmat4_rotation_quat
                0x000000000801c5d8                psmat4_translation
                0x000000000801c618                psmat4_translate
                0x000000000801c658                psmat4_scaling
                0x000000000801c698                psmat4_scale
                0x000000000801c6d8                psmat4_multiply
                0x000000000801c718                psmat4_multiply_f
                0x000000000801c758                psmat4_inverse
                0x000000000801c790                psmat4_lerp
                0x000000000801c7d8                psmat4_look_at
                0x000000000801c820                psmat4_ortho
                0x000000000801c880                psmat4_perspective
                0x000000000801c8d0                psmat4_perspective_fov
                0x000000000801c928                psmat4_perspective_infinite
                0x000000000801c970                quadratic_ease_out
                0x000000000801c9b0                quadratic_ease_in
                0x000000000801c9e4                quadratic_ease_in_out
                0x000000000801ca6c                cubic_ease_out
                0x000000000801cac0                cubic_ease_in
                0x000000000801cafc                cubic_ease_in_out
                0x000000000801cb9c                quartic_ease_out
                0x000000000801cc00                quartic_ease_in
                0x000000000801cc44                quartic_ease_in_out
                0x000000000801ccf0                quintic_ease_out
                0x000000000801cd54                quintic_ease_in
                0x000000000801cda0                quintic_ease_in_out
                0x000000000801ce60                sine_ease_out
                0x000000000801cea8                sine_ease_in
                0x000000000801cf04                sine_ease_in_out
                0x000000000801cf60                circular_ease_out
                0x000000000801cfac                circular_ease_in
                0x000000000801d004                circular_ease_in_out
                0x000000000801d0d4                exponential_ease_out
                0x000000000801d14c                exponential_ease_in
                0x000000000801d1c0                exponential_ease_in_out
                0x000000000801d278                elastic_ease_out
                0x000000000801d2fc                elastic_ease_in
                0x000000000801d378                elastic_ease_in_out
                0x000000000801d494                back_ease_out
                0x000000000801d520                back_ease_in
                0x000000000801d594                back_ease_in_out
                0x000000000801d6b0                bounce_ease_out
                0x000000000801d7fc                bounce_ease_in
                0x000000000801d84c                bounce_ease_in_out
 .text          0x000000000801d8e8        0x0 obj/default/src/utils.o
 .text          0x000000000801d8e8        0x0 ../Hello_bsp//newlib/nios2-elf/lib\libm.a(lib_a-sf_ceil.o)
 .text.ceilf    0x000000000801d8e8      0x168 ../Hello_bsp//newlib/nios2-elf/lib\libm.a(lib_a-sf_ceil.o)
                0x000000000801d8e8                ceilf
 .text          0x000000000801da50        0x0 ../Hello_bsp//newlib/nios2-elf/lib\libm.a(lib_a-sf_cos.o)
 .text.cosf     0x000000000801da50      0x140 ../Hello_bsp//newlib/nios2-elf/lib\libm.a(lib_a-sf_cos.o)
                0x000000000801da50                cosf
 .text          0x000000000801db90        0x0 ../Hello_bsp//newlib/nios2-elf/lib\libm.a(lib_a-sf_floor.o)
 .text.floorf   0x000000000801db90      0x164 ../Hello_bsp//newlib/nios2-elf/lib\libm.a(lib_a-sf_floor.o)
                0x000000000801db90                floorf
 .text          0x000000000801dcf4        0x0 ../Hello_bsp//newlib/nios2-elf/lib\libm.a(lib_a-sf_fmax.o)
 .text.fmaxf    0x000000000801dcf4       0x7c ../Hello_bsp//newlib/nios2-elf/lib\libm.a(lib_a-sf_fmax.o)
                0x000000000801dcf4                fmaxf
 .text          0x000000000801dd70        0x0 ../Hello_bsp//newlib/nios2-elf/lib\libm.a(lib_a-sf_fmin.o)
 .text.fminf    0x000000000801dd70       0x7c ../Hello_bsp//newlib/nios2-elf/lib\libm.a(lib_a-sf_fmin.o)
                0x000000000801dd70                fminf
 .text          0x000000000801ddec        0x0 ../Hello_bsp//newlib/nios2-elf/lib\libm.a(lib_a-sf_fpclassify.o)
 .text.__fpclassifyf
                0x000000000801ddec       0xdc ../Hello_bsp//newlib/nios2-elf/lib\libm.a(lib_a-sf_fpclassify.o)
                0x000000000801ddec                __fpclassifyf
 .text          0x000000000801dec8        0x0 ../Hello_bsp//newlib/nios2-elf/lib\libm.a(lib_a-sf_round.o)
 .text.roundf   0x000000000801dec8      0x11c ../Hello_bsp//newlib/nios2-elf/lib\libm.a(lib_a-sf_round.o)
                0x000000000801dec8                roundf
 .text          0x000000000801dfe4        0x0 ../Hello_bsp//newlib/nios2-elf/lib\libm.a(lib_a-sf_sin.o)
 .text.sinf     0x000000000801dfe4      0x144 ../Hello_bsp//newlib/nios2-elf/lib\libm.a(lib_a-sf_sin.o)
                0x000000000801dfe4                sinf
 .text          0x000000000801e128        0x0 ../Hello_bsp//newlib/nios2-elf/lib\libm.a(lib_a-sf_tan.o)
 .text.tanf     0x000000000801e128       0xe0 ../Hello_bsp//newlib/nios2-elf/lib\libm.a(lib_a-sf_tan.o)
                0x000000000801e128                tanf
 .text          0x000000000801e208        0x0 ../Hello_bsp//newlib/nios2-elf/lib\libm.a(lib_a-wf_acos.o)
 .text.acosf    0x000000000801e208      0x144 ../Hello_bsp//newlib/nios2-elf/lib\libm.a(lib_a-wf_acos.o)
                0x000000000801e208                acosf
 .text          0x000000000801e34c        0x0 ../Hello_bsp//newlib/nios2-elf/lib\libm.a(lib_a-wf_atan2.o)
 .text.atan2f   0x000000000801e34c       0x40 ../Hello_bsp//newlib/nios2-elf/lib\libm.a(lib_a-wf_atan2.o)
                0x000000000801e34c                atan2f
 .text          0x000000000801e38c        0x0 ../Hello_bsp//newlib/nios2-elf/lib\libm.a(lib_a-wf_pow.o)
 .text.powf     0x000000000801e38c      0x73c ../Hello_bsp//newlib/nios2-elf/lib\libm.a(lib_a-wf_pow.o)
                0x000000000801e38c                powf
 .text          0x000000000801eac8        0x0 ../Hello_bsp//newlib/nios2-elf/lib\libm.a(lib_a-wf_sqrt.o)
 .text.sqrtf    0x000000000801eac8      0x160 ../Hello_bsp//newlib/nios2-elf/lib\libm.a(lib_a-wf_sqrt.o)
                0x000000000801eac8                sqrtf
 .text          0x000000000801ec28        0x0 ../Hello_bsp//newlib/nios2-elf/lib\libm.a(lib_a-ef_acos.o)
 .text.__ieee754_acosf
                0x000000000801ec28      0x4d4 ../Hello_bsp//newlib/nios2-elf/lib\libm.a(lib_a-ef_acos.o)
                0x000000000801ec28                __ieee754_acosf
 .text          0x000000000801f0fc        0x0 ../Hello_bsp//newlib/nios2-elf/lib\libm.a(lib_a-ef_atan2.o)
 .text.__ieee754_atan2f
                0x000000000801f0fc      0x414 ../Hello_bsp//newlib/nios2-elf/lib\libm.a(lib_a-ef_atan2.o)
                0x000000000801f0fc                __ieee754_atan2f
 .text          0x000000000801f510        0x0 ../Hello_bsp//newlib/nios2-elf/lib\libm.a(lib_a-ef_pow.o)
 .text.__ieee754_powf
                0x000000000801f510      0xd64 ../Hello_bsp//newlib/nios2-elf/lib\libm.a(lib_a-ef_pow.o)
                0x000000000801f510                __ieee754_powf
 .text          0x0000000008020274        0x0 ../Hello_bsp//newlib/nios2-elf/lib\libm.a(lib_a-ef_rem_pio2.o)
 .text.__ieee754_rem_pio2f
                0x0000000008020274      0x674 ../Hello_bsp//newlib/nios2-elf/lib\libm.a(lib_a-ef_rem_pio2.o)
                0x0000000008020274                __ieee754_rem_pio2f
 .text          0x00000000080208e8        0x0 ../Hello_bsp//newlib/nios2-elf/lib\libm.a(lib_a-ef_sqrt.o)
 .text.__ieee754_sqrtf
                0x00000000080208e8      0x294 ../Hello_bsp//newlib/nios2-elf/lib\libm.a(lib_a-ef_sqrt.o)
                0x00000000080208e8                __ieee754_sqrtf
 .text          0x0000000008020b7c        0x0 ../Hello_bsp//newlib/nios2-elf/lib\libm.a(lib_a-kf_cos.o)
 .text.__kernel_cosf
                0x0000000008020b7c      0x1c4 ../Hello_bsp//newlib/nios2-elf/lib\libm.a(lib_a-kf_cos.o)
                0x0000000008020b7c                __kernel_cosf
 .text          0x0000000008020d40        0x0 ../Hello_bsp//newlib/nios2-elf/lib\libm.a(lib_a-kf_rem_pio2.o)
 .text.__kernel_rem_pio2f
                0x0000000008020d40      0xea0 ../Hello_bsp//newlib/nios2-elf/lib\libm.a(lib_a-kf_rem_pio2.o)
                0x0000000008020d40                __kernel_rem_pio2f
 .text          0x0000000008021be0        0x0 ../Hello_bsp//newlib/nios2-elf/lib\libm.a(lib_a-kf_sin.o)
 .text.__kernel_sinf
                0x0000000008021be0      0x16c ../Hello_bsp//newlib/nios2-elf/lib\libm.a(lib_a-kf_sin.o)
                0x0000000008021be0                __kernel_sinf
 .text          0x0000000008021d4c        0x0 ../Hello_bsp//newlib/nios2-elf/lib\libm.a(lib_a-kf_tan.o)
 .text.__kernel_tanf
                0x0000000008021d4c      0x3fc ../Hello_bsp//newlib/nios2-elf/lib\libm.a(lib_a-kf_tan.o)
                0x0000000008021d4c                __kernel_tanf
 .text          0x0000000008022148        0x0 ../Hello_bsp//newlib/nios2-elf/lib\libm.a(lib_a-s_lib_ver.o)
 .text          0x0000000008022148        0x0 ../Hello_bsp//newlib/nios2-elf/lib\libm.a(lib_a-s_matherr.o)
 .text.matherr  0x0000000008022148       0x68 ../Hello_bsp//newlib/nios2-elf/lib\libm.a(lib_a-s_matherr.o)
                0x0000000008022148                matherr
 .text          0x00000000080221b0        0x0 ../Hello_bsp//newlib/nios2-elf/lib\libm.a(lib_a-s_nan.o)
 .text.nan      0x00000000080221b0       0x44 ../Hello_bsp//newlib/nios2-elf/lib\libm.a(lib_a-s_nan.o)
                0x00000000080221b0                nan
 .text          0x00000000080221f4        0x0 ../Hello_bsp//newlib/nios2-elf/lib\libm.a(lib_a-s_rint.o)
 .text.rint     0x00000000080221f4      0x438 ../Hello_bsp//newlib/nios2-elf/lib\libm.a(lib_a-s_rint.o)
                0x00000000080221f4                rint
 .text          0x000000000802262c        0x0 ../Hello_bsp//newlib/nios2-elf/lib\libm.a(lib_a-sf_atan.o)
 .text.atanf    0x000000000802262c      0x370 ../Hello_bsp//newlib/nios2-elf/lib\libm.a(lib_a-sf_atan.o)
                0x000000000802262c                atanf
 .text          0x000000000802299c        0x0 ../Hello_bsp//newlib/nios2-elf/lib\libm.a(lib_a-sf_fabs.o)
 .text.fabsf    0x000000000802299c       0x58 ../Hello_bsp//newlib/nios2-elf/lib\libm.a(lib_a-sf_fabs.o)
                0x000000000802299c                fabsf
 .text          0x00000000080229f4        0x0 ../Hello_bsp//newlib/nios2-elf/lib\libm.a(lib_a-sf_finite.o)
 .text.finitef  0x00000000080229f4       0x54 ../Hello_bsp//newlib/nios2-elf/lib\libm.a(lib_a-sf_finite.o)
                0x00000000080229f4                finitef
 .text          0x0000000008022a48        0x0 ../Hello_bsp//newlib/nios2-elf/lib\libm.a(lib_a-sf_nan.o)
 .text.nanf     0x0000000008022a48       0x34 ../Hello_bsp//newlib/nios2-elf/lib\libm.a(lib_a-sf_nan.o)
                0x0000000008022a48                nanf
 .text          0x0000000008022a7c        0x0 ../Hello_bsp//newlib/nios2-elf/lib\libm.a(lib_a-sf_scalbn.o)
 .text.scalbnf  0x0000000008022a7c      0x214 ../Hello_bsp//newlib/nios2-elf/lib\libm.a(lib_a-sf_scalbn.o)
                0x0000000008022a7c                scalbnf
 .text          0x0000000008022c90        0x0 ../Hello_bsp//newlib/nios2-elf/lib\libm.a(lib_a-sf_copysign.o)
 .text.copysignf
                0x0000000008022c90       0x78 ../Hello_bsp//newlib/nios2-elf/lib\libm.a(lib_a-sf_copysign.o)
                0x0000000008022c90                copysignf
 .text          0x0000000008022d08      0x1b4 d:/intelfpga_lite/18.0/nios2eds/bin/gnu/h-x86_64-mingw32/bin/../lib/gcc/nios2-elf/5.3.0\libgcc.a(lib2-divmod.o)
                0x0000000008022d08                __divsi3
                0x0000000008022d8c                __modsi3
                0x0000000008022e00                __udivsi3
                0x0000000008022e64                __umodsi3
 .text          0x0000000008022ebc      0x8ac d:/intelfpga_lite/18.0/nios2eds/bin/gnu/h-x86_64-mingw32/bin/../lib/gcc/nios2-elf/5.3.0\libgcc.a(adddf3.o)
                0x0000000008022ebc                __adddf3
 .text          0x0000000008023768      0x8e8 d:/intelfpga_lite/18.0/nios2eds/bin/gnu/h-x86_64-mingw32/bin/../lib/gcc/nios2-elf/5.3.0\libgcc.a(divdf3.o)
                0x0000000008023768                __divdf3
 .text          0x0000000008024050       0x88 d:/intelfpga_lite/18.0/nios2eds/bin/gnu/h-x86_64-mingw32/bin/../lib/gcc/nios2-elf/5.3.0\libgcc.a(eqdf2.o)
                0x0000000008024050                __nedf2
                0x0000000008024050                __eqdf2
 .text          0x00000000080240d8      0x8fc d:/intelfpga_lite/18.0/nios2eds/bin/gnu/h-x86_64-mingw32/bin/../lib/gcc/nios2-elf/5.3.0\libgcc.a(subdf3.o)
                0x00000000080240d8                __subdf3
 .text          0x00000000080249d4      0x110 d:/intelfpga_lite/18.0/nios2eds/bin/gnu/h-x86_64-mingw32/bin/../lib/gcc/nios2-elf/5.3.0\libgcc.a(extendsfdf2.o)
                0x00000000080249d4                __extendsfdf2
 .text          0x0000000008024ae4      0x1a8 d:/intelfpga_lite/18.0/nios2eds/bin/gnu/h-x86_64-mingw32/bin/../lib/gcc/nios2-elf/5.3.0\libgcc.a(truncdfsf2.o)
                0x0000000008024ae4                __truncdfsf2
 .text          0x0000000008024c8c       0x64 d:/intelfpga_lite/18.0/nios2eds/bin/gnu/h-x86_64-mingw32/bin/../lib/gcc/nios2-elf/5.3.0\libgcc.a(_clzsi2.o)
                0x0000000008024c8c                __clzsi2
 .text          0x0000000008024cf0        0x0 d:/intelfpga_lite/18.0/nios2eds/bin/gnu/h-x86_64-mingw32/bin/../lib/gcc/nios2-elf/5.3.0\libgcc.a(_clz.o)
 .text          0x0000000008024cf0        0x0 ../Hello_bsp//newlib/nios2-elf/lib\libc.a(lib_a-errno.o)
 .text.__errno  0x0000000008024cf0       0x20 ../Hello_bsp//newlib/nios2-elf/lib\libc.a(lib_a-errno.o)
                0x0000000008024cf0                __errno
 .text          0x0000000008024d10        0x0 ../Hello_bsp//newlib/nios2-elf/lib\libc.a(lib_a-impure.o)
 .text          0x0000000008024d10        0x0 ../Hello_bsp//newlib/nios2-elf/lib\libc.a(lib_a-malloc.o)
 .text.malloc   0x0000000008024d10       0x38 ../Hello_bsp//newlib/nios2-elf/lib\libc.a(lib_a-malloc.o)
                0x0000000008024d10                malloc
 .text.free     0x0000000008024d48       0x3c ../Hello_bsp//newlib/nios2-elf/lib\libc.a(lib_a-malloc.o)
                0x0000000008024d48                free
 .text          0x0000000008024d84        0x0 ../Hello_bsp//newlib/nios2-elf/lib\libc.a(lib_a-mallocr.o)
 .text.malloc_extend_top
                0x0000000008024d84      0x3b4 ../Hello_bsp//newlib/nios2-elf/lib\libc.a(lib_a-mallocr.o)
 .text._malloc_r
                0x0000000008025138      0xb7c ../Hello_bsp//newlib/nios2-elf/lib\libc.a(lib_a-mallocr.o)
                0x0000000008025138                _malloc_r
 .text          0x0000000008025cb4        0x0 ../Hello_bsp//newlib/nios2-elf/lib\libc.a(lib_a-memcpy.o)
 .text.memcpy   0x0000000008025cb4      0x188 ../Hello_bsp//newlib/nios2-elf/lib\libc.a(lib_a-memcpy.o)
                0x0000000008025cb4                memcpy
 .text          0x0000000008025e3c        0x0 ../Hello_bsp//newlib/nios2-elf/lib\libc.a(lib_a-memset.o)
 .text.memset   0x0000000008025e3c      0x1c4 ../Hello_bsp//newlib/nios2-elf/lib\libc.a(lib_a-memset.o)
                0x0000000008025e3c                memset
 .text          0x0000000008026000        0x0 ../Hello_bsp//newlib/nios2-elf/lib\libc.a(lib_a-printf.o)
 .text._printf_r
                0x0000000008026000       0x64 ../Hello_bsp//newlib/nios2-elf/lib\libc.a(lib_a-printf.o)
                0x0000000008026000                _printf_r
 .text.printf   0x0000000008026064       0x68 ../Hello_bsp//newlib/nios2-elf/lib\libc.a(lib_a-printf.o)
                0x0000000008026064                printf
 .text          0x00000000080260cc        0x0 ../Hello_bsp//newlib/nios2-elf/lib\libc.a(lib_a-putchar.o)
 .text._putchar_r
                0x00000000080260cc       0x44 ../Hello_bsp//newlib/nios2-elf/lib\libc.a(lib_a-putchar.o)
                0x00000000080260cc                _putchar_r
 .text.putchar  0x0000000008026110       0x48 ../Hello_bsp//newlib/nios2-elf/lib\libc.a(lib_a-putchar.o)
                0x0000000008026110                putchar
 .text          0x0000000008026158        0x0 ../Hello_bsp//newlib/nios2-elf/lib\libc.a(lib_a-puts.o)
 .text._puts_r  0x0000000008026158      0x118 ../Hello_bsp//newlib/nios2-elf/lib\libc.a(lib_a-puts.o)
                0x0000000008026158                _puts_r
 .text.puts     0x0000000008026270       0x38 ../Hello_bsp//newlib/nios2-elf/lib\libc.a(lib_a-puts.o)
                0x0000000008026270                puts
 .text          0x00000000080262a8        0x0 ../Hello_bsp//newlib/nios2-elf/lib\libc.a(lib_a-rand.o)
 .text.srand    0x00000000080262a8       0x44 ../Hello_bsp//newlib/nios2-elf/lib\libc.a(lib_a-rand.o)
                0x00000000080262a8                srand
 .text.rand     0x00000000080262ec       0xc8 ../Hello_bsp//newlib/nios2-elf/lib\libc.a(lib_a-rand.o)
                0x00000000080262ec                rand
 .text          0x00000000080263b4        0x0 ../Hello_bsp//newlib/nios2-elf/lib\libc.a(lib_a-sbrkr.o)
 .text._sbrk_r  0x00000000080263b4       0x60 ../Hello_bsp//newlib/nios2-elf/lib\libc.a(lib_a-sbrkr.o)
                0x00000000080263b4                _sbrk_r
 .text          0x0000000008026414        0x0 ../Hello_bsp//newlib/nios2-elf/lib\libc.a(lib_a-strlen.o)
 .text.strlen   0x0000000008026414       0xf4 ../Hello_bsp//newlib/nios2-elf/lib\libc.a(lib_a-strlen.o)
                0x0000000008026414                strlen
 .text          0x0000000008026508        0x0 ../Hello_bsp//newlib/nios2-elf/lib\libc.a(lib_a-vfprintf.o)
 .text.__sbprintf
                0x0000000008026508       0xf0 ../Hello_bsp//newlib/nios2-elf/lib\libc.a(lib_a-vfprintf.o)
 .text.__vfprintf_internal
                0x00000000080265f8       0x50 ../Hello_bsp//newlib/nios2-elf/lib\libc.a(lib_a-vfprintf.o)
                0x00000000080265f8                __vfprintf_internal
 .text.___vfprintf_internal_r
                0x0000000008026648     0x20d0 ../Hello_bsp//newlib/nios2-elf/lib\libc.a(lib_a-vfprintf.o)
                0x0000000008026648                ___vfprintf_internal_r
 .text.cvt      0x0000000008028718      0x20c ../Hello_bsp//newlib/nios2-elf/lib\libc.a(lib_a-vfprintf.o)
 .text.exponent
                0x0000000008028924      0x140 ../Hello_bsp//newlib/nios2-elf/lib\libc.a(lib_a-vfprintf.o)
 .text          0x0000000008028a64        0x0 ../Hello_bsp//newlib/nios2-elf/lib\libc.a(lib_a-wsetup.o)
 .text.__swsetup_r
                0x0000000008028a64      0x1a0 ../Hello_bsp//newlib/nios2-elf/lib\libc.a(lib_a-wsetup.o)
                0x0000000008028a64                __swsetup_r
 .text          0x0000000008028c04        0x0 ../Hello_bsp//newlib/nios2-elf/lib\libc.a(lib_a-dtoa.o)
 .text.quorem   0x0000000008028c04      0x3b4 ../Hello_bsp//newlib/nios2-elf/lib\libc.a(lib_a-dtoa.o)
 .text._dtoa_r  0x0000000008028fb8     0x1b78 ../Hello_bsp//newlib/nios2-elf/lib\libc.a(lib_a-dtoa.o)
                0x0000000008028fb8                _dtoa_r
 .text          0x000000000802ab30        0x0 ../Hello_bsp//newlib/nios2-elf/lib\libc.a(lib_a-fflush.o)
 .text.__sflush_r
                0x000000000802ab30      0x304 ../Hello_bsp//newlib/nios2-elf/lib\libc.a(lib_a-fflush.o)
                0x000000000802ab30                __sflush_r
 .text._fflush_r
                0x000000000802ae34       0x88 ../Hello_bsp//newlib/nios2-elf/lib\libc.a(lib_a-fflush.o)
                0x000000000802ae34                _fflush_r
 .text.fflush   0x000000000802aebc       0x54 ../Hello_bsp//newlib/nios2-elf/lib\libc.a(lib_a-fflush.o)
                0x000000000802aebc                fflush
 .text          0x000000000802af10        0x0 ../Hello_bsp//newlib/nios2-elf/lib\libc.a(lib_a-findfp.o)
 .text.std      0x000000000802af10       0xf4 ../Hello_bsp//newlib/nios2-elf/lib\libc.a(lib_a-findfp.o)
 .text.__sfmoreglue
                0x000000000802b004       0xa4 ../Hello_bsp//newlib/nios2-elf/lib\libc.a(lib_a-findfp.o)
                0x000000000802b004                __sfmoreglue
 .text.__sfp    0x000000000802b0a8      0x194 ../Hello_bsp//newlib/nios2-elf/lib\libc.a(lib_a-findfp.o)
                0x000000000802b0a8                __sfp
 .text._cleanup_r
                0x000000000802b23c       0x44 ../Hello_bsp//newlib/nios2-elf/lib\libc.a(lib_a-findfp.o)
                0x000000000802b23c                _cleanup_r
 .text._cleanup
                0x000000000802b280       0x34 ../Hello_bsp//newlib/nios2-elf/lib\libc.a(lib_a-findfp.o)
                0x000000000802b280                _cleanup
 .text.__sinit  0x000000000802b2b4       0xd8 ../Hello_bsp//newlib/nios2-elf/lib\libc.a(lib_a-findfp.o)
                0x000000000802b2b4                __sinit
 .text.__sfp_lock_acquire
                0x000000000802b38c       0x20 ../Hello_bsp//newlib/nios2-elf/lib\libc.a(lib_a-findfp.o)
                0x000000000802b38c                __sfp_lock_acquire
 .text.__sfp_lock_release
                0x000000000802b3ac       0x20 ../Hello_bsp//newlib/nios2-elf/lib\libc.a(lib_a-findfp.o)
                0x000000000802b3ac                __sfp_lock_release
 .text.__sinit_lock_acquire
                0x000000000802b3cc       0x20 ../Hello_bsp//newlib/nios2-elf/lib\libc.a(lib_a-findfp.o)
                0x000000000802b3cc                __sinit_lock_acquire
 .text.__sinit_lock_release
                0x000000000802b3ec       0x20 ../Hello_bsp//newlib/nios2-elf/lib\libc.a(lib_a-findfp.o)
                0x000000000802b3ec                __sinit_lock_release
 .text.__fp_lock
                0x000000000802b40c       0x24 ../Hello_bsp//newlib/nios2-elf/lib\libc.a(lib_a-findfp.o)
 .text.__fp_unlock
                0x000000000802b430       0x24 ../Hello_bsp//newlib/nios2-elf/lib\libc.a(lib_a-findfp.o)
 .text.__fp_lock_all
                0x000000000802b454       0x40 ../Hello_bsp//newlib/nios2-elf/lib\libc.a(lib_a-findfp.o)
                0x000000000802b454                __fp_lock_all
 .text.__fp_unlock_all
                0x000000000802b494       0x40 ../Hello_bsp//newlib/nios2-elf/lib\libc.a(lib_a-findfp.o)
                0x000000000802b494                __fp_unlock_all
 .text          0x000000000802b4d4        0x0 ../Hello_bsp//newlib/nios2-elf/lib\libc.a(lib_a-freer.o)
 .text._free_r  0x000000000802b4d4      0x560 ../Hello_bsp//newlib/nios2-elf/lib\libc.a(lib_a-freer.o)
                0x000000000802b4d4                _free_r
 .text._malloc_trim_r
                0x000000000802ba34      0x1cc ../Hello_bsp//newlib/nios2-elf/lib\libc.a(lib_a-freer.o)
                0x000000000802ba34                _malloc_trim_r
 .text          0x000000000802bc00        0x0 ../Hello_bsp//newlib/nios2-elf/lib\libc.a(lib_a-fvwrite.o)
 .text.__sfvwrite_r
                0x000000000802bc00      0x5dc ../Hello_bsp//newlib/nios2-elf/lib\libc.a(lib_a-fvwrite.o)
                0x000000000802bc00                __sfvwrite_r
 .text          0x000000000802c1dc        0x0 ../Hello_bsp//newlib/nios2-elf/lib\libc.a(lib_a-fwalk.o)
 .text._fwalk   0x000000000802c1dc       0xd8 ../Hello_bsp//newlib/nios2-elf/lib\libc.a(lib_a-fwalk.o)
                0x000000000802c1dc                _fwalk
 .text._fwalk_reent
                0x000000000802c2b4       0xdc ../Hello_bsp//newlib/nios2-elf/lib\libc.a(lib_a-fwalk.o)
                0x000000000802c2b4                _fwalk_reent
 .text          0x000000000802c390        0x0 ../Hello_bsp//newlib/nios2-elf/lib\libc.a(lib_a-int_errno.o)
 .text          0x000000000802c390        0x0 ../Hello_bsp//newlib/nios2-elf/lib\libc.a(lib_a-locale.o)
 .text._setlocale_r
                0x000000000802c390       0x84 ../Hello_bsp//newlib/nios2-elf/lib\libc.a(lib_a-locale.o)
                0x000000000802c390                _setlocale_r
 .text.__locale_charset
                0x000000000802c414       0x24 ../Hello_bsp//newlib/nios2-elf/lib\libc.a(lib_a-locale.o)
                0x000000000802c414                __locale_charset
 .text.__locale_mb_cur_max
                0x000000000802c438       0x20 ../Hello_bsp//newlib/nios2-elf/lib\libc.a(lib_a-locale.o)
                0x000000000802c438                __locale_mb_cur_max
 .text.__locale_msgcharset
                0x000000000802c458       0x24 ../Hello_bsp//newlib/nios2-elf/lib\libc.a(lib_a-locale.o)
                0x000000000802c458                __locale_msgcharset
 .text.__locale_cjk_lang
                0x000000000802c47c       0x20 ../Hello_bsp//newlib/nios2-elf/lib\libc.a(lib_a-locale.o)
                0x000000000802c47c                __locale_cjk_lang
 .text._localeconv_r
                0x000000000802c49c       0x28 ../Hello_bsp//newlib/nios2-elf/lib\libc.a(lib_a-locale.o)
                0x000000000802c49c                _localeconv_r
 .text.setlocale
                0x000000000802c4c4       0x40 ../Hello_bsp//newlib/nios2-elf/lib\libc.a(lib_a-locale.o)
                0x000000000802c4c4                setlocale
 .text.localeconv
                0x000000000802c504       0x30 ../Hello_bsp//newlib/nios2-elf/lib\libc.a(lib_a-locale.o)
                0x000000000802c504                localeconv
 .text          0x000000000802c534        0x0 ../Hello_bsp//newlib/nios2-elf/lib\libc.a(lib_a-makebuf.o)
 .text.__smakebuf_r
                0x000000000802c534      0x22c ../Hello_bsp//newlib/nios2-elf/lib\libc.a(lib_a-makebuf.o)
                0x000000000802c534                __smakebuf_r
 .text          0x000000000802c760        0x0 ../Hello_bsp//newlib/nios2-elf/lib\libc.a(lib_a-memchr.o)
 .text.memchr   0x000000000802c760      0x1bc ../Hello_bsp//newlib/nios2-elf/lib\libc.a(lib_a-memchr.o)
                0x000000000802c760                memchr
 .text          0x000000000802c91c        0x0 ../Hello_bsp//newlib/nios2-elf/lib\libc.a(lib_a-memmove.o)
 .text.memmove  0x000000000802c91c      0x208 ../Hello_bsp//newlib/nios2-elf/lib\libc.a(lib_a-memmove.o)
                0x000000000802c91c                memmove
 .text          0x000000000802cb24        0x0 ../Hello_bsp//newlib/nios2-elf/lib\libc.a(lib_a-mprec.o)
 .text._Balloc  0x000000000802cb24      0x130 ../Hello_bsp//newlib/nios2-elf/lib\libc.a(lib_a-mprec.o)
                0x000000000802cb24                _Balloc
 .text._Bfree   0x000000000802cc54       0x7c ../Hello_bsp//newlib/nios2-elf/lib\libc.a(lib_a-mprec.o)
                0x000000000802cc54                _Bfree
 .text.__multadd
                0x000000000802ccd0      0x194 ../Hello_bsp//newlib/nios2-elf/lib\libc.a(lib_a-mprec.o)
                0x000000000802ccd0                __multadd
 .text.__s2b    0x000000000802ce64      0x18c ../Hello_bsp//newlib/nios2-elf/lib\libc.a(lib_a-mprec.o)
                0x000000000802ce64                __s2b
 .text.__hi0bits
                0x000000000802cff0       0x90 ../Hello_bsp//newlib/nios2-elf/lib\libc.a(lib_a-mprec.o)
                0x000000000802cff0                __hi0bits
 .text.__lo0bits
                0x000000000802d080       0xec ../Hello_bsp//newlib/nios2-elf/lib\libc.a(lib_a-mprec.o)
                0x000000000802d080                __lo0bits
 .text.__i2b    0x000000000802d16c       0x58 ../Hello_bsp//newlib/nios2-elf/lib\libc.a(lib_a-mprec.o)
                0x000000000802d16c                __i2b
 .text.__multiply
                0x000000000802d1c4      0x3d0 ../Hello_bsp//newlib/nios2-elf/lib\libc.a(lib_a-mprec.o)
                0x000000000802d1c4                __multiply
 .text.__pow5mult
                0x000000000802d594      0x178 ../Hello_bsp//newlib/nios2-elf/lib\libc.a(lib_a-mprec.o)
                0x000000000802d594                __pow5mult
 .text.__lshift
                0x000000000802d70c      0x1f8 ../Hello_bsp//newlib/nios2-elf/lib\libc.a(lib_a-mprec.o)
                0x000000000802d70c                __lshift
 .text.__mcmp   0x000000000802d904      0x114 ../Hello_bsp//newlib/nios2-elf/lib\libc.a(lib_a-mprec.o)
                0x000000000802d904                __mcmp
 .text.__mdiff  0x000000000802da18      0x2a4 ../Hello_bsp//newlib/nios2-elf/lib\libc.a(lib_a-mprec.o)
                0x000000000802da18                __mdiff
 .text.__ulp    0x000000000802dcbc       0xcc ../Hello_bsp//newlib/nios2-elf/lib\libc.a(lib_a-mprec.o)
                0x000000000802dcbc                __ulp
 .text.__b2d    0x000000000802dd88      0x204 ../Hello_bsp//newlib/nios2-elf/lib\libc.a(lib_a-mprec.o)
                0x000000000802dd88                __b2d
 .text.__d2b    0x000000000802df8c      0x240 ../Hello_bsp//newlib/nios2-elf/lib\libc.a(lib_a-mprec.o)
                0x000000000802df8c                __d2b
 .text.__ratio  0x000000000802e1cc      0x11c ../Hello_bsp//newlib/nios2-elf/lib\libc.a(lib_a-mprec.o)
                0x000000000802e1cc                __ratio
 .text._mprec_log10
                0x000000000802e2e8       0xb0 ../Hello_bsp//newlib/nios2-elf/lib\libc.a(lib_a-mprec.o)
                0x000000000802e2e8                _mprec_log10
 .text.__copybits
                0x000000000802e398       0xd0 ../Hello_bsp//newlib/nios2-elf/lib\libc.a(lib_a-mprec.o)
                0x000000000802e398                __copybits
 .text.__any_on
                0x000000000802e468      0x134 ../Hello_bsp//newlib/nios2-elf/lib\libc.a(lib_a-mprec.o)
                0x000000000802e468                __any_on
 .text          0x000000000802e59c        0x0 ../Hello_bsp//newlib/nios2-elf/lib\libc.a(lib_a-putc.o)
 .text._putc_r  0x000000000802e59c      0x104 ../Hello_bsp//newlib/nios2-elf/lib\libc.a(lib_a-putc.o)
                0x000000000802e59c                _putc_r
 .text.putc     0x000000000802e6a0      0x108 ../Hello_bsp//newlib/nios2-elf/lib\libc.a(lib_a-putc.o)
                0x000000000802e6a0                putc
 .text          0x000000000802e7a8        0x0 ../Hello_bsp//newlib/nios2-elf/lib\libc.a(lib_a-reallocr.o)
 .text._realloc_r
                0x000000000802e7a8      0xbf0 ../Hello_bsp//newlib/nios2-elf/lib\libc.a(lib_a-reallocr.o)
                0x000000000802e7a8                _realloc_r
 .text          0x000000000802f398        0x0 ../Hello_bsp//newlib/nios2-elf/lib\libc.a(lib_a-s_fpclassify.o)
 .text.__fpclassifyd
                0x000000000802f398      0x104 ../Hello_bsp//newlib/nios2-elf/lib\libc.a(lib_a-s_fpclassify.o)
                0x000000000802f398                __fpclassifyd
 .text          0x000000000802f49c        0x0 ../Hello_bsp//newlib/nios2-elf/lib\libc.a(lib_a-stdio.o)
 .text.__sread  0x000000000802f49c       0x9c ../Hello_bsp//newlib/nios2-elf/lib\libc.a(lib_a-stdio.o)
                0x000000000802f49c                __sread
 .text.__seofread
                0x000000000802f538       0x30 ../Hello_bsp//newlib/nios2-elf/lib\libc.a(lib_a-stdio.o)
                0x000000000802f538                __seofread
 .text.__swrite
                0x000000000802f568       0xb4 ../Hello_bsp//newlib/nios2-elf/lib\libc.a(lib_a-stdio.o)
                0x000000000802f568                __swrite
 .text.__sseek  0x000000000802f61c       0xa0 ../Hello_bsp//newlib/nios2-elf/lib\libc.a(lib_a-stdio.o)
                0x000000000802f61c                __sseek
 .text.__sclose
                0x000000000802f6bc       0x54 ../Hello_bsp//newlib/nios2-elf/lib\libc.a(lib_a-stdio.o)
                0x000000000802f6bc                __sclose
 .text          0x000000000802f710        0x0 ../Hello_bsp//newlib/nios2-elf/lib\libc.a(lib_a-strcmp.o)
 .text.strcmp   0x000000000802f710      0x140 ../Hello_bsp//newlib/nios2-elf/lib\libc.a(lib_a-strcmp.o)
                0x000000000802f710                strcmp
 .text          0x000000000802f850        0x0 ../Hello_bsp//newlib/nios2-elf/lib\libc.a(lib_a-vfiprintf.o)
 .text.__sprint_r
                0x000000000802f850      0x13c ../Hello_bsp//newlib/nios2-elf/lib\libc.a(lib_a-vfiprintf.o)
                0x000000000802f850                __sprint_r
 .text.__sbprintf
                0x000000000802f98c       0xf0 ../Hello_bsp//newlib/nios2-elf/lib\libc.a(lib_a-vfiprintf.o)
 .text.__vfiprintf_internal
                0x000000000802fa7c       0x50 ../Hello_bsp//newlib/nios2-elf/lib\libc.a(lib_a-vfiprintf.o)
                0x000000000802fa7c                __vfiprintf_internal
 .text.___vfiprintf_internal_r
                0x000000000802facc     0x12c4 ../Hello_bsp//newlib/nios2-elf/lib\libc.a(lib_a-vfiprintf.o)
                0x000000000802facc                ___vfiprintf_internal_r
 .text          0x0000000008030d90        0x0 ../Hello_bsp//newlib/nios2-elf/lib\libc.a(lib_a-wbuf.o)
 .text.__swbuf_r
                0x0000000008030d90      0x168 ../Hello_bsp//newlib/nios2-elf/lib\libc.a(lib_a-wbuf.o)
                0x0000000008030d90                __swbuf_r
 .text.__swbuf  0x0000000008030ef8       0x40 ../Hello_bsp//newlib/nios2-elf/lib\libc.a(lib_a-wbuf.o)
                0x0000000008030ef8                __swbuf
 .text          0x0000000008030f38        0x0 ../Hello_bsp//newlib/nios2-elf/lib\libc.a(lib_a-writer.o)
 .text._write_r
                0x0000000008030f38       0x70 ../Hello_bsp//newlib/nios2-elf/lib\libc.a(lib_a-writer.o)
                0x0000000008030f38                _write_r
 .text          0x0000000008030fa8        0x0 ../Hello_bsp//newlib/nios2-elf/lib\libc.a(closer.o)
 .text._close_r
                0x0000000008030fa8       0x60 ../Hello_bsp//newlib/nios2-elf/lib\libc.a(closer.o)
                0x0000000008030fa8                _close_r
 .text          0x0000000008031008        0x0 ../Hello_bsp//newlib/nios2-elf/lib\libc.a(lib_a-callocr.o)
 .text._calloc_r
                0x0000000008031008      0x164 ../Hello_bsp//newlib/nios2-elf/lib\libc.a(lib_a-callocr.o)
                0x0000000008031008                _calloc_r
 .text          0x000000000803116c        0x0 ../Hello_bsp//newlib/nios2-elf/lib\libc.a(lib_a-fclose.o)
 .text._fclose_r
                0x000000000803116c      0x12c ../Hello_bsp//newlib/nios2-elf/lib\libc.a(lib_a-fclose.o)
                0x000000000803116c                _fclose_r
 .text.fclose   0x0000000008031298       0x38 ../Hello_bsp//newlib/nios2-elf/lib\libc.a(lib_a-fclose.o)
                0x0000000008031298                fclose
 .text          0x00000000080312d0        0x0 ../Hello_bsp//newlib/nios2-elf/lib\libc.a(lib_a-fputwc.o)
 .text.__fputwc
                0x00000000080312d0      0x1f4 ../Hello_bsp//newlib/nios2-elf/lib\libc.a(lib_a-fputwc.o)
                0x00000000080312d0                __fputwc
 .text._fputwc_r
                0x00000000080314c4       0x88 ../Hello_bsp//newlib/nios2-elf/lib\libc.a(lib_a-fputwc.o)
                0x00000000080314c4                _fputwc_r
 .text.fputwc   0x000000000803154c       0x68 ../Hello_bsp//newlib/nios2-elf/lib\libc.a(lib_a-fputwc.o)
                0x000000000803154c                fputwc
 .text          0x00000000080315b4        0x0 ../Hello_bsp//newlib/nios2-elf/lib\libc.a(lib_a-fstatr.o)
 .text._fstat_r
                0x00000000080315b4       0x68 ../Hello_bsp//newlib/nios2-elf/lib\libc.a(lib_a-fstatr.o)
                0x00000000080315b4                _fstat_r
 .text          0x000000000803161c        0x0 ../Hello_bsp//newlib/nios2-elf/lib\libc.a(lib_a-isattyr.o)
 .text._isatty_r
                0x000000000803161c       0x60 ../Hello_bsp//newlib/nios2-elf/lib\libc.a(lib_a-isattyr.o)
                0x000000000803161c                _isatty_r
 .text          0x000000000803167c        0x0 ../Hello_bsp//newlib/nios2-elf/lib\libc.a(lib_a-lseekr.o)
 .text._lseek_r
                0x000000000803167c       0x70 ../Hello_bsp//newlib/nios2-elf/lib\libc.a(lib_a-lseekr.o)
                0x000000000803167c                _lseek_r
 .text          0x00000000080316ec        0x0 ../Hello_bsp//newlib/nios2-elf/lib\libc.a(lib_a-readr.o)
 .text._read_r  0x00000000080316ec       0x70 ../Hello_bsp//newlib/nios2-elf/lib\libc.a(lib_a-readr.o)