Archive member included to satisfy reference by file (symbol)

d:/intelfpga_lite/18.0/nios2eds/bin/gnu/h-x86_64-mingw32/bin/../lib/gcc/nios2-elf/5.3.0\libgcc.a(lib2-divmod.o)
                              obj/default/gppcu.o (__divsi3)
../Hello_bsp//newlib/nios2-elf/lib\libc.a(lib_a-malloc.o)
                              obj/default/gppcu.o (malloc)
../Hello_bsp//newlib/nios2-elf/lib\libc.a(lib_a-mallocr.o)
                              ../Hello_bsp//newlib/nios2-elf/lib\libc.a(lib_a-malloc.o) (_malloc_r)
../Hello_bsp//newlib/nios2-elf/lib\libc.a(lib_a-printf.o)
                              obj/default/main.o (printf)
../Hello_bsp//newlib/nios2-elf/lib\libc.a(lib_a-putchar.o)
                              obj/default/main.o (putchar)
../Hello_bsp//newlib/nios2-elf/lib\libc.a(lib_a-puts.o)
                              obj/default/main.o (puts)
../Hello_bsp//newlib/nios2-elf/lib\libc.a(lib_a-sbrkr.o)
                              ../Hello_bsp//newlib/nios2-elf/lib\libc.a(lib_a-mallocr.o) (_sbrk_r)
../Hello_bsp//newlib/nios2-elf/lib\libc.a(lib_a-strlen.o)
                              ../Hello_bsp//newlib/nios2-elf/lib\libc.a(lib_a-puts.o) (strlen)
../Hello_bsp//newlib/nios2-elf/lib\libc.a(lib_a-vfprintf.o)
                              ../Hello_bsp//newlib/nios2-elf/lib\libc.a(lib_a-printf.o) (___vfprintf_internal_r)
../Hello_bsp//newlib/nios2-elf/lib\libc.a(lib_a-wsetup.o)
                              ../Hello_bsp//newlib/nios2-elf/lib\libc.a(lib_a-vfprintf.o) (__swsetup_r)
../Hello_bsp//newlib/nios2-elf/lib\libc.a(lib_a-dtoa.o)
                              ../Hello_bsp//newlib/nios2-elf/lib\libc.a(lib_a-vfprintf.o) (_dtoa_r)
../Hello_bsp//newlib/nios2-elf/lib\libc.a(lib_a-fflush.o)
                              ../Hello_bsp//newlib/nios2-elf/lib\libc.a(lib_a-vfprintf.o) (_fflush_r)
../Hello_bsp//newlib/nios2-elf/lib\libc.a(lib_a-findfp.o)
                              ../Hello_bsp//newlib/nios2-elf/lib\libc.a(lib_a-puts.o) (__sinit)
../Hello_bsp//newlib/nios2-elf/lib\libc.a(lib_a-freer.o)
                              ../Hello_bsp//newlib/nios2-elf/lib\libc.a(lib_a-malloc.o) (_free_r)
../Hello_bsp//newlib/nios2-elf/lib\libc.a(lib_a-fvwrite.o)
                              ../Hello_bsp//newlib/nios2-elf/lib\libc.a(lib_a-puts.o) (__sfvwrite_r)
../Hello_bsp//newlib/nios2-elf/lib\libc.a(lib_a-fwalk.o)
                              ../Hello_bsp//newlib/nios2-elf/lib\libc.a(lib_a-findfp.o) (_fwalk)
../Hello_bsp//newlib/nios2-elf/lib\libc.a(lib_a-impure.o)
                              ../Hello_bsp//newlib/nios2-elf/lib\libc.a(lib_a-malloc.o) (_impure_ptr)
../Hello_bsp//newlib/nios2-elf/lib\libc.a(lib_a-int_errno.o)
                              ../Hello_bsp//newlib/nios2-elf/lib\libc.a(lib_a-sbrkr.o) (errno)
../Hello_bsp//newlib/nios2-elf/lib\libc.a(lib_a-locale.o)
                              ../Hello_bsp//newlib/nios2-elf/lib\libc.a(lib_a-vfprintf.o) (_localeconv_r)
../Hello_bsp//newlib/nios2-elf/lib\libc.a(lib_a-makebuf.o)
                              ../Hello_bsp//newlib/nios2-elf/lib\libc.a(lib_a-wsetup.o) (__smakebuf_r)
../Hello_bsp//newlib/nios2-elf/lib\libc.a(lib_a-memchr.o)
                              ../Hello_bsp//newlib/nios2-elf/lib\libc.a(lib_a-vfprintf.o) (memchr)
../Hello_bsp//newlib/nios2-elf/lib\libc.a(lib_a-memcpy.o)
                              ../Hello_bsp//newlib/nios2-elf/lib\libc.a(lib_a-dtoa.o) (memcpy)
../Hello_bsp//newlib/nios2-elf/lib\libc.a(lib_a-memmove.o)
                              ../Hello_bsp//newlib/nios2-elf/lib\libc.a(lib_a-fvwrite.o) (memmove)
../Hello_bsp//newlib/nios2-elf/lib\libc.a(lib_a-memset.o)
                              ../Hello_bsp//newlib/nios2-elf/lib\libc.a(lib_a-findfp.o) (memset)
../Hello_bsp//newlib/nios2-elf/lib\libc.a(lib_a-mprec.o)
                              ../Hello_bsp//newlib/nios2-elf/lib\libc.a(lib_a-dtoa.o) (_Balloc)
../Hello_bsp//newlib/nios2-elf/lib\libc.a(lib_a-putc.o)
                              ../Hello_bsp//newlib/nios2-elf/lib\libc.a(lib_a-putchar.o) (_putc_r)
../Hello_bsp//newlib/nios2-elf/lib\libc.a(lib_a-reallocr.o)
                              ../Hello_bsp//newlib/nios2-elf/lib\libc.a(lib_a-fvwrite.o) (_realloc_r)
../Hello_bsp//newlib/nios2-elf/lib\libc.a(lib_a-s_fpclassify.o)
                              ../Hello_bsp//newlib/nios2-elf/lib\libc.a(lib_a-vfprintf.o) (__fpclassifyd)
../Hello_bsp//newlib/nios2-elf/lib\libc.a(lib_a-stdio.o)
                              ../Hello_bsp//newlib/nios2-elf/lib\libc.a(lib_a-findfp.o) (__sread)
../Hello_bsp//newlib/nios2-elf/lib\libc.a(lib_a-strcmp.o)
                              ../Hello_bsp//newlib/nios2-elf/lib\libc.a(lib_a-locale.o) (strcmp)
../Hello_bsp//newlib/nios2-elf/lib\libc.a(lib_a-vfiprintf.o)
                              ../Hello_bsp//newlib/nios2-elf/lib\libc.a(lib_a-vfprintf.o) (__sprint_r)
../Hello_bsp//newlib/nios2-elf/lib\libc.a(lib_a-wbuf.o)
                              ../Hello_bsp//newlib/nios2-elf/lib\libc.a(lib_a-putc.o) (__swbuf_r)
[...]
Memory Configuration

Name             Origin             Length             Attributes
reset            0x0000000008000000 0x0000000000000020
sdram            0x0000000008000020 0x0000000007ffffe0
bufferram_out    0x0000000010000000 0x000000000002ee00
*default*        0x0000000000000000 0xffffffffffffffff

Linker script and memory map

LOAD ../Hello_bsp//obj/HAL/src/crt0.o
LOAD obj/default/gppcu.o
LOAD obj/default/main.o
LOAD d:/intelfpga_lite/18.0/nios2eds/bin/gnu/h-x86_64-mingw32/bin/../lib/gcc/nios2-elf/5.3.0/../../../../../H-x86_64-mingw32/nios2-elf/lib\libstdc++.a
LOAD ../Hello_bsp//newlib/nios2-elf/lib\libm.a
LOAD d:/intelfpga_lite/18.0/nios2eds/bin/gnu/h-x86_64-mingw32/bin/../lib/gcc/nios2-elf/5.3.0\libgcc.a
START GROUP
LOAD ../Hello_bsp//newlib/nios2-elf/lib\libc.a
LOAD d:/intelfpga_lite/18.0/nios2eds/bin/gnu/h-x86_64-mingw32/bin/../lib/gcc/nios2-elf/5.3.0\libgcc.a
LOAD ../Hello_bsp/\libhal_bsp.a
LOAD ../Hello_bsp//newlib/nios2-elf/lib\libm.a
END GROUP
LOAD d:/intelfpga_lite/18.0/nios2eds/bin/gnu/h-x86_64-mingw32/bin/../lib/gcc/nios2-elf/5.3.0\libgcc.a
                0x0000000008000000                __alt_mem_sdram = 0x8000000
                0x0000000010000000                __alt_mem_bufferram_out = 0x10000000

.entry          0x0000000008000000       0x20
 *(.entry)
 .entry         0x0000000008000000       0x20 ../Hello_bsp//obj/HAL/src/crt0.o
                0x0000000008000000                __reset

.exceptions     0x0000000008000020      0x224
                0x0000000008000020                PROVIDE (__ram_exceptions_start, ABSOLUTE (.))
                0x0000000008000020                . = ALIGN (0x20)
 *(.irq)
 *(.exceptions.entry.label)
 .exceptions.entry.label
                0x0000000008000020        0x0 ../Hello_bsp/\libhal_bsp.a(alt_irq_entry.o)
                0x0000000008000020                alt_irq_entry
 .exceptions.entry.label
                0x0000000008000020        0x0 ../Hello_bsp/\libhal_bsp.a(alt_exception_entry.o)
                0x0000000008000020                alt_exception
 *(.exceptions.entry.user)
 *(.exceptions.entry.ecc_fatal)
 *(.exceptions.entry)
 .exceptions.entry
                0x0000000008000020       0x54 ../Hello_bsp/\libhal_bsp.a(alt_exception_entry.o)
 *(.exceptions.irqtest.user)
 *(.exceptions.irqtest)
 .exceptions.irqtest
                0x0000000008000074       0x10 ../Hello_bsp/\libhal_bsp.a(alt_irq_entry.o)
 *(.exceptions.irqhandler.user)
 *(.exceptions.irqhandler)
 .exceptions.irqhandler
                0x0000000008000084        0x4 ../Hello_bsp/\libhal_bsp.a(alt_irq_entry.o)
 *(.exceptions.irqreturn.user)
 *(.exceptions.irqreturn)
 .exceptions.irqreturn
                0x0000000008000088        0x4 ../Hello_bsp/\libhal_bsp.a(alt_irq_entry.o)
 *(.exceptions.notirq.label)
 .exceptions.notirq.label
                0x000000000800008c        0x0 ../Hello_bsp/\libhal_bsp.a(alt_irq_entry.o)
 *(.exceptions.notirq.user)
 *(.exceptions.notirq)
 .exceptions.notirq
                0x000000000800008c        0x8 ../Hello_bsp/\libhal_bsp.a(alt_exception_entry.o)
 *(.exceptions.soft.user)
 *(.exceptions.soft)
 *(.exceptions.unknown.user)
 *(.exceptions.unknown)
 .exceptions.unknown
                0x0000000008000094       0x14 ../Hello_bsp/\libhal_bsp.a(alt_exception_entry.o)
 *(.exceptions.exit.label)
 .exceptions.exit.label
                0x00000000080000a8        0x0 ../Hello_bsp/\libhal_bsp.a(alt_irq_entry.o)
 .exceptions.exit.label
                0x00000000080000a8        0x0 ../Hello_bsp/\libhal_bsp.a(alt_exception_entry.o)
 *(.exceptions.exit.user)
 *(.exceptions.exit)
 .exceptions.exit
                0x00000000080000a8       0x54 ../Hello_bsp/\libhal_bsp.a(alt_exception_entry.o)
 *(.exceptions)
 .exceptions    0x00000000080000fc       0xd4 ../Hello_bsp/\libhal_bsp.a(alt_irq_handler.o)
                0x00000000080000fc                alt_irq_handler
 .exceptions    0x00000000080001d0       0x74 ../Hello_bsp/\libhal_bsp.a(alt_instruction_exception_entry.o)
                0x00000000080001d0                alt_instruction_exception_entry
                0x0000000008000244                PROVIDE (__ram_exceptions_end, ABSOLUTE (.))
                0x0000000008000020                PROVIDE (__flash_exceptions_start, LOADADDR (.exceptions))

.text           0x0000000008000244    0x12c5c
                [!provide]                        PROVIDE (stext, ABSOLUTE (.))
 *(.interp)
 *(.hash)
 *(.dynsym)
 *(.dynstr)
 *(.gnu.version)
 *(.gnu.version_d)
 *(.gnu.version_r)
 *(.rel.init)
 *(.rela.init)
 *(.rel.text .rel.text.* .rel.gnu.linkonce.t.*)
 *(.rela.text .rela.text.* .rela.gnu.linkonce.t.*)
 *(.rel.fini)
 *(.rela.fini)
 *(.rel.rodata .rel.rodata.* .rel.gnu.linkonce.r.*)
 *(.rela.rodata .rela.rodata.* .rela.gnu.linkonce.r.*)
 *(.rel.data .rel.data.* .rel.gnu.linkonce.d.*)
 *(.rela.data .rela.data.* .rela.gnu.linkonce.d.*)
 *(.rel.tdata .rel.tdata.* .rel.gnu.linkonce.td.*)
 *(.rela.tdata .rela.tdata.* .rela.gnu.linkonce.td.*)
 *(.rel.tbss .rel.tbss.* .rel.gnu.linkonce.tb.*)
 *(.rela.tbss .rela.tbss.* .rela.gnu.linkonce.tb.*)
 *(.rel.ctors)
 *(.rela.ctors)
 *(.rel.dtors)
 *(.rela.dtors)
 *(.rel.got)
 *(.rela.got)
 *(.rel.sdata .rel.sdata.* .rel.gnu.linkonce.s.*)
 *(.rela.sdata .rela.sdata.* .rela.gnu.linkonce.s.*)
 *(.rel.sbss .rel.sbss.* .rel.gnu.linkonce.sb.*)
 *(.rela.sbss .rela.sbss.* .rela.gnu.linkonce.sb.*)
 *(.rel.sdata2 .rel.sdata2.* .rel.gnu.linkonce.s2.*)
 *(.rela.sdata2 .rela.sdata2.* .rela.gnu.linkonce.s2.*)
 *(.rel.sbss2 .rel.sbss2.* .rel.gnu.linkonce.sb2.*)
 *(.rela.sbss2 .rela.sbss2.* .rela.gnu.linkonce.sb2.*)
 *(.rel.bss .rel.bss.* .rel.gnu.linkonce.b.*)
 *(.rela.bss .rela.bss.* .rela.gnu.linkonce.b.*)
 *(.rel.plt)
 *(.rela.plt)
 *(.rel.dyn)
 *(.init)
 *(.plt)
 *(.text .stub .text.* .gnu.linkonce.t.*)
 .text          0x0000000008000244       0x4c ../Hello_bsp//obj/HAL/src/crt0.o
                0x0000000008000244                _start
 .text          0x0000000008000290      0x218 obj/default/gppcu.o
                0x0000000008000290                gppcu_stat_queue
                0x0000000008000334                gppcu_init
                0x00000000080003d0                gppcu_init_task
                0x000000000800046c                gppcu_destroy
 .text          0x00000000080004a8      0x47c obj/default/main.o
                0x0000000008000630                wait
                0x0000000008000674                main
 .text          0x0000000008000924      0x1b4 d:/intelfpga_lite/18.0/nios2eds/bin/gnu/h-x86_64-mingw32/bin/../lib/gcc/nios2-elf/5.3.0\libgcc.a(lib2-divmod.o)
                0x0000000008000924                __divsi3
                0x00000000080009a8                __modsi3
                0x0000000008000a1c                __udivsi3
                0x0000000008000a80                __umodsi3
 .text          0x0000000008000ad8        0x0 ../Hello_bsp//newlib/nios2-elf/lib\libc.a(lib_a-malloc.o)
 .text.malloc   0x0000000008000ad8       0x38 ../Hello_bsp//newlib/nios2-elf/lib\libc.a(lib_a-malloc.o)
                0x0000000008000ad8                malloc
 .text.free     0x0000000008000b10       0x3c ../Hello_bsp//newlib/nios2-elf/lib\libc.a(lib_a-malloc.o)
                0x0000000008000b10                free
 .text          0x0000000008000b4c        0x0 ../Hello_bsp//newlib/nios2-elf/lib\libc.a(lib_a-mallocr.o)
 .text.malloc_extend_top
                0x0000000008000b4c      0x3b4 ../Hello_bsp//newlib/nios2-elf/lib\libc.a(lib_a-mallocr.o)
 .text._malloc_r
                0x0000000008000f00      0xb7c ../Hello_bsp//newlib/nios2-elf/lib\libc.a(lib_a-mallocr.o)
                0x0000000008000f00                _malloc_r
 .text          0x0000000008001a7c        0x0 ../Hello_bsp//newlib/nios2-elf/lib\libc.a(lib_a-printf.o)
 .text._printf_r
                0x0000000008001a7c       0x64 ../Hello_bsp//newlib/nios2-elf/lib\libc.a(lib_a-printf.o)
                0x0000000008001a7c                _printf_r
 .text.printf   0x0000000008001ae0       0x68 ../Hello_bsp//newlib/nios2-elf/lib\libc.a(lib_a-printf.o)
                0x0000000008001ae0                printf
 .text          0x0000000008001b48        0x0 ../Hello_bsp//newlib/nios2-elf/lib\libc.a(lib_a-putchar.o)
 .text._putchar_r
                0x0000000008001b48       0x44 ../Hello_bsp//newlib/nios2-elf/lib\libc.a(lib_a-putchar.o)
                0x0000000008001b48                _putchar_r
 .text.putchar  0x0000000008001b8c       0x48 ../Hello_bsp//newlib/nios2-elf/lib\libc.a(lib_a-putchar.o)
                0x0000000008001b8c                putchar
 .text          0x0000000008001bd4        0x0 ../Hello_bsp//newlib/nios2-elf/lib\libc.a(lib_a-puts.o)
 .text._puts_r  0x0000000008001bd4      0x118 ../Hello_bsp//newlib/nios2-elf/lib\libc.a(lib_a-puts.o)
                0x0000000008001bd4                _puts_r
 .text.puts     0x0000000008001cec       0x38 ../Hello_bsp//newlib/nios2-elf/lib\libc.a(lib_a-puts.o)
                0x0000000008001cec                puts
 .text          0x0000000008001d24        0x0 ../Hello_bsp//newlib/nios2-elf/lib\libc.a(lib_a-sbrkr.o)
 .text._sbrk_r  0x0000000008001d24       0x60 ../Hello_bsp//newlib/nios2-elf/lib\libc.a(lib_a-sbrkr.o)
                0x0000000008001d24                _sbrk_r
 .text          0x0000000008001d84        0x0 ../Hello_bsp//newlib/nios2-elf/lib\libc.a(lib_a-strlen.o)
 .text.strlen   0x0000000008001d84       0xf4 ../Hello_bsp//newlib/nios2-elf/lib\libc.a(lib_a-strlen.o)
                0x0000000008001d84                strlen
 .text          0x0000000008001e78        0x0 ../Hello_bsp//newlib/nios2-elf/lib\libc.a(lib_a-vfprintf.o)
 .text.__sbprintf
                0x0000000008001e78       0xf0 ../Hello_bsp//newlib/nios2-elf/lib\libc.a(lib_a-vfprintf.o)
 .text.__vfprintf_internal
                0x0000000008001f68       0x50 ../Hello_bsp//newlib/nios2-elf/lib\libc.a(lib_a-vfprintf.o)
                0x0000000008001f68                __vfprintf_internal
 .text.___vfprintf_internal_r
                0x0000000008001fb8     0x20d0 ../Hello_bsp//newlib/nios2-elf/lib\libc.a(lib_a-vfprintf.o)
                0x0000000008001fb8                ___vfprintf_internal_r
 .text.cvt      0x0000000008004088      0x20c ../Hello_bsp//newlib/nios2-elf/lib\libc.a(lib_a-vfprintf.o)
 .text.exponent
                0x0000000008004294      0x140 ../Hello_bsp//newlib/nios2-elf/lib\libc.a(lib_a-vfprintf.o)
 .text          0x00000000080043d4        0x0 ../Hello_bsp//newlib/nios2-elf/lib\libc.a(lib_a-wsetup.o)
 .text.__swsetup_r
                0x00000000080043d4      0x1a0 ../Hello_bsp//newlib/nios2-elf/lib\libc.a(lib_a-wsetup.o)
                0x00000000080043d4                __swsetup_r
 .text          0x0000000008004574        0x0 ../Hello_bsp//newlib/nios2-elf/lib\libc.a(lib_a-dtoa.o)
 .text.quorem   0x0000000008004574      0x3b4 ../Hello_bsp//newlib/nios2-elf/lib\libc.a(lib_a-dtoa.o)
 .text._dtoa_r  0x0000000008004928     0x1b78 ../Hello_bsp//newlib/nios2-elf/lib\libc.a(lib_a-dtoa.o)
                0x0000000008004928                _dtoa_r
 .text          0x00000000080064a0        0x0 ../Hello_bsp//newlib/nios2-elf/lib\libc.a(lib_a-fflush.o)
 .text.__sflush_r
                0x00000000080064a0      0x304 ../Hello_bsp//newlib/nios2-elf/lib\libc.a(lib_a-fflush.o)
                0x00000000080064a0                __sflush_r
 .text._fflush_r
                0x00000000080067a4       0x88 ../Hello_bsp//newlib/nios2-elf/lib\libc.a(lib_a-fflush.o)
                0x00000000080067a4                _fflush_r
 .text.fflush   0x000000000800682c       0x54 ../Hello_bsp//newlib/nios2-elf/lib\libc.a(lib_a-fflush.o)
                0x000000000800682c                fflush
 .text          0x0000000008006880        0x0 ../Hello_bsp//newlib/nios2-elf/lib\libc.a(lib_a-findfp.o)
 .text.std      0x0000000008006880       0xf4 ../Hello_bsp//newlib/nios2-elf/lib\libc.a(lib_a-findfp.o)
 .text.__sfmoreglue
                0x0000000008006974       0xa4 ../Hello_bsp//newlib/nios2-elf/lib\libc.a(lib_a-findfp.o)
                0x0000000008006974                __sfmoreglue
 .text.__sfp    0x0000000008006a18      0x194 ../Hello_bsp//newlib/nios2-elf/lib\libc.a(lib_a-findfp.o)
                0x0000000008006a18                __sfp
 .text._cleanup_r
                0x0000000008006bac       0x44 ../Hello_bsp//newlib/nios2-elf/lib\libc.a(lib_a-findfp.o)
                0x0000000008006bac                _cleanup_r
 .text._cleanup
                0x0000000008006bf0       0x34 ../Hello_bsp//newlib/nios2-elf/lib\libc.a(lib_a-findfp.o)
                0x0000000008006bf0                _cleanup
 .text.__sinit  0x0000000008006c24       0xd8 ../Hello_bsp//newlib/nios2-elf/lib\libc.a(lib_a-findfp.o)
                0x0000000008006c24                __sinit
 .text.__sfp_lock_acquire
                0x0000000008006cfc       0x20 ../Hello_bsp//newlib/nios2-elf/lib\libc.a(lib_a-findfp.o)
                0x0000000008006cfc                __sfp_lock_acquire
 .text.__sfp_lock_release
                0x0000000008006d1c       0x20 ../Hello_bsp//newlib/nios2-elf/lib\libc.a(lib_a-findfp.o)
                0x0000000008006d1c                __sfp_lock_release
 .text.__sinit_lock_acquire
                0x0000000008006d3c       0x20 ../Hello_bsp//newlib/nios2-elf/lib\libc.a(lib_a-findfp.o)
                0x0000000008006d3c                __sinit_lock_acquire
 .text.__sinit_lock_release
                0x0000000008006d5c       0x20 ../Hello_bsp//newlib/nios2-elf/lib\libc.a(lib_a-findfp.o)
                0x0000000008006d5c                __sinit_lock_release
 .text.__fp_lock
                0x0000000008006d7c       0x24 ../Hello_bsp//newlib/nios2-elf/lib\libc.a(lib_a-findfp.o)
 .text.__fp_unlock
                0x0000000008006da0       0x24 ../Hello_bsp//newlib/nios2-elf/lib\libc.a(lib_a-findfp.o)
 .text.__fp_lock_all
                0x0000000008006dc4       0x40 ../Hello_bsp//newlib/nios2-elf/lib\libc.a(lib_a-findfp.o)
                0x0000000008006dc4                __fp_lock_all
 .text.__fp_unlock_all
                0x0000000008006e04       0x40 ../Hello_bsp//newlib/nios2-elf/lib\libc.a(lib_a-findfp.o)
                0x0000000008006e04                __fp_unlock_all
 .text          0x0000000008006e44        0x0 ../Hello_bsp//newlib/nios2-elf/lib\libc.a(lib_a-freer.o)
 .text._free_r  0x0000000008006e44      0x560 ../Hello_bsp//newlib/nios2-elf/lib\libc.a(lib_a-freer.o)
                0x0000000008006e44                _free_r
 .text._malloc_trim_r
                0x00000000080073a4      0x1cc ../Hello_bsp//newlib/nios2-elf/lib\libc.a(lib_a-freer.o)
                0x00000000080073a4                _malloc_trim_r
 .text          0x0000000008007570        0x0 ../Hello_bsp//newlib/nios2-elf/lib\libc.a(lib_a-fvwrite.o)
 .text.__sfvwrite_r
                0x0000000008007570      0x5dc ../Hello_bsp//newlib/nios2-elf/lib\libc.a(lib_a-fvwrite.o)
                0x0000000008007570                __sfvwrite_r
 .text          0x0000000008007b4c        0x0 ../Hello_bsp//newlib/nios2-elf/lib\libc.a(lib_a-fwalk.o)
 .text._fwalk   0x0000000008007b4c       0xd8 ../Hello_bsp//newlib/nios2-elf/lib\libc.a(lib_a-fwalk.o)
                0x0000000008007b4c                _fwalk
 .text._fwalk_reent
                0x0000000008007c24       0xdc ../Hello_bsp//newlib/nios2-elf/lib\libc.a(lib_a-fwalk.o)
                0x0000000008007c24                _fwalk_reent
 .text          0x0000000008007d00        0x0 ../Hello_bsp//newlib/nios2-elf/lib\libc.a(lib_a-impure.o)
 .text          0x0000000008007d00        0x0 ../Hello_bsp//newlib/nios2-elf/lib\libc.a(lib_a-int_errno.o)
 .text          0x0000000008007d00        0x0 ../Hello_bsp//newlib/nios2-elf/lib\libc.a(lib_a-locale.o)
 .text._setlocale_r
                0x0000000008007d00       0x84 ../Hello_bsp//newlib/nios2-elf/lib\libc.a(lib_a-locale.o)
                0x0000000008007d00                _setlocale_r
 .text.__locale_charset
                0x0000000008007d84       0x24 ../Hello_bsp//newlib/nios2-elf/lib\libc.a(lib_a-locale.o)
                0x0000000008007d84                __locale_charset
 .text.__locale_mb_cur_max
                0x0000000008007da8       0x20 ../Hello_bsp//newlib/nios2-elf/lib\libc.a(lib_a-locale.o)
                0x0000000008007da8                __locale_mb_cur_max
 .text.__locale_msgcharset
                0x0000000008007dc8       0x24 ../Hello_bsp//newlib/nios2-elf/lib\libc.a(lib_a-locale.o)
                0x0000000008007dc8                __locale_msgcharset
 .text.__locale_cjk_lang
                0x0000000008007dec       0x20 ../Hello_bsp//newlib/nios2-elf/lib\libc.a(lib_a-locale.o)
                0x0000000008007dec                __locale_cjk_lang
 .text._localeconv_r
                0x0000000008007e0c       0x28 ../Hello_bsp//newlib/nios2-elf/lib\libc.a(lib_a-locale.o)
                0x0000000008007e0c                _localeconv_r
 .text.setlocale
                0x0000000008007e34       0x40 ../Hello_bsp//newlib/nios2-elf/lib\libc.a(lib_a-locale.o)
                0x0000000008007e34                setlocale
 .text.localeconv
                0x0000000008007e74       0x30 ../Hello_bsp//newlib/nios2-elf/lib\libc.a(lib_a-locale.o)
                0x0000000008007e74                localeconv
 .text          0x0000000008007ea4        0x0 ../Hello_bsp//newlib/nios2-elf/lib\libc.a(lib_a-makebuf.o)
 .text.__smakebuf_r
                0x0000000008007ea4      0x22c ../Hello_bsp//newlib/nios2-elf/lib\libc.a(lib_a-makebuf.o)
                0x0000000008007ea4                __smakebuf_r
 .text          0x00000000080080d0        0x0 ../Hello_bsp//newlib/nios2-elf/lib\libc.a(lib_a-memchr.o)
 .text.memchr   0x00000000080080d0      0x1bc ../Hello_bsp//newlib/nios2-elf/lib\libc.a(lib_a-memchr.o)
                0x00000000080080d0                memchr
 .text          0x000000000800828c        0x0 ../Hello_bsp//newlib/nios2-elf/lib\libc.a(lib_a-memcpy.o)
 .text.memcpy   0x000000000800828c      0x188 ../Hello_bsp//newlib/nios2-elf/lib\libc.a(lib_a-memcpy.o)
                0x000000000800828c                memcpy
 .text          0x0000000008008414        0x0 ../Hello_bsp//newlib/nios2-elf/lib\libc.a(lib_a-memmove.o)
 .text.memmove  0x0000000008008414      0x208 ../Hello_bsp//newlib/nios2-elf/lib\libc.a(lib_a-memmove.o)
                0x0000000008008414                memmove
 .text          0x000000000800861c        0x0 ../Hello_bsp//newlib/nios2-elf/lib\libc.a(lib_a-memset.o)
 .text.memset   0x000000000800861c      0x1c4 ../Hello_bsp//newlib/nios2-elf/lib\libc.a(lib_a-memset.o)
                0x000000000800861c                memset
 .text          0x00000000080087e0        0x0 ../Hello_bsp//newlib/nios2-elf/lib\libc.a(lib_a-mprec.o)
 .text._Balloc  0x00000000080087e0      0x130 ../Hello_bsp//newlib/nios2-elf/lib\libc.a(lib_a-mprec.o)
                0x00000000080087e0                _Balloc
 .text._Bfree   0x0000000008008910       0x7c ../Hello_bsp//newlib/nios2-elf/lib\libc.a(lib_a-mprec.o)
                0x0000000008008910                _Bfree
 .text.__multadd
                0x000000000800898c      0x194 ../Hello_bsp//newlib/nios2-elf/lib\libc.a(lib_a-mprec.o)
                0x000000000800898c                __multadd
 .text.__s2b    0x0000000008008b20      0x18c ../Hello_bsp//newlib/nios2-elf/lib\libc.a(lib_a-mprec.o)
                0x0000000008008b20                __s2b
 .text.__hi0bits
                0x0000000008008cac       0x90 ../Hello_bsp//newlib/nios2-elf/lib\libc.a(lib_a-mprec.o)
                0x0000000008008cac                __hi0bits
 .text.__lo0bits
                0x0000000008008d3c       0xec ../Hello_bsp//newlib/nios2-elf/lib\libc.a(lib_a-mprec.o)
                0x0000000008008d3c                __lo0bits
 .text.__i2b    0x0000000008008e28       0x58 ../Hello_bsp//newlib/nios2-elf/lib\libc.a(lib_a-mprec.o)
                0x0000000008008e28                __i2b
 .text.__multiply
                0x0000000008008e80      0x3d0 ../Hello_bsp//newlib/nios2-elf/lib\libc.a(lib_a-mprec.o)
                0x0000000008008e80                __multiply
 .text.__pow5mult
                0x0000000008009250      0x178 ../Hello_bsp//newlib/nios2-elf/lib\libc.a(lib_a-mprec.o)
                0x0000000008009250                __pow5mult
 .text.__lshift
                0x00000000080093c8      0x1f8 ../Hello_bsp//newlib/nios2-elf/lib\libc.a(lib_a-mprec.o)
                0x00000000080093c8                __lshift
 .text.__mcmp   0x00000000080095c0      0x114 ../Hello_bsp//newlib/nios2-elf/lib\libc.a(lib_a-mprec.o)
                0x00000000080095c0                __mcmp
 .text.__mdiff  0x00000000080096d4      0x2a4 ../Hello_bsp//newlib/nios2-elf/lib\libc.a(lib_a-mprec.o)
                0x00000000080096d4                __mdiff
 .text.__ulp    0x0000000008009978       0xcc ../Hello_bsp//newlib/nios2-elf/lib\libc.a(lib_a-mprec.o)
                0x0000000008009978                __ulp
 .text.__b2d    0x0000000008009a44      0x204 ../Hello_bsp//newlib/nios2-elf/lib\libc.a(lib_a-mprec.o)
                0x0000000008009a44                __b2d
 .text.__d2b    0x0000000008009c48      0x240 ../Hello_bsp//newlib/nios2-elf/lib\libc.a(lib_a-mprec.o)
                0x0000000008009c48                __d2b
 .text.__ratio  0x0000000008009e88      0x11c ../Hello_bsp//newlib/nios2-elf/lib\libc.a(lib_a-mprec.o)
                0x0000000008009e88                __ratio
 .text._mprec_log10
                0x0000000008009fa4       0xb0 ../Hello_bsp//newlib/nios2-elf/lib\libc.a(lib_a-mprec.o)
                0x0000000008009fa4                _mprec_log10
 .text.__copybits
                0x000000000800a054       0xd0 ../Hello_bsp//newlib/nios2-elf/lib\libc.a(lib_a-mprec.o)
                0x000000000800a054                __copybits
 .text.__any_on
                0x000000000800a124      0x134 ../Hello_bsp//newlib/nios2-elf/lib\libc.a(lib_a-mprec.o)
                0x000000000800a124                __any_on
 .text          0x000000000800a258        0x0 ../Hello_bsp//newlib/nios2-elf/lib\libc.a(lib_a-putc.o)
 .text._putc_r  0x000000000800a258      0x104 ../Hello_bsp//newlib/nios2-elf/lib\libc.a(lib_a-putc.o)
                0x000000000800a258                _putc_r
 .text.putc     0x000000000800a35c      0x108 ../Hello_bsp//newlib/nios2-elf/lib\libc.a(lib_a-putc.o)
                0x000000000800a35c                putc
 .text          0x000000000800a464        0x0 ../Hello_bsp//newlib/nios2-elf/lib\libc.a(lib_a-reallocr.o)
 .text._realloc_r
                0x000000000800a464      0xbf0 ../Hello_bsp//newlib/nios2-elf/lib\libc.a(lib_a-reallocr.o)
                0x000000000800a464                _realloc_r
 .text          0x000000000800b054        0x0 ../Hello_bsp//newlib/nios2-elf/lib\libc.a(lib_a-s_fpclassify.o)
 .text.__fpclassifyd
                0x000000000800b054      0x104 ../Hello_bsp//newlib/nios2-elf/lib\libc.a(lib_a-s_fpclassify.o)
                0x000000000800b054                __fpclassifyd
 .text          0x000000000800b158        0x0 ../Hello_bsp//newlib/nios2-elf/lib\libc.a(lib_a-stdio.o)
 .text.__sread  0x000000000800b158       0x9c ../Hello_bsp//newlib/nios2-elf/lib\libc.a(lib_a-stdio.o)
                0x000000000800b158                __sread
 .text.__seofread
                0x000000000800b1f4       0x30 ../Hello_bsp//newlib/nios2-elf/lib\libc.a(lib_a-stdio.o)
                0x000000000800b1f4                __seofread
 .text.__swrite
                0x000000000800b224       0xb4 ../Hello_bsp//newlib/nios2-elf/lib\libc.a(lib_a-stdio.o)
                0x000000000800b224                __swrite
 .text.__sseek  0x000000000800b2d8       0xa0 ../Hello_bsp//newlib/nios2-elf/lib\libc.a(lib_a-stdio.o)
                0x000000000800b2d8                __sseek
 .text.__sclose
                0x000000000800b378       0x54 ../Hello_bsp//newlib/nios2-elf/lib\libc.a(lib_a-stdio.o)
                0x000000000800b378                __sclose
 .text          0x000000000800b3cc        0x0 ../Hello_bsp//newlib/nios2-elf/lib\libc.a(lib_a-strcmp.o)
 .text.strcmp   0x000000000800b3cc      0x140 ../Hello_bsp//newlib/nios2-elf/lib\libc.a(lib_a-strcmp.o)
                0x000000000800b3cc                strcmp
 .text          0x000000000800b50c        0x0 ../Hello_bsp//newlib/nios2-elf/lib\libc.a(lib_a-vfiprintf.o)
 .text.__sprint_r
                0x000000000800b50c      0x13c ../Hello_bsp//newlib/nios2-elf/lib\libc.a(lib_a-vfiprintf.o)
                0x000000000800b50c                __sprint_r
 .text.__sbprintf
                0x000000000800b648       0xf0 ../Hello_bsp//newlib/nios2-elf/lib\libc.a(lib_a-vfiprintf.o)
 .text.__vfiprintf_internal
                0x000000000800b738       0x50 ../Hello_bsp//newlib/nios2-elf/lib\libc.a(lib_a-vfiprintf.o)
                0x000000000800b738                __vfiprintf_internal
 .text.___vfiprintf_internal_r
                0x000000000800b788     0x12c4 ../Hello_bsp//newlib/nios2-elf/lib\libc.a(lib_a-vfiprintf.o)
                0x000000000800b788                ___vfiprintf_internal_r
 .text          0x000000000800ca4c        0x0 ../Hello_bsp//newlib/nios2-elf/lib\libc.a(lib_a-wbuf.o)
 .text.__swbuf_r
                0x000000000800ca4c      0x168 ../Hello_bsp//newlib/nios2-elf/lib\libc.a(lib_a-wbuf.o)
                0x000000000800ca4c                __swbuf_r
 .text.__swbuf  0x000000000800cbb4       0x40 ../Hello_bsp//newlib/nios2-elf/lib\libc.a(lib_a-wbuf.o)
                0x000000000800cbb4                __swbuf
 .text          0x000000000800cbf4        0x0 ../Hello_bsp//newlib/nios2-elf/lib\libc.a(lib_a-writer.o)
 .text._write_r
                0x000000000800cbf4       0x70 ../Hello_bsp//newlib/nios2-elf/lib\libc.a(lib_a-writer.o)
                0x000000000800cbf4                _write_r
 .text          0x000000000800cc64        0x0 ../Hello_bsp//newlib/nios2-elf/lib\libc.a(closer.o)
 .text._close_r
                0x000000000800cc64       0x60 ../Hello_bsp//newlib/nios2-elf/lib\libc.a(closer.o)
                0x000000000800cc64                _close_r
 .text          0x000000000800ccc4        0x0 ../Hello_bsp//newlib/nios2-elf/lib\libc.a(lib_a-callocr.o)
 .text._calloc_r
                0x000000000800ccc4      0x164 ../Hello_bsp//newlib/nios2-elf/lib\libc.a(lib_a-callocr.o)
                0x000000000800ccc4                _calloc_r
 .text          0x000000000800ce28        0x0 ../Hello_bsp//newlib/nios2-elf/lib\libc.a(lib_a-fclose.o)
 .text._fclose_r
                0x000000000800ce28      0x12c ../Hello_bsp//newlib/nios2-elf/lib\libc.a(lib_a-fclose.o)
                0x000000000800ce28                _fclose_r
 .text.fclose   0x000000000800cf54       0x38 ../Hello_bsp//newlib/nios2-elf/lib\libc.a(lib_a-fclose.o)
                0x000000000800cf54                fclose
 .text          0x000000000800cf8c        0x0 ../Hello_bsp//newlib/nios2-elf/lib\libc.a(lib_a-fputwc.o)
 .text.__fputwc
                0x000000000800cf8c      0x1f4 ../Hello_bsp//newlib/nios2-elf/lib\libc.a(lib_a-fputwc.o)
                0x000000000800cf8c                __fputwc
 .text._fputwc_r
                0x000000000800d180       0x88 ../Hello_bsp//newlib/nios2-elf/lib\libc.a(lib_a-fputwc.o)
                0x000000000800d180                _fputwc_r
 .text.fputwc   0x000000000800d208       0x68 ../Hello_bsp//newlib/nios2-elf/lib\libc.a(lib_a-fputwc.o)
                0x000000000800d208                fputwc
 .text          0x000000000800d270        0x0 ../Hello_bsp//newlib/nios2-elf/lib\libc.a(lib_a-fstatr.o)
 .text._fstat_r
                0x000000000800d270       0x68 ../Hello_bsp//newlib/nios2-elf/lib\libc.a(lib_a-fstatr.o)
                0x000000000800d270                _fstat_r
 .text          0x000000000800d2d8        0x0 ../Hello_bsp//newlib/nios2-elf/lib\libc.a(lib_a-isattyr.o)
 .text._isatty_r
                0x000000000800d2d8       0x60 ../Hello_bsp//newlib/nios2-elf/lib\libc.a(lib_a-isattyr.o)
                0x000000000800d2d8                _isatty_r
 .text          0x000000000800d338        0x0 ../Hello_bsp//newlib/nios2-elf/lib\libc.a(lib_a-lseekr.o)
 .text._lseek_r
                0x000000000800d338       0x70 ../Hello_bsp//newlib/nios2-elf/lib\libc.a(lib_a-lseekr.o)
                0x000000000800d338                _lseek_r
 .text          0x000000000800d3a8        0x0 ../Hello_bsp//newlib/nios2-elf/lib\libc.a(lib_a-readr.o)
 .text._read_r  0x000000000800d3a8       0x70 ../Hello_bsp//newlib/nios2-elf/lib\libc.a(lib_a-readr.o)
                0x000000000800d3a8                _read_r
 .text          0x000000000800d418        0x0 ../Hello_bsp//newlib/nios2-elf/lib\libc.a(lib_a-wcrtomb.o)
 .text._wcrtomb_r
                0x000000000800d418       0xd4 ../Hello_bsp//newlib/nios2-elf/lib\libc.a(lib_a-wcrtomb.o)
                0x000000000800d418                _wcrtomb_r
 .text.wcrtomb  0x000000000800d4ec       0xd8 ../Hello_bsp//newlib/nios2-elf/lib\libc.a(lib_a-wcrtomb.o)
                0x000000000800d4ec                wcrtomb
 .text          0x000000000800d5c4        0x0 ../Hello_bsp//newlib/nios2-elf/lib\libc.a(lib_a-wctomb_r.o)
 .text._wctomb_r
                0x000000000800d5c4       0x64 ../Hello_bsp//newlib/nios2-elf/lib\libc.a(lib_a-wctomb_r.o)
                0x000000000800d5c4                _wctomb_r
 .text.__ascii_wctomb
                0x000000000800d628       0x78 ../Hello_bsp//newlib/nios2-elf/lib\libc.a(lib_a-wctomb_r.o)
                0x000000000800d628                __ascii_wctomb
 .text          0x000000000800d6a0      0x578 d:/intelfpga_lite/18.0/nios2eds/bin/gnu/h-x86_64-mingw32/bin/../lib/gcc/nios2-elf/5.3.0\libgcc.a(_udivdi3.o)
                0x000000000800d6a0                __udivdi3
 .text          0x000000000800dc18      0x538 d:/intelfpga_lite/18.0/nios2eds/bin/gnu/h-x86_64-mingw32/bin/../lib/gcc/nios2-elf/5.3.0\libgcc.a(_umoddi3.o)
                0x000000000800dc18                __umoddi3
 .text          0x000000000800e150      0x8ac d:/intelfpga_lite/18.0/nios2eds/bin/gnu/h-x86_64-mingw32/bin/../lib/gcc/nios2-elf/5.3.0\libgcc.a(adddf3.o)
                0x000000000800e150                __adddf3
 .text          0x000000000800e9fc      0x8e8 d:/intelfpga_lite/18.0/nios2eds/bin/gnu/h-x86_64-mingw32/bin/../lib/gcc/nios2-elf/5.3.0\libgcc.a(divdf3.o)
                0x000000000800e9fc                __divdf3
 .text          0x000000000800f2e4       0x88 d:/intelfpga_lite/18.0/nios2eds/bin/gnu/h-x86_64-mingw32/bin/../lib/gcc/nios2-elf/5.3.0\libgcc.a(eqdf2.o)
                0x000000000800f2e4                __nedf2
                0x000000000800f2e4                __eqdf2
 .text          0x000000000800f36c       0xdc d:/intelfpga_lite/18.0/nios2eds/bin/gnu/h-x86_64-mingw32/bin/../lib/gcc/nios2-elf/5.3.0\libgcc.a(gedf2.o)
                0x000000000800f36c                __gedf2
                0x000000000800f36c                __gtdf2
 .text          0x000000000800f448       0xf4 d:/intelfpga_lite/18.0/nios2eds/bin/gnu/h-x86_64-mingw32/bin/../lib/gcc/nios2-elf/5.3.0\libgcc.a(ledf2.o)
                0x000000000800f448                __ledf2
                0x000000000800f448                __ltdf2
 .text          0x000000000800f53c      0x718 d:/intelfpga_lite/18.0/nios2eds/bin/gnu/h-x86_64-mingw32/bin/../lib/gcc/nios2-elf/5.3.0\libgcc.a(muldf3.o)
                0x000000000800f53c                __muldf3
 .text          0x000000000800fc54      0x8fc d:/intelfpga_lite/18.0/nios2eds/bin/gnu/h-x86_64-mingw32/bin/../lib/gcc/nios2-elf/5.3.0\libgcc.a(subdf3.o)
                0x000000000800fc54                __subdf3
 .text          0x0000000008010550       0x80 d:/intelfpga_lite/18.0/nios2eds/bin/gnu/h-x86_64-mingw32/bin/../lib/gcc/nios2-elf/5.3.0\libgcc.a(fixdfsi.o)
                0x0000000008010550                __fixdfsi
 .text          0x00000000080105d0       0xdc d:/intelfpga_lite/18.0/nios2eds/bin/gnu/h-x86_64-mingw32/bin/../lib/gcc/nios2-elf/5.3.0\libgcc.a(floatsidf.o)
                0x00000000080105d0                __floatsidf
 .text          0x00000000080106ac       0xa8 d:/intelfpga_lite/18.0/nios2eds/bin/gnu/h-x86_64-mingw32/bin/../lib/gcc/nios2-elf/5.3.0\libgcc.a(floatunsidf.o)
                0x00000000080106ac                __floatunsidf
 .text          0x0000000008010754        0x0 d:/intelfpga_lite/18.0/nios2eds/bin/gnu/h-x86_64-mingw32/bin/../lib/gcc/nios2-elf/5.3.0\libgcc.a(_clz.o)
 .text          0x0000000008010754       0x64 d:/intelfpga_lite/18.0/nios2eds/bin/gnu/h-x86_64-mingw32/bin/../lib/gcc/nios2-elf/5.3.0\libgcc.a(_clzsi2.o)
                0x0000000008010754                __clzsi2
 .text          0x00000000080107b8      0x10c ../Hello_bsp/\libhal_bsp.a(alt_close.o)
                0x00000000080107f4                close
 .text          0x00000000080108c4       0x2c ../Hello_bsp/\libhal_bsp.a(alt_dev.o)
 .text          0x00000000080108f0        0x0 ../Hello_bsp/\libhal_bsp.a(alt_errno.o)
 .text          0x00000000080108f0       0xec ../Hello_bsp/\libhal_bsp.a(alt_fstat.o)
                0x000000000801092c                fstat
 .text          0x00000000080109dc       0xe0 ../Hello_bsp/\libhal_bsp.a(alt_isatty.o)
                0x0000000008010a18                isatty
 .text          0x0000000008010abc       0xec ../Hello_bsp/\libhal_bsp.a(alt_load.o)
                0x0000000008010b24                alt_load
 .text          0x0000000008010ba8      0x110 ../Hello_bsp/\libhal_bsp.a(alt_lseek.o)
                0x0000000008010be4                lseek
 .text          0x0000000008010cb8       0x6c ../Hello_bsp/\libhal_bsp.a(alt_main.o)
                0x0000000008010cb8                alt_main
 .text          0x0000000008010d24       0x48 ../Hello_bsp/\libhal_bsp.a(alt_malloc_lock.o)
                0x0000000008010d24                __malloc_lock
                0x0000000008010d48                __malloc_unlock
 .text          0x0000000008010d6c      0x138 ../Hello_bsp/\libhal_bsp.a(alt_read.o)
                0x0000000008010da8                read
 .text          0x0000000008010ea4       0x64 ../Hello_bsp/\libhal_bsp.a(alt_release_fd.o)
                0x0000000008010ea4                alt_release_fd
 .text          0x0000000008010f08       0xb0 ../Hello_bsp/\libhal_bsp.a(alt_sbrk.o)
                0x0000000008010f08                sbrk
 .text          0x0000000008010fb8      0x134 ../Hello_bsp/\libhal_bsp.a(alt_write.o)
                0x0000000008010ff4                write
 .text          0x00000000080110ec       0xd0 ../Hello_bsp/\libhal_bsp.a(alt_sys_init.o)
                0x0000000008011120                alt_irq_init
                0x0000000008011158                alt_sys_init
 .text          0x00000000080111bc      0x164 ../Hello_bsp/\libhal_bsp.a(altera_avalon_jtag_uart_fd.o)
                0x00000000080111bc                altera_avalon_jtag_uart_read_fd
                0x000000000801121c                altera_avalon_jtag_uart_write_fd
                0x000000000801127c                altera_avalon_jtag_uart_close_fd
                0x00000000080112cc                altera_avalon_jtag_uart_ioctl_fd
 .text          0x0000000008011320      0x3d4 ../Hello_bsp/\libhal_bsp.a(altera_avalon_jtag_uart_init.o)
                0x0000000008011320                altera_avalon_jtag_uart_init
                0x000000000801168c                altera_avalon_jtag_uart_close
 .text          0x00000000080116f4       0xf0 ../Hello_bsp/\libhal_bsp.a(altera_avalon_jtag_uart_ioctl.o)
                0x00000000080116f4                altera_avalon_jtag_uart_ioctl
 .text          0x00000000080117e4      0x21c ../Hello_bsp/\libhal_bsp.a(altera_avalon_jtag_uart_read.o)
                0x00000000080117e4                altera_avalon_jtag_uart_read
 .text          0x0000000008011a00      0x224 ../Hello_bsp/\libhal_bsp.a(altera_avalon_jtag_uart_write.o)
                0x0000000008011a00                altera_avalon_jtag_uart_write
 .text          0x0000000008011c24       0xf4 ../Hello_bsp/\libhal_bsp.a(altera_avalon_timer_sc.o)
                0x0000000008011c9c                alt_avalon_timer_sc_init
 .text          0x0000000008011d18      0x12c ../Hello_bsp/\libhal_bsp.a(alt_alarm_start.o)
                0x0000000008011d18                alt_alarm_start
 .text          0x0000000008011e44       0x48 ../Hello_bsp/\libhal_bsp.a(alt_dcache_flush_all.o)
                0x0000000008011e44                alt_dcache_flush_all
 .text          0x0000000008011e8c       0xe0 ../Hello_bsp/\libhal_bsp.a(alt_dev_llist_insert.o)
                0x0000000008011ec8                alt_dev_llist_insert
 .text          0x0000000008011f6c       0x34 ../Hello_bsp/\libhal_bsp.a(alt_icache_flush_all.o)
                0x0000000008011f6c                alt_icache_flush_all
 .text          0x0000000008011fa0      0x1b0 ../Hello_bsp/\libhal_bsp.a(alt_iic.o)
                0x0000000008011fa0                alt_ic_isr_register
                0x0000000008011ff0                alt_ic_irq_enable
                0x0000000008012078                alt_ic_irq_disable
                0x0000000008012104                alt_ic_irq_enabled
 .text          0x0000000008012150       0xf0 ../Hello_bsp/\libhal_bsp.a(alt_iic_isr_register.o)
                0x0000000008012150                alt_iic_isr_register
 .text          0x0000000008012240      0x140 ../Hello_bsp/\libhal_bsp.a(alt_io_redirect.o)
                0x0000000008012304                alt_io_redirect
 .text          0x0000000008012380        0x0 ../Hello_bsp/\libhal_bsp.a(alt_irq_entry.o)
 .text          0x0000000008012380        0x0 ../Hello_bsp/\libhal_bsp.a(alt_irq_handler.o)
 .text          0x0000000008012380        0x0 ../Hello_bsp/\libhal_bsp.a(alt_irq_vars.o)
 .text          0x0000000008012380      0x254 ../Hello_bsp/\libhal_bsp.a(alt_open.o)
                0x0000000008012480                open
 .text          0x00000000080125d4      0x1a4 ../Hello_bsp/\libhal_bsp.a(alt_tick.o)
                0x00000000080125d4                alt_alarm_stop
                0x0000000008012670                alt_tick
 .text          0x0000000008012778       0x24 ../Hello_bsp/\libhal_bsp.a(altera_nios2_gen2_irq.o)
                0x0000000008012778                altera_nios2_gen2_irq_init
 .text          0x000000000801279c        0x0 ../Hello_bsp/\libhal_bsp.a(alt_exception_entry.o)
 .text          0x000000000801279c       0x90 ../Hello_bsp/\libhal_bsp.a(alt_find_dev.o)
                0x000000000801279c                alt_find_dev
 .text          0x000000000801282c      0x108 ../Hello_bsp/\libhal_bsp.a(alt_find_file.o)
                0x000000000801282c                alt_find_file
 .text          0x0000000008012934       0xa4 ../Hello_bsp/\libhal_bsp.a(alt_get_fd.o)
                0x0000000008012934                alt_get_fd
 .text          0x00000000080129d8       0x90 ../Hello_bsp/\libhal_bsp.a(alt_icache_flush.o)
                0x00000000080129d8                alt_icache_flush
 .text          0x0000000008012a68       0x9c ../Hello_bsp/\libhal_bsp.a(alt_instruction_exception_entry.o)
                0x0000000008012a68                alt_exception_cause_generated_bad_addr
 .text          0x0000000008012b04        0x0 ../Hello_bsp//newlib/nios2-elf/lib\libc.a(lib_a-exit.o)
 .text.exit     0x0000000008012b04       0x48 ../Hello_bsp//newlib/nios2-elf/lib\libc.a(lib_a-exit.o)
                0x0000000008012b04                exit
 .text          0x0000000008012b4c        0x0 ../Hello_bsp//newlib/nios2-elf/lib\libc.a(lib_a-memcmp.o)
 .text.memcmp   0x0000000008012b4c      0x134 ../Hello_bsp//newlib/nios2-elf/lib\libc.a(lib_a-memcmp.o)
                0x0000000008012b4c                memcmp
 .text          0x0000000008012c80        0x0 ../Hello_bsp//newlib/nios2-elf/lib\libc.a(lib_a-__call_atexit.o)
 .text.__call_exitprocs
                0x0000000008012c80      0x1ec ../Hello_bsp//newlib/nios2-elf/lib\libc.a(lib_a-__call_atexit.o)
                0x0000000008012c80                __call_exitprocs
 .text          0x0000000008012e6c       0x34 ../Hello_bsp/\libhal_bsp.a(alt_exit.o)
                0x0000000008012e6c                _exit
 *(.gnu.warning.*)
 *(.fini)
                [!provide]                        PROVIDE (__etext, ABSOLUTE (.))
                [!provide]                        PROVIDE (_etext, ABSOLUTE (.))
                [!provide]                        PROVIDE (etext, ABSOLUTE (.))
 *(.eh_frame_hdr)
                0x0000000008012ea0                . = ALIGN (0x4)
                [!provide]                        PROVIDE (__preinit_array_start, ABSOLUTE (.))
 *(.preinit_array)
                [!provide]                        PROVIDE (__preinit_array_end, ABSOLUTE (.))
                [!provide]                        PROVIDE (__init_array_start, ABSOLUTE (.))
 *(.init_array)
                [!provide]                        PROVIDE (__init_array_end, ABSOLUTE (.))
                [!provide]                        PROVIDE (__fini_array_start, ABSOLUTE (.))
 *(.fini_array)
                [!provide]                        PROVIDE (__fini_array_end, ABSOLUTE (.))
 *(.eh_frame)
 *(.gcc_except_table .gcc_except_table.*)
 *(.dynamic)
                [!provide]                        PROVIDE (__CTOR_LIST__, ABSOLUTE (.))
 *(.ctors)
 *(SORT(.ctors.*))
                [!provide]                        PROVIDE (__CTOR_END__, ABSOLUTE (.))
                [!provide]                        PROVIDE (__DTOR_LIST__, ABSOLUTE (.))
 *(.dtors)
 *(SORT(.dtors.*))
                [!provide]                        PROVIDE (__DTOR_END__, ABSOLUTE (.))
 *(.jcr)
                0x0000000008012ea0                . = ALIGN (0x4)

.rodata         0x0000000008012ea0      0x3f0
                0x0000000008012ea0                PROVIDE (__ram_rodata_start, ABSOLUTE (.))
                0x0000000008012ea0                . = ALIGN (0x4)
 *(.rodata .rodata.* .gnu.linkonce.r.*)
 .rodata        0x0000000008012ea0       0x7c obj/default/main.o
 .rodata        0x0000000008012f1c        0x2 ../Hello_bsp//newlib/nios2-elf/lib\libc.a(lib_a-puts.o)
 *fill*         0x0000000008012f1e        0x2 
 .rodata        0x0000000008012f20       0x5e ../Hello_bsp//newlib/nios2-elf/lib\libc.a(lib_a-vfprintf.o)
 .rodata.blanks.4403
                0x0000000008012f7e       0x10 ../Hello_bsp//newlib/nios2-elf/lib\libc.a(lib_a-vfprintf.o)
 .rodata.zeroes.4404
                0x0000000008012f8e       0x10 ../Hello_bsp//newlib/nios2-elf/lib\libc.a(lib_a-vfprintf.o)
 *fill*         0x0000000008012f9e        0x2 
 .rodata        0x0000000008012fa0       0x12 ../Hello_bsp//newlib/nios2-elf/lib\libc.a(lib_a-dtoa.o)
 *fill*         0x0000000008012fb2        0x2 
 .rodata        0x0000000008012fb4        0x2 ../Hello_bsp//newlib/nios2-elf/lib\libc.a(lib_a-impure.o)
 *fill*         0x0000000008012fb6        0x2 
 .rodata        0x0000000008012fb8       0x12 ../Hello_bsp//newlib/nios2-elf/lib\libc.a(lib_a-locale.o)
 *fill*         0x0000000008012fca        0x2 
 .rodata.__mprec_tens
                0x0000000008012fcc       0xc8 ../Hello_bsp//newlib/nios2-elf/lib\libc.a(lib_a-mprec.o)
                0x0000000008012fcc                __mprec_tens
 .rodata.__mprec_bigtens
                0x0000000008013094       0x28 ../Hello_bsp//newlib/nios2-elf/lib\libc.a(lib_a-mprec.o)
                0x0000000008013094                __mprec_bigtens
 .rodata.__mprec_tinytens
                0x00000000080130bc       0x28 ../Hello_bsp//newlib/nios2-elf/lib\libc.a(lib_a-mprec.o)
                0x00000000080130bc                __mprec_tinytens
 .rodata.p05.2768
                0x00000000080130e4        0xc ../Hello_bsp//newlib/nios2-elf/lib\libc.a(lib_a-mprec.o)
 .rodata        0x00000000080130f0       0x4a ../Hello_bsp//newlib/nios2-elf/lib\libc.a(lib_a-vfiprintf.o)
 .rodata.blanks.4348
                0x000000000801313a       0x10 ../Hello_bsp//newlib/nios2-elf/lib\libc.a(lib_a-vfiprintf.o)
 .rodata.zeroes.4349
                0x000000000801314a       0x10 ../Hello_bsp//newlib/nios2-elf/lib\libc.a(lib_a-vfiprintf.o)
 .rodata        0x000000000801315a      0x100 d:/intelfpga_lite/18.0/nios2eds/bin/gnu/h-x86_64-mingw32/bin/../lib/gcc/nios2-elf/5.3.0\libgcc.a(_clz.o)
                0x000000000801315a                __clz_tab
 *fill*         0x000000000801325a        0x2 
 .rodata        0x000000000801325c        0xa ../Hello_bsp/\libhal_bsp.a(alt_dev.o)
 *fill*         0x0000000008013266        0x2 
 .rodata        0x0000000008013268       0x11 ../Hello_bsp/\libhal_bsp.a(alt_main.o)
 *fill*         0x0000000008013279        0x3 
 .rodata        0x000000000801327c       0x11 ../Hello_bsp/\libhal_bsp.a(alt_sys_init.o)
 *(.rodata1)
                0x0000000008013290                . = ALIGN (0x4)
 *fill*         0x000000000801328d        0x3 
                0x0000000008013290                PROVIDE (__ram_rodata_end, ABSOLUTE (.))
                0x0000000008012ea0                PROVIDE (__flash_rodata_start, LOADADDR (.rodata))

.rwdata         0x0000000008013290     0x1aec load address 0x0000000008014d7c
                0x0000000008013290                PROVIDE (__ram_rwdata_start, ABSOLUTE (.))
                0x0000000008013290                . = ALIGN (0x4)
 *(.got.plt)
 *(.got)
 *(.data1)
 *(.data .data.* .gnu.linkonce.d.*)
 .data          0x0000000008013290        0x0 ../Hello_bsp//obj/HAL/src/crt0.o
 .data          0x0000000008013290        0x0 obj/default/gppcu.o
 .data          0x0000000008013290        0x0 obj/default/main.o
 .data          0x0000000008013290        0x0 d:/intelfpga_lite/18.0/nios2eds/bin/gnu/h-x86_64-mingw32/bin/../lib/gcc/nios2-elf/5.3.0\libgcc.a(lib2-divmod.o)
 .data          0x0000000008013290        0x0 ../Hello_bsp//newlib/nios2-elf/lib\libc.a(lib_a-malloc.o)
 .data          0x0000000008013290        0x0 ../Hello_bsp//newlib/nios2-elf/lib\libc.a(lib_a-mallocr.o)
 .data.__malloc_av_
                0x0000000008013290      0x408 ../Hello_bsp//newlib/nios2-elf/lib\libc.a(lib_a-mallocr.o)
                0x0000000008013290                __malloc_av_
 .data          0x0000000008013698        0x0 ../Hello_bsp//newlib/nios2-elf/lib\libc.a(lib_a-printf.o)
 .data          0x0000000008013698        0x0 ../Hello_bsp//newlib/nios2-elf/lib\libc.a(lib_a-putchar.o)
 .data          0x0000000008013698        0x0 ../Hello_bsp//newlib/nios2-elf/lib\libc.a(lib_a-puts.o)
 .data          0x0000000008013698        0x0 ../Hello_bsp//newlib/nios2-elf/lib\libc.a(lib_a-sbrkr.o)
 .data          0x0000000008013698        0x0 ../Hello_bsp//newlib/nios2-elf/lib\libc.a(lib_a-strlen.o)
 .data          0x0000000008013698        0x0 ../Hello_bsp//newlib/nios2-elf/lib\libc.a(lib_a-vfprintf.o)
 .data          0x0000000008013698        0x0 ../Hello_bsp//newlib/nios2-elf/lib\libc.a(lib_a-wsetup.o)
 .data          0x0000000008013698        0x0 ../Hello_bsp//newlib/nios2-elf/lib\libc.a(lib_a-dtoa.o)
 .data          0x0000000008013698        0x0 ../Hello_bsp//newlib/nios2-elf/lib\libc.a(lib_a-fflush.o)
 .data          0x0000000008013698        0x0 ../Hello_bsp//newlib/nios2-elf/lib\libc.a(lib_a-findfp.o)
 .data          0x0000000008013698        0x0 ../Hello_bsp//newlib/nios2-elf/lib\libc.a(lib_a-freer.o)
 .data          0x0000000008013698        0x0 ../Hello_bsp//newlib/nios2-elf/lib\libc.a(lib_a-fvwrite.o)
 .data          0x0000000008013698        0x0 ../Hello_bsp//newlib/nios2-elf/lib\libc.a(lib_a-fwalk.o)
 .data          0x0000000008013698        0x0 ../Hello_bsp//newlib/nios2-elf/lib\libc.a(lib_a-impure.o)
 .data.impure_data
                0x0000000008013698      0x424 ../Hello_bsp//newlib/nios2-elf/lib\libc.a(lib_a-impure.o)
 .data          0x0000000008013abc        0x0 ../Hello_bsp//newlib/nios2-elf/lib\libc.a(lib_a-int_errno.o)
 .data          0x0000000008013abc        0x0 ../Hello_bsp//newlib/nios2-elf/lib\libc.a(lib_a-locale.o)
 .data.lconv    0x0000000008013abc       0x38 ../Hello_bsp//newlib/nios2-elf/lib\libc.a(lib_a-locale.o)
 .data.lc_ctype_charset
                0x0000000008013af4       0x20 ../Hello_bsp//newlib/nios2-elf/lib\libc.a(lib_a-locale.o)
 .data.lc_message_charset
                0x0000000008013b14       0x20 ../Hello_bsp//newlib/nios2-elf/lib\libc.a(lib_a-locale.o)
 .data          0x0000000008013b34        0x0 ../Hello_bsp//newlib/nios2-elf/lib\libc.a(lib_a-makebuf.o)
 .data          0x0000000008013b34        0x0 ../Hello_bsp//newlib/nios2-elf/lib\libc.a(lib_a-memchr.o)
 .data          0x0000000008013b34        0x0 ../Hello_bsp//newlib/nios2-elf/lib\libc.a(lib_a-memcpy.o)
 .data          0x0000000008013b34        0x0 ../Hello_bsp//newlib/nios2-elf/lib\libc.a(lib_a-memmove.o)
 .data          0x0000000008013b34        0x0 ../Hello_bsp//newlib/nios2-elf/lib\libc.a(lib_a-memset.o)
 .data          0x0000000008013b34        0x0 ../Hello_bsp//newlib/nios2-elf/lib\libc.a(lib_a-mprec.o)
 .data          0x0000000008013b34        0x0 ../Hello_bsp//newlib/nios2-elf/lib\libc.a(lib_a-putc.o)
 .data          0x0000000008013b34        0x0 ../Hello_bsp//newlib/nios2-elf/lib\libc.a(lib_a-reallocr.o)
 .data          0x0000000008013b34        0x0 ../Hello_bsp//newlib/nios2-elf/lib\libc.a(lib_a-s_fpclassify.o)
 .data          0x0000000008013b34        0x0 ../Hello_bsp//newlib/nios2-elf/lib\libc.a(lib_a-stdio.o)
 .data          0x0000000008013b34        0x0 ../Hello_bsp//newlib/nios2-elf/lib\libc.a(lib_a-strcmp.o)
 .data          0x0000000008013b34        0x0 ../Hello_bsp//newlib/nios2-elf/lib\libc.a(lib_a-vfiprintf.o)
 .data          0x0000000008013b34        0x0 ../Hello_bsp//newlib/nios2-elf/lib\libc.a(lib_a-wbuf.o)
 .data          0x0000000008013b34        0x0 ../Hello_bsp//newlib/nios2-elf/lib\libc.a(lib_a-writer.o)
 .data          0x0000000008013b34        0x0 ../Hello_bsp//newlib/nios2-elf/lib\libc.a(closer.o)
 .data          0x0000000008013b34        0x0 ../Hello_bsp//newlib/nios2-elf/lib\libc.a(lib_a-callocr.o)
 .data          0x0000000008013b34        0x0 ../Hello_bsp//newlib/nios2-elf/lib\libc.a(lib_a-fclose.o)
 .data          0x0000000008013b34        0x0 ../Hello_bsp//newlib/nios2-elf/lib\libc.a(lib_a-fputwc.o)
 .data          0x0000000008013b34        0x0 ../Hello_bsp//newlib/nios2-elf/lib\libc.a(lib_a-fstatr.o)
 .data          0x0000000008013b34        0x0 ../Hello_bsp//newlib/nios2-elf/lib\libc.a(lib_a-isattyr.o)
 .data          0x0000000008013b34        0x0 ../Hello_bsp//newlib/nios2-elf/lib\libc.a(lib_a-lseekr.o)
 .data          0x0000000008013b34        0x0 ../Hello_bsp//newlib/nios2-elf/lib\libc.a(lib_a-readr.o)
 .data          0x0000000008013b34        0x0 ../Hello_bsp//newlib/nios2-elf/lib\libc.a(lib_a-wcrtomb.o)
 .data          0x0000000008013b34        0x0 ../Hello_bsp//newlib/nios2-elf/lib\libc.a(lib_a-wctomb_r.o)
 .data          0x0000000008013b34        0x0 d:/intelfpga_lite/18.0/nios2eds/bin/gnu/h-x86_64-mingw32/bin/../lib/gcc/nios2-elf/5.3.0\libgcc.a(_udivdi3.o)
 .data          0x0000000008013b34        0x0 d:/intelfpga_lite/18.0/nios2eds/bin/gnu/h-x86_64-mingw32/bin/../lib/gcc/nios2-elf/5.3.0\libgcc.a(_umoddi3.o)
 .data          0x0000000008013b34        0x0 d:/intelfpga_lite/18.0/nios2eds/bin/gnu/h-x86_64-mingw32/bin/../lib/gcc/nios2-elf/5.3.0\libgcc.a(adddf3.o)
 .data          0x0000000008013b34        0x0 d:/intelfpga_lite/18.0/nios2eds/bin/gnu/h-x86_64-mingw32/bin/../lib/gcc/nios2-elf/5.3.0\libgcc.a(divdf3.o)
 .data          0x0000000008013b34        0x0 d:/intelfpga_lite/18.0/nios2eds/bin/gnu/h-x86_64-mingw32/bin/../lib/gcc/nios2-elf/5.3.0\libgcc.a(eqdf2.o)
 .data          0x0000000008013b34        0x0 d:/intelfpga_lite/18.0/nios2eds/bin/gnu/h-x86_64-mingw32/bin/../lib/gcc/nios2-elf/5.3.0\libgcc.a(gedf2.o)
 .data          0x0000000008013b34        0x0 d:/intelfpga_lite/18.0/nios2eds/bin/gnu/h-x86_64-mingw32/bin/../lib/gcc/nios2-elf/5.3.0\libgcc.a(ledf2.o)
 .data          0x0000000008013b34        0x0 d:/intelfpga_lite/18.0/nios2eds/bin/gnu/h-x86_64-mingw32/bin/../lib/gcc/nios2-elf/5.3.0\libgcc.a(muldf3.o)
 .data          0x0000000008013b34        0x0 d:/intelfpga_lite/18.0/nios2eds/bin/gnu/h-x86_64-mingw32/bin/../lib/gcc/nios2-elf/5.3.0\libgcc.a(subdf3.o)
 .data          0x0000000008013b34        0x0 d:/intelfpga_lite/18.0/nios2eds/bin/gnu/h-x86_64-mingw32/bin/../lib/gcc/nios2-elf/5.3.0\libgcc.a(fixdfsi.o)
 .data          0x0000000008013b34        0x0 d:/intelfpga_lite/18.0/nios2eds/bin/gnu/h-x86_64-mingw32/bin/../lib/gcc/nios2-elf/5.3.0\libgcc.a(floatsidf.o)
 .data          0x0000000008013b34        0x0 d:/intelfpga_lite/18.0/nios2eds/bin/gnu/h-x86_64-mingw32/bin/../lib/gcc/nios2-elf/5.3.0\libgcc.a(floatunsidf.o)
 .data          0x0000000008013b34        0x0 d:/intelfpga_lite/18.0/nios2eds/bin/gnu/h-x86_64-mingw32/bin/../lib/gcc/nios2-elf/5.3.0\libgcc.a(_clz.o)
 .data          0x0000000008013b34        0x0 d:/intelfpga_lite/18.0/nios2eds/bin/gnu/h-x86_64-mingw32/bin/../lib/gcc/nios2-elf/5.3.0\libgcc.a(_clzsi2.o)
 .data          0x0000000008013b34        0x0 ../Hello_bsp/\libhal_bsp.a(alt_close.o)
 .data          0x0000000008013b34      0x1a8 ../Hello_bsp/\libhal_bsp.a(alt_dev.o)
                0x0000000008013b34                alt_dev_null
                0x0000000008013b5c                alt_fd_list
 .data          0x0000000008013cdc        0x0 ../Hello_bsp/\libhal_bsp.a(alt_errno.o)
 .data          0x0000000008013cdc        0x0 ../Hello_bsp/\libhal_bsp.a(alt_fstat.o)
 .data          0x0000000008013cdc        0x0 ../Hello_bsp/\libhal_bsp.a(alt_isatty.o)
 .data          0x0000000008013cdc        0x0 ../Hello_bsp/\libhal_bsp.a(alt_load.o)
 .data          0x0000000008013cdc        0x0 ../Hello_bsp/\libhal_bsp.a(alt_lseek.o)
 .data          0x0000000008013cdc        0x0 ../Hello_bsp/\libhal_bsp.a(alt_main.o)
 .data          0x0000000008013cdc        0x0 ../Hello_bsp/\libhal_bsp.a(alt_malloc_lock.o)
 .data          0x0000000008013cdc        0x0 ../Hello_bsp/\libhal_bsp.a(alt_read.o)
 .data          0x0000000008013cdc        0x0 ../Hello_bsp/\libhal_bsp.a(alt_release_fd.o)
 .data          0x0000000008013cdc        0x0 ../Hello_bsp/\libhal_bsp.a(alt_sbrk.o)
 .data          0x0000000008013cdc        0x0 ../Hello_bsp/\libhal_bsp.a(alt_write.o)
 .data          0x0000000008013cdc     0x1060 ../Hello_bsp/\libhal_bsp.a(alt_sys_init.o)
 .data          0x0000000008014d3c        0x0 ../Hello_bsp/\libhal_bsp.a(altera_avalon_jtag_uart_fd.o)
 .data          0x0000000008014d3c        0x0 ../Hello_bsp/\libhal_bsp.a(altera_avalon_jtag_uart_init.o)
 .data          0x0000000008014d3c        0x0 ../Hello_bsp/\libhal_bsp.a(altera_avalon_jtag_uart_ioctl.o)
 .data          0x0000000008014d3c        0x0 ../Hello_bsp/\libhal_bsp.a(altera_avalon_jtag_uart_read.o)
 .data          0x0000000008014d3c        0x0 ../Hello_bsp/\libhal_bsp.a(altera_avalon_jtag_uart_write.o)
 .data          0x0000000008014d3c        0x0 ../Hello_bsp/\libhal_bsp.a(altera_avalon_timer_sc.o)
 .data          0x0000000008014d3c        0x0 ../Hello_bsp/\libhal_bsp.a(alt_alarm_start.o)
 .data          0x0000000008014d3c        0x0 ../Hello_bsp/\libhal_bsp.a(alt_dcache_flush_all.o)
 .data          0x0000000008014d3c        0x0 ../Hello_bsp/\libhal_bsp.a(alt_dev_llist_insert.o)
 .data          0x0000000008014d3c        0x0 ../Hello_bsp/\libhal_bsp.a(alt_icache_flush_all.o)
 .data          0x0000000008014d3c        0x0 ../Hello_bsp/\libhal_bsp.a(alt_iic.o)
 .data          0x0000000008014d3c        0x0 ../Hello_bsp/\libhal_bsp.a(alt_iic_isr_register.o)
 .data          0x0000000008014d3c        0x0 ../Hello_bsp/\libhal_bsp.a(alt_io_redirect.o)
 .data          0x0000000008014d3c        0x0 ../Hello_bsp/\libhal_bsp.a(alt_irq_entry.o)
 .data          0x0000000008014d3c        0x0 ../Hello_bsp/\libhal_bsp.a(alt_irq_handler.o)
 .data          0x0000000008014d3c        0x0 ../Hello_bsp/\libhal_bsp.a(alt_irq_vars.o)
 .data          0x0000000008014d3c        0x0 ../Hello_bsp/\libhal_bsp.a(alt_open.o)
 .data          0x0000000008014d3c        0x0 ../Hello_bsp/\libhal_bsp.a(alt_tick.o)
 .data          0x0000000008014d3c        0x0 ../Hello_bsp/\libhal_bsp.a(altera_nios2_gen2_irq.o)
 .data          0x0000000008014d3c        0x0 ../Hello_bsp/\libhal_bsp.a(alt_exception_entry.o)
 .data          0x0000000008014d3c        0x0 ../Hello_bsp/\libhal_bsp.a(alt_find_dev.o)
 .data          0x0000000008014d3c        0x0 ../Hello_bsp/\libhal_bsp.a(alt_find_file.o)
 .data          0x0000000008014d3c        0x0 ../Hello_bsp/\libhal_bsp.a(alt_get_fd.o)
 .data          0x0000000008014d3c        0x0 ../Hello_bsp/\libhal_bsp.a(alt_icache_flush.o)
 .data          0x0000000008014d3c        0x0 ../Hello_bsp/\libhal_bsp.a(alt_instruction_exception_entry.o)
 .data          0x0000000008014d3c        0x0 ../Hello_bsp//newlib/nios2-elf/lib\libc.a(lib_a-exit.o)
 .data          0x0000000008014d3c        0x0 ../Hello_bsp//newlib/nios2-elf/lib\libc.a(lib_a-memcmp.o)
 .data          0x0000000008014d3c        0x0 ../Hello_bsp//newlib/nios2-elf/lib\libc.a(lib_a-__call_atexit.o)
 .data          0x0000000008014d3c        0x0 ../Hello_bsp/\libhal_bsp.a(alt_exit.o)
                0x000000000801cd3c                _gp = ABSOLUTE ((. + 0x8000))
                [!provide]                        PROVIDE (gp, _gp)
 *(.rwdata .rwdata.*)
 *(.sdata .sdata.* .gnu.linkonce.s.*)
 .sdata.__malloc_trim_threshold
                0x0000000008014d3c        0x4 ../Hello_bsp//newlib/nios2-elf/lib\libc.a(lib_a-mallocr.o)
                0x0000000008014d3c                __malloc_trim_threshold
 .sdata.__malloc_sbrk_base
                0x0000000008014d40        0x4 ../Hello_bsp//newlib/nios2-elf/lib\libc.a(lib_a-mallocr.o)
                0x0000000008014d40                __malloc_sbrk_base
 .sdata._impure_ptr
                0x0000000008014d44        0x4 ../Hello_bsp//newlib/nios2-elf/lib\libc.a(lib_a-impure.o)
                0x0000000008014d44                _impure_ptr
 .sdata._global_impure_ptr
                0x0000000008014d48        0x4 ../Hello_bsp//newlib/nios2-elf/lib\libc.a(lib_a-impure.o)
                0x0000000008014d48                _global_impure_ptr
 .sdata.__mb_cur_max
                0x0000000008014d4c        0x4 ../Hello_bsp//newlib/nios2-elf/lib\libc.a(lib_a-locale.o)
                0x0000000008014d4c                __mb_cur_max
 .sdata.__wctomb
                0x0000000008014d50        0x4 ../Hello_bsp//newlib/nios2-elf/lib\libc.a(lib_a-wctomb_r.o)
                0x0000000008014d50                __wctomb
 .sdata         0x0000000008014d54       0x14 ../Hello_bsp/\libhal_bsp.a(alt_dev.o)
                0x0000000008014d54                alt_fs_list
                0x0000000008014d5c                alt_dev_list
                0x0000000008014d64                alt_max_fd
 .sdata         0x0000000008014d68        0x4 ../Hello_bsp/\libhal_bsp.a(alt_errno.o)
                0x0000000008014d68                alt_errno
 .sdata         0x0000000008014d6c        0x4 ../Hello_bsp/\libhal_bsp.a(alt_sbrk.o)
 .sdata         0x0000000008014d70        0x4 ../Hello_bsp/\libhal_bsp.a(alt_irq_vars.o)
                0x0000000008014d70                alt_priority_mask
 .sdata         0x0000000008014d74        0x8 ../Hello_bsp/\libhal_bsp.a(alt_tick.o)
                0x0000000008014d74                alt_alarm_list
 *(.sdata2 .sdata2.* .gnu.linkonce.s2.*)
                0x0000000008014d7c                . = ALIGN (0x4)
                0x0000000008014d7c                _edata = ABSOLUTE (.)
                [!provide]                        PROVIDE (edata, ABSOLUTE (.))
                0x0000000008014d7c                PROVIDE (__ram_rwdata_end, ABSOLUTE (.))
                0x0000000008014d7c                PROVIDE (__flash_rwdata_start, LOADADDR (.rwdata))

.bss            0x0000000008016868      0x170
                0x0000000008016868                __bss_start = ABSOLUTE (.)
                [!provide]                        PROVIDE (__sbss_start, ABSOLUTE (.))
                [!provide]                        PROVIDE (___sbss_start, ABSOLUTE (.))
 *(.dynsbss)
 *(.sbss .sbss.* .gnu.linkonce.sb.*)
 .sbss.__malloc_top_pad
                0x0000000008016868        0x4 ../Hello_bsp//newlib/nios2-elf/lib\libc.a(lib_a-mallocr.o)
                0x0000000008016868                __malloc_top_pad
 .sbss.__malloc_max_sbrked_mem
                0x000000000801686c        0x4 ../Hello_bsp//newlib/nios2-elf/lib\libc.a(lib_a-mallocr.o)
                0x000000000801686c                __malloc_max_sbrked_mem
 .sbss.__malloc_max_total_mem
                0x0000000008016870        0x4 ../Hello_bsp//newlib/nios2-elf/lib\libc.a(lib_a-mallocr.o)
                0x0000000008016870                __malloc_max_total_mem
 .sbss.__sfp_lock
                0x0000000008016874        0x4 ../Hello_bsp//newlib/nios2-elf/lib\libc.a(lib_a-findfp.o)
 .sbss.__sinit_lock
                0x0000000008016878        0x4 ../Hello_bsp//newlib/nios2-elf/lib\libc.a(lib_a-findfp.o)
 .sbss          0x000000000801687c        0x4 ../Hello_bsp//newlib/nios2-elf/lib\libc.a(lib_a-int_errno.o)
                0x000000000801687c                errno
 .sbss.__nlocale_changed
                0x0000000008016880        0x4 ../Hello_bsp//newlib/nios2-elf/lib\libc.a(lib_a-locale.o)
                0x0000000008016880                __nlocale_changed
 .sbss.__mlocale_changed
                0x0000000008016884        0x4 ../Hello_bsp//newlib/nios2-elf/lib\libc.a(lib_a-locale.o)
                0x0000000008016884                __mlocale_changed
 .sbss._PathLocale
                0x0000000008016888        0x4 ../Hello_bsp//newlib/nios2-elf/lib\libc.a(lib_a-locale.o)
                0x0000000008016888                _PathLocale
 .sbss.lc_ctype_cjk_lang
                0x000000000801688c        0x4 ../Hello_bsp//newlib/nios2-elf/lib\libc.a(lib_a-locale.o)
 .sbss          0x0000000008016890        0xc ../Hello_bsp/\libhal_bsp.a(alt_main.o)
                0x0000000008016890                alt_argc
                0x0000000008016894                alt_argv
                0x0000000008016898                alt_envp
 .sbss          0x000000000801689c        0x4 ../Hello_bsp/\libhal_bsp.a(alt_irq_vars.o)
                0x000000000801689c                alt_irq_active
 .sbss          0x00000000080168a0        0x8 ../Hello_bsp/\libhal_bsp.a(alt_tick.o)
                0x00000000080168a0                _alt_tick_rate
                0x00000000080168a4                _alt_nticks
 .sbss          0x00000000080168a8        0x4 ../Hello_bsp/\libhal_bsp.a(alt_instruction_exception_entry.o)
                0x00000000080168a8                alt_instruction_exception_handler
 .sbss.__atexit_lock
                0x00000000080168ac        0x4 ../Hello_bsp//newlib/nios2-elf/lib\libc.a(lib_a-__call_atexit.o)
 *(.sbss2 .sbss2.* .gnu.linkonce.sb2.*)
 *(.scommon)
                [!provide]                        PROVIDE (__sbss_end, ABSOLUTE (.))
                [!provide]                        PROVIDE (___sbss_end, ABSOLUTE (.))
 *(.dynbss)
 *(.bss .bss.* .gnu.linkonce.b.*)
 .bss           0x00000000080168b0        0x0 ../Hello_bsp//obj/HAL/src/crt0.o
 .bss           0x00000000080168b0        0x0 obj/default/gppcu.o
 .bss           0x00000000080168b0        0x0 obj/default/main.o
 .bss           0x00000000080168b0        0x0 d:/intelfpga_lite/18.0/nios2eds/bin/gnu/h-x86_64-mingw32/bin/../lib/gcc/nios2-elf/5.3.0\libgcc.a(lib2-divmod.o)
 .bss           0x00000000080168b0        0x0 ../Hello_bsp//newlib/nios2-elf/lib\libc.a(lib_a-malloc.o)
 .bss           0x00000000080168b0        0x0 ../Hello_bsp//newlib/nios2-elf/lib\libc.a(lib_a-mallocr.o)
 .bss.__malloc_current_mallinfo
                0x00000000080168b0       0x28 ../Hello_bsp//newlib/nios2-elf/lib\libc.a(lib_a-mallocr.o)
                0x00000000080168b0                __malloc_current_mallinfo
 .bss           0x00000000080168d8        0x0 ../Hello_bsp//newlib/nios2-elf/lib\libc.a(lib_a-printf.o)
 .bss           0x00000000080168d8        0x0 ../Hello_bsp//newlib/nios2-elf/lib\libc.a(lib_a-putchar.o)
 .bss           0x00000000080168d8        0x0 ../Hello_bsp//newlib/nios2-elf/lib\libc.a(lib_a-puts.o)
 .bss           0x00000000080168d8        0x0 ../Hello_bsp//newlib/nios2-elf/lib\libc.a(lib_a-sbrkr.o)
 .bss           0x00000000080168d8        0x0 ../Hello_bsp//newlib/nios2-elf/lib\libc.a(lib_a-strlen.o)
 .bss           0x00000000080168d8        0x0 ../Hello_bsp//newlib/nios2-elf/lib\libc.a(lib_a-vfprintf.o)
 .bss           0x00000000080168d8        0x0 ../Hello_bsp//newlib/nios2-elf/lib\libc.a(lib_a-wsetup.o)
 .bss           0x00000000080168d8        0x0 ../Hello_bsp//newlib/nios2-elf/lib\libc.a(lib_a-dtoa.o)
 .bss           0x00000000080168d8        0x0 ../Hello_bsp//newlib/nios2-elf/lib\libc.a(lib_a-fflush.o)
 .bss           0x00000000080168d8        0x0 ../Hello_bsp//newlib/nios2-elf/lib\libc.a(lib_a-findfp.o)
 .bss           0x00000000080168d8        0x0 ../Hello_bsp//newlib/nios2-elf/lib\libc.a(lib_a-freer.o)
 .bss           0x00000000080168d8        0x0 ../Hello_bsp//newlib/nios2-elf/lib\libc.a(lib_a-fvwrite.o)
 .bss           0x00000000080168d8        0x0 ../Hello_bsp//newlib/nios2-elf/lib\libc.a(lib_a-fwalk.o)
 .bss           0x00000000080168d8        0x0 ../Hello_bsp//newlib/nios2-elf/lib\libc.a(lib_a-impure.o)
 .bss           0x00000000080168d8        0x0 ../Hello_bsp//newlib/nios2-elf/lib\libc.a(lib_a-int_errno.o)
 .bss           0x00000000080168d8        0x0 ../Hello_bsp//newlib/nios2-elf/lib\libc.a(lib_a-locale.o)
 .bss           0x00000000080168d8        0x0 ../Hello_bsp//newlib/nios2-elf/lib\libc.a(lib_a-makebuf.o)
 .bss           0x00000000080168d8        0x0 ../Hello_bsp//newlib/nios2-elf/lib\libc.a(lib_a-memchr.o)
 .bss           0x00000000080168d8        0x0 ../Hello_bsp//newlib/nios2-elf/lib\libc.a(lib_a-memcpy.o)
 .bss           0x00000000080168d8        0x0 ../Hello_bsp//newlib/nios2-elf/lib\libc.a(lib_a-memmove.o)
 .bss           0x00000000080168d8        0x0 ../Hello_bsp//newlib/nios2-elf/lib\libc.a(lib_a-memset.o)
 .bss           0x00000000080168d8        0x0 ../Hello_bsp//newlib/nios2-elf/lib\libc.a(lib_a-mprec.o)
 .bss           0x00000000080168d8        0x0 ../Hello_bsp//newlib/nios2-elf/lib\libc.a(lib_a-putc.o)
 .bss           0x00000000080168d8        0x0 ../Hello_bsp//newlib/nios2-elf/lib\libc.a(lib_a-reallocr.o)
 .bss           0x00000000080168d8        0x0 ../Hello_bsp//newlib/nios2-elf/lib\libc.a(lib_a-s_fpclassify.o)
 .bss           0x00000000080168d8        0x0 ../Hello_bsp//newlib/nios2-elf/lib\libc.a(lib_a-stdio.o)
 .bss           0x00000000080168d8        0x0 ../Hello_bsp//newlib/nios2-elf/lib\libc.a(lib_a-strcmp.o)
 .bss           0x00000000080168d8        0x0 ../Hello_bsp//newlib/nios2-elf/lib\libc.a(lib_a-vfiprintf.o)
 .bss           0x00000000080168d8        0x0 ../Hello_bsp//newlib/nios2-elf/lib\libc.a(lib_a-wbuf.o)
 .bss           0x00000000080168d8        0x0 ../Hello_bsp//newlib/nios2-elf/lib\libc.a(lib_a-writer.o)
 .bss           0x00000000080168d8        0x0 ../Hello_bsp//newlib/nios2-elf/lib\libc.a(closer.o)
 .bss           0x00000000080168d8        0x0 ../Hello_bsp//newlib/nios2-elf/lib\libc.a(lib_a-callocr.o)
 .bss           0x00000000080168d8        0x0 ../Hello_bsp//newlib/nios2-elf/lib\libc.a(lib_a-fclose.o)
 .bss           0x00000000080168d8        0x0 ../Hello_bsp//newlib/nios2-elf/lib\libc.a(lib_a-fputwc.o)
 .bss           0x00000000080168d8        0x0 ../Hello_bsp//newlib/nios2-elf/lib\libc.a(lib_a-fstatr.o)
 .bss           0x00000000080168d8        0x0 ../Hello_bsp//newlib/nios2-elf/lib\libc.a(lib_a-isattyr.o)
 .bss           0x00000000080168d8        0x0 ../Hello_bsp//newlib/nios2-elf/lib\libc.a(lib_a-lseekr.o)
 .bss           0x00000000080168d8        0x0 ../Hello_bsp//newlib/nios2-elf/lib\libc.a(lib_a-readr.o)
 .bss           0x00000000080168d8        0x0 ../Hello_bsp//newlib/nios2-elf/lib\libc.a(lib_a-wcrtomb.o)
 .bss           0x00000000080168d8        0x0 ../Hello_bsp//newlib/nios2-elf/lib\libc.a(lib_a-wctomb_r.o)
 .bss           0x00000000080168d8        0x0 d:/intelfpga_lite/18.0/nios2eds/bin/gnu/h-x86_64-mingw32/bin/../lib/gcc/nios2-elf/5.3.0\libgcc.a(_udivdi3.o)
 .bss           0x00000000080168d8        0x0 d:/intelfpga_lite/18.0/nios2eds/bin/gnu/h-x86_64-mingw32/bin/../lib/gcc/nios2-elf/5.3.0\libgcc.a(_umoddi3.o)
 .bss           0x00000000080168d8        0x0 d:/intelfpga_lite/18.0/nios2eds/bin/gnu/h-x86_64-mingw32/bin/../lib/gcc/nios2-elf/5.3.0\libgcc.a(adddf3.o)
 .bss           0x00000000080168d8        0x0 d:/intelfpga_lite/18.0/nios2eds/bin/gnu/h-x86_64-mingw32/bin/../lib/gcc/nios2-elf/5.3.0\libgcc.a(divdf3.o)
 .bss           0x00000000080168d8        0x0 d:/intelfpga_lite/18.0/nios2eds/bin/gnu/h-x86_64-mingw32/bin/../lib/gcc/nios2-elf/5.3.0\libgcc.a(eqdf2.o)
 .bss           0x00000000080168d8        0x0 d:/intelfpga_lite/18.0/nios2eds/bin/gnu/h-x86_64-mingw32/bin/../lib/gcc/nios2-elf/5.3.0\libgcc.a(gedf2.o)
 .bss           0x00000000080168d8        0x0 d:/intelfpga_lite/18.0/nios2eds/bin/gnu/h-x86_64-mingw32/bin/../lib/gcc/nios2-elf/5.3.0\libgcc.a(ledf2.o)
 .bss           0x00000000080168d8        0x0 d:/intelfpga_lite/18.0/nios2eds/bin/gnu/h-x86_64-mingw32/bin/../lib/gcc/nios2-elf/5.3.0\libgcc.a(muldf3.o)
 .bss           0x00000000080168d8        0x0 d:/intelfpga_lite/18.0/nios2eds/bin/gnu/h-x86_64-mingw32/bin/../lib/gcc/nios2-elf/5.3.0\libgcc.a(subdf3.o)
 .bss           0x00000000080168d8        0x0 d:/intelfpga_lite/18.0/nios2eds/bin/gnu/h-x86_64-mingw32/bin/../lib/gcc/nios2-elf/5.3.0\libgcc.a(fixdfsi.o)
 .bss           0x00000000080168d8        0x0 d:/intelfpga_lite/18.0/nios2eds/bin/gnu/h-x86_64-mingw32/bin/../lib/gcc/nios2-elf/5.3.0\libgcc.a(floatsidf.o)
 .bss           0x00000000080168d8        0x0 d:/intelfpga_lite/18.0/nios2eds/bin/gnu/h-x86_64-mingw32/bin/../lib/gcc/nios2-elf/5.3.0\libgcc.a(floatunsidf.o)
 .bss           0x00000000080168d8        0x0 d:/intelfpga_lite/18.0/nios2eds/bin/gnu/h-x86_64-mingw32/bin/../lib/gcc/nios2-elf/5.3.0\libgcc.a(_clz.o)
 .bss           0x00000000080168d8        0x0 d:/intelfpga_lite/18.0/nios2eds/bin/gnu/h-x86_64-mingw32/bin/../lib/gcc/nios2-elf/5.3.0\libgcc.a(_clzsi2.o)
 .bss           0x00000000080168d8        0x0 ../Hello_bsp/\libhal_bsp.a(alt_close.o)
 .bss           0x00000000080168d8        0x0 ../Hello_bsp/\libhal_bsp.a(alt_dev.o)
 .bss           0x00000000080168d8        0x0 ../Hello_bsp/\libhal_bsp.a(alt_errno.o)
 .bss           0x00000000080168d8        0x0 ../Hello_bsp/\libhal_bsp.a(alt_fstat.o)
 .bss           0x00000000080168d8        0x0 ../Hello_bsp/\libhal_bsp.a(alt_isatty.o)
 .bss           0x00000000080168d8        0x0 ../Hello_bsp/\libhal_bsp.a(alt_load.o)
 .bss           0x00000000080168d8        0x0 ../Hello_bsp/\libhal_bsp.a(alt_lseek.o)
 .bss           0x00000000080168d8        0x0 ../Hello_bsp/\libhal_bsp.a(alt_main.o)
 .bss           0x00000000080168d8        0x0 ../Hello_bsp/\libhal_bsp.a(alt_malloc_lock.o)
 .bss           0x00000000080168d8        0x0 ../Hello_bsp/\libhal_bsp.a(alt_read.o)
 .bss           0x00000000080168d8        0x0 ../Hello_bsp/\libhal_bsp.a(alt_release_fd.o)
 .bss           0x00000000080168d8        0x0 ../Hello_bsp/\libhal_bsp.a(alt_sbrk.o)
 .bss           0x00000000080168d8        0x0 ../Hello_bsp/\libhal_bsp.a(alt_write.o)
 .bss           0x00000000080168d8        0x0 ../Hello_bsp/\libhal_bsp.a(alt_sys_init.o)
 .bss           0x00000000080168d8        0x0 ../Hello_bsp/\libhal_bsp.a(altera_avalon_jtag_uart_fd.o)
 .bss           0x00000000080168d8        0x0 ../Hello_bsp/\libhal_bsp.a(altera_avalon_jtag_uart_init.o)
 .bss           0x00000000080168d8        0x0 ../Hello_bsp/\libhal_bsp.a(altera_avalon_jtag_uart_ioctl.o)
 .bss           0x00000000080168d8        0x0 ../Hello_bsp/\libhal_bsp.a(altera_avalon_jtag_uart_read.o)
 .bss           0x00000000080168d8        0x0 ../Hello_bsp/\libhal_bsp.a(altera_avalon_jtag_uart_write.o)
 .bss           0x00000000080168d8        0x0 ../Hello_bsp/\libhal_bsp.a(altera_avalon_timer_sc.o)
 .bss           0x00000000080168d8        0x0 ../Hello_bsp/\libhal_bsp.a(alt_alarm_start.o)
 .bss           0x00000000080168d8        0x0 ../Hello_bsp/\libhal_bsp.a(alt_dcache_flush_all.o)
 .bss           0x00000000080168d8        0x0 ../Hello_bsp/\libhal_bsp.a(alt_dev_llist_insert.o)
 .bss           0x00000000080168d8        0x0 ../Hello_bsp/\libhal_bsp.a(alt_icache_flush_all.o)
 .bss           0x00000000080168d8        0x0 ../Hello_bsp/\libhal_bsp.a(alt_iic.o)
 .bss           0x00000000080168d8        0x0 ../Hello_bsp/\libhal_bsp.a(alt_iic_isr_register.o)
 .bss           0x00000000080168d8        0x0 ../Hello_bsp/\libhal_bsp.a(alt_io_redirect.o)
 .bss           0x00000000080168d8        0x0 ../Hello_bsp/\libhal_bsp.a(alt_irq_entry.o)
 .bss           0x00000000080168d8        0x0 ../Hello_bsp/\libhal_bsp.a(alt_irq_handler.o)
 .bss           0x00000000080168d8        0x0 ../Hello_bsp/\libhal_bsp.a(alt_irq_vars.o)
 .bss           0x00000000080168d8        0x0 ../Hello_bsp/\libhal_bsp.a(alt_open.o)
 .bss           0x00000000080168d8        0x0 ../Hello_bsp/\libhal_bsp.a(alt_tick.o)
 .bss           0x00000000080168d8        0x0 ../Hello_bsp/\libhal_bsp.a(altera_nios2_gen2_irq.o)
 .bss           0x00000000080168d8        0x0 ../Hello_bsp/\libhal_bsp.a(alt_exception_entry.o)
 .bss           0x00000000080168d8        0x0 ../Hello_bsp/\libhal_bsp.a(alt_find_dev.o)
 .bss           0x00000000080168d8        0x0 ../Hello_bsp/\libhal_bsp.a(alt_find_file.o)
 .bss           0x00000000080168d8        0x0 ../Hello_bsp/\libhal_bsp.a(alt_get_fd.o)
 .bss           0x00000000080168d8        0x0 ../Hello_bsp/\libhal_bsp.a(alt_icache_flush.o)
 .bss           0x00000000080168d8        0x0 ../Hello_bsp/\libhal_bsp.a(alt_instruction_exception_entry.o)
 .bss           0x00000000080168d8        0x0 ../Hello_bsp//newlib/nios2-elf/lib\libc.a(lib_a-exit.o)
 .bss           0x00000000080168d8        0x0 ../Hello_bsp//newlib/nios2-elf/lib\libc.a(lib_a-memcmp.o)
 .bss           0x00000000080168d8        0x0 ../Hello_bsp//newlib/nios2-elf/lib\libc.a(lib_a-__call_atexit.o)
 .bss           0x00000000080168d8        0x0 ../Hello_bsp/\libhal_bsp.a(alt_exit.o)
 *(COMMON)
 COMMON         0x00000000080168d8      0x100 ../Hello_bsp/\libhal_bsp.a(alt_irq_handler.o)
                0x00000000080168d8                alt_irq
                0x00000000080169d8                . = ALIGN (0x4)
                0x00000000080169d8                __bss_end = ABSOLUTE (.)

.sdram          0x00000000080169d8        0x0
                [!provide]                        PROVIDE (_alt_partition_sdram_start, ABSOLUTE (.))
 *(.sdram .sdram. sdram.*)
                0x00000000080169d8                . = ALIGN (0x4)
                [!provide]                        PROVIDE (_alt_partition_sdram_end, ABSOLUTE (.))
                0x00000000080169d8                _end = ABSOLUTE (.)
                0x00000000080169d8                end = ABSOLUTE (.)
                0x00000000080169d8                __alt_stack_base = ABSOLUTE (.)
                [!provide]                        PROVIDE (_alt_partition_sdram_load_addr, LOADADDR (.sdram))

.bufferram_out  0x0000000010000000        0x0 load address 0x00000000080169d8
                [!provide]                        PROVIDE (_alt_partition_bufferram_out_start, ABSOLUTE (.))
 *(.bufferram_out .bufferram_out. bufferram_out.*)
                0x0000000010000000                . = ALIGN (0x4)
                [!provide]                        PROVIDE (_alt_partition_bufferram_out_end, ABSOLUTE (.))
                [!provide]                        PROVIDE (_alt_partition_bufferram_out_load_addr, LOADADDR (.bufferram_out))

.stab
 *(.stab)

.stabstr
 *(.stabstr)

.stab.excl
 *(.stab.excl)

.stab.exclstr
 *(.stab.exclstr)

.stab.index
 *(.stab.index)

.stab.indexstr
 *(.stab.indexstr)

.comment        0x0000000000000000       0x23
 *(.comment)
 .comment       0x0000000000000000       0x23 obj/default/gppcu.o
                                         0x24 (size before relaxing)
 .comment       0x0000000000000023       0x24 obj/default/main.o
 .comment       0x0000000000000023       0x24 d:/intelfpga_lite/18.0/nios2eds/bin/gnu/h-x86_64-mingw32/bin/../lib/gcc/nios2-elf/5.3.0\libgcc.a(lib2-divmod.o)
 .comment       0x0000000000000023       0x24 ../Hello_bsp//newlib/nios2-elf/lib\libc.a(lib_a-malloc.o)
 .comment       0x0000000000000023       0x24 ../Hello_bsp//newlib/nios2-elf/lib\libc.a(lib_a-mallocr.o)
 .comment       0x0000000000000023       0x24 ../Hello_bsp//newlib/nios2-elf/lib\libc.a(lib_a-printf.o)
 .comment       0x0000000000000023       0x24 ../Hello_bsp//newlib/nios2-elf/lib\libc.a(lib_a-putchar.o)
 .comment       0x0000000000000023       0x24 ../Hello_bsp//newlib/nios2-elf/lib\libc.a(lib_a-puts.o)
 .comment       0x0000000000000023       0x24 ../Hello_bsp//newlib/nios2-elf/lib\libc.a(lib_a-sbrkr.o)
 .comment       0x0000000000000023       0x24 ../Hello_bsp//newlib/nios2-elf/lib\libc.a(lib_a-strlen.o)
 .comment       0x0000000000000023       0x24 ../Hello_bsp//newlib/nios2-elf/lib\libc.a(lib_a-vfprintf.o)
 .comment       0x0000000000000023       0x24 ../Hello_bsp//newlib/nios2-elf/lib\libc.a(lib_a-wsetup.o)
 .comment       0x0000000000000023       0x24 ../Hello_bsp//newlib/nios2-elf/lib\libc.a(lib_a-dtoa.o)
 .comment       0x0000000000000023       0x24 ../Hello_bsp//newlib/nios2-elf/lib\libc.a(lib_a-fflush.o)
 .comment       0x0000000000000023       0x24 ../Hello_bsp//newlib/nios2-elf/lib\libc.a(lib_a-findfp.o)
 .comment       0x0000000000000023       0x24 ../Hello_bsp//newlib/nios2-elf/lib\libc.a(lib_a-freer.o)
 .comment       0x0000000000000023       0x24 ../Hello_bsp//newlib/nios2-elf/lib\libc.a(lib_a-fvwrite.o)
 .comment       0x0000000000000023       0x24 ../Hello_bsp//newlib/nios2-elf/lib\libc.a(lib_a-fwalk.o)
 .comment       0x0000000000000023       0x24 ../Hello_bsp//newlib/nios2-elf/lib\libc.a(lib_a-impure.o)
 .comment       0x0000000000000023       0x24 ../Hello_bsp//newlib/nios2-elf/lib\libc.a(lib_a-int_errno.o)
 .comment       0x0000000000000023       0x24 ../Hello_bsp//newlib/nios2-elf/lib\libc.a(lib_a-locale.o)
 .comment       0x0000000000000023       0x24 ../Hello_bsp//newlib/nios2-elf/lib\libc.a(lib_a-makebuf.o)
 .comment       0x0000000000000023       0x24 ../Hello_bsp//newlib/nios2-elf/lib\libc.a(lib_a-memchr.o)
 .comment       0x0000000000000023       0x24 ../Hello_bsp//newlib/nios2-elf/lib\libc.a(lib_a-memcpy.o)
 .comment       0x0000000000000023       0x24 ../Hello_bsp//newlib/nios2-elf/lib\libc.a(lib_a-memmove.o)
 .comment       0x0000000000000023       0x24 ../Hello_bsp//newlib/nios2-elf/lib\libc.a(lib_a-memset.o)
 .comment       0x0000000000000023       0x24 ../Hello_bsp//newlib/nios2-elf/lib\libc.a(lib_a-mprec.o)
 .comment       0x0000000000000023       0x24 ../Hello_bsp//newlib/nios2-elf/lib\libc.a(lib_a-putc.o)
 .comment       0x0000000000000023       0x24 ../Hello_bsp//newlib/nios2-elf/lib\libc.a(lib_a-reallocr.o)
 .comment       0x0000000000000023       0x24 ../Hello_bsp//newlib/nios2-elf/lib\libc.a(lib_a-s_fpclassify.o)
 .comment       0x0000000000000023       0x24 ../Hello_bsp//newlib/nios2-elf/lib\libc.a(lib_a-stdio.o)
 .comment       0x0000000000000023       0x24 ../Hello_bsp//newlib/nios2-elf/lib\libc.a(lib_a-strcmp.o)
 .comment       0x0000000000000023       0x24 ../Hello_bsp//newlib/nios2-elf/lib\libc.a(lib_a-vfiprintf.o)
 .comment       0x0000000000000023       0x24 ../Hello_bsp//newlib/nios2-elf/lib\libc.a(lib_a-wbuf.o)
 .comment       0x0000000000000023       0x24 ../Hello_bsp//newlib/nios2-elf/lib\libc.a(lib_a-writer.o)
 .comment       0x0000000000000023       0x24 ../Hello_bsp//newlib/nios2-elf/lib\libc.a(closer.o)
 .comment       0x0000000000000023       0x24 ../Hello_bsp//newlib/nios2-elf/lib\libc.a(lib_a-callocr.o)
 .comment       0x0000000000000023       0x24 ../Hello_bsp//newlib/nios2-elf/lib\libc.a(lib_a-fclose.o)
 .comment       0x0000000000000023       0x24 ../Hello_bsp//newlib/nios2-elf/lib\libc.a(lib_a-fputwc.o)
 .comment       0x0000000000000023       0x24 ../Hello_bsp//newlib/nios2-elf/lib\libc.a(lib_a-fstatr.o)
 .comment       0x0000000000000023       0x24 ../Hello_bsp//newlib/nios2-elf/lib\libc.a(lib_a-isattyr.o)
 .comment       0x0000000000000023       0x24 ../Hello_bsp//newlib/nios2-elf/lib\libc.a(lib_a-lseekr.o)
 .comment       0x0000000000000023       0x24 ../Hello_bsp//newlib/nios2-elf/lib\libc.a(lib_a-readr.o)
 .comment       0x0000000000000023       0x24 ../Hello_bsp//newlib/nios2-elf/lib\libc.a(lib_a-wcrtomb.o)
 .comment       0x0000000000000023       0x24 ../Hello_bsp//newlib/nios2-elf/lib\libc.a(lib_a-wctomb_r.o)
 .comment       0x0000000000000023       0x24 d:/intelfpga_lite/18.0/nios2eds/bin/gnu/h-x86_64-mingw32/bin/../lib/gcc/nios2-elf/5.3.0\libgcc.a(_udivdi3.o)
 .comment       0x0000000000000023       0x24 d:/intelfpga_lite/18.0/nios2eds/bin/gnu/h-x86_64-mingw32/bin/../lib/gcc/nios2-elf/5.3.0\libgcc.a(_umoddi3.o)
 .comment       0x0000000000000023       0x24 d:/intelfpga_lite/18.0/nios2eds/bin/gnu/h-x86_64-mingw32/bin/../lib/gcc/nios2-elf/5.3.0\libgcc.a(adddf3.o)
 .comment       0x0000000000000023       0x24 d:/intelfpga_lite/18.0/nios2eds/bin/gnu/h-x86_64-mingw32/bin/../lib/gcc/nios2-elf/5.3.0\libgcc.a(divdf3.o)
 .comment       0x0000000000000023       0x24 d:/intelfpga_lite/18.0/nios2eds/bin/gnu/h-x86_64-mingw32/bin/../lib/gcc/nios2-elf/5.3.0\libgcc.a(eqdf2.o)
 .comment       0x0000000000000023       0x24 d:/intelfpga_lite/18.0/nios2eds/bin/gnu/h-x86_64-mingw32/bin/../lib/gcc/nios2-elf/5.3.0\libgcc.a(gedf2.o)
 .comment       0x0000000000000023       0x24 d:/intelfpga_lite/18.0/nios2eds/bin/gnu/h-x86_64-mingw32/bin/../lib/gcc/nios2-elf/5.3.0\libgcc.a(ledf2.o)
 .comment       0x0000000000000023       0x24 d:/intelfpga_lite/18.0/nios2eds/bin/gnu/h-x86_64-mingw32/bin/../lib/gcc/nios2-elf/5.3.0\libgcc.a(muldf3.o)
 .comment       0x0000000000000023       0x24 d:/intelfpga_lite/18.0/nios2eds/bin/gnu/h-x86_64-mingw32/bin/../lib/gcc/nios2-elf/5.3.0\libgcc.a(subdf3.o)
 .comment       0x0000000000000023       0x24 d:/intelfpga_lite/18.0/nios2eds/bin/gnu/h-x86_64-mingw32/bin/../lib/gcc/nios2-elf/5.3.0\libgcc.a(fixdfsi.o)
 .comment       0x0000000000000023       0x24 d:/intelfpga_lite/18.0/nios2eds/bin/gnu/h-x86_64-mingw32/bin/../lib/gcc/nios2-elf/5.3.0\libgcc.a(floatsidf.o)
 .comment       0x0000000000000023       0x24 d:/intelfpga_lite/18.0/nios2eds/bin/gnu/h-x86_64-mingw32/bin/../lib/gcc/nios2-elf/5.3.0\libgcc.a(floatunsidf.o)
 .comment       0x0000000000000023       0x24 d:/intelfpga_lite/18.0/nios2eds/bin/gnu/h-x86_64-mingw32/bin/../lib/gcc/nios2-elf/5.3.0\libgcc.a(_clz.o)
 .comment       0x0000000000000023       0x24 d:/intelfpga_lite/18.0/nios2eds/bin/gnu/h-x86_64-mingw32/bin/../lib/gcc/nios2-elf/5.3.0\libgcc.a(_clzsi2.o)
 .comment       0x0000000000000023       0x24 ../Hello_bsp/\libhal_bsp.a(alt_close.o)
 .comment       0x0000000000000023       0x24 ../Hello_bsp/\libhal_bsp.a(alt_dev.o)
 .comment       0x0000000000000023       0x24 ../Hello_bsp/\libhal_bsp.a(alt_errno.o)
 .comment       0x0000000000000023       0x24 ../Hello_bsp/\libhal_bsp.a(alt_fstat.o)
 .comment       0x0000000000000023       0x24 ../Hello_bsp/\libhal_bsp.a(alt_isatty.o)
 .comment       0x0000000000000023       0x24 ../Hello_bsp/\libhal_bsp.a(alt_load.o)
 .comment       0x0000000000000023       0x24 ../Hello_bsp/\libhal_bsp.a(alt_lseek.o)
 .comment       0x0000000000000023       0x24 ../Hello_bsp/\libhal_bsp.a(alt_main.o)
 .comment       0x0000000000000023       0x24 ../Hello_bsp/\libhal_bsp.a(alt_malloc_lock.o)
 .comment       0x0000000000000023       0x24 ../Hello_bsp/\libhal_bsp.a(alt_read.o)
 .comment       0x0000000000000023       0x24 ../Hello_bsp/\libhal_bsp.a(alt_release_fd.o)
 .comment       0x0000000000000023       0x24 ../Hello_bsp/\libhal_bsp.a(alt_sbrk.o)
 .comment       0x0000000000000023       0x24 ../Hello_bsp/\libhal_bsp.a(alt_write.o)
 .comment       0x0000000000000023       0x24 ../Hello_bsp/\libhal_bsp.a(alt_sys_init.o)
 .comment       0x0000000000000023       0x24 ../Hello_bsp/\libhal_bsp.a(altera_avalon_jtag_uart_fd.o)
 .comment       0x0000000000000023       0x24 ../Hello_bsp/\libhal_bsp.a(altera_avalon_jtag_uart_init.o)
 .comment       0x0000000000000023       0x24 ../Hello_bsp/\libhal_bsp.a(altera_avalon_jtag_uart_ioctl.o)
 .comment       0x0000000000000023       0x24 ../Hello_bsp/\libhal_bsp.a(altera_avalon_jtag_uart_read.o)
 .comment       0x0000000000000023       0x24 ../Hello_bsp/\libhal_bsp.a(altera_avalon_jtag_uart_write.o)
 .comment       0x0000000000000023       0x24 ../Hello_bsp/\libhal_bsp.a(altera_avalon_timer_sc.o)
 .comment       0x0000000000000023       0x24 ../Hello_bsp/\libhal_bsp.a(alt_alarm_start.o)
 .comment       0x0000000000000023       0x24 ../Hello_bsp/\libhal_bsp.a(alt_dcache_flush_all.o)
 .comment       0x0000000000000023       0x24 ../Hello_bsp/\libhal_bsp.a(alt_dev_llist_insert.o)
 .comment       0x0000000000000023       0x24 ../Hello_bsp/\libhal_bsp.a(alt_icache_flush_all.o)
 .comment       0x0000000000000023       0x24 ../Hello_bsp/\libhal_bsp.a(alt_iic.o)
 .comment       0x0000000000000023       0x24 ../Hello_bsp/\libhal_bsp.a(alt_iic_isr_register.o)
 .comment       0x0000000000000023       0x24 ../Hello_bsp/\libhal_bsp.a(alt_io_redirect.o)
 .comment       0x0000000000000023       0x24 ../Hello_bsp/\libhal_bsp.a(alt_irq_handler.o)
 .comment       0x0000000000000023       0x24 ../Hello_bsp/\libhal_bsp.a(alt_irq_vars.o)
 .comment       0x0000000000000023       0x24 ../Hello_bsp/\libhal_bsp.a(alt_open.o)
 .comment       0x0000000000000023       0x24 ../Hello_bsp/\libhal_bsp.a(alt_tick.o)
 .comment       0x0000000000000023       0x24 ../Hello_bsp/\libhal_bsp.a(altera_nios2_gen2_irq.o)
 .comment       0x0000000000000023       0x24 ../Hello_bsp/\libhal_bsp.a(alt_find_dev.o)
 .comment       0x0000000000000023       0x24 ../Hello_bsp/\libhal_bsp.a(alt_find_file.o)
 .comment       0x0000000000000023       0x24 ../Hello_bsp/\libhal_bsp.a(alt_get_fd.o)
 .comment       0x0000000000000023       0x24 ../Hello_bsp/\libhal_bsp.a(alt_icache_flush.o)
 .comment       0x0000000000000023       0x24 ../Hello_bsp/\libhal_bsp.a(alt_instruction_exception_entry.o)
 .comment       0x0000000000000023       0x24 ../Hello_bsp//newlib/nios2-elf/lib\libc.a(lib_a-exit.o)
 .comment       0x0000000000000023       0x24 ../Hello_bsp//newlib/nios2-elf/lib\libc.a(lib_a-memcmp.o)
 .comment       0x0000000000000023       0x24 ../Hello_bsp//newlib/nios2-elf/lib\libc.a(lib_a-__call_atexit.o)
 .comment       0x0000000000000023       0x24 ../Hello_bsp/\libhal_bsp.a(alt_exit.o)

.debug
 *(.debug)

.line
 *(.line)

.debug_srcinfo
 *(.debug_srcinfo)

.debug_sfnames
 *(.debug_sfnames)

.debug_aranges  0x0000000000000000      0xf00
 *(.debug_aranges)
 .debug_aranges
                0x0000000000000000       0x28 ../Hello_bsp//obj/HAL/src/crt0.o
 .debug_aranges
                0x0000000000000028       0x20 obj/default/gppcu.o
 .debug_aranges
                0x0000000000000048       0x20 obj/default/main.o
 .debug_aranges
                0x0000000000000068       0x20 d:/intelfpga_lite/18.0/nios2eds/bin/gnu/h-x86_64-mingw32/bin/../lib/gcc/nios2-elf/5.3.0\libgcc.a(lib2-divmod.o)
 .debug_aranges
                0x0000000000000088       0x28 ../Hello_bsp//newlib/nios2-elf/lib\libc.a(lib_a-malloc.o)
 .debug_aranges
                0x00000000000000b0       0x28 ../Hello_bsp//newlib/nios2-elf/lib\libc.a(lib_a-mallocr.o)
 .debug_aranges
                0x00000000000000d8       0x28 ../Hello_bsp//newlib/nios2-elf/lib\libc.a(lib_a-printf.o)
 .debug_aranges
                0x0000000000000100       0x28 ../Hello_bsp//newlib/nios2-elf/lib\libc.a(lib_a-putchar.o)
 .debug_aranges
                0x0000000000000128       0x28 ../Hello_bsp//newlib/nios2-elf/lib\libc.a(lib_a-puts.o)
 .debug_aranges
                0x0000000000000150       0x20 ../Hello_bsp//newlib/nios2-elf/lib\libc.a(lib_a-sbrkr.o)
 .debug_aranges
                0x0000000000000170       0x20 ../Hello_bsp//newlib/nios2-elf/lib\libc.a(lib_a-strlen.o)
 .debug_aranges
                0x0000000000000190       0x40 ../Hello_bsp//newlib/nios2-elf/lib\libc.a(lib_a-vfprintf.o)
 .debug_aranges
                0x00000000000001d0       0x20 ../Hello_bsp//newlib/nios2-elf/lib\libc.a(lib_a-wsetup.o)
 .debug_aranges
                0x00000000000001f0       0x28 ../Hello_bsp//newlib/nios2-elf/lib\libc.a(lib_a-dtoa.o)
 .debug_aranges
                0x0000000000000218       0x30 ../Hello_bsp//newlib/nios2-elf/lib\libc.a(lib_a-fflush.o)
 .debug_aranges
                0x0000000000000248       0x88 ../Hello_bsp//newlib/nios2-elf/lib\libc.a(lib_a-findfp.o)
 .debug_aranges
                0x00000000000002d0       0x28 ../Hello_bsp//newlib/nios2-elf/lib\libc.a(lib_a-freer.o)
 .debug_aranges
                0x00000000000002f8       0x20 ../Hello_bsp//newlib/nios2-elf/lib\libc.a(lib_a-fvwrite.o)
 .debug_aranges
                0x0000000000000318       0x28 ../Hello_bsp//newlib/nios2-elf/lib\libc.a(lib_a-fwalk.o)
 .debug_aranges
                0x0000000000000340       0x18 ../Hello_bsp//newlib/nios2-elf/lib\libc.a(lib_a-impure.o)
 .debug_aranges
                0x0000000000000358       0x18 ../Hello_bsp//newlib/nios2-elf/lib\libc.a(lib_a-int_errno.o)
 .debug_aranges
                0x0000000000000370       0x58 ../Hello_bsp//newlib/nios2-elf/lib\libc.a(lib_a-locale.o)
 .debug_aranges
                0x00000000000003c8       0x20 ../Hello_bsp//newlib/nios2-elf/lib\libc.a(lib_a-makebuf.o)
 .debug_aranges
                0x00000000000003e8       0x20 ../Hello_bsp//newlib/nios2-elf/lib\libc.a(lib_a-memchr.o)
 .debug_aranges
                0x0000000000000408       0x20 ../Hello_bsp//newlib/nios2-elf/lib\libc.a(lib_a-memcpy.o)
 .debug_aranges
                0x0000000000000428       0x20 ../Hello_bsp//newlib/nios2-elf/lib\libc.a(lib_a-memmove.o)
 .debug_aranges
                0x0000000000000448       0x20 ../Hello_bsp//newlib/nios2-elf/lib\libc.a(lib_a-memset.o)
 .debug_aranges
                0x0000000000000468       0xb0 ../Hello_bsp//newlib/nios2-elf/lib\libc.a(lib_a-mprec.o)
 .debug_aranges
                0x0000000000000518       0x28 ../Hello_bsp//newlib/nios2-elf/lib\libc.a(lib_a-putc.o)
 .debug_aranges
                0x0000000000000540       0x20 ../Hello_bsp//newlib/nios2-elf/lib\libc.a(lib_a-reallocr.o)
 .debug_aranges
                0x0000000000000560       0x20 ../Hello_bsp//newlib/nios2-elf/lib\libc.a(lib_a-s_fpclassify.o)
 .debug_aranges
                0x0000000000000580       0x40 ../Hello_bsp//newlib/nios2-elf/lib\libc.a(lib_a-stdio.o)
 .debug_aranges
                0x00000000000005c0       0x20 ../Hello_bsp//newlib/nios2-elf/lib\libc.a(lib_a-strcmp.o)
 .debug_aranges
                0x00000000000005e0       0x38 ../Hello_bsp//newlib/nios2-elf/lib\libc.a(lib_a-vfiprintf.o)
 .debug_aranges
                0x0000000000000618       0x28 ../Hello_bsp//newlib/nios2-elf/lib\libc.a(lib_a-wbuf.o)
 .debug_aranges
                0x0000000000000640       0x20 ../Hello_bsp//newlib/nios2-elf/lib\libc.a(lib_a-writer.o)
 .debug_aranges
                0x0000000000000660       0x20 ../Hello_bsp//newlib/nios2-elf/lib\libc.a(closer.o)
 .debug_aranges
                0x0000000000000680       0x20 ../Hello_bsp//newlib/nios2-elf/lib\libc.a(lib_a-callocr.o)
 .debug_aranges
                0x00000000000006a0       0x28 ../Hello_bsp//newlib/nios2-elf/lib\libc.a(lib_a-fclose.o)
 .debug_aranges
                0x00000000000006c8       0x30 ../Hello_bsp//newlib/nios2-elf/lib\libc.a(lib_a-fputwc.o)
 .debug_aranges
                0x00000000000006f8       0x20 ../Hello_bsp//newlib/nios2-elf/lib\libc.a(lib_a-fstatr.o)
 .debug_aranges
                0x0000000000000718       0x20 ../Hello_bsp//newlib/nios2-elf/lib\libc.a(lib_a-isattyr.o)
 .debug_aranges
                0x0000000000000738       0x20 ../Hello_bsp//newlib/nios2-elf/lib\libc.a(lib_a-lseekr.o)
 .debug_aranges
                0x0000000000000758       0x20 ../Hello_bsp//newlib/nios2-elf/lib\libc.a(lib_a-readr.o)
 .debug_aranges
                0x0000000000000778       0x28 ../Hello_bsp//newlib/nios2-elf/lib\libc.a(lib_a-wcrtomb.o)
 .debug_aranges
                0x00000000000007a0       0x28 ../Hello_bsp//newlib/nios2-elf/lib\libc.a(lib_a-wctomb_r.o)
 .debug_aranges
                0x00000000000007c8       0x20 d:/intelfpga_lite/18.0/nios2eds/bin/gnu/h-x86_64-mingw32/bin/../lib/gcc/nios2-elf/5.3.0\libgcc.a(_udivdi3.o)
 .debug_aranges
                0x00000000000007e8       0x20 d:/intelfpga_lite/18.0/nios2eds/bin/gnu/h-x86_64-mingw32/bin/../lib/gcc/nios2-elf/5.3.0\libgcc.a(_umoddi3.o)
 .debug_aranges
                0x0000000000000808       0x20 d:/intelfpga_lite/18.0/nios2eds/bin/gnu/h-x86_64-mingw32/bin/../lib/gcc/nios2-elf/5.3.0\libgcc.a(adddf3.o)
 .debug_aranges
                0x0000000000000828       0x20 d:/intelfpga_lite/18.0/nios2eds/bin/gnu/h-x86_64-mingw32/bin/../lib/gcc/nios2-elf/5.3.0\libgcc.a(divdf3.o)
 .debug_aranges
                0x0000000000000848       0x20 d:/intelfpga_lite/18.0/nios2eds/bin/gnu/h-x86_64-mingw32/bin/../lib/gcc/nios2-elf/5.3.0\libgcc.a(eqdf2.o)
 .debug_aranges
                0x0000000000000868       0x20 d:/intelfpga_lite/18.0/nios2eds/bin/gnu/h-x86_64-mingw32/bin/../lib/gcc/nios2-elf/5.3.0\libgcc.a(gedf2.o)
 .debug_aranges
                0x0000000000000888       0x20 d:/intelfpga_lite/18.0/nios2eds/bin/gnu/h-x86_64-mingw32/bin/../lib/gcc/nios2-elf/5.3.0\libgcc.a(ledf2.o)
 .debug_aranges
                0x00000000000008a8       0x20 d:/intelfpga_lite/18.0/nios2eds/bin/gnu/h-x86_64-mingw32/bin/../lib/gcc/nios2-elf/5.3.0\libgcc.a(muldf3.o)
 .debug_aranges
                0x00000000000008c8       0x20 d:/intelfpga_lite/18.0/nios2eds/bin/gnu/h-x86_64-mingw32/bin/../lib/gcc/nios2-elf/5.3.0\libgcc.a(subdf3.o)
 .debug_aranges
                0x00000000000008e8       0x20 d:/intelfpga_lite/18.0/nios2eds/bin/gnu/h-x86_64-mingw32/bin/../lib/gcc/nios2-elf/5.3.0\libgcc.a(fixdfsi.o)
 .debug_aranges
                0x0000000000000908       0x20 d:/intelfpga_lite/18.0/nios2eds/bin/gnu/h-x86_64-mingw32/bin/../lib/gcc/nios2-elf/5.3.0\libgcc.a(floatsidf.o)
 .debug_aranges
                0x0000000000000928       0x20 d:/intelfpga_lite/18.0/nios2eds/bin/gnu/h-x86_64-mingw32/bin/../lib/gcc/nios2-elf/5.3.0\libgcc.a(floatunsidf.o)
 .debug_aranges
                0x0000000000000948       0x18 d:/intelfpga_lite/18.0/nios2eds/bin/gnu/h-x86_64-mingw32/bin/../lib/gcc/nios2-elf/5.3.0\libgcc.a(_clz.o)
 .debug_aranges
                0x0000000000000960       0x20 d:/intelfpga_lite/18.0/nios2eds/bin/gnu/h-x86_64-mingw32/bin/../lib/gcc/nios2-elf/5.3.0\libgcc.a(_clzsi2.o)
 .debug_aranges
                0x0000000000000980       0x20 ../Hello_bsp/\libhal_bsp.a(alt_close.o)
 .debug_aranges
                0x00000000000009a0       0x20 ../Hello_bsp/\libhal_bsp.a(alt_dev.o)
 .debug_aranges
                0x00000000000009c0       0x18 ../Hello_bsp/\libhal_bsp.a(alt_errno.o)
 .debug_aranges
                0x00000000000009d8       0x20 ../Hello_bsp/\libhal_bsp.a(alt_fstat.o)
 .debug_aranges
                0x00000000000009f8       0x20 ../Hello_bsp/\libhal_bsp.a(alt_isatty.o)
 .debug_aranges
                0x0000000000000a18       0x20 ../Hello_bsp/\libhal_bsp.a(alt_load.o)
 .debug_aranges
                0x0000000000000a38       0x20 ../Hello_bsp/\libhal_bsp.a(alt_lseek.o)