Archive member included to satisfy reference by file (symbol)

d:/intelfpga_lite/18.0/nios2eds/bin/gnu/h-x86_64-mingw32/bin/../lib/gcc/nios2-elf/5.3.0\libgcc.a(lib2-divmod.o)
                              obj/default/gppcu.o (__divsi3)
../Hello_bsp//newlib/nios2-elf/lib\libc.a(lib_a-malloc.o)
                              obj/default/gppcu.o (malloc)
../Hello_bsp//newlib/nios2-elf/lib\libc.a(lib_a-mallocr.o)
                              ../Hello_bsp//newlib/nios2-elf/lib\libc.a(lib_a-malloc.o) (_malloc_r)
../Hello_bsp//newlib/nios2-elf/lib\libc.a(lib_a-memcpy.o)
                              obj/default/main.o (memcpy)
../Hello_bsp//newlib/nios2-elf/lib\libc.a(lib_a-printf.o)
                              obj/default/gppcu.o (printf)
../Hello_bsp//newlib/nios2-elf/lib\libc.a(lib_a-putchar.o)
                              obj/default/main.o (putchar)
../Hello_bsp//newlib/nios2-elf/lib\libc.a(lib_a-puts.o)
                              obj/default/main.o (puts)
../Hello_bsp//newlib/nios2-elf/lib\libc.a(lib_a-sbrkr.o)
                              ../Hello_bsp//newlib/nios2-elf/lib\libc.a(lib_a-mallocr.o) (_sbrk_r)
../Hello_bsp//newlib/nios2-elf/lib\libc.a(lib_a-strlen.o)
                              ../Hello_bsp//newlib/nios2-elf/lib\libc.a(lib_a-puts.o) (strlen)
../Hello_bsp//newlib/nios2-elf/lib\libc.a(lib_a-vfprintf.o)
                              ../Hello_bsp//newlib/nios2-elf/lib\libc.a(lib_a-printf.o) (___vfprintf_internal_r)
../Hello_bsp//newlib/nios2-elf/lib\libc.a(lib_a-wsetup.o)
                              ../Hello_bsp//newlib/nios2-elf/lib\libc.a(lib_a-vfprintf.o) (__swsetup_r)
../Hello_bsp//newlib/nios2-elf/lib\libc.a(lib_a-dtoa.o)
                              ../Hello_bsp//newlib/nios2-elf/lib\libc.a(lib_a-vfprintf.o) (_dtoa_r)
../Hello_bsp//newlib/nios2-elf/lib\libc.a(lib_a-fflush.o)
                              ../Hello_bsp//newlib/nios2-elf/lib\libc.a(lib_a-vfprintf.o) (_fflush_r)
../Hello_bsp//newlib/nios2-elf/lib\libc.a(lib_a-findfp.o)
                              ../Hello_bsp//newlib/nios2-elf/lib\libc.a(lib_a-puts.o) (__sinit)
../Hello_bsp//newlib/nios2-elf/lib\libc.a(lib_a-freer.o)
                              ../Hello_bsp//newlib/nios2-elf/lib\libc.a(lib_a-malloc.o) (_free_r)
../Hello_bsp//newlib/nios2-elf/lib\libc.a(lib_a-fvwrite.o)
                              ../Hello_bsp//newlib/nios2-elf/lib\libc.a(lib_a-puts.o) (__sfvwrite_r)
../Hello_bsp//newlib/nios2-elf/lib\libc.a(lib_a-fwalk.o)
                              ../Hello_bsp//newlib/nios2-elf/lib\libc.a(lib_a-findfp.o) (_fwalk)
../Hello_bsp//newlib/nios2-elf/lib\libc.a(lib_a-impure.o)
                              ../Hello_bsp//newlib/nios2-elf/lib\libc.a(lib_a-malloc.o) (_impure_ptr)
../Hello_bsp//newlib/nios2-elf/lib\libc.a(lib_a-int_errno.o)
                              ../Hello_bsp//newlib/nios2-elf/lib\libc.a(lib_a-sbrkr.o) (errno)
../Hello_bsp//newlib/nios2-elf/lib\libc.a(lib_a-locale.o)
                              ../Hello_bsp//newlib/nios2-elf/lib\libc.a(lib_a-vfprintf.o) (_localeconv_r)
../Hello_bsp//newlib/nios2-elf/lib\libc.a(lib_a-makebuf.o)
                              ../Hello_bsp//newlib/nios2-elf/lib\libc.a(lib_a-wsetup.o) (__smakebuf_r)
../Hello_bsp//newlib/nios2-elf/lib\libc.a(lib_a-memchr.o)
                              ../Hello_bsp//newlib/nios2-elf/lib\libc.a(lib_a-vfprintf.o) (memchr)
../Hello_bsp//newlib/nios2-elf/lib\libc.a(lib_a-memmove.o)
                              ../Hello_bsp//newlib/nios2-elf/lib\libc.a(lib_a-fvwrite.o) (memmove)
../Hello_bsp//newlib/nios2-elf/lib\libc.a(lib_a-memset.o)
                              ../Hello_bsp//newlib/nios2-elf/lib\libc.a(lib_a-findfp.o) (memset)
../Hello_bsp//newlib/nios2-elf/lib\libc.a(lib_a-mprec.o)
                              ../Hello_bsp//newlib/nios2-elf/lib\libc.a(lib_a-dtoa.o) (_Balloc)
../Hello_bsp//newlib/nios2-elf/lib\libc.a(lib_a-putc.o)
                              ../Hello_bsp//newlib/nios2-elf/lib\libc.a(lib_a-putchar.o) (_putc_r)
../Hello_bsp//newlib/nios2-elf/lib\libc.a(lib_a-reallocr.o)
                              ../Hello_bsp//newlib/nios2-elf/lib\libc.a(lib_a-fvwrite.o) (_realloc_r)
../Hello_bsp//newlib/nios2-elf/lib\libc.a(lib_a-s_fpclassify.o)
                              ../Hello_bsp//newlib/nios2-elf/lib\libc.a(lib_a-vfprintf.o) (__fpclassifyd)
../Hello_bsp//newlib/nios2-elf/lib\libc.a(lib_a-stdio.o)
                              ../Hello_bsp//newlib/nios2-elf/lib\libc.a(lib_a-findfp.o) (__sread)
../Hello_bsp//newlib/nios2-elf/lib\libc.a(lib_a-strcmp.o)
                              ../Hello_bsp//newlib/nios2-elf/lib\libc.a(lib_a-locale.o) (strcmp)
../Hello_bsp//newlib/nios2-elf/lib\libc.a(lib_a-vfiprintf.o)
                              ../Hello_bsp//newlib/nios2-elf/lib\libc.a(lib_a-vfprintf.o) (__sprint_r)
../Hello_bsp//newlib/nios2-elf/lib\libc.a(lib_a-wbuf.o)
                              ../Hello_bsp//newlib/nios2-elf/lib\libc.a(lib_a-putc.o) (__swbuf_r)
../Hello_bsp//newlib/nios2-elf/lib\libc.a(lib_a-writer.o)
[...]
Memory Configuration

Name             Origin             Length             Attributes
reset            0x0000000008000000 0x0000000000000020
sdram            0x0000000008000020 0x0000000007ffffe0
bufferram_out    0x0000000010000000 0x000000000002ee00
*default*        0x0000000000000000 0xffffffffffffffff

Linker script and memory map

LOAD ../Hello_bsp//obj/HAL/src/crt0.o
LOAD obj/default/gppcu.o
LOAD obj/default/main.o
LOAD obj/default/utils.o
LOAD d:/intelfpga_lite/18.0/nios2eds/bin/gnu/h-x86_64-mingw32/bin/../lib/gcc/nios2-elf/5.3.0/../../../../../H-x86_64-mingw32/nios2-elf/lib\libstdc++.a
LOAD ../Hello_bsp//newlib/nios2-elf/lib\libm.a
LOAD d:/intelfpga_lite/18.0/nios2eds/bin/gnu/h-x86_64-mingw32/bin/../lib/gcc/nios2-elf/5.3.0\libgcc.a
START GROUP
LOAD ../Hello_bsp//newlib/nios2-elf/lib\libc.a
LOAD d:/intelfpga_lite/18.0/nios2eds/bin/gnu/h-x86_64-mingw32/bin/../lib/gcc/nios2-elf/5.3.0\libgcc.a
LOAD ../Hello_bsp/\libhal_bsp.a
LOAD ../Hello_bsp//newlib/nios2-elf/lib\libm.a
END GROUP
LOAD d:/intelfpga_lite/18.0/nios2eds/bin/gnu/h-x86_64-mingw32/bin/../lib/gcc/nios2-elf/5.3.0\libgcc.a
                0x0000000008000000                __alt_mem_sdram = 0x8000000
                0x0000000010000000                __alt_mem_bufferram_out = 0x10000000

.entry          0x0000000008000000       0x20
 *(.entry)
 .entry         0x0000000008000000       0x20 ../Hello_bsp//obj/HAL/src/crt0.o
                0x0000000008000000                __reset

.exceptions     0x0000000008000020      0x224
                0x0000000008000020                PROVIDE (__ram_exceptions_start, ABSOLUTE (.))
                0x0000000008000020                . = ALIGN (0x20)
 *(.irq)
 *(.exceptions.entry.label)
 .exceptions.entry.label
                0x0000000008000020        0x0 ../Hello_bsp/\libhal_bsp.a(alt_irq_entry.o)
                0x0000000008000020                alt_irq_entry
 .exceptions.entry.label
                0x0000000008000020        0x0 ../Hello_bsp/\libhal_bsp.a(alt_exception_entry.o)
                0x0000000008000020                alt_exception
 *(.exceptions.entry.user)
 *(.exceptions.entry.ecc_fatal)
 *(.exceptions.entry)
 .exceptions.entry
                0x0000000008000020       0x54 ../Hello_bsp/\libhal_bsp.a(alt_exception_entry.o)
 *(.exceptions.irqtest.user)
 *(.exceptions.irqtest)
 .exceptions.irqtest
                0x0000000008000074       0x10 ../Hello_bsp/\libhal_bsp.a(alt_irq_entry.o)
 *(.exceptions.irqhandler.user)
 *(.exceptions.irqhandler)
 .exceptions.irqhandler
                0x0000000008000084        0x4 ../Hello_bsp/\libhal_bsp.a(alt_irq_entry.o)
 *(.exceptions.irqreturn.user)
 *(.exceptions.irqreturn)
 .exceptions.irqreturn
                0x0000000008000088        0x4 ../Hello_bsp/\libhal_bsp.a(alt_irq_entry.o)
 *(.exceptions.notirq.label)
 .exceptions.notirq.label
                0x000000000800008c        0x0 ../Hello_bsp/\libhal_bsp.a(alt_irq_entry.o)
 *(.exceptions.notirq.user)
 *(.exceptions.notirq)
 .exceptions.notirq
                0x000000000800008c        0x8 ../Hello_bsp/\libhal_bsp.a(alt_exception_entry.o)
 *(.exceptions.soft.user)
 *(.exceptions.soft)
 *(.exceptions.unknown.user)
 *(.exceptions.unknown)
 .exceptions.unknown
                0x0000000008000094       0x14 ../Hello_bsp/\libhal_bsp.a(alt_exception_entry.o)
 *(.exceptions.exit.label)
 .exceptions.exit.label
                0x00000000080000a8        0x0 ../Hello_bsp/\libhal_bsp.a(alt_irq_entry.o)
 .exceptions.exit.label
                0x00000000080000a8        0x0 ../Hello_bsp/\libhal_bsp.a(alt_exception_entry.o)
 *(.exceptions.exit.user)
 *(.exceptions.exit)
 .exceptions.exit
                0x00000000080000a8       0x54 ../Hello_bsp/\libhal_bsp.a(alt_exception_entry.o)
 *(.exceptions)
 .exceptions    0x00000000080000fc       0xd4 ../Hello_bsp/\libhal_bsp.a(alt_irq_handler.o)
                0x00000000080000fc                alt_irq_handler
 .exceptions    0x00000000080001d0       0x74 ../Hello_bsp/\libhal_bsp.a(alt_instruction_exception_entry.o)
                0x00000000080001d0                alt_instruction_exception_entry
                0x0000000008000244                PROVIDE (__ram_exceptions_end, ABSOLUTE (.))
                0x0000000008000020                PROVIDE (__flash_exceptions_start, LOADADDR (.exceptions))

.text           0x0000000008000244    0x1324c
                [!provide]                        PROVIDE (stext, ABSOLUTE (.))
 *(.interp)
 *(.hash)
 *(.dynsym)
 *(.dynstr)
 *(.gnu.version)
 *(.gnu.version_d)
 *(.gnu.version_r)
 *(.rel.init)
 *(.rela.init)
 *(.rel.text .rel.text.* .rel.gnu.linkonce.t.*)
 *(.rela.text .rela.text.* .rela.gnu.linkonce.t.*)
 *(.rel.fini)
 *(.rela.fini)
 *(.rel.rodata .rel.rodata.* .rel.gnu.linkonce.r.*)
 *(.rela.rodata .rela.rodata.* .rela.gnu.linkonce.r.*)
 *(.rel.data .rel.data.* .rel.gnu.linkonce.d.*)
 *(.rela.data .rela.data.* .rela.gnu.linkonce.d.*)
 *(.rel.tdata .rel.tdata.* .rel.gnu.linkonce.td.*)
 *(.rela.tdata .rela.tdata.* .rela.gnu.linkonce.td.*)
 *(.rel.tbss .rel.tbss.* .rel.gnu.linkonce.tb.*)
 *(.rela.tbss .rela.tbss.* .rela.gnu.linkonce.tb.*)
 *(.rel.ctors)
 *(.rela.ctors)
 *(.rel.dtors)
 *(.rela.dtors)
 *(.rel.got)
 *(.rela.got)
 *(.rel.sdata .rel.sdata.* .rel.gnu.linkonce.s.*)
 *(.rela.sdata .rela.sdata.* .rela.gnu.linkonce.s.*)
 *(.rel.sbss .rel.sbss.* .rel.gnu.linkonce.sb.*)
 *(.rela.sbss .rela.sbss.* .rela.gnu.linkonce.sb.*)
 *(.rel.sdata2 .rel.sdata2.* .rel.gnu.linkonce.s2.*)
 *(.rela.sdata2 .rela.sdata2.* .rela.gnu.linkonce.s2.*)
 *(.rel.sbss2 .rel.sbss2.* .rel.gnu.linkonce.sb2.*)
 *(.rela.sbss2 .rela.sbss2.* .rela.gnu.linkonce.sb2.*)
 *(.rel.bss .rel.bss.* .rel.gnu.linkonce.b.*)
 *(.rela.bss .rela.bss.* .rela.gnu.linkonce.b.*)
 *(.rel.plt)
 *(.rela.plt)
 *(.rel.dyn)
 *(.init)
 *(.plt)
 *(.text .stub .text.* .gnu.linkonce.t.*)
 .text          0x0000000008000244       0x4c ../Hello_bsp//obj/HAL/src/crt0.o
                0x0000000008000244                _start
 .text          0x0000000008000290      0x98c obj/default/gppcu.o
                0x0000000008000418                gppcu_device_command
                0x00000000080004a8                gppcu_stat
                0x0000000008000598                gppcu_init
                0x000000000800066c                gppcu_init_task
                0x0000000008000750                gppcu_destroy
                0x000000000800078c                gppcu_program_autofeed_device
                0x0000000008000854                gppcu_clear_instr
                0x0000000008000880                gppcu_write
                0x00000000080009f0                gppcu_read
                0x0000000008000ba0                gppcu_data_wr_slow
                0x0000000008000be4                gppcu_data_rd_slow
 .text          0x0000000008000c1c      0x2f8 obj/default/main.o
                0x0000000008000c1c                wait
                0x0000000008000c60                display_stat
                0x0000000008000d10                main
 .text          0x0000000008000f14        0x0 obj/default/utils.o
 .text          0x0000000008000f14      0x1b4 d:/intelfpga_lite/18.0/nios2eds/bin/gnu/h-x86_64-mingw32/bin/../lib/gcc/nios2-elf/5.3.0\libgcc.a(lib2-divmod.o)
                0x0000000008000f14                __divsi3
                0x0000000008000f98                __modsi3
                0x000000000800100c                __udivsi3
                0x0000000008001070                __umodsi3
 .text          0x00000000080010c8        0x0 ../Hello_bsp//newlib/nios2-elf/lib\libc.a(lib_a-malloc.o)
 .text.malloc   0x00000000080010c8       0x38 ../Hello_bsp//newlib/nios2-elf/lib\libc.a(lib_a-malloc.o)
                0x00000000080010c8                malloc
 .text.free     0x0000000008001100       0x3c ../Hello_bsp//newlib/nios2-elf/lib\libc.a(lib_a-malloc.o)
                0x0000000008001100                free
 .text          0x000000000800113c        0x0 ../Hello_bsp//newlib/nios2-elf/lib\libc.a(lib_a-mallocr.o)
 .text.malloc_extend_top
                0x000000000800113c      0x3b4 ../Hello_bsp//newlib/nios2-elf/lib\libc.a(lib_a-mallocr.o)
 .text._malloc_r
                0x00000000080014f0      0xb7c ../Hello_bsp//newlib/nios2-elf/lib\libc.a(lib_a-mallocr.o)
                0x00000000080014f0                _malloc_r
 .text          0x000000000800206c        0x0 ../Hello_bsp//newlib/nios2-elf/lib\libc.a(lib_a-memcpy.o)
 .text.memcpy   0x000000000800206c      0x188 ../Hello_bsp//newlib/nios2-elf/lib\libc.a(lib_a-memcpy.o)
                0x000000000800206c                memcpy
 .text          0x00000000080021f4        0x0 ../Hello_bsp//newlib/nios2-elf/lib\libc.a(lib_a-printf.o)
 .text._printf_r
                0x00000000080021f4       0x64 ../Hello_bsp//newlib/nios2-elf/lib\libc.a(lib_a-printf.o)
                0x00000000080021f4                _printf_r
 .text.printf   0x0000000008002258       0x68 ../Hello_bsp//newlib/nios2-elf/lib\libc.a(lib_a-printf.o)
                0x0000000008002258                printf
 .text          0x00000000080022c0        0x0 ../Hello_bsp//newlib/nios2-elf/lib\libc.a(lib_a-putchar.o)
 .text._putchar_r
                0x00000000080022c0       0x44 ../Hello_bsp//newlib/nios2-elf/lib\libc.a(lib_a-putchar.o)
                0x00000000080022c0                _putchar_r
 .text.putchar  0x0000000008002304       0x48 ../Hello_bsp//newlib/nios2-elf/lib\libc.a(lib_a-putchar.o)
                0x0000000008002304                putchar
 .text          0x000000000800234c        0x0 ../Hello_bsp//newlib/nios2-elf/lib\libc.a(lib_a-puts.o)
 .text._puts_r  0x000000000800234c      0x118 ../Hello_bsp//newlib/nios2-elf/lib\libc.a(lib_a-puts.o)
                0x000000000800234c                _puts_r
 .text.puts     0x0000000008002464       0x38 ../Hello_bsp//newlib/nios2-elf/lib\libc.a(lib_a-puts.o)
                0x0000000008002464                puts
 .text          0x000000000800249c        0x0 ../Hello_bsp//newlib/nios2-elf/lib\libc.a(lib_a-sbrkr.o)
 .text._sbrk_r  0x000000000800249c       0x60 ../Hello_bsp//newlib/nios2-elf/lib\libc.a(lib_a-sbrkr.o)
                0x000000000800249c                _sbrk_r
 .text          0x00000000080024fc        0x0 ../Hello_bsp//newlib/nios2-elf/lib\libc.a(lib_a-strlen.o)
 .text.strlen   0x00000000080024fc       0xf4 ../Hello_bsp//newlib/nios2-elf/lib\libc.a(lib_a-strlen.o)
                0x00000000080024fc                strlen
 .text          0x00000000080025f0        0x0 ../Hello_bsp//newlib/nios2-elf/lib\libc.a(lib_a-vfprintf.o)
 .text.__sbprintf
                0x00000000080025f0       0xf0 ../Hello_bsp//newlib/nios2-elf/lib\libc.a(lib_a-vfprintf.o)
 .text.__vfprintf_internal
                0x00000000080026e0       0x50 ../Hello_bsp//newlib/nios2-elf/lib\libc.a(lib_a-vfprintf.o)
                0x00000000080026e0                __vfprintf_internal
 .text.___vfprintf_internal_r
                0x0000000008002730     0x20d0 ../Hello_bsp//newlib/nios2-elf/lib\libc.a(lib_a-vfprintf.o)
                0x0000000008002730                ___vfprintf_internal_r
 .text.cvt      0x0000000008004800      0x20c ../Hello_bsp//newlib/nios2-elf/lib\libc.a(lib_a-vfprintf.o)
 .text.exponent
                0x0000000008004a0c      0x140 ../Hello_bsp//newlib/nios2-elf/lib\libc.a(lib_a-vfprintf.o)
 .text          0x0000000008004b4c        0x0 ../Hello_bsp//newlib/nios2-elf/lib\libc.a(lib_a-wsetup.o)
 .text.__swsetup_r
                0x0000000008004b4c      0x1a0 ../Hello_bsp//newlib/nios2-elf/lib\libc.a(lib_a-wsetup.o)
                0x0000000008004b4c                __swsetup_r
 .text          0x0000000008004cec        0x0 ../Hello_bsp//newlib/nios2-elf/lib\libc.a(lib_a-dtoa.o)
 .text.quorem   0x0000000008004cec      0x3b4 ../Hello_bsp//newlib/nios2-elf/lib\libc.a(lib_a-dtoa.o)
 .text._dtoa_r  0x00000000080050a0     0x1b78 ../Hello_bsp//newlib/nios2-elf/lib\libc.a(lib_a-dtoa.o)
                0x00000000080050a0                _dtoa_r
 .text          0x0000000008006c18        0x0 ../Hello_bsp//newlib/nios2-elf/lib\libc.a(lib_a-fflush.o)
 .text.__sflush_r
                0x0000000008006c18      0x304 ../Hello_bsp//newlib/nios2-elf/lib\libc.a(lib_a-fflush.o)
                0x0000000008006c18                __sflush_r
 .text._fflush_r
                0x0000000008006f1c       0x88 ../Hello_bsp//newlib/nios2-elf/lib\libc.a(lib_a-fflush.o)
                0x0000000008006f1c                _fflush_r
 .text.fflush   0x0000000008006fa4       0x54 ../Hello_bsp//newlib/nios2-elf/lib\libc.a(lib_a-fflush.o)
                0x0000000008006fa4                fflush
 .text          0x0000000008006ff8        0x0 ../Hello_bsp//newlib/nios2-elf/lib\libc.a(lib_a-findfp.o)
 .text.std      0x0000000008006ff8       0xf4 ../Hello_bsp//newlib/nios2-elf/lib\libc.a(lib_a-findfp.o)
 .text.__sfmoreglue
                0x00000000080070ec       0xa4 ../Hello_bsp//newlib/nios2-elf/lib\libc.a(lib_a-findfp.o)
                0x00000000080070ec                __sfmoreglue
 .text.__sfp    0x0000000008007190      0x194 ../Hello_bsp//newlib/nios2-elf/lib\libc.a(lib_a-findfp.o)
                0x0000000008007190                __sfp
 .text._cleanup_r
                0x0000000008007324       0x44 ../Hello_bsp//newlib/nios2-elf/lib\libc.a(lib_a-findfp.o)
                0x0000000008007324                _cleanup_r
 .text._cleanup
                0x0000000008007368       0x34 ../Hello_bsp//newlib/nios2-elf/lib\libc.a(lib_a-findfp.o)
                0x0000000008007368                _cleanup
 .text.__sinit  0x000000000800739c       0xd8 ../Hello_bsp//newlib/nios2-elf/lib\libc.a(lib_a-findfp.o)
                0x000000000800739c                __sinit
 .text.__sfp_lock_acquire
                0x0000000008007474       0x20 ../Hello_bsp//newlib/nios2-elf/lib\libc.a(lib_a-findfp.o)
                0x0000000008007474                __sfp_lock_acquire
 .text.__sfp_lock_release
                0x0000000008007494       0x20 ../Hello_bsp//newlib/nios2-elf/lib\libc.a(lib_a-findfp.o)
                0x0000000008007494                __sfp_lock_release
 .text.__sinit_lock_acquire
                0x00000000080074b4       0x20 ../Hello_bsp//newlib/nios2-elf/lib\libc.a(lib_a-findfp.o)
                0x00000000080074b4                __sinit_lock_acquire
 .text.__sinit_lock_release
                0x00000000080074d4       0x20 ../Hello_bsp//newlib/nios2-elf/lib\libc.a(lib_a-findfp.o)
                0x00000000080074d4                __sinit_lock_release
 .text.__fp_lock
                0x00000000080074f4       0x24 ../Hello_bsp//newlib/nios2-elf/lib\libc.a(lib_a-findfp.o)
 .text.__fp_unlock
                0x0000000008007518       0x24 ../Hello_bsp//newlib/nios2-elf/lib\libc.a(lib_a-findfp.o)
 .text.__fp_lock_all
                0x000000000800753c       0x40 ../Hello_bsp//newlib/nios2-elf/lib\libc.a(lib_a-findfp.o)
                0x000000000800753c                __fp_lock_all
 .text.__fp_unlock_all
                0x000000000800757c       0x40 ../Hello_bsp//newlib/nios2-elf/lib\libc.a(lib_a-findfp.o)
                0x000000000800757c                __fp_unlock_all
 .text          0x00000000080075bc        0x0 ../Hello_bsp//newlib/nios2-elf/lib\libc.a(lib_a-freer.o)
 .text._free_r  0x00000000080075bc      0x560 ../Hello_bsp//newlib/nios2-elf/lib\libc.a(lib_a-freer.o)
                0x00000000080075bc                _free_r
 .text._malloc_trim_r
                0x0000000008007b1c      0x1cc ../Hello_bsp//newlib/nios2-elf/lib\libc.a(lib_a-freer.o)
                0x0000000008007b1c                _malloc_trim_r
 .text          0x0000000008007ce8        0x0 ../Hello_bsp//newlib/nios2-elf/lib\libc.a(lib_a-fvwrite.o)
 .text.__sfvwrite_r
                0x0000000008007ce8      0x5dc ../Hello_bsp//newlib/nios2-elf/lib\libc.a(lib_a-fvwrite.o)
                0x0000000008007ce8                __sfvwrite_r
 .text          0x00000000080082c4        0x0 ../Hello_bsp//newlib/nios2-elf/lib\libc.a(lib_a-fwalk.o)
 .text._fwalk   0x00000000080082c4       0xd8 ../Hello_bsp//newlib/nios2-elf/lib\libc.a(lib_a-fwalk.o)
                0x00000000080082c4                _fwalk
 .text._fwalk_reent
                0x000000000800839c       0xdc ../Hello_bsp//newlib/nios2-elf/lib\libc.a(lib_a-fwalk.o)
                0x000000000800839c                _fwalk_reent
 .text          0x0000000008008478        0x0 ../Hello_bsp//newlib/nios2-elf/lib\libc.a(lib_a-impure.o)
 .text          0x0000000008008478        0x0 ../Hello_bsp//newlib/nios2-elf/lib\libc.a(lib_a-int_errno.o)
 .text          0x0000000008008478        0x0 ../Hello_bsp//newlib/nios2-elf/lib\libc.a(lib_a-locale.o)
 .text._setlocale_r
                0x0000000008008478       0x84 ../Hello_bsp//newlib/nios2-elf/lib\libc.a(lib_a-locale.o)
                0x0000000008008478                _setlocale_r
 .text.__locale_charset
                0x00000000080084fc       0x24 ../Hello_bsp//newlib/nios2-elf/lib\libc.a(lib_a-locale.o)
                0x00000000080084fc                __locale_charset
 .text.__locale_mb_cur_max
                0x0000000008008520       0x20 ../Hello_bsp//newlib/nios2-elf/lib\libc.a(lib_a-locale.o)
                0x0000000008008520                __locale_mb_cur_max
 .text.__locale_msgcharset
                0x0000000008008540       0x24 ../Hello_bsp//newlib/nios2-elf/lib\libc.a(lib_a-locale.o)
                0x0000000008008540                __locale_msgcharset
 .text.__locale_cjk_lang
                0x0000000008008564       0x20 ../Hello_bsp//newlib/nios2-elf/lib\libc.a(lib_a-locale.o)
                0x0000000008008564                __locale_cjk_lang
 .text._localeconv_r
                0x0000000008008584       0x28 ../Hello_bsp//newlib/nios2-elf/lib\libc.a(lib_a-locale.o)
                0x0000000008008584                _localeconv_r
 .text.setlocale
                0x00000000080085ac       0x40 ../Hello_bsp//newlib/nios2-elf/lib\libc.a(lib_a-locale.o)
                0x00000000080085ac                setlocale
 .text.localeconv
                0x00000000080085ec       0x30 ../Hello_bsp//newlib/nios2-elf/lib\libc.a(lib_a-locale.o)
                0x00000000080085ec                localeconv
 .text          0x000000000800861c        0x0 ../Hello_bsp//newlib/nios2-elf/lib\libc.a(lib_a-makebuf.o)
 .text.__smakebuf_r
                0x000000000800861c      0x22c ../Hello_bsp//newlib/nios2-elf/lib\libc.a(lib_a-makebuf.o)
                0x000000000800861c                __smakebuf_r
 .text          0x0000000008008848        0x0 ../Hello_bsp//newlib/nios2-elf/lib\libc.a(lib_a-memchr.o)
 .text.memchr   0x0000000008008848      0x1bc ../Hello_bsp//newlib/nios2-elf/lib\libc.a(lib_a-memchr.o)
                0x0000000008008848                memchr
 .text          0x0000000008008a04        0x0 ../Hello_bsp//newlib/nios2-elf/lib\libc.a(lib_a-memmove.o)
 .text.memmove  0x0000000008008a04      0x208 ../Hello_bsp//newlib/nios2-elf/lib\libc.a(lib_a-memmove.o)
                0x0000000008008a04                memmove
 .text          0x0000000008008c0c        0x0 ../Hello_bsp//newlib/nios2-elf/lib\libc.a(lib_a-memset.o)
 .text.memset   0x0000000008008c0c      0x1c4 ../Hello_bsp//newlib/nios2-elf/lib\libc.a(lib_a-memset.o)
                0x0000000008008c0c                memset
 .text          0x0000000008008dd0        0x0 ../Hello_bsp//newlib/nios2-elf/lib\libc.a(lib_a-mprec.o)
 .text._Balloc  0x0000000008008dd0      0x130 ../Hello_bsp//newlib/nios2-elf/lib\libc.a(lib_a-mprec.o)
                0x0000000008008dd0                _Balloc
 .text._Bfree   0x0000000008008f00       0x7c ../Hello_bsp//newlib/nios2-elf/lib\libc.a(lib_a-mprec.o)
                0x0000000008008f00                _Bfree
 .text.__multadd
                0x0000000008008f7c      0x194 ../Hello_bsp//newlib/nios2-elf/lib\libc.a(lib_a-mprec.o)
                0x0000000008008f7c                __multadd
 .text.__s2b    0x0000000008009110      0x18c ../Hello_bsp//newlib/nios2-elf/lib\libc.a(lib_a-mprec.o)
                0x0000000008009110                __s2b
 .text.__hi0bits
                0x000000000800929c       0x90 ../Hello_bsp//newlib/nios2-elf/lib\libc.a(lib_a-mprec.o)
                0x000000000800929c                __hi0bits
 .text.__lo0bits
                0x000000000800932c       0xec ../Hello_bsp//newlib/nios2-elf/lib\libc.a(lib_a-mprec.o)
                0x000000000800932c                __lo0bits
 .text.__i2b    0x0000000008009418       0x58 ../Hello_bsp//newlib/nios2-elf/lib\libc.a(lib_a-mprec.o)
                0x0000000008009418                __i2b
 .text.__multiply
                0x0000000008009470      0x3d0 ../Hello_bsp//newlib/nios2-elf/lib\libc.a(lib_a-mprec.o)
                0x0000000008009470                __multiply
 .text.__pow5mult
                0x0000000008009840      0x178 ../Hello_bsp//newlib/nios2-elf/lib\libc.a(lib_a-mprec.o)
                0x0000000008009840                __pow5mult
 .text.__lshift
                0x00000000080099b8      0x1f8 ../Hello_bsp//newlib/nios2-elf/lib\libc.a(lib_a-mprec.o)
                0x00000000080099b8                __lshift
 .text.__mcmp   0x0000000008009bb0      0x114 ../Hello_bsp//newlib/nios2-elf/lib\libc.a(lib_a-mprec.o)
                0x0000000008009bb0                __mcmp
 .text.__mdiff  0x0000000008009cc4      0x2a4 ../Hello_bsp//newlib/nios2-elf/lib\libc.a(lib_a-mprec.o)
                0x0000000008009cc4                __mdiff
 .text.__ulp    0x0000000008009f68       0xcc ../Hello_bsp//newlib/nios2-elf/lib\libc.a(lib_a-mprec.o)
                0x0000000008009f68                __ulp
 .text.__b2d    0x000000000800a034      0x204 ../Hello_bsp//newlib/nios2-elf/lib\libc.a(lib_a-mprec.o)
                0x000000000800a034                __b2d
 .text.__d2b    0x000000000800a238      0x240 ../Hello_bsp//newlib/nios2-elf/lib\libc.a(lib_a-mprec.o)
                0x000000000800a238                __d2b
 .text.__ratio  0x000000000800a478      0x11c ../Hello_bsp//newlib/nios2-elf/lib\libc.a(lib_a-mprec.o)
                0x000000000800a478                __ratio
 .text._mprec_log10
                0x000000000800a594       0xb0 ../Hello_bsp//newlib/nios2-elf/lib\libc.a(lib_a-mprec.o)
                0x000000000800a594                _mprec_log10
 .text.__copybits
                0x000000000800a644       0xd0 ../Hello_bsp//newlib/nios2-elf/lib\libc.a(lib_a-mprec.o)
                0x000000000800a644                __copybits
 .text.__any_on
                0x000000000800a714      0x134 ../Hello_bsp//newlib/nios2-elf/lib\libc.a(lib_a-mprec.o)
                0x000000000800a714                __any_on
 .text          0x000000000800a848        0x0 ../Hello_bsp//newlib/nios2-elf/lib\libc.a(lib_a-putc.o)
 .text._putc_r  0x000000000800a848      0x104 ../Hello_bsp//newlib/nios2-elf/lib\libc.a(lib_a-putc.o)
                0x000000000800a848                _putc_r
 .text.putc     0x000000000800a94c      0x108 ../Hello_bsp//newlib/nios2-elf/lib\libc.a(lib_a-putc.o)
                0x000000000800a94c                putc
 .text          0x000000000800aa54        0x0 ../Hello_bsp//newlib/nios2-elf/lib\libc.a(lib_a-reallocr.o)
 .text._realloc_r
                0x000000000800aa54      0xbf0 ../Hello_bsp//newlib/nios2-elf/lib\libc.a(lib_a-reallocr.o)
                0x000000000800aa54                _realloc_r
 .text          0x000000000800b644        0x0 ../Hello_bsp//newlib/nios2-elf/lib\libc.a(lib_a-s_fpclassify.o)
 .text.__fpclassifyd
                0x000000000800b644      0x104 ../Hello_bsp//newlib/nios2-elf/lib\libc.a(lib_a-s_fpclassify.o)
                0x000000000800b644                __fpclassifyd
 .text          0x000000000800b748        0x0 ../Hello_bsp//newlib/nios2-elf/lib\libc.a(lib_a-stdio.o)
 .text.__sread  0x000000000800b748       0x9c ../Hello_bsp//newlib/nios2-elf/lib\libc.a(lib_a-stdio.o)
                0x000000000800b748                __sread
 .text.__seofread
                0x000000000800b7e4       0x30 ../Hello_bsp//newlib/nios2-elf/lib\libc.a(lib_a-stdio.o)
                0x000000000800b7e4                __seofread
 .text.__swrite
                0x000000000800b814       0xb4 ../Hello_bsp//newlib/nios2-elf/lib\libc.a(lib_a-stdio.o)
                0x000000000800b814                __swrite
 .text.__sseek  0x000000000800b8c8       0xa0 ../Hello_bsp//newlib/nios2-elf/lib\libc.a(lib_a-stdio.o)
                0x000000000800b8c8                __sseek
 .text.__sclose
                0x000000000800b968       0x54 ../Hello_bsp//newlib/nios2-elf/lib\libc.a(lib_a-stdio.o)
                0x000000000800b968                __sclose
 .text          0x000000000800b9bc        0x0 ../Hello_bsp//newlib/nios2-elf/lib\libc.a(lib_a-strcmp.o)
 .text.strcmp   0x000000000800b9bc      0x140 ../Hello_bsp//newlib/nios2-elf/lib\libc.a(lib_a-strcmp.o)
                0x000000000800b9bc                strcmp
 .text          0x000000000800bafc        0x0 ../Hello_bsp//newlib/nios2-elf/lib\libc.a(lib_a-vfiprintf.o)
 .text.__sprint_r
                0x000000000800bafc      0x13c ../Hello_bsp//newlib/nios2-elf/lib\libc.a(lib_a-vfiprintf.o)
                0x000000000800bafc                __sprint_r
 .text.__sbprintf
                0x000000000800bc38       0xf0 ../Hello_bsp//newlib/nios2-elf/lib\libc.a(lib_a-vfiprintf.o)
 .text.__vfiprintf_internal
                0x000000000800bd28       0x50 ../Hello_bsp//newlib/nios2-elf/lib\libc.a(lib_a-vfiprintf.o)
                0x000000000800bd28                __vfiprintf_internal
 .text.___vfiprintf_internal_r
                0x000000000800bd78     0x12c4 ../Hello_bsp//newlib/nios2-elf/lib\libc.a(lib_a-vfiprintf.o)
                0x000000000800bd78                ___vfiprintf_internal_r
 .text          0x000000000800d03c        0x0 ../Hello_bsp//newlib/nios2-elf/lib\libc.a(lib_a-wbuf.o)
 .text.__swbuf_r
                0x000000000800d03c      0x168 ../Hello_bsp//newlib/nios2-elf/lib\libc.a(lib_a-wbuf.o)
                0x000000000800d03c                __swbuf_r
 .text.__swbuf  0x000000000800d1a4       0x40 ../Hello_bsp//newlib/nios2-elf/lib\libc.a(lib_a-wbuf.o)
                0x000000000800d1a4                __swbuf
 .text          0x000000000800d1e4        0x0 ../Hello_bsp//newlib/nios2-elf/lib\libc.a(lib_a-writer.o)
 .text._write_r
                0x000000000800d1e4       0x70 ../Hello_bsp//newlib/nios2-elf/lib\libc.a(lib_a-writer.o)
                0x000000000800d1e4                _write_r
 .text          0x000000000800d254        0x0 ../Hello_bsp//newlib/nios2-elf/lib\libc.a(closer.o)
 .text._close_r
                0x000000000800d254       0x60 ../Hello_bsp//newlib/nios2-elf/lib\libc.a(closer.o)
                0x000000000800d254                _close_r
 .text          0x000000000800d2b4        0x0 ../Hello_bsp//newlib/nios2-elf/lib\libc.a(lib_a-callocr.o)
 .text._calloc_r
                0x000000000800d2b4      0x164 ../Hello_bsp//newlib/nios2-elf/lib\libc.a(lib_a-callocr.o)
                0x000000000800d2b4                _calloc_r
 .text          0x000000000800d418        0x0 ../Hello_bsp//newlib/nios2-elf/lib\libc.a(lib_a-fclose.o)
 .text._fclose_r
                0x000000000800d418      0x12c ../Hello_bsp//newlib/nios2-elf/lib\libc.a(lib_a-fclose.o)
                0x000000000800d418                _fclose_r
 .text.fclose   0x000000000800d544       0x38 ../Hello_bsp//newlib/nios2-elf/lib\libc.a(lib_a-fclose.o)
                0x000000000800d544                fclose
 .text          0x000000000800d57c        0x0 ../Hello_bsp//newlib/nios2-elf/lib\libc.a(lib_a-fputwc.o)
 .text.__fputwc
                0x000000000800d57c      0x1f4 ../Hello_bsp//newlib/nios2-elf/lib\libc.a(lib_a-fputwc.o)
                0x000000000800d57c                __fputwc
 .text._fputwc_r
                0x000000000800d770       0x88 ../Hello_bsp//newlib/nios2-elf/lib\libc.a(lib_a-fputwc.o)
                0x000000000800d770                _fputwc_r
 .text.fputwc   0x000000000800d7f8       0x68 ../Hello_bsp//newlib/nios2-elf/lib\libc.a(lib_a-fputwc.o)
                0x000000000800d7f8                fputwc
 .text          0x000000000800d860        0x0 ../Hello_bsp//newlib/nios2-elf/lib\libc.a(lib_a-fstatr.o)
 .text._fstat_r
                0x000000000800d860       0x68 ../Hello_bsp//newlib/nios2-elf/lib\libc.a(lib_a-fstatr.o)
                0x000000000800d860                _fstat_r
 .text          0x000000000800d8c8        0x0 ../Hello_bsp//newlib/nios2-elf/lib\libc.a(lib_a-isattyr.o)
 .text._isatty_r
                0x000000000800d8c8       0x60 ../Hello_bsp//newlib/nios2-elf/lib\libc.a(lib_a-isattyr.o)
                0x000000000800d8c8                _isatty_r
 .text          0x000000000800d928        0x0 ../Hello_bsp//newlib/nios2-elf/lib\libc.a(lib_a-lseekr.o)
 .text._lseek_r
                0x000000000800d928       0x70 ../Hello_bsp//newlib/nios2-elf/lib\libc.a(lib_a-lseekr.o)
                0x000000000800d928                _lseek_r
 .text          0x000000000800d998        0x0 ../Hello_bsp//newlib/nios2-elf/lib\libc.a(lib_a-readr.o)
 .text._read_r  0x000000000800d998       0x70 ../Hello_bsp//newlib/nios2-elf/lib\libc.a(lib_a-readr.o)
                0x000000000800d998                _read_r
 .text          0x000000000800da08        0x0 ../Hello_bsp//newlib/nios2-elf/lib\libc.a(lib_a-wcrtomb.o)
 .text._wcrtomb_r
                0x000000000800da08       0xd4 ../Hello_bsp//newlib/nios2-elf/lib\libc.a(lib_a-wcrtomb.o)
                0x000000000800da08                _wcrtomb_r
 .text.wcrtomb  0x000000000800dadc       0xd8 ../Hello_bsp//newlib/nios2-elf/lib\libc.a(lib_a-wcrtomb.o)
                0x000000000800dadc                wcrtomb
 .text          0x000000000800dbb4        0x0 ../Hello_bsp//newlib/nios2-elf/lib\libc.a(lib_a-wctomb_r.o)
 .text._wctomb_r
                0x000000000800dbb4       0x64 ../Hello_bsp//newlib/nios2-elf/lib\libc.a(lib_a-wctomb_r.o)
                0x000000000800dbb4                _wctomb_r
 .text.__ascii_wctomb
                0x000000000800dc18       0x78 ../Hello_bsp//newlib/nios2-elf/lib\libc.a(lib_a-wctomb_r.o)
                0x000000000800dc18                __ascii_wctomb
 .text          0x000000000800dc90      0x578 d:/intelfpga_lite/18.0/nios2eds/bin/gnu/h-x86_64-mingw32/bin/../lib/gcc/nios2-elf/5.3.0\libgcc.a(_udivdi3.o)
                0x000000000800dc90                __udivdi3
 .text          0x000000000800e208      0x538 d:/intelfpga_lite/18.0/nios2eds/bin/gnu/h-x86_64-mingw32/bin/../lib/gcc/nios2-elf/5.3.0\libgcc.a(_umoddi3.o)
                0x000000000800e208                __umoddi3
 .text          0x000000000800e740      0x8ac d:/intelfpga_lite/18.0/nios2eds/bin/gnu/h-x86_64-mingw32/bin/../lib/gcc/nios2-elf/5.3.0\libgcc.a(adddf3.o)
                0x000000000800e740                __adddf3
 .text          0x000000000800efec      0x8e8 d:/intelfpga_lite/18.0/nios2eds/bin/gnu/h-x86_64-mingw32/bin/../lib/gcc/nios2-elf/5.3.0\libgcc.a(divdf3.o)
                0x000000000800efec                __divdf3
 .text          0x000000000800f8d4       0x88 d:/intelfpga_lite/18.0/nios2eds/bin/gnu/h-x86_64-mingw32/bin/../lib/gcc/nios2-elf/5.3.0\libgcc.a(eqdf2.o)
                0x000000000800f8d4                __nedf2
                0x000000000800f8d4                __eqdf2
 .text          0x000000000800f95c       0xdc d:/intelfpga_lite/18.0/nios2eds/bin/gnu/h-x86_64-mingw32/bin/../lib/gcc/nios2-elf/5.3.0\libgcc.a(gedf2.o)
                0x000000000800f95c                __gedf2
                0x000000000800f95c                __gtdf2
 .text          0x000000000800fa38       0xf4 d:/intelfpga_lite/18.0/nios2eds/bin/gnu/h-x86_64-mingw32/bin/../lib/gcc/nios2-elf/5.3.0\libgcc.a(ledf2.o)
                0x000000000800fa38                __ledf2
                0x000000000800fa38                __ltdf2
 .text          0x000000000800fb2c      0x718 d:/intelfpga_lite/18.0/nios2eds/bin/gnu/h-x86_64-mingw32/bin/../lib/gcc/nios2-elf/5.3.0\libgcc.a(muldf3.o)
                0x000000000800fb2c                __muldf3
 .text          0x0000000008010244      0x8fc d:/intelfpga_lite/18.0/nios2eds/bin/gnu/h-x86_64-mingw32/bin/../lib/gcc/nios2-elf/5.3.0\libgcc.a(subdf3.o)
                0x0000000008010244                __subdf3
 .text          0x0000000008010b40       0x80 d:/intelfpga_lite/18.0/nios2eds/bin/gnu/h-x86_64-mingw32/bin/../lib/gcc/nios2-elf/5.3.0\libgcc.a(fixdfsi.o)
                0x0000000008010b40                __fixdfsi
 .text          0x0000000008010bc0       0xdc d:/intelfpga_lite/18.0/nios2eds/bin/gnu/h-x86_64-mingw32/bin/../lib/gcc/nios2-elf/5.3.0\libgcc.a(floatsidf.o)
                0x0000000008010bc0                __floatsidf
 .text          0x0000000008010c9c       0xa8 d:/intelfpga_lite/18.0/nios2eds/bin/gnu/h-x86_64-mingw32/bin/../lib/gcc/nios2-elf/5.3.0\libgcc.a(floatunsidf.o)
                0x0000000008010c9c                __floatunsidf
 .text          0x0000000008010d44        0x0 d:/intelfpga_lite/18.0/nios2eds/bin/gnu/h-x86_64-mingw32/bin/../lib/gcc/nios2-elf/5.3.0\libgcc.a(_clz.o)
 .text          0x0000000008010d44       0x64 d:/intelfpga_lite/18.0/nios2eds/bin/gnu/h-x86_64-mingw32/bin/../lib/gcc/nios2-elf/5.3.0\libgcc.a(_clzsi2.o)
                0x0000000008010d44                __clzsi2
 .text          0x0000000008010da8      0x10c ../Hello_bsp/\libhal_bsp.a(alt_close.o)
                0x0000000008010de4                close
 .text          0x0000000008010eb4       0x2c ../Hello_bsp/\libhal_bsp.a(alt_dev.o)
 .text          0x0000000008010ee0        0x0 ../Hello_bsp/\libhal_bsp.a(alt_errno.o)
 .text          0x0000000008010ee0       0xec ../Hello_bsp/\libhal_bsp.a(alt_fstat.o)
                0x0000000008010f1c                fstat
 .text          0x0000000008010fcc       0xe0 ../Hello_bsp/\libhal_bsp.a(alt_isatty.o)
                0x0000000008011008                isatty
 .text          0x00000000080110ac       0xec ../Hello_bsp/\libhal_bsp.a(alt_load.o)
                0x0000000008011114                alt_load
 .text          0x0000000008011198      0x110 ../Hello_bsp/\libhal_bsp.a(alt_lseek.o)
                0x00000000080111d4                lseek
 .text          0x00000000080112a8       0x6c ../Hello_bsp/\libhal_bsp.a(alt_main.o)
                0x00000000080112a8                alt_main
 .text          0x0000000008011314       0x48 ../Hello_bsp/\libhal_bsp.a(alt_malloc_lock.o)
                0x0000000008011314                __malloc_lock
                0x0000000008011338                __malloc_unlock
 .text          0x000000000801135c      0x138 ../Hello_bsp/\libhal_bsp.a(alt_read.o)
                0x0000000008011398                read
 .text          0x0000000008011494       0x64 ../Hello_bsp/\libhal_bsp.a(alt_release_fd.o)
                0x0000000008011494                alt_release_fd
 .text          0x00000000080114f8       0xb0 ../Hello_bsp/\libhal_bsp.a(alt_sbrk.o)
                0x00000000080114f8                sbrk
 .text          0x00000000080115a8      0x134 ../Hello_bsp/\libhal_bsp.a(alt_write.o)
                0x00000000080115e4                write
 .text          0x00000000080116dc       0xd0 ../Hello_bsp/\libhal_bsp.a(alt_sys_init.o)
                0x0000000008011710                alt_irq_init
                0x0000000008011748                alt_sys_init
 .text          0x00000000080117ac      0x164 ../Hello_bsp/\libhal_bsp.a(altera_avalon_jtag_uart_fd.o)
                0x00000000080117ac                altera_avalon_jtag_uart_read_fd
                0x000000000801180c                altera_avalon_jtag_uart_write_fd
                0x000000000801186c                altera_avalon_jtag_uart_close_fd
                0x00000000080118bc                altera_avalon_jtag_uart_ioctl_fd
 .text          0x0000000008011910      0x3d4 ../Hello_bsp/\libhal_bsp.a(altera_avalon_jtag_uart_init.o)
                0x0000000008011910                altera_avalon_jtag_uart_init
                0x0000000008011c7c                altera_avalon_jtag_uart_close
 .text          0x0000000008011ce4       0xf0 ../Hello_bsp/\libhal_bsp.a(altera_avalon_jtag_uart_ioctl.o)
                0x0000000008011ce4                altera_avalon_jtag_uart_ioctl
 .text          0x0000000008011dd4      0x21c ../Hello_bsp/\libhal_bsp.a(altera_avalon_jtag_uart_read.o)
                0x0000000008011dd4                altera_avalon_jtag_uart_read
 .text          0x0000000008011ff0      0x224 ../Hello_bsp/\libhal_bsp.a(altera_avalon_jtag_uart_write.o)
                0x0000000008011ff0                altera_avalon_jtag_uart_write
 .text          0x0000000008012214       0xf4 ../Hello_bsp/\libhal_bsp.a(altera_avalon_timer_sc.o)
                0x000000000801228c                alt_avalon_timer_sc_init
 .text          0x0000000008012308      0x12c ../Hello_bsp/\libhal_bsp.a(alt_alarm_start.o)
                0x0000000008012308                alt_alarm_start
 .text          0x0000000008012434       0x48 ../Hello_bsp/\libhal_bsp.a(alt_dcache_flush_all.o)
                0x0000000008012434                alt_dcache_flush_all
 .text          0x000000000801247c       0xe0 ../Hello_bsp/\libhal_bsp.a(alt_dev_llist_insert.o)
                0x00000000080124b8                alt_dev_llist_insert
 .text          0x000000000801255c       0x34 ../Hello_bsp/\libhal_bsp.a(alt_icache_flush_all.o)
                0x000000000801255c                alt_icache_flush_all
 .text          0x0000000008012590      0x1b0 ../Hello_bsp/\libhal_bsp.a(alt_iic.o)
                0x0000000008012590                alt_ic_isr_register
                0x00000000080125e0                alt_ic_irq_enable
                0x0000000008012668                alt_ic_irq_disable
                0x00000000080126f4                alt_ic_irq_enabled
 .text          0x0000000008012740       0xf0 ../Hello_bsp/\libhal_bsp.a(alt_iic_isr_register.o)
                0x0000000008012740                alt_iic_isr_register
 .text          0x0000000008012830      0x140 ../Hello_bsp/\libhal_bsp.a(alt_io_redirect.o)
                0x00000000080128f4                alt_io_redirect
 .text          0x0000000008012970        0x0 ../Hello_bsp/\libhal_bsp.a(alt_irq_entry.o)
 .text          0x0000000008012970        0x0 ../Hello_bsp/\libhal_bsp.a(alt_irq_handler.o)
 .text          0x0000000008012970        0x0 ../Hello_bsp/\libhal_bsp.a(alt_irq_vars.o)
 .text          0x0000000008012970      0x254 ../Hello_bsp/\libhal_bsp.a(alt_open.o)
                0x0000000008012a70                open
 .text          0x0000000008012bc4      0x1a4 ../Hello_bsp/\libhal_bsp.a(alt_tick.o)
                0x0000000008012bc4                alt_alarm_stop
                0x0000000008012c60                alt_tick
 .text          0x0000000008012d68       0x24 ../Hello_bsp/\libhal_bsp.a(altera_nios2_gen2_irq.o)
                0x0000000008012d68                altera_nios2_gen2_irq_init
 .text          0x0000000008012d8c        0x0 ../Hello_bsp/\libhal_bsp.a(alt_exception_entry.o)
 .text          0x0000000008012d8c       0x90 ../Hello_bsp/\libhal_bsp.a(alt_find_dev.o)
                0x0000000008012d8c                alt_find_dev
 .text          0x0000000008012e1c      0x108 ../Hello_bsp/\libhal_bsp.a(alt_find_file.o)
                0x0000000008012e1c                alt_find_file
 .text          0x0000000008012f24       0xa4 ../Hello_bsp/\libhal_bsp.a(alt_get_fd.o)
                0x0000000008012f24                alt_get_fd
 .text          0x0000000008012fc8       0x90 ../Hello_bsp/\libhal_bsp.a(alt_icache_flush.o)
                0x0000000008012fc8                alt_icache_flush
 .text          0x0000000008013058       0x9c ../Hello_bsp/\libhal_bsp.a(alt_instruction_exception_entry.o)
                0x0000000008013058                alt_exception_cause_generated_bad_addr
 .text          0x00000000080130f4        0x0 ../Hello_bsp//newlib/nios2-elf/lib\libc.a(lib_a-exit.o)
 .text.exit     0x00000000080130f4       0x48 ../Hello_bsp//newlib/nios2-elf/lib\libc.a(lib_a-exit.o)
                0x00000000080130f4                exit
 .text          0x000000000801313c        0x0 ../Hello_bsp//newlib/nios2-elf/lib\libc.a(lib_a-memcmp.o)
 .text.memcmp   0x000000000801313c      0x134 ../Hello_bsp//newlib/nios2-elf/lib\libc.a(lib_a-memcmp.o)
                0x000000000801313c                memcmp
 .text          0x0000000008013270        0x0 ../Hello_bsp//newlib/nios2-elf/lib\libc.a(lib_a-__call_atexit.o)
 .text.__call_exitprocs
                0x0000000008013270      0x1ec ../Hello_bsp//newlib/nios2-elf/lib\libc.a(lib_a-__call_atexit.o)
                0x0000000008013270                __call_exitprocs
 .text          0x000000000801345c       0x34 ../Hello_bsp/\libhal_bsp.a(alt_exit.o)
                0x000000000801345c                _exit
 *(.gnu.warning.*)
 *(.fini)
                [!provide]                        PROVIDE (__etext, ABSOLUTE (.))
                [!provide]                        PROVIDE (_etext, ABSOLUTE (.))
                [!provide]                        PROVIDE (etext, ABSOLUTE (.))
 *(.eh_frame_hdr)
                0x0000000008013490                . = ALIGN (0x4)
                [!provide]                        PROVIDE (__preinit_array_start, ABSOLUTE (.))
 *(.preinit_array)
                [!provide]                        PROVIDE (__preinit_array_end, ABSOLUTE (.))
                [!provide]                        PROVIDE (__init_array_start, ABSOLUTE (.))
 *(.init_array)
                [!provide]                        PROVIDE (__init_array_end, ABSOLUTE (.))
                [!provide]                        PROVIDE (__fini_array_start, ABSOLUTE (.))
 *(.fini_array)
                [!provide]                        PROVIDE (__fini_array_end, ABSOLUTE (.))
 *(.eh_frame)
 *(.gcc_except_table .gcc_except_table.*)
 *(.dynamic)
                [!provide]                        PROVIDE (__CTOR_LIST__, ABSOLUTE (.))
 *(.ctors)
 *(SORT(.ctors.*))
                [!provide]                        PROVIDE (__CTOR_END__, ABSOLUTE (.))
                [!provide]                        PROVIDE (__DTOR_LIST__, ABSOLUTE (.))
 *(.dtors)
 *(SORT(.dtors.*))
                [!provide]                        PROVIDE (__DTOR_END__, ABSOLUTE (.))
 *(.jcr)
                0x0000000008013490                . = ALIGN (0x4)

.rodata         0x0000000008013490      0x97c
                0x0000000008013490                PROVIDE (__ram_rodata_start, ABSOLUTE (.))
                0x0000000008013490                . = ALIGN (0x4)
 *(.rodata .rodata.* .gnu.linkonce.r.*)
 .rodata        0x0000000008013490       0xf1 obj/default/gppcu.o
 *fill*         0x0000000008013581        0x3 
 .rodata        0x0000000008013584      0x514 obj/default/main.o
 .rodata        0x0000000008013a98        0x2 ../Hello_bsp//newlib/nios2-elf/lib\libc.a(lib_a-puts.o)
 *fill*         0x0000000008013a9a        0x2 
 .rodata        0x0000000008013a9c       0x5e ../Hello_bsp//newlib/nios2-elf/lib\libc.a(lib_a-vfprintf.o)
 .rodata.blanks.4403
                0x0000000008013afa       0x10 ../Hello_bsp//newlib/nios2-elf/lib\libc.a(lib_a-vfprintf.o)
 .rodata.zeroes.4404
                0x0000000008013b0a       0x10 ../Hello_bsp//newlib/nios2-elf/lib\libc.a(lib_a-vfprintf.o)
 *fill*         0x0000000008013b1a        0x2 
 .rodata        0x0000000008013b1c       0x12 ../Hello_bsp//newlib/nios2-elf/lib\libc.a(lib_a-dtoa.o)
 *fill*         0x0000000008013b2e        0x2 
 .rodata        0x0000000008013b30        0x2 ../Hello_bsp//newlib/nios2-elf/lib\libc.a(lib_a-impure.o)
 *fill*         0x0000000008013b32        0x2 
 .rodata        0x0000000008013b34       0x12 ../Hello_bsp//newlib/nios2-elf/lib\libc.a(lib_a-locale.o)
 *fill*         0x0000000008013b46        0x2 
 .rodata.__mprec_tens
                0x0000000008013b48       0xc8 ../Hello_bsp//newlib/nios2-elf/lib\libc.a(lib_a-mprec.o)
                0x0000000008013b48                __mprec_tens
 .rodata.__mprec_bigtens
                0x0000000008013c10       0x28 ../Hello_bsp//newlib/nios2-elf/lib\libc.a(lib_a-mprec.o)
                0x0000000008013c10                __mprec_bigtens
 .rodata.__mprec_tinytens
                0x0000000008013c38       0x28 ../Hello_bsp//newlib/nios2-elf/lib\libc.a(lib_a-mprec.o)
                0x0000000008013c38                __mprec_tinytens
 .rodata.p05.2768
                0x0000000008013c60        0xc ../Hello_bsp//newlib/nios2-elf/lib\libc.a(lib_a-mprec.o)
 .rodata        0x0000000008013c6c       0x4a ../Hello_bsp//newlib/nios2-elf/lib\libc.a(lib_a-vfiprintf.o)
 .rodata.blanks.4348
                0x0000000008013cb6       0x10 ../Hello_bsp//newlib/nios2-elf/lib\libc.a(lib_a-vfiprintf.o)
 .rodata.zeroes.4349
                0x0000000008013cc6       0x10 ../Hello_bsp//newlib/nios2-elf/lib\libc.a(lib_a-vfiprintf.o)
 .rodata        0x0000000008013cd6      0x100 d:/intelfpga_lite/18.0/nios2eds/bin/gnu/h-x86_64-mingw32/bin/../lib/gcc/nios2-elf/5.3.0\libgcc.a(_clz.o)
                0x0000000008013cd6                __clz_tab
 *fill*         0x0000000008013dd6        0x2 
 .rodata        0x0000000008013dd8        0xa ../Hello_bsp/\libhal_bsp.a(alt_dev.o)
 *fill*         0x0000000008013de2        0x2 
 .rodata        0x0000000008013de4       0x11 ../Hello_bsp/\libhal_bsp.a(alt_main.o)
 *fill*         0x0000000008013df5        0x3 
 .rodata        0x0000000008013df8       0x11 ../Hello_bsp/\libhal_bsp.a(alt_sys_init.o)
 *(.rodata1)
                0x0000000008013e0c                . = ALIGN (0x4)
 *fill*         0x0000000008013e09        0x3 
                0x0000000008013e0c                PROVIDE (__ram_rodata_end, ABSOLUTE (.))
                0x0000000008013490                PROVIDE (__flash_rodata_start, LOADADDR (.rodata))

.rwdata         0x0000000008013e0c     0x1aec load address 0x00000000080158f8
                0x0000000008013e0c                PROVIDE (__ram_rwdata_start, ABSOLUTE (.))
                0x0000000008013e0c                . = ALIGN (0x4)
 *(.got.plt)
 *(.got)
 *(.data1)
 *(.data .data.* .gnu.linkonce.d.*)
 .data          0x0000000008013e0c        0x0 ../Hello_bsp//obj/HAL/src/crt0.o
 .data          0x0000000008013e0c        0x0 obj/default/gppcu.o
 .data          0x0000000008013e0c        0x0 obj/default/main.o
 .data          0x0000000008013e0c        0x0 obj/default/utils.o
 .data          0x0000000008013e0c        0x0 d:/intelfpga_lite/18.0/nios2eds/bin/gnu/h-x86_64-mingw32/bin/../lib/gcc/nios2-elf/5.3.0\libgcc.a(lib2-divmod.o)
 .data          0x0000000008013e0c        0x0 ../Hello_bsp//newlib/nios2-elf/lib\libc.a(lib_a-malloc.o)
 .data          0x0000000008013e0c        0x0 ../Hello_bsp//newlib/nios2-elf/lib\libc.a(lib_a-mallocr.o)
 .data.__malloc_av_
                0x0000000008013e0c      0x408 ../Hello_bsp//newlib/nios2-elf/lib\libc.a(lib_a-mallocr.o)
                0x0000000008013e0c                __malloc_av_
 .data          0x0000000008014214        0x0 ../Hello_bsp//newlib/nios2-elf/lib\libc.a(lib_a-memcpy.o)
 .data          0x0000000008014214        0x0 ../Hello_bsp//newlib/nios2-elf/lib\libc.a(lib_a-printf.o)
 .data          0x0000000008014214        0x0 ../Hello_bsp//newlib/nios2-elf/lib\libc.a(lib_a-putchar.o)
 .data          0x0000000008014214        0x0 ../Hello_bsp//newlib/nios2-elf/lib\libc.a(lib_a-puts.o)
 .data          0x0000000008014214        0x0 ../Hello_bsp//newlib/nios2-elf/lib\libc.a(lib_a-sbrkr.o)
 .data          0x0000000008014214        0x0 ../Hello_bsp//newlib/nios2-elf/lib\libc.a(lib_a-strlen.o)
 .data          0x0000000008014214        0x0 ../Hello_bsp//newlib/nios2-elf/lib\libc.a(lib_a-vfprintf.o)
 .data          0x0000000008014214        0x0 ../Hello_bsp//newlib/nios2-elf/lib\libc.a(lib_a-wsetup.o)
 .data          0x0000000008014214        0x0 ../Hello_bsp//newlib/nios2-elf/lib\libc.a(lib_a-dtoa.o)
 .data          0x0000000008014214        0x0 ../Hello_bsp//newlib/nios2-elf/lib\libc.a(lib_a-fflush.o)
 .data          0x0000000008014214        0x0 ../Hello_bsp//newlib/nios2-elf/lib\libc.a(lib_a-findfp.o)
 .data          0x0000000008014214        0x0 ../Hello_bsp//newlib/nios2-elf/lib\libc.a(lib_a-freer.o)
 .data          0x0000000008014214        0x0 ../Hello_bsp//newlib/nios2-elf/lib\libc.a(lib_a-fvwrite.o)
 .data          0x0000000008014214        0x0 ../Hello_bsp//newlib/nios2-elf/lib\libc.a(lib_a-fwalk.o)
 .data          0x0000000008014214        0x0 ../Hello_bsp//newlib/nios2-elf/lib\libc.a(lib_a-impure.o)
 .data.impure_data
                0x0000000008014214      0x424 ../Hello_bsp//newlib/nios2-elf/lib\libc.a(lib_a-impure.o)
 .data          0x0000000008014638        0x0 ../Hello_bsp//newlib/nios2-elf/lib\libc.a(lib_a-int_errno.o)
 .data          0x0000000008014638        0x0 ../Hello_bsp//newlib/nios2-elf/lib\libc.a(lib_a-locale.o)
 .data.lconv    0x0000000008014638       0x38 ../Hello_bsp//newlib/nios2-elf/lib\libc.a(lib_a-locale.o)
 .data.lc_ctype_charset
                0x0000000008014670       0x20 ../Hello_bsp//newlib/nios2-elf/lib\libc.a(lib_a-locale.o)
 .data.lc_message_charset
                0x0000000008014690       0x20 ../Hello_bsp//newlib/nios2-elf/lib\libc.a(lib_a-locale.o)
 .data          0x00000000080146b0        0x0 ../Hello_bsp//newlib/nios2-elf/lib\libc.a(lib_a-makebuf.o)
 .data          0x00000000080146b0        0x0 ../Hello_bsp//newlib/nios2-elf/lib\libc.a(lib_a-memchr.o)
 .data          0x00000000080146b0        0x0 ../Hello_bsp//newlib/nios2-elf/lib\libc.a(lib_a-memmove.o)
 .data          0x00000000080146b0        0x0 ../Hello_bsp//newlib/nios2-elf/lib\libc.a(lib_a-memset.o)
 .data          0x00000000080146b0        0x0 ../Hello_bsp//newlib/nios2-elf/lib\libc.a(lib_a-mprec.o)
 .data          0x00000000080146b0        0x0 ../Hello_bsp//newlib/nios2-elf/lib\libc.a(lib_a-putc.o)
 .data          0x00000000080146b0        0x0 ../Hello_bsp//newlib/nios2-elf/lib\libc.a(lib_a-reallocr.o)
 .data          0x00000000080146b0        0x0 ../Hello_bsp//newlib/nios2-elf/lib\libc.a(lib_a-s_fpclassify.o)
 .data          0x00000000080146b0        0x0 ../Hello_bsp//newlib/nios2-elf/lib\libc.a(lib_a-stdio.o)
 .data          0x00000000080146b0        0x0 ../Hello_bsp//newlib/nios2-elf/lib\libc.a(lib_a-strcmp.o)
 .data          0x00000000080146b0        0x0 ../Hello_bsp//newlib/nios2-elf/lib\libc.a(lib_a-vfiprintf.o)
 .data          0x00000000080146b0        0x0 ../Hello_bsp//newlib/nios2-elf/lib\libc.a(lib_a-wbuf.o)
 .data          0x00000000080146b0        0x0 ../Hello_bsp//newlib/nios2-elf/lib\libc.a(lib_a-writer.o)
 .data          0x00000000080146b0        0x0 ../Hello_bsp//newlib/nios2-elf/lib\libc.a(closer.o)
 .data          0x00000000080146b0        0x0 ../Hello_bsp//newlib/nios2-elf/lib\libc.a(lib_a-callocr.o)
 .data          0x00000000080146b0        0x0 ../Hello_bsp//newlib/nios2-elf/lib\libc.a(lib_a-fclose.o)
 .data          0x00000000080146b0        0x0 ../Hello_bsp//newlib/nios2-elf/lib\libc.a(lib_a-fputwc.o)
 .data          0x00000000080146b0        0x0 ../Hello_bsp//newlib/nios2-elf/lib\libc.a(lib_a-fstatr.o)
 .data          0x00000000080146b0        0x0 ../Hello_bsp//newlib/nios2-elf/lib\libc.a(lib_a-isattyr.o)
 .data          0x00000000080146b0        0x0 ../Hello_bsp//newlib/nios2-elf/lib\libc.a(lib_a-lseekr.o)
 .data          0x00000000080146b0        0x0 ../Hello_bsp//newlib/nios2-elf/lib\libc.a(lib_a-readr.o)
 .data          0x00000000080146b0        0x0 ../Hello_bsp//newlib/nios2-elf/lib\libc.a(lib_a-wcrtomb.o)
 .data          0x00000000080146b0        0x0 ../Hello_bsp//newlib/nios2-elf/lib\libc.a(lib_a-wctomb_r.o)
 .data          0x00000000080146b0        0x0 d:/intelfpga_lite/18.0/nios2eds/bin/gnu/h-x86_64-mingw32/bin/../lib/gcc/nios2-elf/5.3.0\libgcc.a(_udivdi3.o)
 .data          0x00000000080146b0        0x0 d:/intelfpga_lite/18.0/nios2eds/bin/gnu/h-x86_64-mingw32/bin/../lib/gcc/nios2-elf/5.3.0\libgcc.a(_umoddi3.o)
 .data          0x00000000080146b0        0x0 d:/intelfpga_lite/18.0/nios2eds/bin/gnu/h-x86_64-mingw32/bin/../lib/gcc/nios2-elf/5.3.0\libgcc.a(adddf3.o)
 .data          0x00000000080146b0        0x0 d:/intelfpga_lite/18.0/nios2eds/bin/gnu/h-x86_64-mingw32/bin/../lib/gcc/nios2-elf/5.3.0\libgcc.a(divdf3.o)
 .data          0x00000000080146b0        0x0 d:/intelfpga_lite/18.0/nios2eds/bin/gnu/h-x86_64-mingw32/bin/../lib/gcc/nios2-elf/5.3.0\libgcc.a(eqdf2.o)
 .data          0x00000000080146b0        0x0 d:/intelfpga_lite/18.0/nios2eds/bin/gnu/h-x86_64-mingw32/bin/../lib/gcc/nios2-elf/5.3.0\libgcc.a(gedf2.o)
 .data          0x00000000080146b0        0x0 d:/intelfpga_lite/18.0/nios2eds/bin/gnu/h-x86_64-mingw32/bin/../lib/gcc/nios2-elf/5.3.0\libgcc.a(ledf2.o)
 .data          0x00000000080146b0        0x0 d:/intelfpga_lite/18.0/nios2eds/bin/gnu/h-x86_64-mingw32/bin/../lib/gcc/nios2-elf/5.3.0\libgcc.a(muldf3.o)
 .data          0x00000000080146b0        0x0 d:/intelfpga_lite/18.0/nios2eds/bin/gnu/h-x86_64-mingw32/bin/../lib/gcc/nios2-elf/5.3.0\libgcc.a(subdf3.o)
 .data          0x00000000080146b0        0x0 d:/intelfpga_lite/18.0/nios2eds/bin/gnu/h-x86_64-mingw32/bin/../lib/gcc/nios2-elf/5.3.0\libgcc.a(fixdfsi.o)
 .data          0x00000000080146b0        0x0 d:/intelfpga_lite/18.0/nios2eds/bin/gnu/h-x86_64-mingw32/bin/../lib/gcc/nios2-elf/5.3.0\libgcc.a(floatsidf.o)
 .data          0x00000000080146b0        0x0 d:/intelfpga_lite/18.0/nios2eds/bin/gnu/h-x86_64-mingw32/bin/../lib/gcc/nios2-elf/5.3.0\libgcc.a(floatunsidf.o)
 .data          0x00000000080146b0        0x0 d:/intelfpga_lite/18.0/nios2eds/bin/gnu/h-x86_64-mingw32/bin/../lib/gcc/nios2-elf/5.3.0\libgcc.a(_clz.o)
 .data          0x00000000080146b0        0x0 d:/intelfpga_lite/18.0/nios2eds/bin/gnu/h-x86_64-mingw32/bin/../lib/gcc/nios2-elf/5.3.0\libgcc.a(_clzsi2.o)
 .data          0x00000000080146b0        0x0 ../Hello_bsp/\libhal_bsp.a(alt_close.o)
 .data          0x00000000080146b0      0x1a8 ../Hello_bsp/\libhal_bsp.a(alt_dev.o)
                0x00000000080146b0                alt_dev_null
                0x00000000080146d8                alt_fd_list
 .data          0x0000000008014858        0x0 ../Hello_bsp/\libhal_bsp.a(alt_errno.o)
 .data          0x0000000008014858        0x0 ../Hello_bsp/\libhal_bsp.a(alt_fstat.o)
 .data          0x0000000008014858        0x0 ../Hello_bsp/\libhal_bsp.a(alt_isatty.o)
 .data          0x0000000008014858        0x0 ../Hello_bsp/\libhal_bsp.a(alt_load.o)
 .data          0x0000000008014858        0x0 ../Hello_bsp/\libhal_bsp.a(alt_lseek.o)
 .data          0x0000000008014858        0x0 ../Hello_bsp/\libhal_bsp.a(alt_main.o)
 .data          0x0000000008014858        0x0 ../Hello_bsp/\libhal_bsp.a(alt_malloc_lock.o)
 .data          0x0000000008014858        0x0 ../Hello_bsp/\libhal_bsp.a(alt_read.o)
 .data          0x0000000008014858        0x0 ../Hello_bsp/\libhal_bsp.a(alt_release_fd.o)
 .data          0x0000000008014858        0x0 ../Hello_bsp/\libhal_bsp.a(alt_sbrk.o)
 .data          0x0000000008014858        0x0 ../Hello_bsp/\libhal_bsp.a(alt_write.o)
 .data          0x0000000008014858     0x1060 ../Hello_bsp/\libhal_bsp.a(alt_sys_init.o)
 .data          0x00000000080158b8        0x0 ../Hello_bsp/\libhal_bsp.a(altera_avalon_jtag_uart_fd.o)
 .data          0x00000000080158b8        0x0 ../Hello_bsp/\libhal_bsp.a(altera_avalon_jtag_uart_init.o)
 .data          0x00000000080158b8        0x0 ../Hello_bsp/\libhal_bsp.a(altera_avalon_jtag_uart_ioctl.o)
 .data          0x00000000080158b8        0x0 ../Hello_bsp/\libhal_bsp.a(altera_avalon_jtag_uart_read.o)
 .data          0x00000000080158b8        0x0 ../Hello_bsp/\libhal_bsp.a(altera_avalon_jtag_uart_write.o)
 .data          0x00000000080158b8        0x0 ../Hello_bsp/\libhal_bsp.a(altera_avalon_timer_sc.o)
 .data          0x00000000080158b8        0x0 ../Hello_bsp/\libhal_bsp.a(alt_alarm_start.o)
 .data          0x00000000080158b8        0x0 ../Hello_bsp/\libhal_bsp.a(alt_dcache_flush_all.o)
 .data          0x00000000080158b8        0x0 ../Hello_bsp/\libhal_bsp.a(alt_dev_llist_insert.o)
 .data          0x00000000080158b8        0x0 ../Hello_bsp/\libhal_bsp.a(alt_icache_flush_all.o)
 .data          0x00000000080158b8        0x0 ../Hello_bsp/\libhal_bsp.a(alt_iic.o)
 .data          0x00000000080158b8        0x0 ../Hello_bsp/\libhal_bsp.a(alt_iic_isr_register.o)
 .data          0x00000000080158b8        0x0 ../Hello_bsp/\libhal_bsp.a(alt_io_redirect.o)
 .data          0x00000000080158b8        0x0 ../Hello_bsp/\libhal_bsp.a(alt_irq_entry.o)
 .data          0x00000000080158b8        0x0 ../Hello_bsp/\libhal_bsp.a(alt_irq_handler.o)
 .data          0x00000000080158b8        0x0 ../Hello_bsp/\libhal_bsp.a(alt_irq_vars.o)
 .data          0x00000000080158b8        0x0 ../Hello_bsp/\libhal_bsp.a(alt_open.o)
 .data          0x00000000080158b8        0x0 ../Hello_bsp/\libhal_bsp.a(alt_tick.o)
 .data          0x00000000080158b8        0x0 ../Hello_bsp/\libhal_bsp.a(altera_nios2_gen2_irq.o)
 .data          0x00000000080158b8        0x0 ../Hello_bsp/\libhal_bsp.a(alt_exception_entry.o)
 .data          0x00000000080158b8        0x0 ../Hello_bsp/\libhal_bsp.a(alt_find_dev.o)
 .data          0x00000000080158b8        0x0 ../Hello_bsp/\libhal_bsp.a(alt_find_file.o)
 .data          0x00000000080158b8        0x0 ../Hello_bsp/\libhal_bsp.a(alt_get_fd.o)
 .data          0x00000000080158b8        0x0 ../Hello_bsp/\libhal_bsp.a(alt_icache_flush.o)
 .data          0x00000000080158b8        0x0 ../Hello_bsp/\libhal_bsp.a(alt_instruction_exception_entry.o)
 .data          0x00000000080158b8        0x0 ../Hello_bsp//newlib/nios2-elf/lib\libc.a(lib_a-exit.o)
 .data          0x00000000080158b8        0x0 ../Hello_bsp//newlib/nios2-elf/lib\libc.a(lib_a-memcmp.o)
 .data          0x00000000080158b8        0x0 ../Hello_bsp//newlib/nios2-elf/lib\libc.a(lib_a-__call_atexit.o)
 .data          0x00000000080158b8        0x0 ../Hello_bsp/\libhal_bsp.a(alt_exit.o)
                0x000000000801d8b8                _gp = ABSOLUTE ((. + 0x8000))
                [!provide]                        PROVIDE (gp, _gp)
 *(.rwdata .rwdata.*)
 *(.sdata .sdata.* .gnu.linkonce.s.*)
 .sdata.__malloc_trim_threshold
                0x00000000080158b8        0x4 ../Hello_bsp//newlib/nios2-elf/lib\libc.a(lib_a-mallocr.o)
                0x00000000080158b8                __malloc_trim_threshold
 .sdata.__malloc_sbrk_base
                0x00000000080158bc        0x4 ../Hello_bsp//newlib/nios2-elf/lib\libc.a(lib_a-mallocr.o)
                0x00000000080158bc                __malloc_sbrk_base
 .sdata._impure_ptr
                0x00000000080158c0        0x4 ../Hello_bsp//newlib/nios2-elf/lib\libc.a(lib_a-impure.o)
                0x00000000080158c0                _impure_ptr
 .sdata._global_impure_ptr
                0x00000000080158c4        0x4 ../Hello_bsp//newlib/nios2-elf/lib\libc.a(lib_a-impure.o)
                0x00000000080158c4                _global_impure_ptr
 .sdata.__mb_cur_max
                0x00000000080158c8        0x4 ../Hello_bsp//newlib/nios2-elf/lib\libc.a(lib_a-locale.o)
                0x00000000080158c8                __mb_cur_max
 .sdata.__wctomb
                0x00000000080158cc        0x4 ../Hello_bsp//newlib/nios2-elf/lib\libc.a(lib_a-wctomb_r.o)
                0x00000000080158cc                __wctomb
 .sdata         0x00000000080158d0       0x14 ../Hello_bsp/\libhal_bsp.a(alt_dev.o)
                0x00000000080158d0                alt_fs_list
                0x00000000080158d8                alt_dev_list
                0x00000000080158e0                alt_max_fd
 .sdata         0x00000000080158e4        0x4 ../Hello_bsp/\libhal_bsp.a(alt_errno.o)
                0x00000000080158e4                alt_errno
 .sdata         0x00000000080158e8        0x4 ../Hello_bsp/\libhal_bsp.a(alt_sbrk.o)
 .sdata         0x00000000080158ec        0x4 ../Hello_bsp/\libhal_bsp.a(alt_irq_vars.o)
                0x00000000080158ec                alt_priority_mask
 .sdata         0x00000000080158f0        0x8 ../Hello_bsp/\libhal_bsp.a(alt_tick.o)
                0x00000000080158f0                alt_alarm_list
 *(.sdata2 .sdata2.* .gnu.linkonce.s2.*)
                0x00000000080158f8                . = ALIGN (0x4)
                0x00000000080158f8                _edata = ABSOLUTE (.)
                [!provide]                        PROVIDE (edata, ABSOLUTE (.))
                0x00000000080158f8                PROVIDE (__ram_rwdata_end, ABSOLUTE (.))
                0x00000000080158f8                PROVIDE (__flash_rwdata_start, LOADADDR (.rwdata))

.bss            0x00000000080173e4      0x170
                0x00000000080173e4                __bss_start = ABSOLUTE (.)
                [!provide]                        PROVIDE (__sbss_start, ABSOLUTE (.))
                [!provide]                        PROVIDE (___sbss_start, ABSOLUTE (.))
 *(.dynsbss)
 *(.sbss .sbss.* .gnu.linkonce.sb.*)
 .sbss.__malloc_top_pad
                0x00000000080173e4        0x4 ../Hello_bsp//newlib/nios2-elf/lib\libc.a(lib_a-mallocr.o)
                0x00000000080173e4                __malloc_top_pad
 .sbss.__malloc_max_sbrked_mem
                0x00000000080173e8        0x4 ../Hello_bsp//newlib/nios2-elf/lib\libc.a(lib_a-mallocr.o)
                0x00000000080173e8                __malloc_max_sbrked_mem
 .sbss.__malloc_max_total_mem
                0x00000000080173ec        0x4 ../Hello_bsp//newlib/nios2-elf/lib\libc.a(lib_a-mallocr.o)
                0x00000000080173ec                __malloc_max_total_mem
 .sbss.__sfp_lock
                0x00000000080173f0        0x4 ../Hello_bsp//newlib/nios2-elf/lib\libc.a(lib_a-findfp.o)
 .sbss.__sinit_lock
                0x00000000080173f4        0x4 ../Hello_bsp//newlib/nios2-elf/lib\libc.a(lib_a-findfp.o)
 .sbss          0x00000000080173f8        0x4 ../Hello_bsp//newlib/nios2-elf/lib\libc.a(lib_a-int_errno.o)
                0x00000000080173f8                errno
 .sbss.__nlocale_changed
                0x00000000080173fc        0x4 ../Hello_bsp//newlib/nios2-elf/lib\libc.a(lib_a-locale.o)
                0x00000000080173fc                __nlocale_changed
 .sbss.__mlocale_changed
                0x0000000008017400        0x4 ../Hello_bsp//newlib/nios2-elf/lib\libc.a(lib_a-locale.o)
                0x0000000008017400                __mlocale_changed
 .sbss._PathLocale
                0x0000000008017404        0x4 ../Hello_bsp//newlib/nios2-elf/lib\libc.a(lib_a-locale.o)
                0x0000000008017404                _PathLocale
 .sbss.lc_ctype_cjk_lang
                0x0000000008017408        0x4 ../Hello_bsp//newlib/nios2-elf/lib\libc.a(lib_a-locale.o)
 .sbss          0x000000000801740c        0xc ../Hello_bsp/\libhal_bsp.a(alt_main.o)
                0x000000000801740c                alt_argc
                0x0000000008017410                alt_argv
                0x0000000008017414                alt_envp
 .sbss          0x0000000008017418        0x4 ../Hello_bsp/\libhal_bsp.a(alt_irq_vars.o)
                0x0000000008017418                alt_irq_active
 .sbss          0x000000000801741c        0x8 ../Hello_bsp/\libhal_bsp.a(alt_tick.o)
                0x000000000801741c                _alt_tick_rate
                0x0000000008017420                _alt_nticks
 .sbss          0x0000000008017424        0x4 ../Hello_bsp/\libhal_bsp.a(alt_instruction_exception_entry.o)
                0x0000000008017424                alt_instruction_exception_handler
 .sbss.__atexit_lock
                0x0000000008017428        0x4 ../Hello_bsp//newlib/nios2-elf/lib\libc.a(lib_a-__call_atexit.o)
 *(.sbss2 .sbss2.* .gnu.linkonce.sb2.*)
 *(.scommon)
                [!provide]                        PROVIDE (__sbss_end, ABSOLUTE (.))
                [!provide]                        PROVIDE (___sbss_end, ABSOLUTE (.))
 *(.dynbss)
 *(.bss .bss.* .gnu.linkonce.b.*)
 .bss           0x000000000801742c        0x0 ../Hello_bsp//obj/HAL/src/crt0.o
 .bss           0x000000000801742c        0x0 obj/default/gppcu.o
 .bss           0x000000000801742c        0x0 obj/default/main.o
 .bss           0x000000000801742c        0x0 obj/default/utils.o
 .bss           0x000000000801742c        0x0 d:/intelfpga_lite/18.0/nios2eds/bin/gnu/h-x86_64-mingw32/bin/../lib/gcc/nios2-elf/5.3.0\libgcc.a(lib2-divmod.o)
 .bss           0x000000000801742c        0x0 ../Hello_bsp//newlib/nios2-elf/lib\libc.a(lib_a-malloc.o)
 .bss           0x000000000801742c        0x0 ../Hello_bsp//newlib/nios2-elf/lib\libc.a(lib_a-mallocr.o)
 .bss.__malloc_current_mallinfo
                0x000000000801742c       0x28 ../Hello_bsp//newlib/nios2-elf/lib\libc.a(lib_a-mallocr.o)
                0x000000000801742c                __malloc_current_mallinfo
 .bss           0x0000000008017454        0x0 ../Hello_bsp//newlib/nios2-elf/lib\libc.a(lib_a-memcpy.o)
 .bss           0x0000000008017454        0x0 ../Hello_bsp//newlib/nios2-elf/lib\libc.a(lib_a-printf.o)
 .bss           0x0000000008017454        0x0 ../Hello_bsp//newlib/nios2-elf/lib\libc.a(lib_a-putchar.o)
 .bss           0x0000000008017454        0x0 ../Hello_bsp//newlib/nios2-elf/lib\libc.a(lib_a-puts.o)
 .bss           0x0000000008017454        0x0 ../Hello_bsp//newlib/nios2-elf/lib\libc.a(lib_a-sbrkr.o)
 .bss           0x0000000008017454        0x0 ../Hello_bsp//newlib/nios2-elf/lib\libc.a(lib_a-strlen.o)
 .bss           0x0000000008017454        0x0 ../Hello_bsp//newlib/nios2-elf/lib\libc.a(lib_a-vfprintf.o)
 .bss           0x0000000008017454        0x0 ../Hello_bsp//newlib/nios2-elf/lib\libc.a(lib_a-wsetup.o)
 .bss           0x0000000008017454        0x0 ../Hello_bsp//newlib/nios2-elf/lib\libc.a(lib_a-dtoa.o)
 .bss           0x0000000008017454        0x0 ../Hello_bsp//newlib/nios2-elf/lib\libc.a(lib_a-fflush.o)
 .bss           0x0000000008017454        0x0 ../Hello_bsp//newlib/nios2-elf/lib\libc.a(lib_a-findfp.o)
 .bss           0x0000000008017454        0x0 ../Hello_bsp//newlib/nios2-elf/lib\libc.a(lib_a-freer.o)
 .bss           0x0000000008017454        0x0 ../Hello_bsp//newlib/nios2-elf/lib\libc.a(lib_a-fvwrite.o)
 .bss           0x0000000008017454        0x0 ../Hello_bsp//newlib/nios2-elf/lib\libc.a(lib_a-fwalk.o)
 .bss           0x0000000008017454        0x0 ../Hello_bsp//newlib/nios2-elf/lib\libc.a(lib_a-impure.o)
 .bss           0x0000000008017454        0x0 ../Hello_bsp//newlib/nios2-elf/lib\libc.a(lib_a-int_errno.o)
 .bss           0x0000000008017454        0x0 ../Hello_bsp//newlib/nios2-elf/lib\libc.a(lib_a-locale.o)
 .bss           0x0000000008017454        0x0 ../Hello_bsp//newlib/nios2-elf/lib\libc.a(lib_a-makebuf.o)
 .bss           0x0000000008017454        0x0 ../Hello_bsp//newlib/nios2-elf/lib\libc.a(lib_a-memchr.o)
 .bss           0x0000000008017454        0x0 ../Hello_bsp//newlib/nios2-elf/lib\libc.a(lib_a-memmove.o)
 .bss           0x0000000008017454        0x0 ../Hello_bsp//newlib/nios2-elf/lib\libc.a(lib_a-memset.o)
 .bss           0x0000000008017454        0x0 ../Hello_bsp//newlib/nios2-elf/lib\libc.a(lib_a-mprec.o)
 .bss           0x0000000008017454        0x0 ../Hello_bsp//newlib/nios2-elf/lib\libc.a(lib_a-putc.o)
 .bss           0x0000000008017454        0x0 ../Hello_bsp//newlib/nios2-elf/lib\libc.a(lib_a-reallocr.o)
 .bss           0x0000000008017454        0x0 ../Hello_bsp//newlib/nios2-elf/lib\libc.a(lib_a-s_fpclassify.o)
 .bss           0x0000000008017454        0x0 ../Hello_bsp//newlib/nios2-elf/lib\libc.a(lib_a-stdio.o)
 .bss           0x0000000008017454        0x0 ../Hello_bsp//newlib/nios2-elf/lib\libc.a(lib_a-strcmp.o)
 .bss           0x0000000008017454        0x0 ../Hello_bsp//newlib/nios2-elf/lib\libc.a(lib_a-vfiprintf.o)
 .bss           0x0000000008017454        0x0 ../Hello_bsp//newlib/nios2-elf/lib\libc.a(lib_a-wbuf.o)
 .bss           0x0000000008017454        0x0 ../Hello_bsp//newlib/nios2-elf/lib\libc.a(lib_a-writer.o)
 .bss           0x0000000008017454        0x0 ../Hello_bsp//newlib/nios2-elf/lib\libc.a(closer.o)
 .bss           0x0000000008017454        0x0 ../Hello_bsp//newlib/nios2-elf/lib\libc.a(lib_a-callocr.o)
 .bss           0x0000000008017454        0x0 ../Hello_bsp//newlib/nios2-elf/lib\libc.a(lib_a-fclose.o)
 .bss           0x0000000008017454        0x0 ../Hello_bsp//newlib/nios2-elf/lib\libc.a(lib_a-fputwc.o)
 .bss           0x0000000008017454        0x0 ../Hello_bsp//newlib/nios2-elf/lib\libc.a(lib_a-fstatr.o)
 .bss           0x0000000008017454        0x0 ../Hello_bsp//newlib/nios2-elf/lib\libc.a(lib_a-isattyr.o)
 .bss           0x0000000008017454        0x0 ../Hello_bsp//newlib/nios2-elf/lib\libc.a(lib_a-lseekr.o)
 .bss           0x0000000008017454        0x0 ../Hello_bsp//newlib/nios2-elf/lib\libc.a(lib_a-readr.o)
 .bss           0x0000000008017454        0x0 ../Hello_bsp//newlib/nios2-elf/lib\libc.a(lib_a-wcrtomb.o)
 .bss           0x0000000008017454        0x0 ../Hello_bsp//newlib/nios2-elf/lib\libc.a(lib_a-wctomb_r.o)
 .bss           0x0000000008017454        0x0 d:/intelfpga_lite/18.0/nios2eds/bin/gnu/h-x86_64-mingw32/bin/../lib/gcc/nios2-elf/5.3.0\libgcc.a(_udivdi3.o)
 .bss           0x0000000008017454        0x0 d:/intelfpga_lite/18.0/nios2eds/bin/gnu/h-x86_64-mingw32/bin/../lib/gcc/nios2-elf/5.3.0\libgcc.a(_umoddi3.o)
 .bss           0x0000000008017454        0x0 d:/intelfpga_lite/18.0/nios2eds/bin/gnu/h-x86_64-mingw32/bin/../lib/gcc/nios2-elf/5.3.0\libgcc.a(adddf3.o)
 .bss           0x0000000008017454        0x0 d:/intelfpga_lite/18.0/nios2eds/bin/gnu/h-x86_64-mingw32/bin/../lib/gcc/nios2-elf/5.3.0\libgcc.a(divdf3.o)
 .bss           0x0000000008017454        0x0 d:/intelfpga_lite/18.0/nios2eds/bin/gnu/h-x86_64-mingw32/bin/../lib/gcc/nios2-elf/5.3.0\libgcc.a(eqdf2.o)
 .bss           0x0000000008017454        0x0 d:/intelfpga_lite/18.0/nios2eds/bin/gnu/h-x86_64-mingw32/bin/../lib/gcc/nios2-elf/5.3.0\libgcc.a(gedf2.o)
 .bss           0x0000000008017454        0x0 d:/intelfpga_lite/18.0/nios2eds/bin/gnu/h-x86_64-mingw32/bin/../lib/gcc/nios2-elf/5.3.0\libgcc.a(ledf2.o)
 .bss           0x0000000008017454        0x0 d:/intelfpga_lite/18.0/nios2eds/bin/gnu/h-x86_64-mingw32/bin/../lib/gcc/nios2-elf/5.3.0\libgcc.a(muldf3.o)
 .bss           0x0000000008017454        0x0 d:/intelfpga_lite/18.0/nios2eds/bin/gnu/h-x86_64-mingw32/bin/../lib/gcc/nios2-elf/5.3.0\libgcc.a(subdf3.o)
 .bss           0x0000000008017454        0x0 d:/intelfpga_lite/18.0/nios2eds/bin/gnu/h-x86_64-mingw32/bin/../lib/gcc/nios2-elf/5.3.0\libgcc.a(fixdfsi.o)
 .bss           0x0000000008017454        0x0 d:/intelfpga_lite/18.0/nios2eds/bin/gnu/h-x86_64-mingw32/bin/../lib/gcc/nios2-elf/5.3.0\libgcc.a(floatsidf.o)
 .bss           0x0000000008017454        0x0 d:/intelfpga_lite/18.0/nios2eds/bin/gnu/h-x86_64-mingw32/bin/../lib/gcc/nios2-elf/5.3.0\libgcc.a(floatunsidf.o)
 .bss           0x0000000008017454        0x0 d:/intelfpga_lite/18.0/nios2eds/bin/gnu/h-x86_64-mingw32/bin/../lib/gcc/nios2-elf/5.3.0\libgcc.a(_clz.o)
 .bss           0x0000000008017454        0x0 d:/intelfpga_lite/18.0/nios2eds/bin/gnu/h-x86_64-mingw32/bin/../lib/gcc/nios2-elf/5.3.0\libgcc.a(_clzsi2.o)
 .bss           0x0000000008017454        0x0 ../Hello_bsp/\libhal_bsp.a(alt_close.o)
 .bss           0x0000000008017454        0x0 ../Hello_bsp/\libhal_bsp.a(alt_dev.o)
 .bss           0x0000000008017454        0x0 ../Hello_bsp/\libhal_bsp.a(alt_errno.o)
 .bss           0x0000000008017454        0x0 ../Hello_bsp/\libhal_bsp.a(alt_fstat.o)
 .bss           0x0000000008017454        0x0 ../Hello_bsp/\libhal_bsp.a(alt_isatty.o)
 .bss           0x0000000008017454        0x0 ../Hello_bsp/\libhal_bsp.a(alt_load.o)
 .bss           0x0000000008017454        0x0 ../Hello_bsp/\libhal_bsp.a(alt_lseek.o)
 .bss           0x0000000008017454        0x0 ../Hello_bsp/\libhal_bsp.a(alt_main.o)
 .bss           0x0000000008017454        0x0 ../Hello_bsp/\libhal_bsp.a(alt_malloc_lock.o)
 .bss           0x0000000008017454        0x0 ../Hello_bsp/\libhal_bsp.a(alt_read.o)
 .bss           0x0000000008017454        0x0 ../Hello_bsp/\libhal_bsp.a(alt_release_fd.o)
 .bss           0x0000000008017454        0x0 ../Hello_bsp/\libhal_bsp.a(alt_sbrk.o)
 .bss           0x0000000008017454        0x0 ../Hello_bsp/\libhal_bsp.a(alt_write.o)
 .bss           0x0000000008017454        0x0 ../Hello_bsp/\libhal_bsp.a(alt_sys_init.o)
 .bss           0x0000000008017454        0x0 ../Hello_bsp/\libhal_bsp.a(altera_avalon_jtag_uart_fd.o)
 .bss           0x0000000008017454        0x0 ../Hello_bsp/\libhal_bsp.a(altera_avalon_jtag_uart_init.o)
 .bss           0x0000000008017454        0x0 ../Hello_bsp/\libhal_bsp.a(altera_avalon_jtag_uart_ioctl.o)
 .bss           0x0000000008017454        0x0 ../Hello_bsp/\libhal_bsp.a(altera_avalon_jtag_uart_read.o)
 .bss           0x0000000008017454        0x0 ../Hello_bsp/\libhal_bsp.a(altera_avalon_jtag_uart_write.o)
 .bss           0x0000000008017454        0x0 ../Hello_bsp/\libhal_bsp.a(altera_avalon_timer_sc.o)
 .bss           0x0000000008017454        0x0 ../Hello_bsp/\libhal_bsp.a(alt_alarm_start.o)
 .bss           0x0000000008017454        0x0 ../Hello_bsp/\libhal_bsp.a(alt_dcache_flush_all.o)
 .bss           0x0000000008017454        0x0 ../Hello_bsp/\libhal_bsp.a(alt_dev_llist_insert.o)
 .bss           0x0000000008017454        0x0 ../Hello_bsp/\libhal_bsp.a(alt_icache_flush_all.o)
 .bss           0x0000000008017454        0x0 ../Hello_bsp/\libhal_bsp.a(alt_iic.o)
 .bss           0x0000000008017454        0x0 ../Hello_bsp/\libhal_bsp.a(alt_iic_isr_register.o)
 .bss           0x0000000008017454        0x0 ../Hello_bsp/\libhal_bsp.a(alt_io_redirect.o)
 .bss           0x0000000008017454        0x0 ../Hello_bsp/\libhal_bsp.a(alt_irq_entry.o)
 .bss           0x0000000008017454        0x0 ../Hello_bsp/\libhal_bsp.a(alt_irq_handler.o)
 .bss           0x0000000008017454        0x0 ../Hello_bsp/\libhal_bsp.a(alt_irq_vars.o)
 .bss           0x0000000008017454        0x0 ../Hello_bsp/\libhal_bsp.a(alt_open.o)
 .bss           0x0000000008017454        0x0 ../Hello_bsp/\libhal_bsp.a(alt_tick.o)
 .bss           0x0000000008017454        0x0 ../Hello_bsp/\libhal_bsp.a(altera_nios2_gen2_irq.o)
 .bss           0x0000000008017454        0x0 ../Hello_bsp/\libhal_bsp.a(alt_exception_entry.o)
 .bss           0x0000000008017454        0x0 ../Hello_bsp/\libhal_bsp.a(alt_find_dev.o)
 .bss           0x0000000008017454        0x0 ../Hello_bsp/\libhal_bsp.a(alt_find_file.o)
 .bss           0x0000000008017454        0x0 ../Hello_bsp/\libhal_bsp.a(alt_get_fd.o)
 .bss           0x0000000008017454        0x0 ../Hello_bsp/\libhal_bsp.a(alt_icache_flush.o)
 .bss           0x0000000008017454        0x0 ../Hello_bsp/\libhal_bsp.a(alt_instruction_exception_entry.o)
 .bss           0x0000000008017454        0x0 ../Hello_bsp//newlib/nios2-elf/lib\libc.a(lib_a-exit.o)
 .bss           0x0000000008017454        0x0 ../Hello_bsp//newlib/nios2-elf/lib\libc.a(lib_a-memcmp.o)
 .bss           0x0000000008017454        0x0 ../Hello_bsp//newlib/nios2-elf/lib\libc.a(lib_a-__call_atexit.o)
 .bss           0x0000000008017454        0x0 ../Hello_bsp/\libhal_bsp.a(alt_exit.o)
 *(COMMON)
 COMMON         0x0000000008017454      0x100 ../Hello_bsp/\libhal_bsp.a(alt_irq_handler.o)
                0x0000000008017454                alt_irq
                0x0000000008017554                . = ALIGN (0x4)
                0x0000000008017554                __bss_end = ABSOLUTE (.)

.sdram          0x0000000008017554        0x0
                [!provide]                        PROVIDE (_alt_partition_sdram_start, ABSOLUTE (.))
 *(.sdram .sdram. sdram.*)
                0x0000000008017554                . = ALIGN (0x4)
                [!provide]                        PROVIDE (_alt_partition_sdram_end, ABSOLUTE (.))
                0x0000000008017554                _end = ABSOLUTE (.)
                0x0000000008017554                end = ABSOLUTE (.)
                0x0000000008017554                __alt_stack_base = ABSOLUTE (.)
                [!provide]                        PROVIDE (_alt_partition_sdram_load_addr, LOADADDR (.sdram))

.bufferram_out  0x0000000010000000        0x0 load address 0x0000000008017554
                [!provide]                        PROVIDE (_alt_partition_bufferram_out_start, ABSOLUTE (.))
 *(.bufferram_out .bufferram_out. bufferram_out.*)
                0x0000000010000000                . = ALIGN (0x4)
                [!provide]                        PROVIDE (_alt_partition_bufferram_out_end, ABSOLUTE (.))
                [!provide]                        PROVIDE (_alt_partition_bufferram_out_load_addr, LOADADDR (.bufferram_out))

.stab
 *(.stab)

.stabstr
 *(.stabstr)

.stab.excl
 *(.stab.excl)

.stab.exclstr
 *(.stab.exclstr)

.stab.index
 *(.stab.index)

.stab.indexstr
 *(.stab.indexstr)

.comment        0x0000000000000000       0x23
 *(.comment)
 .comment       0x0000000000000000       0x23 obj/default/gppcu.o
                                         0x24 (size before relaxing)
 .comment       0x0000000000000023       0x24 obj/default/main.o
 .comment       0x0000000000000023       0x24 obj/default/utils.o
 .comment       0x0000000000000023       0x24 d:/intelfpga_lite/18.0/nios2eds/bin/gnu/h-x86_64-mingw32/bin/../lib/gcc/nios2-elf/5.3.0\libgcc.a(lib2-divmod.o)
 .comment       0x0000000000000023       0x24 ../Hello_bsp//newlib/nios2-elf/lib\libc.a(lib_a-malloc.o)
 .comment       0x0000000000000023       0x24 ../Hello_bsp//newlib/nios2-elf/lib\libc.a(lib_a-mallocr.o)
 .comment       0x0000000000000023       0x24 ../Hello_bsp//newlib/nios2-elf/lib\libc.a(lib_a-memcpy.o)
 .comment       0x0000000000000023       0x24 ../Hello_bsp//newlib/nios2-elf/lib\libc.a(lib_a-printf.o)
 .comment       0x0000000000000023       0x24 ../Hello_bsp//newlib/nios2-elf/lib\libc.a(lib_a-putchar.o)
 .comment       0x0000000000000023       0x24 ../Hello_bsp//newlib/nios2-elf/lib\libc.a(lib_a-puts.o)
 .comment       0x0000000000000023       0x24 ../Hello_bsp//newlib/nios2-elf/lib\libc.a(lib_a-sbrkr.o)
 .comment       0x0000000000000023       0x24 ../Hello_bsp//newlib/nios2-elf/lib\libc.a(lib_a-strlen.o)
 .comment       0x0000000000000023       0x24 ../Hello_bsp//newlib/nios2-elf/lib\libc.a(lib_a-vfprintf.o)
 .comment       0x0000000000000023       0x24 ../Hello_bsp//newlib/nios2-elf/lib\libc.a(lib_a-wsetup.o)
 .comment       0x0000000000000023       0x24 ../Hello_bsp//newlib/nios2-elf/lib\libc.a(lib_a-dtoa.o)
 .comment       0x0000000000000023       0x24 ../Hello_bsp//newlib/nios2-elf/lib\libc.a(lib_a-fflush.o)
 .comment       0x0000000000000023       0x24 ../Hello_bsp//newlib/nios2-elf/lib\libc.a(lib_a-findfp.o)
 .comment       0x0000000000000023       0x24 ../Hello_bsp//newlib/nios2-elf/lib\libc.a(lib_a-freer.o)
 .comment       0x0000000000000023       0x24 ../Hello_bsp//newlib/nios2-elf/lib\libc.a(lib_a-fvwrite.o)
 .comment       0x0000000000000023       0x24 ../Hello_bsp//newlib/nios2-elf/lib\libc.a(lib_a-fwalk.o)
 .comment       0x0000000000000023       0x24 ../Hello_bsp//newlib/nios2-elf/lib\libc.a(lib_a-impure.o)
 .comment       0x0000000000000023       0x24 ../Hello_bsp//newlib/nios2-elf/lib\libc.a(lib_a-int_errno.o)
 .comment       0x0000000000000023       0x24 ../Hello_bsp//newlib/nios2-elf/lib\libc.a(lib_a-locale.o)
 .comment       0x0000000000000023       0x24 ../Hello_bsp//newlib/nios2-elf/lib\libc.a(lib_a-makebuf.o)
 .comment       0x0000000000000023       0x24 ../Hello_bsp//newlib/nios2-elf/lib\libc.a(lib_a-memchr.o)
 .comment       0x0000000000000023       0x24 ../Hello_bsp//newlib/nios2-elf/lib\libc.a(lib_a-memmove.o)
 .comment       0x0000000000000023       0x24 ../Hello_bsp//newlib/nios2-elf/lib\libc.a(lib_a-memset.o)
 .comment       0x0000000000000023       0x24 ../Hello_bsp//newlib/nios2-elf/lib\libc.a(lib_a-mprec.o)
 .comment       0x0000000000000023       0x24 ../Hello_bsp//newlib/nios2-elf/lib\libc.a(lib_a-putc.o)
 .comment       0x0000000000000023       0x24 ../Hello_bsp//newlib/nios2-elf/lib\libc.a(lib_a-reallocr.o)
 .comment       0x0000000000000023       0x24 ../Hello_bsp//newlib/nios2-elf/lib\libc.a(lib_a-s_fpclassify.o)
 .comment       0x0000000000000023       0x24 ../Hello_bsp//newlib/nios2-elf/lib\libc.a(lib_a-stdio.o)
 .comment       0x0000000000000023       0x24 ../Hello_bsp//newlib/nios2-elf/lib\libc.a(lib_a-strcmp.o)
 .comment       0x0000000000000023       0x24 ../Hello_bsp//newlib/nios2-elf/lib\libc.a(lib_a-vfiprintf.o)
 .comment       0x0000000000000023       0x24 ../Hello_bsp//newlib/nios2-elf/lib\libc.a(lib_a-wbuf.o)
 .comment       0x0000000000000023       0x24 ../Hello_bsp//newlib/nios2-elf/lib\libc.a(lib_a-writer.o)
 .comment       0x0000000000000023       0x24 ../Hello_bsp//newlib/nios2-elf/lib\libc.a(closer.o)
 .comment       0x0000000000000023       0x24 ../Hello_bsp//newlib/nios2-elf/lib\libc.a(lib_a-callocr.o)
 .comment       0x0000000000000023       0x24 ../Hello_bsp//newlib/nios2-elf/lib\libc.a(lib_a-fclose.o)
 .comment       0x0000000000000023       0x24 ../Hello_bsp//newlib/nios2-elf/lib\libc.a(lib_a-fputwc.o)
 .comment       0x0000000000000023       0x24 ../Hello_bsp//newlib/nios2-elf/lib\libc.a(lib_a-fstatr.o)
 .comment       0x0000000000000023       0x24 ../Hello_bsp//newlib/nios2-elf/lib\libc.a(lib_a-isattyr.o)
 .comment       0x0000000000000023       0x24 ../Hello_bsp//newlib/nios2-elf/lib\libc.a(lib_a-lseekr.o)
 .comment       0x0000000000000023       0x24 ../Hello_bsp//newlib/nios2-elf/lib\libc.a(lib_a-readr.o)
 .comment       0x0000000000000023       0x24 ../Hello_bsp//newlib/nios2-elf/lib\libc.a(lib_a-wcrtomb.o)
 .comment       0x0000000000000023       0x24 ../Hello_bsp//newlib/nios2-elf/lib\libc.a(lib_a-wctomb_r.o)
 .comment       0x0000000000000023       0x24 d:/intelfpga_lite/18.0/nios2eds/bin/gnu/h-x86_64-mingw32/bin/../lib/gcc/nios2-elf/5.3.0\libgcc.a(_udivdi3.o)
 .comment       0x0000000000000023       0x24 d:/intelfpga_lite/18.0/nios2eds/bin/gnu/h-x86_64-mingw32/bin/../lib/gcc/nios2-elf/5.3.0\libgcc.a(_umoddi3.o)
 .comment       0x0000000000000023       0x24 d:/intelfpga_lite/18.0/nios2eds/bin/gnu/h-x86_64-mingw32/bin/../lib/gcc/nios2-elf/5.3.0\libgcc.a(adddf3.o)
 .comment       0x0000000000000023       0x24 d:/intelfpga_lite/18.0/nios2eds/bin/gnu/h-x86_64-mingw32/bin/../lib/gcc/nios2-elf/5.3.0\libgcc.a(divdf3.o)
 .comment       0x0000000000000023       0x24 d:/intelfpga_lite/18.0/nios2eds/bin/gnu/h-x86_64-mingw32/bin/../lib/gcc/nios2-elf/5.3.0\libgcc.a(eqdf2.o)
 .comment       0x0000000000000023       0x24 d:/intelfpga_lite/18.0/nios2eds/bin/gnu/h-x86_64-mingw32/bin/../lib/gcc/nios2-elf/5.3.0\libgcc.a(gedf2.o)
 .comment       0x0000000000000023       0x24 d:/intelfpga_lite/18.0/nios2eds/bin/gnu/h-x86_64-mingw32/bin/../lib/gcc/nios2-elf/5.3.0\libgcc.a(ledf2.o)
 .comment       0x0000000000000023       0x24 d:/intelfpga_lite/18.0/nios2eds/bin/gnu/h-x86_64-mingw32/bin/../lib/gcc/nios2-elf/5.3.0\libgcc.a(muldf3.o)
 .comment       0x0000000000000023       0x24 d:/intelfpga_lite/18.0/nios2eds/bin/gnu/h-x86_64-mingw32/bin/../lib/gcc/nios2-elf/5.3.0\libgcc.a(subdf3.o)
 .comment       0x0000000000000023       0x24 d:/intelfpga_lite/18.0/nios2eds/bin/gnu/h-x86_64-mingw32/bin/../lib/gcc/nios2-elf/5.3.0\libgcc.a(fixdfsi.o)
 .comment       0x0000000000000023       0x24 d:/intelfpga_lite/18.0/nios2eds/bin/gnu/h-x86_64-mingw32/bin/../lib/gcc/nios2-elf/5.3.0\libgcc.a(floatsidf.o)
 .comment       0x0000000000000023       0x24 d:/intelfpga_lite/18.0/nios2eds/bin/gnu/h-x86_64-mingw32/bin/../lib/gcc/nios2-elf/5.3.0\libgcc.a(floatunsidf.o)
 .comment       0x0000000000000023       0x24 d:/intelfpga_lite/18.0/nios2eds/bin/gnu/h-x86_64-mingw32/bin/../lib/gcc/nios2-elf/5.3.0\libgcc.a(_clz.o)
 .comment       0x0000000000000023       0x24 d:/intelfpga_lite/18.0/nios2eds/bin/gnu/h-x86_64-mingw32/bin/../lib/gcc/nios2-elf/5.3.0\libgcc.a(_clzsi2.o)
 .comment       0x0000000000000023       0x24 ../Hello_bsp/\libhal_bsp.a(alt_close.o)
 .comment       0x0000000000000023       0x24 ../Hello_bsp/\libhal_bsp.a(alt_dev.o)
 .comment       0x0000000000000023       0x24 ../Hello_bsp/\libhal_bsp.a(alt_errno.o)
 .comment       0x0000000000000023       0x24 ../Hello_bsp/\libhal_bsp.a(alt_fstat.o)
 .comment       0x0000000000000023       0x24 ../Hello_bsp/\libhal_bsp.a(alt_isatty.o)
 .comment       0x0000000000000023       0x24 ../Hello_bsp/\libhal_bsp.a(alt_load.o)
 .comment       0x0000000000000023       0x24 ../Hello_bsp/\libhal_bsp.a(alt_lseek.o)
 .comment       0x0000000000000023       0x24 ../Hello_bsp/\libhal_bsp.a(alt_main.o)
 .comment       0x0000000000000023       0x24 ../Hello_bsp/\libhal_bsp.a(alt_malloc_lock.o)
 .comment       0x0000000000000023       0x24 ../Hello_bsp/\libhal_bsp.a(alt_read.o)
 .comment       0x0000000000000023       0x24 ../Hello_bsp/\libhal_bsp.a(alt_release_fd.o)
 .comment       0x0000000000000023       0x24 ../Hello_bsp/\libhal_bsp.a(alt_sbrk.o)
 .comment       0x0000000000000023       0x24 ../Hello_bsp/\libhal_bsp.a(alt_write.o)
 .comment       0x0000000000000023       0x24 ../Hello_bsp/\libhal_bsp.a(alt_sys_init.o)
 .comment       0x0000000000000023       0x24 ../Hello_bsp/\libhal_bsp.a(altera_avalon_jtag_uart_fd.o)
 .comment       0x0000000000000023       0x24 ../Hello_bsp/\libhal_bsp.a(altera_avalon_jtag_uart_init.o)
 .comment       0x0000000000000023       0x24 ../Hello_bsp/\libhal_bsp.a(altera_avalon_jtag_uart_ioctl.o)
 .comment       0x0000000000000023       0x24 ../Hello_bsp/\libhal_bsp.a(altera_avalon_jtag_uart_read.o)
 .comment       0x0000000000000023       0x24 ../Hello_bsp/\libhal_bsp.a(altera_avalon_jtag_uart_write.o)
 .comment       0x0000000000000023       0x24 ../Hello_bsp/\libhal_bsp.a(altera_avalon_timer_sc.o)
 .comment       0x0000000000000023       0x24 ../Hello_bsp/\libhal_bsp.a(alt_alarm_start.o)
 .comment       0x0000000000000023       0x24 ../Hello_bsp/\libhal_bsp.a(alt_dcache_flush_all.o)
 .comment       0x0000000000000023       0x24 ../Hello_bsp/\libhal_bsp.a(alt_dev_llist_insert.o)
 .comment       0x0000000000000023       0x24 ../Hello_bsp/\libhal_bsp.a(alt_icache_flush_all.o)
 .comment       0x0000000000000023       0x24 ../Hello_bsp/\libhal_bsp.a(alt_iic.o)
 .comment       0x0000000000000023       0x24 ../Hello_bsp/\libhal_bsp.a(alt_iic_isr_register.o)
 .comment       0x0000000000000023       0x24 ../Hello_bsp/\libhal_bsp.a(alt_io_redirect.o)
 .comment       0x0000000000000023       0x24 ../Hello_bsp/\libhal_bsp.a(alt_irq_handler.o)
 .comment       0x0000000000000023       0x24 ../Hello_bsp/\libhal_bsp.a(alt_irq_vars.o)
 .comment       0x0000000000000023       0x24 ../Hello_bsp/\libhal_bsp.a(alt_open.o)
 .comment       0x0000000000000023       0x24 ../Hello_bsp/\libhal_bsp.a(alt_tick.o)
 .comment       0x0000000000000023       0x24 ../Hello_bsp/\libhal_bsp.a(altera_nios2_gen2_irq.o)
 .comment       0x0000000000000023       0x24 ../Hello_bsp/\libhal_bsp.a(alt_find_dev.o)
 .comment       0x0000000000000023       0x24 ../Hello_bsp/\libhal_bsp.a(alt_find_file.o)
 .comment       0x0000000000000023       0x24 ../Hello_bsp/\libhal_bsp.a(alt_get_fd.o)
 .comment       0x0000000000000023       0x24 ../Hello_bsp/\libhal_bsp.a(alt_icache_flush.o)
 .comment       0x0000000000000023       0x24 ../Hello_bsp/\libhal_bsp.a(alt_instruction_exception_entry.o)
 .comment       0x0000000000000023       0x24 ../Hello_bsp//newlib/nios2-elf/lib\libc.a(lib_a-exit.o)
 .comment       0x0000000000000023       0x24 ../Hello_bsp//newlib/nios2-elf/lib\libc.a(lib_a-memcmp.o)
 .comment       0x0000000000000023       0x24 ../Hello_bsp//newlib/nios2-elf/lib\libc.a(lib_a-__call_atexit.o)
 .comment       0x0000000000000023       0x24 ../Hello_bsp/\libhal_bsp.a(alt_exit.o)

.debug
 *(.debug)

.line
 *(.line)

.debug_srcinfo
 *(.debug_srcinfo)

.debug_sfnames
 *(.debug_sfnames)

.debug_aranges  0x0000000000000000      0xf00
 *(.debug_aranges)
 .debug_aranges
                0x0000000000000000       0x28 ../Hello_bsp//obj/HAL/src/crt0.o
 .debug_aranges
                0x0000000000000028       0x20 obj/default/gppcu.o
 .debug_aranges
                0x0000000000000048       0x20 obj/default/main.o
 .debug_aranges
                0x0000000000000068       0x20 d:/intelfpga_lite/18.0/nios2eds/bin/gnu/h-x86_64-mingw32/bin/../lib/gcc/nios2-elf/5.3.0\libgcc.a(lib2-divmod.o)
 .debug_aranges
                0x0000000000000088       0x28 ../Hello_bsp//newlib/nios2-elf/lib\libc.a(lib_a-malloc.o)
 .debug_aranges
                0x00000000000000b0       0x28 ../Hello_bsp//newlib/nios2-elf/lib\libc.a(lib_a-mallocr.o)
 .debug_aranges
                0x00000000000000d8       0x20 ../Hello_bsp//newlib/nios2-elf/lib\libc.a(lib_a-memcpy.o)
 .debug_aranges
                0x00000000000000f8       0x28 ../Hello_bsp//newlib/nios2-elf/lib\libc.a(lib_a-printf.o)
 .debug_aranges
                0x0000000000000120       0x28 ../Hello_bsp//newlib/nios2-elf/lib\libc.a(lib_a-putchar.o)
 .debug_aranges
                0x0000000000000148       0x28 ../Hello_bsp//newlib/nios2-elf/lib\libc.a(lib_a-puts.o)
 .debug_aranges
                0x0000000000000170       0x20 ../Hello_bsp//newlib/nios2-elf/lib\libc.a(lib_a-sbrkr.o)
 .debug_aranges
                0x0000000000000190       0x20 ../Hello_bsp//newlib/nios2-elf/lib\libc.a(lib_a-strlen.o)
 .debug_aranges
                0x00000000000001b0       0x40 ../Hello_bsp//newlib/nios2-elf/lib\libc.a(lib_a-vfprintf.o)
 .debug_aranges
                0x00000000000001f0       0x20 ../Hello_bsp//newlib/nios2-elf/lib\libc.a(lib_a-wsetup.o)
 .debug_aranges
                0x0000000000000210       0x28 ../Hello_bsp//newlib/nios2-elf/lib\libc.a(lib_a-dtoa.o)
 .debug_aranges
                0x0000000000000238       0x30 ../Hello_bsp//newlib/nios2-elf/lib\libc.a(lib_a-fflush.o)
 .debug_aranges
                0x0000000000000268       0x88 ../Hello_bsp//newlib/nios2-elf/lib\libc.a(lib_a-findfp.o)
 .debug_aranges
                0x00000000000002f0       0x28 ../Hello_bsp//newlib/nios2-elf/lib\libc.a(lib_a-freer.o)
 .debug_aranges
                0x0000000000000318       0x20 ../Hello_bsp//newlib/nios2-elf/lib\libc.a(lib_a-fvwrite.o)
 .debug_aranges
                0x0000000000000338       0x28 ../Hello_bsp//newlib/nios2-elf/lib\libc.a(lib_a-fwalk.o)
 .debug_aranges
                0x0000000000000360       0x18 ../Hello_bsp//newlib/nios2-elf/lib\libc.a(lib_a-impure.o)
 .debug_aranges
                0x0000000000000378       0x18 ../Hello_bsp//newlib/nios2-elf/lib\libc.a(lib_a-int_errno.o)
 .debug_aranges
                0x0000000000000390       0x58 ../Hello_bsp//newlib/nios2-elf/lib\libc.a(lib_a-locale.o)
 .debug_aranges
                0x00000000000003e8       0x20 ../Hello_bsp//newlib/nios2-elf/lib\libc.a(lib_a-makebuf.o)
 .debug_aranges
                0x0000000000000408       0x20 ../Hello_bsp//newlib/nios2-elf/lib\libc.a(lib_a-memchr.o)
 .debug_aranges
                0x0000000000000428       0x20 ../Hello_bsp//newlib/nios2-elf/lib\libc.a(lib_a-memmove.o)
 .debug_aranges
                0x0000000000000448       0x20 ../Hello_bsp//newlib/nios2-elf/lib\libc.a(lib_a-memset.o)
 .debug_aranges
                0x0000000000000468       0xb0 ../Hello_bsp//newlib/nios2-elf/lib\libc.a(lib_a-mprec.o)
 .debug_aranges
                0x0000000000000518       0x28 ../Hello_bsp//newlib/nios2-elf/lib\libc.a(lib_a-putc.o)
 .debug_aranges
                0x0000000000000540       0x20 ../Hello_bsp//newlib/nios2-elf/lib\libc.a(lib_a-reallocr.o)
 .debug_aranges
                0x0000000000000560       0x20 ../Hello_bsp//newlib/nios2-elf/lib\libc.a(lib_a-s_fpclassify.o)
 .debug_aranges
                0x0000000000000580       0x40 ../Hello_bsp//newlib/nios2-elf/lib\libc.a(lib_a-stdio.o)
 .debug_aranges
                0x00000000000005c0       0x20 ../Hello_bsp//newlib/nios2-elf/lib\libc.a(lib_a-strcmp.o)
 .debug_aranges
                0x00000000000005e0       0x38 ../Hello_bsp//newlib/nios2-elf/lib\libc.a(lib_a-vfiprintf.o)
 .debug_aranges
                0x0000000000000618       0x28 ../Hello_bsp//newlib/nios2-elf/lib\libc.a(lib_a-wbuf.o)
 .debug_aranges
                0x0000000000000640       0x20 ../Hello_bsp//newlib/nios2-elf/lib\libc.a(lib_a-writer.o)
 .debug_aranges
                0x0000000000000660       0x20 ../Hello_bsp//newlib/nios2-elf/lib\libc.a(closer.o)
 .debug_aranges
                0x0000000000000680       0x20 ../Hello_bsp//newlib/nios2-elf/lib\libc.a(lib_a-callocr.o)
 .debug_aranges
                0x00000000000006a0       0x28 ../Hello_bsp//newlib/nios2-elf/lib\libc.a(lib_a-fclose.o)
 .debug_aranges
                0x00000000000006c8       0x30 ../Hello_bsp//newlib/nios2-elf/lib\libc.a(lib_a-fputwc.o)
 .debug_aranges
                0x00000000000006f8       0x20 ../Hello_bsp//newlib/nios2-elf/lib\libc.a(lib_a-fstatr.o)
 .debug_aranges
                0x0000000000000718       0x20 ../Hello_bsp//newlib/nios2-elf/lib\libc.a(lib_a-isattyr.o)
 .debug_aranges
                0x0000000000000738       0x20 ../Hello_bsp//newlib/nios2-elf/lib\libc.a(lib_a-lseekr.o)
 .debug_aranges
                0x0000000000000758       0x20 ../Hello_bsp//newlib/nios2-elf/lib\libc.a(lib_a-readr.o)
 .debug_aranges
                0x0000000000000778       0x28 ../Hello_bsp//newlib/nios2-elf/lib\libc.a(lib_a-wcrtomb.o)
 .debug_aranges
                0x00000000000007a0       0x28 ../Hello_bsp//newlib/nios2-elf/lib\libc.a(lib_a-wctomb_r.o)
 .debug_aranges
                0x00000000000007c8       0x20 d:/intelfpga_lite/18.0/nios2eds/bin/gnu/h-x86_64-mingw32/bin/../lib/gcc/nios2-elf/5.3.0\libgcc.a(_udivdi3.o)
 .debug_aranges
                0x00000000000007e8       0x20 d:/intelfpga_lite/18.0/nios2eds/bin/gnu/h-x86_64-mingw32/bin/../lib/gcc/nios2-elf/5.3.0\libgcc.a(_umoddi3.o)
 .debug_aranges
                0x0000000000000808       0x20 d:/intelfpga_lite/18.0/nios2eds/bin/gnu/h-x86_64-mingw32/bin/../lib/gcc/nios2-elf/5.3.0\libgcc.a(adddf3.o)
 .debug_aranges
                0x0000000000000828       0x20 d:/intelfpga_lite/18.0/nios2eds/bin/gnu/h-x86_64-mingw32/bin/../lib/gcc/nios2-elf/5.3.0\libgcc.a(divdf3.o)
 .debug_aranges
                0x0000000000000848       0x20 d:/intelfpga_lite/18.0/nios2eds/bin/gnu/h-x86_64-mingw32/bin/../lib/gcc/nios2-elf/5.3.0\libgcc.a(eqdf2.o)
 .debug_aranges
                0x0000000000000868       0x20 d:/intelfpga_lite/18.0/nios2eds/bin/gnu/h-x86_64-mingw32/bin/../lib/gcc/nios2-elf/5.3.0\libgcc.a(gedf2.o)
 .debug_aranges
                0x0000000000000888       0x20 d:/intelfpga_lite/18.0/nios2eds/bin/gnu/h-x86_64-mingw32/bin/../lib/gcc/nios2-elf/5.3.0\libgcc.a(ledf2.o)
 .debug_aranges
                0x00000000000008a8       0x20 d:/intelfpga_lite/18.0/nios2eds/bin/gnu/h-x86_64-mingw32/bin/../lib/gcc/nios2-elf/5.3.0\libgcc.a(muldf3.o)
 .debug_aranges
                0x00000000000008c8       0x20 d:/intelfpga_lite/18.0/nios2eds/bin/gnu/h-x86_64-mingw32/bin/../lib/gcc/nios2-elf/5.3.0\libgcc.a(subdf3.o)
 .debug_aranges
                0x00000000000008e8       0x20 d:/intelfpga_lite/18.0/nios2eds/bin/gnu/h-x86_64-mingw32/bin/../lib/gcc/nios2-elf/5.3.0\libgcc.a(fixdfsi.o)
 .debug_aranges
                0x0000000000000908       0x20 d:/intelfpga_lite/18.0/nios2eds/bin/gnu/h-x86_64-mingw32/bin/../lib/gcc/nios2-elf/5.3.0\libgcc.a(floatsidf.o)
 .debug_aranges
                0x0000000000000928       0x20 d:/intelfpga_lite/18.0/nios2eds/bin/gnu/h-x86_64-mingw32/bin/../lib/gcc/nios2-elf/5.3.0\libgcc.a(floatunsidf.o)
 .debug_aranges