Archive member included to satisfy reference by file (symbol)

../Hello_bsp//newlib/nios2-elf/lib\libm.a(lib_a-sf_ceil.o)
                              obj/default/src/mathc.o (ceilf)
../Hello_bsp//newlib/nios2-elf/lib\libm.a(lib_a-sf_cos.o)
                              obj/default/src/mathc.o (cosf)
../Hello_bsp//newlib/nios2-elf/lib\libm.a(lib_a-sf_floor.o)
                              obj/default/src/mathc.o (floorf)
../Hello_bsp//newlib/nios2-elf/lib\libm.a(lib_a-sf_fmax.o)
                              obj/default/src/mathc.o (fmaxf)
../Hello_bsp//newlib/nios2-elf/lib\libm.a(lib_a-sf_fmin.o)
                              obj/default/src/mathc.o (fminf)
../Hello_bsp//newlib/nios2-elf/lib\libm.a(lib_a-sf_fpclassify.o)
                              ../Hello_bsp//newlib/nios2-elf/lib\libm.a(lib_a-sf_fmax.o) (__fpclassifyf)
../Hello_bsp//newlib/nios2-elf/lib\libm.a(lib_a-sf_round.o)
                              obj/default/src/mathc.o (roundf)
../Hello_bsp//newlib/nios2-elf/lib\libm.a(lib_a-sf_sin.o)
                              obj/default/src/mathc.o (sinf)
../Hello_bsp//newlib/nios2-elf/lib\libm.a(lib_a-sf_tan.o)
                              obj/default/src/mathc.o (tanf)
../Hello_bsp//newlib/nios2-elf/lib\libm.a(lib_a-wf_acos.o)
                              obj/default/src/mathc.o (acosf)
../Hello_bsp//newlib/nios2-elf/lib\libm.a(lib_a-wf_atan2.o)
                              obj/default/src/mathc.o (atan2f)
../Hello_bsp//newlib/nios2-elf/lib\libm.a(lib_a-wf_pow.o)
                              obj/default/src/mathc.o (powf)
../Hello_bsp//newlib/nios2-elf/lib\libm.a(lib_a-wf_sqrt.o)
                              obj/default/src/mathc.o (sqrtf)
../Hello_bsp//newlib/nios2-elf/lib\libm.a(lib_a-ef_acos.o)
                              ../Hello_bsp//newlib/nios2-elf/lib\libm.a(lib_a-wf_acos.o) (__ieee754_acosf)
../Hello_bsp//newlib/nios2-elf/lib\libm.a(lib_a-ef_atan2.o)
                              ../Hello_bsp//newlib/nios2-elf/lib\libm.a(lib_a-wf_atan2.o) (__ieee754_atan2f)
../Hello_bsp//newlib/nios2-elf/lib\libm.a(lib_a-ef_pow.o)
                              ../Hello_bsp//newlib/nios2-elf/lib\libm.a(lib_a-wf_pow.o) (__ieee754_powf)
../Hello_bsp//newlib/nios2-elf/lib\libm.a(lib_a-ef_rem_pio2.o)
                              ../Hello_bsp//newlib/nios2-elf/lib\libm.a(lib_a-sf_cos.o) (__ieee754_rem_pio2f)
../Hello_bsp//newlib/nios2-elf/lib\libm.a(lib_a-ef_sqrt.o)
                              ../Hello_bsp//newlib/nios2-elf/lib\libm.a(lib_a-wf_sqrt.o) (__ieee754_sqrtf)
../Hello_bsp//newlib/nios2-elf/lib\libm.a(lib_a-kf_cos.o)
                              ../Hello_bsp//newlib/nios2-elf/lib\libm.a(lib_a-sf_cos.o) (__kernel_cosf)
../Hello_bsp//newlib/nios2-elf/lib\libm.a(lib_a-kf_rem_pio2.o)
                              ../Hello_bsp//newlib/nios2-elf/lib\libm.a(lib_a-ef_rem_pio2.o) (__kernel_rem_pio2f)
../Hello_bsp//newlib/nios2-elf/lib\libm.a(lib_a-kf_sin.o)
                              ../Hello_bsp//newlib/nios2-elf/lib\libm.a(lib_a-sf_cos.o) (__kernel_sinf)
../Hello_bsp//newlib/nios2-elf/lib\libm.a(lib_a-kf_tan.o)
                              ../Hello_bsp//newlib/nios2-elf/lib\libm.a(lib_a-sf_tan.o) (__kernel_tanf)
../Hello_bsp//newlib/nios2-elf/lib\libm.a(lib_a-s_lib_ver.o)
                              ../Hello_bsp//newlib/nios2-elf/lib\libm.a(lib_a-wf_acos.o) (__fdlib_version)
../Hello_bsp//newlib/nios2-elf/lib\libm.a(lib_a-s_matherr.o)
                              ../Hello_bsp//newlib/nios2-elf/lib\libm.a(lib_a-wf_acos.o) (matherr)
../Hello_bsp//newlib/nios2-elf/lib\libm.a(lib_a-s_nan.o)
                              ../Hello_bsp//newlib/nios2-elf/lib\libm.a(lib_a-wf_acos.o) (nan)
../Hello_bsp//newlib/nios2-elf/lib\libm.a(lib_a-s_rint.o)
                              ../Hello_bsp//newlib/nios2-elf/lib\libm.a(lib_a-wf_pow.o) (rint)
../Hello_bsp//newlib/nios2-elf/lib\libm.a(lib_a-sf_atan.o)
                              ../Hello_bsp//newlib/nios2-elf/lib\libm.a(lib_a-ef_atan2.o) (atanf)
../Hello_bsp//newlib/nios2-elf/lib\libm.a(lib_a-sf_fabs.o)
                              ../Hello_bsp//newlib/nios2-elf/lib\libm.a(lib_a-wf_acos.o) (fabsf)
../Hello_bsp//newlib/nios2-elf/lib\libm.a(lib_a-sf_finite.o)
                              ../Hello_bsp//newlib/nios2-elf/lib\libm.a(lib_a-wf_pow.o) (finitef)
../Hello_bsp//newlib/nios2-elf/lib\libm.a(lib_a-sf_nan.o)
                              ../Hello_bsp//newlib/nios2-elf/lib\libm.a(lib_a-ef_pow.o) (nanf)
../Hello_bsp//newlib/nios2-elf/lib\libm.a(lib_a-sf_scalbn.o)
                              ../Hello_bsp//newlib/nios2-elf/lib\libm.a(lib_a-ef_pow.o) (scalbnf)
../Hello_bsp//newlib/nios2-elf/lib\libm.a(lib_a-sf_copysign.o)
                              ../Hello_bsp//newlib/nios2-elf/lib\libm.a(lib_a-sf_scalbn.o) (copysignf)
d:/intelfpga_lite/18.0/nios2eds/bin/gnu/h-x86_64-mingw32/bin/../lib/gcc/nios2-elf/5.3.0\libgcc.a(lib2-divmod.o)
                              obj/default/src/app.o (__divsi3)
[...]
Memory Configuration

Name             Origin             Length             Attributes
reset            0x0000000008000000 0x0000000000000020
sdram            0x0000000008000020 0x0000000007ffffe0
bufferram_out    0x0000000010000000 0x000000000002ee00
*default*        0x0000000000000000 0xffffffffffffffff

Linker script and memory map

LOAD ../Hello_bsp//obj/HAL/src/crt0.o
LOAD obj/default/src/app.o
LOAD obj/default/src/gppcu.o
LOAD obj/default/src/main.o
LOAD obj/default/src/mathc.o
LOAD obj/default/src/utils.o
LOAD d:/intelfpga_lite/18.0/nios2eds/bin/gnu/h-x86_64-mingw32/bin/../lib/gcc/nios2-elf/5.3.0/../../../../../H-x86_64-mingw32/nios2-elf/lib\libstdc++.a
LOAD ../Hello_bsp//newlib/nios2-elf/lib\libm.a
LOAD d:/intelfpga_lite/18.0/nios2eds/bin/gnu/h-x86_64-mingw32/bin/../lib/gcc/nios2-elf/5.3.0\libgcc.a
START GROUP
LOAD ../Hello_bsp//newlib/nios2-elf/lib\libc.a
LOAD d:/intelfpga_lite/18.0/nios2eds/bin/gnu/h-x86_64-mingw32/bin/../lib/gcc/nios2-elf/5.3.0\libgcc.a
LOAD ../Hello_bsp/\libhal_bsp.a
LOAD ../Hello_bsp//newlib/nios2-elf/lib\libm.a
END GROUP
LOAD d:/intelfpga_lite/18.0/nios2eds/bin/gnu/h-x86_64-mingw32/bin/../lib/gcc/nios2-elf/5.3.0\libgcc.a
                0x0000000008000000                __alt_mem_sdram = 0x8000000
                0x0000000010000000                __alt_mem_bufferram_out = 0x10000000

.entry          0x0000000008000000       0x20
 *(.entry)
 .entry         0x0000000008000000       0x20 ../Hello_bsp//obj/HAL/src/crt0.o
                0x0000000008000000                __reset

.exceptions     0x0000000008000020      0x224
                0x0000000008000020                PROVIDE (__ram_exceptions_start, ABSOLUTE (.))
                0x0000000008000020                . = ALIGN (0x20)
 *(.irq)
 *(.exceptions.entry.label)
 .exceptions.entry.label
                0x0000000008000020        0x0 ../Hello_bsp/\libhal_bsp.a(alt_irq_entry.o)
                0x0000000008000020                alt_irq_entry
 .exceptions.entry.label
                0x0000000008000020        0x0 ../Hello_bsp/\libhal_bsp.a(alt_exception_entry.o)
                0x0000000008000020                alt_exception
 *(.exceptions.entry.user)
 *(.exceptions.entry.ecc_fatal)
 *(.exceptions.entry)
 .exceptions.entry
                0x0000000008000020       0x54 ../Hello_bsp/\libhal_bsp.a(alt_exception_entry.o)
 *(.exceptions.irqtest.user)
 *(.exceptions.irqtest)
 .exceptions.irqtest
                0x0000000008000074       0x10 ../Hello_bsp/\libhal_bsp.a(alt_irq_entry.o)
 *(.exceptions.irqhandler.user)
 *(.exceptions.irqhandler)
 .exceptions.irqhandler
                0x0000000008000084        0x4 ../Hello_bsp/\libhal_bsp.a(alt_irq_entry.o)
 *(.exceptions.irqreturn.user)
 *(.exceptions.irqreturn)
 .exceptions.irqreturn
                0x0000000008000088        0x4 ../Hello_bsp/\libhal_bsp.a(alt_irq_entry.o)
 *(.exceptions.notirq.label)
 .exceptions.notirq.label
                0x000000000800008c        0x0 ../Hello_bsp/\libhal_bsp.a(alt_irq_entry.o)
 *(.exceptions.notirq.user)
 *(.exceptions.notirq)
 .exceptions.notirq
                0x000000000800008c        0x8 ../Hello_bsp/\libhal_bsp.a(alt_exception_entry.o)
 *(.exceptions.soft.user)
 *(.exceptions.soft)
 *(.exceptions.unknown.user)
 *(.exceptions.unknown)
 .exceptions.unknown
                0x0000000008000094       0x14 ../Hello_bsp/\libhal_bsp.a(alt_exception_entry.o)
 *(.exceptions.exit.label)
 .exceptions.exit.label
                0x00000000080000a8        0x0 ../Hello_bsp/\libhal_bsp.a(alt_irq_entry.o)
 .exceptions.exit.label
                0x00000000080000a8        0x0 ../Hello_bsp/\libhal_bsp.a(alt_exception_entry.o)
 *(.exceptions.exit.user)
 *(.exceptions.exit)
 .exceptions.exit
                0x00000000080000a8       0x54 ../Hello_bsp/\libhal_bsp.a(alt_exception_entry.o)
 *(.exceptions)
 .exceptions    0x00000000080000fc       0xd4 ../Hello_bsp/\libhal_bsp.a(alt_irq_handler.o)
                0x00000000080000fc                alt_irq_handler
 .exceptions    0x00000000080001d0       0x74 ../Hello_bsp/\libhal_bsp.a(alt_instruction_exception_entry.o)
                0x00000000080001d0                alt_instruction_exception_entry
                0x0000000008000244                PROVIDE (__ram_exceptions_end, ABSOLUTE (.))
                0x0000000008000020                PROVIDE (__flash_exceptions_start, LOADADDR (.exceptions))

.text           0x0000000008000244    0x37858
                [!provide]                        PROVIDE (stext, ABSOLUTE (.))
 *(.interp)
 *(.hash)
 *(.dynsym)
 *(.dynstr)
 *(.gnu.version)
 *(.gnu.version_d)
 *(.gnu.version_r)
 *(.rel.init)
 *(.rela.init)
 *(.rel.text .rel.text.* .rel.gnu.linkonce.t.*)
 *(.rela.text .rela.text.* .rela.gnu.linkonce.t.*)
 *(.rel.fini)
 *(.rela.fini)
 *(.rel.rodata .rel.rodata.* .rel.gnu.linkonce.r.*)
 *(.rela.rodata .rela.rodata.* .rela.gnu.linkonce.r.*)
 *(.rel.data .rel.data.* .rel.gnu.linkonce.d.*)
 *(.rela.data .rela.data.* .rela.gnu.linkonce.d.*)
 *(.rel.tdata .rel.tdata.* .rel.gnu.linkonce.td.*)
 *(.rela.tdata .rela.tdata.* .rela.gnu.linkonce.td.*)
 *(.rel.tbss .rel.tbss.* .rel.gnu.linkonce.tb.*)
 *(.rela.tbss .rela.tbss.* .rela.gnu.linkonce.tb.*)
 *(.rel.ctors)
 *(.rela.ctors)
 *(.rel.dtors)
 *(.rela.dtors)
 *(.rel.got)
 *(.rela.got)
 *(.rel.sdata .rel.sdata.* .rel.gnu.linkonce.s.*)
 *(.rela.sdata .rela.sdata.* .rela.gnu.linkonce.s.*)
 *(.rel.sbss .rel.sbss.* .rel.gnu.linkonce.sb.*)
 *(.rela.sbss .rela.sbss.* .rela.gnu.linkonce.sb.*)
 *(.rel.sdata2 .rel.sdata2.* .rel.gnu.linkonce.s2.*)
 *(.rela.sdata2 .rela.sdata2.* .rela.gnu.linkonce.s2.*)
 *(.rel.sbss2 .rel.sbss2.* .rel.gnu.linkonce.sb2.*)
 *(.rela.sbss2 .rela.sbss2.* .rela.gnu.linkonce.sb2.*)
 *(.rel.bss .rel.bss.* .rel.gnu.linkonce.b.*)
 *(.rela.bss .rela.bss.* .rela.gnu.linkonce.b.*)
 *(.rel.plt)
 *(.rela.plt)
 *(.rel.dyn)
 *(.init)
 *(.plt)
 *(.text .stub .text.* .gnu.linkonce.t.*)
 .text          0x0000000008000244       0x4c ../Hello_bsp//obj/HAL/src/crt0.o
                0x0000000008000244                _start
 .text          0x0000000008000290     0x16e4 obj/default/src/app.o
                0x0000000008000628                mat4_rotate_zyx
                0x0000000008000710                mesh_init
                0x00000000080007ac                mesh_subdevide
                0x0000000008000b0c                mesh_createbox
                0x0000000008000d1c                mesh_destroy
                0x0000000008000d68                mesh_create_sphere
                0x0000000008000d98                app_calc_object_constant
                0x0000000008000f58                app_upload_program
                0x00000000080012f8                app_upload_vertices
                0x0000000008001360                app_upload_object_constant
                0x00000000080013f8                app_run_vertex_shader_async
                0x000000000800142c                app_download_points
                0x000000000800147c                app_render_on_screen
                0x000000000800178c                rgb16_drawline
 .text          0x0000000008001974     0x1840 obj/default/src/gppcu.o
                0x0000000008001b58                gppcu_device_command
                0x0000000008001bd8                gppcu_stat
                0x0000000008001cc8                gppcu_is_done
                0x0000000008001d58                DEPRECATED__gppcu_init
                0x0000000008001e2c                gppcu_init
                0x0000000008001f24                gppcu_init_task
                0x0000000008002018                gppcu_destroy
                0x00000000080024bc                DEPRECATED__gppcu_program_autofeed_device
                0x00000000080025f8                instr_to_string
                0x000000000800271c                gppcu_program_autofeed_device_parallel
                0x0000000008002b68                gppcu_init_task_parallel
                0x0000000008002cc8                gppcu_run_autofeed_device
                0x0000000008002d40                gppcu_clear_instr
                0x0000000008002d6c                gppcu_write
                0x0000000008002ec8                gppcu_read
                0x0000000008003068                gppcu_write_const
                0x0000000008003114                gppcu_data_wr_slow
                0x000000000800316c                gppcu_data_rd_slow
 .text          0x00000000080031b4     0x1698 obj/default/src/main.o
                0x00000000080035d8                wait
                0x000000000800361c                display_stat_is_done
                0x00000000080036d8                mem_clr
                0x0000000008003758                monitor
                0x000000000800385c                main
                0x0000000008003e10                main__cxt
                0x000000000800405c                maincc
                0x00000000080042a0                main_vv
                0x0000000008004630                main__1
 .text          0x000000000800484c    0x1b470 obj/default/src/mathc.o
                0x000000000800484c                clampi
                0x00000000080048a4                nearly_equal
                0x0000000008004914                to_radians
                0x0000000008004954                to_degrees
                0x0000000008004994                clampf
                0x00000000080049fc                vec2i_is_zero
                0x0000000008004a48                vec2i_is_equal
                0x0000000008004aac                vec2i
                0x0000000008004af4                vec2i_assign
                0x0000000008004b40                vec2i_assign_vec2
                0x0000000008004b98                vec2i_zero
                0x0000000008004bd0                vec2i_one
                0x0000000008004c10                vec2i_sign
                0x0000000008004ccc                vec2i_add
                0x0000000008004d3c                vec2i_add_i
                0x0000000008004da0                vec2i_subtract
                0x0000000008004e10                vec2i_subtract_i
                0x0000000008004e74                vec2i_multiply
                0x0000000008004ee4                vec2i_multiply_i
                0x0000000008004f48                vec2i_divide
                0x0000000008004fdc                vec2i_divide_i
                0x000000000800505c                vec2i_snap
                0x0000000008005110                vec2i_snap_i
                0x00000000080051a4                vec2i_negative
                0x00000000080051fc                vec2i_abs
                0x0000000008005294                vec2i_max
                0x0000000008005340                vec2i_min
                0x00000000080053ec                vec2i_clamp
                0x0000000008005444                vec2i_tangent
                0x00000000080054a4                vec3i_is_zero
                0x0000000008005500                vec3i_is_equal
                0x0000000008005580                vec3i
                0x00000000080055dc                vec3i_assign
                0x000000000800563c                vec3i_assign_vec3
                0x00000000080056b0                vec3i_zero
                0x00000000080056f4                vec3i_one
                0x0000000008005744                vec3i_sign
                0x0000000008005854                vec3i_add
                0x00000000080058ec                vec3i_add_i
                0x0000000008005970                vec3i_subtract
                0x0000000008005a08                vec3i_subtract_i
                0x0000000008005a8c                vec3i_multiply
                0x0000000008005b24                vec3i_multiply_i
                0x0000000008005ba8                vec3i_divide
                0x0000000008005c6c                vec3i_divide_i
                0x0000000008005d10                vec3i_snap
                0x0000000008005e08                vec3i_snap_i
                0x0000000008005ecc                vec3i_cross
                0x0000000008005fd4                vec3i_negative
                0x0000000008006048                vec3i_abs
                0x0000000008006120                vec3i_max
                0x0000000008006214                vec3i_min
                0x0000000008006308                vec3i_clamp
                0x0000000008006360                vec4i_is_zero
                0x00000000080063cc                vec4i_is_equal
                0x0000000008006468                vec4i
                0x00000000080064d4                vec4i_assign
                0x0000000008006548                vec4i_assign_vec4
                0x00000000080065d8                vec4i_zero
                0x0000000008006628                vec4i_one
                0x0000000008006688                vec4i_sign
                0x00000000080067ec                vec4i_add
                0x00000000080068ac                vec4i_add_i
                0x0000000008006950                vec4i_subtract
                0x0000000008006a10                vec4i_subtract_i
                0x0000000008006ab4                vec4i_multiply
                0x0000000008006b74                vec4i_multiply_i
                0x0000000008006c18                vec4i_divide
                0x0000000008006d0c                vec4i_divide_i
                0x0000000008006dd4                vec4i_snap
                0x0000000008006f10                vec4i_snap_i
                0x0000000008007004                vec4i_negative
                0x0000000008007094                vec4i_abs
                0x00000000080071ac                vec4i_max
                0x00000000080072e8                vec4i_min
                0x0000000008007424                vec4i_clamp
                0x000000000800747c                vec2_is_zero
                0x00000000080074e0                vec2_is_equal
                0x0000000008007564                vec2
                0x00000000080075ac                vec2_assign
                0x00000000080075f8                vec2_assign_vec2i
                0x0000000008007650                vec2_zero
                0x0000000008007688                vec2_one
                0x00000000080076c8                vec2_sign
                0x00000000080077a4                vec2_add
                0x0000000008007814                vec2_add_f
                0x0000000008007878                vec2_subtract
                0x00000000080078e8                vec2_subtract_f
                0x000000000800794c                vec2_multiply
                0x00000000080079bc                vec2_multiply_f
                0x0000000008007a20                vec2_multiply_mat2
                0x0000000008007acc                vec2_divide
                0x0000000008007b3c                vec2_divide_f
                0x0000000008007ba0                vec2_snap
                0x0000000008007c54                vec2_snap_f
                0x0000000008007cf0                vec2_negative
                0x0000000008007d48                vec2_abs
                0x0000000008007da0                vec2_floor
                0x0000000008007e18                vec2_ceil
                0x0000000008007e90                vec2_round
                0x0000000008007f08                vec2_max
                0x0000000008007fa0                vec2_min
                0x0000000008008038                vec2_clamp
                0x0000000008008090                vec2_normalize
                0x0000000008008138                vec2_dot
                0x0000000008008198                vec2_project
                0x0000000008008230                vec2_slide
                0x00000000080082c8                vec2_reflect
                0x0000000008008368                vec2_tangent
                0x00000000080083c8                vec2_rotate
                0x0000000008008478                vec2_lerp
                0x0000000008008518                vec2_bezier3
                0x0000000008008594                vec2_bezier4
                0x0000000008008668                vec2_angle
                0x00000000080086b8                vec2_length
                0x0000000008008724                vec2_length_squared
                0x0000000008008780                vec2_distance
                0x0000000008008828                vec2_distance_squared
                0x00000000080088c0                vec2_linear_independent
                0x0000000008008920                vec2_orthonormalization
                0x0000000008008abc                vec3_is_zero
                0x0000000008008b3c                vec3_is_equal
                0x0000000008008bec                vec3
                0x0000000008008c48                vec3_assign
                0x0000000008008ca8                vec3_assign_vec3i
                0x0000000008008d1c                vec3_zero
                0x0000000008008d60                vec3_one
                0x0000000008008db0                vec3_sign
                0x0000000008008ef0                vec3_add
                0x0000000008008f88                vec3_add_f
                0x000000000800900c                vec3_subtract
                0x00000000080090a4                vec3_subtract_f
                0x0000000008009128                vec3_multiply
                0x00000000080091c0                vec3_multiply_f
                0x0000000008009244                vec3_multiply_mat3
                0x000000000800937c                vec3_divide
                0x0000000008009414                vec3_divide_f
                0x0000000008009498                vec3_snap
                0x0000000008009590                vec3_snap_f
                0x0000000008009660                vec3_negative
                0x00000000080096d4                vec3_abs
                0x0000000008009748                vec3_floor
                0x00000000080097e4                vec3_ceil
                0x0000000008009880                vec3_round
                0x000000000800991c                vec3_max
                0x00000000080099e8                vec3_min
                0x0000000008009ab4                vec3_clamp
                0x0000000008009b0c                vec3_cross
                0x0000000008009c14                vec3_normalize
                0x0000000008009cfc                vec3_dot
                0x0000000008009d7c                vec3_project
                0x0000000008009e34                vec3_slide
                0x0000000008009efc                vec3_reflect
                0x0000000008009fcc                vec3_rotate
                0x000000000800a264                vec3_lerp
                0x000000000800a344                vec3_bezier3
                0x000000000800a3c0                vec3_bezier4
                0x000000000800a494                vec3_length
                0x000000000800a520                vec3_length_squared
                0x000000000800a59c                vec3_distance
                0x000000000800a684                vec3_distance_squared
                0x000000000800a75c                vec3_linear_independent
                0x000000000800a890                vec3_orthonormalization
                0x000000000800aaf4                vec4_is_zero
                0x000000000800ab90                vec4_is_equal
                0x000000000800ac6c                vec4
                0x000000000800acd8                vec4_assign
                0x000000000800ad4c                vec4_assign_vec4i
                0x000000000800addc                vec4_zero
                0x000000000800ae2c                vec4_one
                0x000000000800ae8c                vec4_sign
                0x000000000800b030                vec4_add
                0x000000000800b0f0                vec4_add_f
                0x000000000800b194                vec4_subtract
                0x000000000800b254                vec4_subtract_f
                0x000000000800b2f8                vec4_multiply
                0x000000000800b3b8                vec4_multiply_f
                0x000000000800b45c                vec4_multiply_mat4
                0x000000000800b650                vec4_divide
                0x000000000800b710                vec4_divide_f
                0x000000000800b7b4                vec4_snap
                0x000000000800b8f0                vec4_snap_f
                0x000000000800b9f4                vec4_negative
                0x000000000800ba84                vec4_abs
                0x000000000800bb14                vec4_floor
                0x000000000800bbd4                vec4_ceil
                0x000000000800bc94                vec4_round
                0x000000000800bd54                vec4_max
                0x000000000800be54                vec4_min
                0x000000000800bf54                vec4_clamp
                0x000000000800bfac                vec4_normalize
                0x000000000800c0d4                vec4_lerp
                0x000000000800c1f4                quat_is_zero
                0x000000000800c290                quat_is_equal
                0x000000000800c36c                quat
                0x000000000800c3d8                quat_assign
                0x000000000800c44c                quat_zero
                0x000000000800c49c                quat_null
                0x000000000800c4f0                quat_multiply
                0x000000000800c718                quat_multiply_f
                0x000000000800c7bc                quat_divide
                0x000000000800ca14                quat_divide_f
                0x000000000800cab8                quat_negative
                0x000000000800cb48                quat_conjugate
                0x000000000800cbd0                quat_inverse
                0x000000000800ccfc                quat_normalize
                0x000000000800ce30                quat_dot
                0x000000000800ced0                quat_power
                0x000000000800d034                quat_from_axis_angle
                0x000000000800d0fc                quat_from_vec3
                0x000000000800d1d4                quat_from_mat4
                0x000000000800d640                quat_lerp
                0x000000000800d760                quat_slerp
                0x000000000800d938                quat_length
                0x000000000800d9e4                quat_length_squared
                0x000000000800da80                quat_angle
                0x000000000800db14                mat2
                0x000000000800db80                mat2_zero
                0x000000000800dbd0                mat2_identity
                0x000000000800dc28                mat2_determinant
                0x000000000800dc88                mat2_assign
                0x000000000800dcfc                mat2_negative
                0x000000000800dd8c                mat2_transpose
                0x000000000800de20                mat2_cofactor
                0x000000000800dec4                mat2_adjugate
                0x000000000800df68                mat2_multiply
                0x000000000800e0c0                mat2_multiply_f
                0x000000000800e164                mat2_inverse
                0x000000000800e210                mat2_scaling
                0x000000000800e25c                mat2_scale
                0x000000000800e2cc                mat2_rotation_z
                0x000000000800e354                mat2_lerp
                0x000000000800e474                mat3
                0x000000000800e530                mat3_zero
                0x000000000800e5bc                mat3_identity
                0x000000000800e654                mat3_determinant
                0x000000000800e77c                mat3_assign
                0x000000000800e854                mat3_negative
                0x000000000800e970                mat3_transpose
                0x000000000800ea90                mat3_cofactor
                0x000000000800edc0                mat3_multiply
                0x000000000800f1c0                mat3_multiply_f
                0x000000000800f304                mat3_inverse
                0x000000000800f334                mat3_scaling
                0x000000000800f394                mat3_scale
                0x000000000800f42c                mat3_rotation_x
                0x000000000800f4b8                mat3_rotation_y
                0x000000000800f540                mat3_rotation_z
                0x000000000800f5c8                mat3_rotation_axis
                0x000000000800f8d0                mat3_rotation_quat
                0x000000000800fb14                mat3_lerp
                0x000000000800fd74                mat4
                0x000000000800fea0                mat4_zero
                0x000000000800ff80                mat4_identity
                0x0000000008010070                mat4_determinant
                0x000000000801045c                mat4_assign
                0x00000000080105c0                mat4_negative
                0x00000000080107a0                mat4_transpose
                0x0000000008010984                mat4_cofactor
                0x00000000080112d0                mat4_rotation_x
                0x000000000801135c                mat4_rotation_y
                0x00000000080113e4                mat4_rotation_z
                0x000000000801146c                mat4_rotation_axis
                0x00000000080117cc                mat4_rotation_quat
                0x0000000008011a68                mat4_translation
                0x0000000008011bd0                mat4_translate
                0x0000000008011d70                mat4_scaling
                0x0000000008011ed8                mat4_scale
                0x0000000008012074                mat4_multiply
                0x000000000801297c                mat4_multiply_f
                0x0000000008012ba0                mat4_inverse
                0x000000000801376c                mat4_lerp
                0x0000000008013b8c                mat4_look_at
                0x0000000008013d58                mat4_ortho
                0x0000000008013ee4                mat4_perspective
                0x0000000008014054                mat4_perspective_fov
                0x00000000080141e0                mat4_perspective_infinite
                0x0000000008014374                svec2i_is_zero
                0x00000000080143a8                svec2i_is_equal
                0x00000000080143ec                svec2i
                0x0000000008014440                svec2i_assign
                0x0000000008014494                svec2i_assign_vec2
                0x00000000080144e8                svec2i_zero
                0x000000000801452c                svec2i_one
                0x0000000008014570                svec2i_sign
                0x00000000080145c4                svec2i_add
                0x0000000008014628                svec2i_add_i
                0x0000000008014684                svec2i_subtract
                0x00000000080146e8                svec2i_subtract_i
                0x0000000008014744                svec2i_multiply
                0x00000000080147a8                svec2i_multiply_i
                0x0000000008014804                svec2i_divide
                0x0000000008014868                svec2i_divide_i
                0x00000000080148c4                svec2i_snap
                0x0000000008014928                svec2i_snap_i
                0x0000000008014984                svec2i_negative
                0x00000000080149d8                svec2i_abs
                0x0000000008014a2c                svec2i_max
                0x0000000008014a90                svec2i_min
                0x0000000008014af4                svec2i_clamp
                0x0000000008014b5c                svec2i_tangent
                0x0000000008014bb0                svec3i_is_zero
                0x0000000008014be8                svec3i_is_equal
                0x0000000008014c28                svec3i
                0x0000000008014c90                svec3i_assign
                0x0000000008014cf4                svec3i_assign_vec3
                0x0000000008014d58                svec3i_zero
                0x0000000008014da8                svec3i_one
                0x0000000008014df8                svec3i_sign
                0x0000000008014e5c                svec3i_add
                0x0000000008014ec4                svec3i_add_i
                0x0000000008014f2c                svec3i_subtract
                0x0000000008014f94                svec3i_subtract_i
                0x0000000008014ffc                svec3i_multiply
                0x0000000008015064                svec3i_multiply_i
                0x00000000080150cc                svec3i_divide
                0x0000000008015134                svec3i_divide_i
                0x000000000801519c                svec3i_snap
                0x0000000008015204                svec3i_snap_i
                0x000000000801526c                svec3i_cross
                0x00000000080152d4                svec3i_negative
                0x0000000008015338                svec3i_abs
                0x000000000801539c                svec3i_max
                0x0000000008015404                svec3i_min
                0x000000000801546c                svec3i_clamp
                0x00000000080154dc                svec4i_is_zero
                0x0000000008015518                svec4i_is_equal
                0x0000000008015558                svec4i
                0x00000000080155d0                svec4i_assign
                0x0000000008015638                svec4i_assign_vec4
                0x00000000080156a0                svec4i_zero
                0x00000000080156f8                svec4i_one
                0x0000000008015750                svec4i_sign
                0x00000000080157b8                svec4i_add
                0x0000000008015828                svec4i_add_i
                0x0000000008015894                svec4i_subtract
                0x0000000008015904                svec4i_subtract_i
                0x0000000008015970                svec4i_multiply
                0x00000000080159e0                svec4i_multiply_i
                0x0000000008015a4c                svec4i_divide
                0x0000000008015abc                svec4i_divide_i
                0x0000000008015b28                svec4i_snap
                0x0000000008015b98                svec4i_snap_i
                0x0000000008015c04                svec4i_negative
                0x0000000008015c6c                svec4i_abs
                0x0000000008015cd4                svec4i_max
                0x0000000008015d44                svec4i_min
                0x0000000008015db4                svec4i_clamp
                0x0000000008015e2c                svec2_is_zero
                0x0000000008015e60                svec2_is_equal
                0x0000000008015ea4                svec2
                0x0000000008015ef8                svec2_assign
                0x0000000008015f4c                svec2_assign_vec2i
                0x0000000008015fa0                svec2_zero
                0x0000000008015fe4                svec2_one
                0x0000000008016028                svec2_sign
                0x000000000801607c                svec2_add
                0x00000000080160e0                svec2_add_f
                0x000000000801613c                svec2_subtract
                0x00000000080161a0                svec2_subtract_f
                0x00000000080161fc                svec2_multiply
                0x0000000008016260                svec2_multiply_f
                0x00000000080162bc                svec2_multiply_mat2
                0x000000000801631c                svec2_divide
                0x0000000008016380                svec2_divide_f
                0x00000000080163dc                svec2_snap
                0x0000000008016440                svec2_snap_f
                0x000000000801649c                svec2_negative
                0x00000000080164f0                svec2_abs
                0x0000000008016544                svec2_floor
                0x0000000008016598                svec2_ceil
                0x00000000080165ec                svec2_round
                0x0000000008016640                svec2_max
                0x00000000080166a4                svec2_min
                0x0000000008016708                svec2_clamp
                0x0000000008016770                svec2_normalize
                0x00000000080167c4                svec2_dot
                0x0000000008016810                svec2_project
                0x0000000008016874                svec2_slide
                0x00000000080168d8                svec2_reflect
                0x000000000801693c                svec2_tangent
                0x0000000008016990                svec2_rotate
                0x00000000080169ec                svec2_lerp
                0x0000000008016a54                svec2_bezier3
                0x0000000008016ac4                svec2_bezier4
                0x0000000008016b3c                svec2_angle
                0x0000000008016b78                svec2_length
                0x0000000008016bb4                svec2_length_squared
                0x0000000008016bf0                svec2_distance
                0x0000000008016c3c                svec2_distance_squared
                0x0000000008016c88                svec3_is_zero
                0x0000000008016cc0                svec3_is_equal
                0x0000000008016d00                svec3
                0x0000000008016d68                svec3_assign
                0x0000000008016dcc                svec3_assign_vec3i
                0x0000000008016e30                svec3_zero
                0x0000000008016e80                svec3_one
                0x0000000008016ed0                svec3_sign
                0x0000000008016f34                svec3_add
                0x0000000008016f9c                svec3_add_f
                0x0000000008017004                svec3_subtract
                0x000000000801706c                svec3_subtract_f
                0x00000000080170d4                svec3_multiply
                0x000000000801713c                svec3_multiply_f
                0x00000000080171a4                svec3_multiply_mat3
                0x000000000801720c                svec3_divide
                0x0000000008017274                svec3_divide_f
                0x00000000080172dc                svec3_snap
                0x0000000008017344                svec3_snap_f
                0x00000000080173ac                svec3_negative
                0x0000000008017410                svec3_abs
                0x0000000008017474                svec3_floor
                0x00000000080174d8                svec3_ceil
                0x000000000801753c                svec3_round
                0x00000000080175a0                svec3_max
                0x0000000008017608                svec3_min
                0x0000000008017670                svec3_clamp
                0x00000000080176e0                svec3_cross
                0x0000000008017748                svec3_normalize
                0x00000000080177ac                svec3_dot
                0x00000000080177f4                svec3_project
                0x000000000801785c                svec3_slide
                0x00000000080178c4                svec3_reflect
                0x000000000801792c                svec3_rotate
                0x0000000008017998                svec3_lerp
                0x0000000008017a04                svec3_bezier3
                0x0000000008017a7c                svec3_bezier4
                0x0000000008017afc                svec3_length
                0x0000000008017b3c                svec3_length_squared
                0x0000000008017b7c                svec3_distance
                0x0000000008017bc4                svec3_distance_squared
                0x0000000008017c0c                svec4_is_zero
                0x0000000008017c48                svec4_is_equal
                0x0000000008017c88                svec4
                0x0000000008017d00                svec4_assign
                0x0000000008017d68                svec4_assign_vec4i
                0x0000000008017dd0                svec4_zero
                0x0000000008017e28                svec4_one
                0x0000000008017e80                svec4_sign
                0x0000000008017ee8                svec4_add
                0x0000000008017f58                svec4_add_f
                0x0000000008017fc4                svec4_subtract
                0x0000000008018034                svec4_subtract_f
                0x00000000080180a0                svec4_multiply
                0x0000000008018110                svec4_multiply_f
                0x000000000801817c                svec4_multiply_mat4
                0x00000000080181ec                svec4_divide
                0x000000000801825c                svec4_divide_f
                0x00000000080182c8                svec4_snap
                0x0000000008018338                svec4_snap_f
                0x00000000080183a4                svec4_negative
                0x000000000801840c                svec4_abs
                0x0000000008018474                svec4_floor
                0x00000000080184dc                svec4_ceil
                0x0000000008018544                svec4_round
                0x00000000080185ac                svec4_max
                0x000000000801861c                svec4_min
                0x000000000801868c                svec4_clamp
                0x0000000008018704                svec4_normalize
                0x000000000801876c                svec4_lerp
                0x00000000080187e0                squat_is_zero
                0x000000000801881c                squat_is_equal
                0x000000000801885c                squat
                0x00000000080188d4                squat_assign
                0x000000000801893c                squat_zero
                0x0000000008018994                squat_null
                0x00000000080189ec                squat_multiply
                0x0000000008018a5c                squat_multiply_f
                0x0000000008018ac8                squat_divide
                0x0000000008018b38                squat_divide_f
                0x0000000008018ba4                squat_negative
                0x0000000008018c0c                squat_conjugate
                0x0000000008018c74                squat_inverse
                0x0000000008018cdc                squat_normalize
                0x0000000008018d44                squat_dot
                0x0000000008018d8c                squat_power
                0x0000000008018df8                squat_from_axis_angle
                0x0000000008018e68                squat_from_vec3
                0x0000000008018ed8                squat_from_mat4
                0x0000000008018f40                squat_lerp
                0x0000000008018fb4                squat_slerp
                0x0000000008019028                squat_length
                0x000000000801906c                squat_length_squared
                0x00000000080190b0                squat_angle
                0x00000000080190f8                smat2
                0x0000000008019170                smat2_zero
                0x00000000080191c8                smat2_identity
                0x0000000008019220                smat2_determinant
                0x0000000008019264                smat2_assign
                0x00000000080192cc                smat2_negative
                0x0000000008019334                smat2_transpose
                0x000000000801939c                smat2_cofactor
                0x0000000008019404                smat2_adjugate
                0x000000000801946c                smat2_multiply
                0x00000000080194dc                smat2_multiply_f
                0x0000000008019548                smat2_inverse
                0x00000000080195b0                smat2_scaling
                0x0000000008019618                smat2_scale
                0x0000000008019688                smat2_rotation_z
                0x00000000080196e8                smat2_lerp
                0x000000000801975c                smat3
                0x0000000008019824                smat3_zero
                0x00000000080198a4                smat3_identity
                0x0000000008019924                smat3_determinant
                0x0000000008019968                smat3_assign
                0x00000000080199f8                smat3_negative
                0x0000000008019a88                smat3_transpose
                0x0000000008019b18                smat3_cofactor
                0x0000000008019ba8                smat3_multiply
                0x0000000008019c40                smat3_multiply_f
                0x0000000008019cd4                smat3_inverse
                0x0000000008019d64                smat3_scaling
                0x0000000008019df8                smat3_scale
                0x0000000008019e90                smat3_rotation_x
                0x0000000008019f18                smat3_rotation_y
                0x0000000008019fa0                smat3_rotation_z
                0x000000000801a028                smat3_rotation_axis
                0x000000000801a0c0                smat3_rotation_quat
                0x000000000801a150                smat3_lerp
                0x000000000801a1ec                smat4
                0x000000000801a2c0                smat4_zero
                0x000000000801a314                smat4_identity
                0x000000000801a368                smat4_determinant
                0x000000000801a3ac                smat4_assign
                0x000000000801a410                smat4_negative
                0x000000000801a474                smat4_transpose
                0x000000000801a4d8                smat4_cofactor
                0x000000000801a53c                smat4_rotation_x
                0x000000000801a598                smat4_rotation_y
                0x000000000801a5f4                smat4_rotation_z
                0x000000000801a650                smat4_rotation_axis
                0x000000000801a6bc                smat4_rotation_quat
                0x000000000801a720                smat4_translation
                0x000000000801a78c                smat4_translate
                0x000000000801a7f8                smat4_scaling
                0x000000000801a864                smat4_scale
                0x000000000801a8d0                smat4_multiply
                0x000000000801a93c                smat4_multiply_f
                0x000000000801a9a4                smat4_inverse
                0x000000000801aa08                smat4_lerp
                0x000000000801aa78                smat4_look_at
                0x000000000801aaec                smat4_ortho
                0x000000000801ab70                smat4_perspective
                0x000000000801abe4                smat4_perspective_fov
                0x000000000801ac60                smat4_perspective_infinite
                0x000000000801accc                psvec2i_is_zero
                0x000000000801acfc                psvec2i_is_equal
                0x000000000801ad34                psvec2i
                0x000000000801ad74                psvec2i_assign
                0x000000000801adac                psvec2i_assign_vec2
                0x000000000801ade4                psvec2i_zero
                0x000000000801ae14                psvec2i_one
                0x000000000801ae44                psvec2i_sign
                0x000000000801ae7c                psvec2i_add
                0x000000000801aebc                psvec2i_add_i
                0x000000000801aefc                psvec2i_subtract
                0x000000000801af3c                psvec2i_subtract_i
                0x000000000801af7c                psvec2i_multiply
                0x000000000801afbc                psvec2i_multiply_i
                0x000000000801affc                psvec2i_divide
                0x000000000801b03c                psvec2i_divide_i
                0x000000000801b07c                psvec2i_snap
                0x000000000801b0bc                psvec2i_snap_i
                0x000000000801b0fc                psvec2i_negative
                0x000000000801b134                psvec2i_abs
                0x000000000801b16c                psvec2i_max
                0x000000000801b1ac                psvec2i_min
                0x000000000801b1ec                psvec2i_clamp
                0x000000000801b234                psvec2i_tangent
                0x000000000801b26c                psvec3i_is_zero
                0x000000000801b29c                psvec3i_is_equal
                0x000000000801b2d4                psvec3i
                0x000000000801b31c                psvec3i_assign
                0x000000000801b354                psvec3i_assign_vec3
                0x000000000801b38c                psvec3i_zero
                0x000000000801b3bc                psvec3i_one
                0x000000000801b3ec                psvec3i_sign
                0x000000000801b424                psvec3i_add
                0x000000000801b464                psvec3i_add_i
                0x000000000801b4a4                psvec3i_subtract
                0x000000000801b4e4                psvec3i_subtract_i
                0x000000000801b524                psvec3i_multiply
                0x000000000801b564                psvec3i_multiply_i
                0x000000000801b5a4                psvec3i_divide
                0x000000000801b5e4                psvec3i_divide_i
                0x000000000801b624                psvec3i_snap
                0x000000000801b664                psvec3i_snap_i
                0x000000000801b6a4                psvec3i_cross
                0x000000000801b6e4                psvec3i_negative
                0x000000000801b71c                psvec3i_abs
                0x000000000801b754                psvec3i_max
                0x000000000801b794                psvec3i_min
                0x000000000801b7d4                psvec3i_clamp
                0x000000000801b81c                psvec4i_is_zero
                0x000000000801b84c                psvec4i_is_equal
                0x000000000801b884                psvec4i
                0x000000000801b8d4                psvec4i_assign
                0x000000000801b90c                psvec4i_assign_vec4
                0x000000000801b944                psvec4i_zero
                0x000000000801b974                psvec4i_one
                0x000000000801b9a4                psvec4i_sign
                0x000000000801b9dc                psvec4i_add
                0x000000000801ba1c                psvec4i_add_i
                0x000000000801ba5c                psvec4i_subtract
                0x000000000801ba9c                psvec4i_subtract_i
                0x000000000801badc                psvec4i_multiply
                0x000000000801bb1c                psvec4i_multiply_i
                0x000000000801bb5c                psvec4i_divide
                0x000000000801bb9c                psvec4i_divide_i
                0x000000000801bbdc                psvec4i_snap
                0x000000000801bc1c                psvec4i_snap_i
                0x000000000801bc5c                psvec4i_negative
                0x000000000801bc94                psvec4i_abs
                0x000000000801bccc                psvec4i_max
                0x000000000801bd0c                psvec4i_min
                0x000000000801bd4c                psvec4i_clamp
                0x000000000801bd94                psvec2_is_zero
                0x000000000801bdc4                psvec2_is_equal
                0x000000000801bdfc                psvec2
                0x000000000801be3c                psvec2_assign
                0x000000000801be74                psvec2_assign_vec2i
                0x000000000801beac                psvec2_zero
                0x000000000801bedc                psvec2_one
                0x000000000801bf0c                psvec2_sign
                0x000000000801bf44                psvec2_add
                0x000000000801bf84                psvec2_add_f
                0x000000000801bfc4                psvec2_subtract
                0x000000000801c004                psvec2_subtract_f
                0x000000000801c044                psvec2_multiply
                0x000000000801c084                psvec2_multiply_f
                0x000000000801c0c4                psvec2_multiply_mat2
                0x000000000801c104                psvec2_divide
                0x000000000801c144                psvec2_divide_f
                0x000000000801c184                psvec2_snap
                0x000000000801c1c4                psvec2_snap_f
                0x000000000801c204                psvec2_negative
                0x000000000801c23c                psvec2_abs
                0x000000000801c274                psvec2_floor
                0x000000000801c2ac                psvec2_ceil
                0x000000000801c2e4                psvec2_round
                0x000000000801c31c                psvec2_max
                0x000000000801c35c                psvec2_min
                0x000000000801c39c                psvec2_clamp
                0x000000000801c3e4                psvec2_normalize
                0x000000000801c41c                psvec2_dot
                0x000000000801c45c                psvec2_project
                0x000000000801c49c                psvec2_slide
                0x000000000801c4dc                psvec2_reflect
                0x000000000801c51c                psvec2_tangent
                0x000000000801c554                psvec2_rotate
                0x000000000801c594                psvec2_lerp
                0x000000000801c5dc                psvec2_bezier3
                0x000000000801c62c                psvec2_bezier4
                0x000000000801c684                psvec2_angle
                0x000000000801c6bc                psvec2_length
                0x000000000801c6f4                psvec2_length_squared
                0x000000000801c72c                psvec2_distance
                0x000000000801c76c                psvec2_distance_squared
                0x000000000801c7ac                psvec3_is_zero
                0x000000000801c7dc                psvec3_is_equal
                0x000000000801c814                psvec3
                0x000000000801c85c                psvec3_assign
                0x000000000801c894                psvec3_assign_vec3i
                0x000000000801c8cc                psvec3_zero
                0x000000000801c8fc                psvec3_one
                0x000000000801c92c                psvec3_sign
                0x000000000801c964                psvec3_add
                0x000000000801c9a4                psvec3_add_f
                0x000000000801c9e4                psvec3_subtract
                0x000000000801ca24                psvec3_subtract_f
                0x000000000801ca64                psvec3_multiply
                0x000000000801caa4                psvec3_multiply_f
                0x000000000801cae4                psvec3_multiply_mat3
                0x000000000801cb24                psvec3_divide
                0x000000000801cb64                psvec3_divide_f
                0x000000000801cba4                psvec3_snap
                0x000000000801cbe4                psvec3_snap_f
                0x000000000801cc24                psvec3_negative
                0x000000000801cc5c                psvec3_abs
                0x000000000801cc94                psvec3_floor
                0x000000000801cccc                psvec3_ceil
                0x000000000801cd04                psvec3_round
                0x000000000801cd3c                psvec3_max
                0x000000000801cd7c                psvec3_min
                0x000000000801cdbc                psvec3_clamp
                0x000000000801ce04                psvec3_cross
                0x000000000801ce44                psvec3_normalize
                0x000000000801ce7c                psvec3_dot
                0x000000000801cebc                psvec3_project
                0x000000000801cefc                psvec3_slide
                0x000000000801cf3c                psvec3_reflect
                0x000000000801cf7c                psvec3_rotate
                0x000000000801cfc4                psvec3_lerp
                0x000000000801d00c                psvec3_bezier3
                0x000000000801d05c                psvec3_bezier4
                0x000000000801d0b4                psvec3_length
                0x000000000801d0ec                psvec3_length_squared
                0x000000000801d124                psvec3_distance
                0x000000000801d164                psvec3_distance_squared
                0x000000000801d1a4                psvec4_is_zero
                0x000000000801d1d4                psvec4_is_equal
                0x000000000801d20c                psvec4
                0x000000000801d25c                psvec4_assign
                0x000000000801d294                psvec4_assign_vec4i
                0x000000000801d2cc                psvec4_zero
                0x000000000801d2fc                psvec4_one
                0x000000000801d32c                psvec4_sign
                0x000000000801d364                psvec4_add
                0x000000000801d3a4                psvec4_add_f
                0x000000000801d3e4                psvec4_subtract
                0x000000000801d424                psvec4_subtract_f
                0x000000000801d464                psvec4_multiply
                0x000000000801d4a4                psvec4_multiply_f
                0x000000000801d4e4                psvec4_multiply_mat4
                0x000000000801d524                psvec4_divide
                0x000000000801d564                psvec4_divide_f
                0x000000000801d5a4                psvec4_snap
                0x000000000801d5e4                psvec4_snap_f
                0x000000000801d624                psvec4_negative
                0x000000000801d65c                psvec4_abs
                0x000000000801d694                psvec4_floor
                0x000000000801d6cc                psvec4_ceil
                0x000000000801d704                psvec4_round
                0x000000000801d73c                psvec4_max
                0x000000000801d77c                psvec4_min
                0x000000000801d7bc                psvec4_clamp
                0x000000000801d804                psvec4_normalize
                0x000000000801d83c                psvec4_lerp
                0x000000000801d884                psquat_is_zero
                0x000000000801d8b4                psquat_is_equal
                0x000000000801d8ec                psquat
                0x000000000801d93c                psquat_assign
                0x000000000801d974                psquat_zero
                0x000000000801d9a4                psquat_null
                0x000000000801d9d4                psquat_multiply
                0x000000000801da14                psquat_multiply_f
                0x000000000801da54                psquat_divide
                0x000000000801da94                psquat_divide_f
                0x000000000801dad4                psquat_negative
                0x000000000801db0c                psquat_conjugate
                0x000000000801db44                psquat_inverse
                0x000000000801db7c                psquat_normalize
                0x000000000801dbb4                psquat_dot
                0x000000000801dbf4                psquat_power
                0x000000000801dc34                psquat_from_axis_angle
                0x000000000801dc74                psquat_from_vec3
                0x000000000801dcb4                psquat_from_mat4
                0x000000000801dcec                psquat_lerp
                0x000000000801dd34                psquat_slerp
                0x000000000801dd7c                psquat_length
                0x000000000801ddb4                psquat_length_squared
                0x000000000801ddec                psquat_angle
                0x000000000801de2c                psmat2
                0x000000000801de7c                psmat2_zero
                0x000000000801deac                psmat2_identity
                0x000000000801dedc                psmat2_determinant
                0x000000000801df14                psmat2_assign
                0x000000000801df4c                psmat2_negative
                0x000000000801df84                psmat2_transpose
                0x000000000801dfbc                psmat2_cofactor
                0x000000000801dff4                psmat2_adjugate
                0x000000000801e02c                psmat2_multiply
                0x000000000801e06c                psmat2_multiply_f
                0x000000000801e0ac                psmat2_inverse
                0x000000000801e0e4                psmat2_scaling
                0x000000000801e11c                psmat2_scale
                0x000000000801e15c                psmat2_rotation_z
                0x000000000801e194                psmat2_lerp
                0x000000000801e1dc                psmat3
                0x000000000801e254                psmat3_zero
                0x000000000801e284                psmat3_identity
                0x000000000801e2b4                psmat3_determinant
                0x000000000801e2ec                psmat3_assign
                0x000000000801e324                psmat3_negative
                0x000000000801e35c                psmat3_transpose
                0x000000000801e394                psmat3_cofactor
                0x000000000801e3cc                psmat3_multiply
                0x000000000801e40c                psmat3_multiply_f
                0x000000000801e44c                psmat3_inverse
                0x000000000801e484                psmat3_scaling
                0x000000000801e4bc                psmat3_scale
                0x000000000801e4fc                psmat3_rotation_x
                0x000000000801e534                psmat3_rotation_y
                0x000000000801e56c                psmat3_rotation_z
                0x000000000801e5a4                psmat3_rotation_axis
                0x000000000801e5e4                psmat3_rotation_quat
                0x000000000801e61c                psmat3_lerp
                0x000000000801e664                psmat4
                0x000000000801e714                psmat4_zero
                0x000000000801e744                psmat4_identity
                0x000000000801e774                psmat4_determinant
                0x000000000801e7ac                psmat4_assign
                0x000000000801e7e4                psmat4_negative
                0x000000000801e81c                psmat4_transpose
                0x000000000801e854                psmat4_cofactor
                0x000000000801e88c                psmat4_rotation_x
                0x000000000801e8c4                psmat4_rotation_y
                0x000000000801e8fc                psmat4_rotation_z
                0x000000000801e934                psmat4_rotation_axis
                0x000000000801e974                psmat4_rotation_quat
                0x000000000801e9ac                psmat4_translation
                0x000000000801e9ec                psmat4_translate
                0x000000000801ea2c                psmat4_scaling
                0x000000000801ea6c                psmat4_scale
                0x000000000801eaac                psmat4_multiply
                0x000000000801eaec                psmat4_multiply_f
                0x000000000801eb2c                psmat4_inverse
                0x000000000801eb64                psmat4_lerp
                0x000000000801ebac                psmat4_look_at
                0x000000000801ebf4                psmat4_ortho
                0x000000000801ec54                psmat4_perspective
                0x000000000801eca4                psmat4_perspective_fov
                0x000000000801ecfc                psmat4_perspective_infinite
                0x000000000801ed44                quadratic_ease_out
                0x000000000801ed84                quadratic_ease_in
                0x000000000801edb8                quadratic_ease_in_out
                0x000000000801ee40                cubic_ease_out
                0x000000000801ee94                cubic_ease_in
                0x000000000801eed0                cubic_ease_in_out
                0x000000000801ef70                quartic_ease_out
                0x000000000801efd4                quartic_ease_in
                0x000000000801f018                quartic_ease_in_out
                0x000000000801f0c4                quintic_ease_out
                0x000000000801f128                quintic_ease_in
                0x000000000801f174                quintic_ease_in_out
                0x000000000801f234                sine_ease_out
                0x000000000801f27c                sine_ease_in
                0x000000000801f2d8                sine_ease_in_out
                0x000000000801f334                circular_ease_out
                0x000000000801f380                circular_ease_in
                0x000000000801f3d8                circular_ease_in_out
                0x000000000801f4a8                exponential_ease_out
                0x000000000801f520                exponential_ease_in
                0x000000000801f594                exponential_ease_in_out
                0x000000000801f64c                elastic_ease_out
                0x000000000801f6d0                elastic_ease_in
                0x000000000801f74c                elastic_ease_in_out
                0x000000000801f868                back_ease_out
                0x000000000801f8f4                back_ease_in
                0x000000000801f968                back_ease_in_out
                0x000000000801fa84                bounce_ease_out
                0x000000000801fbd0                bounce_ease_in
                0x000000000801fc20                bounce_ease_in_out
 .text          0x000000000801fcbc        0x0 obj/default/src/utils.o
 .text          0x000000000801fcbc        0x0 ../Hello_bsp//newlib/nios2-elf/lib\libm.a(lib_a-sf_ceil.o)
 .text.ceilf    0x000000000801fcbc      0x168 ../Hello_bsp//newlib/nios2-elf/lib\libm.a(lib_a-sf_ceil.o)
                0x000000000801fcbc                ceilf
 .text          0x000000000801fe24        0x0 ../Hello_bsp//newlib/nios2-elf/lib\libm.a(lib_a-sf_cos.o)
 .text.cosf     0x000000000801fe24      0x140 ../Hello_bsp//newlib/nios2-elf/lib\libm.a(lib_a-sf_cos.o)
                0x000000000801fe24                cosf
 .text          0x000000000801ff64        0x0 ../Hello_bsp//newlib/nios2-elf/lib\libm.a(lib_a-sf_floor.o)
 .text.floorf   0x000000000801ff64      0x164 ../Hello_bsp//newlib/nios2-elf/lib\libm.a(lib_a-sf_floor.o)
                0x000000000801ff64                floorf
 .text          0x00000000080200c8        0x0 ../Hello_bsp//newlib/nios2-elf/lib\libm.a(lib_a-sf_fmax.o)
 .text.fmaxf    0x00000000080200c8       0x7c ../Hello_bsp//newlib/nios2-elf/lib\libm.a(lib_a-sf_fmax.o)
                0x00000000080200c8                fmaxf
 .text          0x0000000008020144        0x0 ../Hello_bsp//newlib/nios2-elf/lib\libm.a(lib_a-sf_fmin.o)
 .text.fminf    0x0000000008020144       0x7c ../Hello_bsp//newlib/nios2-elf/lib\libm.a(lib_a-sf_fmin.o)
                0x0000000008020144                fminf
 .text          0x00000000080201c0        0x0 ../Hello_bsp//newlib/nios2-elf/lib\libm.a(lib_a-sf_fpclassify.o)
 .text.__fpclassifyf
                0x00000000080201c0       0xdc ../Hello_bsp//newlib/nios2-elf/lib\libm.a(lib_a-sf_fpclassify.o)
                0x00000000080201c0                __fpclassifyf
 .text          0x000000000802029c        0x0 ../Hello_bsp//newlib/nios2-elf/lib\libm.a(lib_a-sf_round.o)
 .text.roundf   0x000000000802029c      0x11c ../Hello_bsp//newlib/nios2-elf/lib\libm.a(lib_a-sf_round.o)
                0x000000000802029c                roundf
 .text          0x00000000080203b8        0x0 ../Hello_bsp//newlib/nios2-elf/lib\libm.a(lib_a-sf_sin.o)
 .text.sinf     0x00000000080203b8      0x144 ../Hello_bsp//newlib/nios2-elf/lib\libm.a(lib_a-sf_sin.o)
                0x00000000080203b8                sinf
 .text          0x00000000080204fc        0x0 ../Hello_bsp//newlib/nios2-elf/lib\libm.a(lib_a-sf_tan.o)
 .text.tanf     0x00000000080204fc       0xe0 ../Hello_bsp//newlib/nios2-elf/lib\libm.a(lib_a-sf_tan.o)
                0x00000000080204fc                tanf
 .text          0x00000000080205dc        0x0 ../Hello_bsp//newlib/nios2-elf/lib\libm.a(lib_a-wf_acos.o)
 .text.acosf    0x00000000080205dc      0x144 ../Hello_bsp//newlib/nios2-elf/lib\libm.a(lib_a-wf_acos.o)
                0x00000000080205dc                acosf
 .text          0x0000000008020720        0x0 ../Hello_bsp//newlib/nios2-elf/lib\libm.a(lib_a-wf_atan2.o)
 .text.atan2f   0x0000000008020720       0x40 ../Hello_bsp//newlib/nios2-elf/lib\libm.a(lib_a-wf_atan2.o)
                0x0000000008020720                atan2f
 .text          0x0000000008020760        0x0 ../Hello_bsp//newlib/nios2-elf/lib\libm.a(lib_a-wf_pow.o)
 .text.powf     0x0000000008020760      0x73c ../Hello_bsp//newlib/nios2-elf/lib\libm.a(lib_a-wf_pow.o)
                0x0000000008020760                powf
 .text          0x0000000008020e9c        0x0 ../Hello_bsp//newlib/nios2-elf/lib\libm.a(lib_a-wf_sqrt.o)
 .text.sqrtf    0x0000000008020e9c      0x160 ../Hello_bsp//newlib/nios2-elf/lib\libm.a(lib_a-wf_sqrt.o)
                0x0000000008020e9c                sqrtf
 .text          0x0000000008020ffc        0x0 ../Hello_bsp//newlib/nios2-elf/lib\libm.a(lib_a-ef_acos.o)
 .text.__ieee754_acosf
                0x0000000008020ffc      0x4d4 ../Hello_bsp//newlib/nios2-elf/lib\libm.a(lib_a-ef_acos.o)
                0x0000000008020ffc                __ieee754_acosf
 .text          0x00000000080214d0        0x0 ../Hello_bsp//newlib/nios2-elf/lib\libm.a(lib_a-ef_atan2.o)
 .text.__ieee754_atan2f
                0x00000000080214d0      0x414 ../Hello_bsp//newlib/nios2-elf/lib\libm.a(lib_a-ef_atan2.o)
                0x00000000080214d0                __ieee754_atan2f
 .text          0x00000000080218e4        0x0 ../Hello_bsp//newlib/nios2-elf/lib\libm.a(lib_a-ef_pow.o)
 .text.__ieee754_powf
                0x00000000080218e4      0xd64 ../Hello_bsp//newlib/nios2-elf/lib\libm.a(lib_a-ef_pow.o)
                0x00000000080218e4                __ieee754_powf
 .text          0x0000000008022648        0x0 ../Hello_bsp//newlib/nios2-elf/lib\libm.a(lib_a-ef_rem_pio2.o)
 .text.__ieee754_rem_pio2f
                0x0000000008022648      0x674 ../Hello_bsp//newlib/nios2-elf/lib\libm.a(lib_a-ef_rem_pio2.o)
                0x0000000008022648                __ieee754_rem_pio2f
 .text          0x0000000008022cbc        0x0 ../Hello_bsp//newlib/nios2-elf/lib\libm.a(lib_a-ef_sqrt.o)
 .text.__ieee754_sqrtf
                0x0000000008022cbc      0x294 ../Hello_bsp//newlib/nios2-elf/lib\libm.a(lib_a-ef_sqrt.o)
                0x0000000008022cbc                __ieee754_sqrtf
 .text          0x0000000008022f50        0x0 ../Hello_bsp//newlib/nios2-elf/lib\libm.a(lib_a-kf_cos.o)
 .text.__kernel_cosf
                0x0000000008022f50      0x1c4 ../Hello_bsp//newlib/nios2-elf/lib\libm.a(lib_a-kf_cos.o)
                0x0000000008022f50                __kernel_cosf
 .text          0x0000000008023114        0x0 ../Hello_bsp//newlib/nios2-elf/lib\libm.a(lib_a-kf_rem_pio2.o)
 .text.__kernel_rem_pio2f
                0x0000000008023114      0xea0 ../Hello_bsp//newlib/nios2-elf/lib\libm.a(lib_a-kf_rem_pio2.o)
                0x0000000008023114                __kernel_rem_pio2f
 .text          0x0000000008023fb4        0x0 ../Hello_bsp//newlib/nios2-elf/lib\libm.a(lib_a-kf_sin.o)
 .text.__kernel_sinf
                0x0000000008023fb4      0x16c ../Hello_bsp//newlib/nios2-elf/lib\libm.a(lib_a-kf_sin.o)
                0x0000000008023fb4                __kernel_sinf
 .text          0x0000000008024120        0x0 ../Hello_bsp//newlib/nios2-elf/lib\libm.a(lib_a-kf_tan.o)
 .text.__kernel_tanf
                0x0000000008024120      0x3fc ../Hello_bsp//newlib/nios2-elf/lib\libm.a(lib_a-kf_tan.o)
                0x0000000008024120                __kernel_tanf
 .text          0x000000000802451c        0x0 ../Hello_bsp//newlib/nios2-elf/lib\libm.a(lib_a-s_lib_ver.o)
 .text          0x000000000802451c        0x0 ../Hello_bsp//newlib/nios2-elf/lib\libm.a(lib_a-s_matherr.o)
 .text.matherr  0x000000000802451c       0x68 ../Hello_bsp//newlib/nios2-elf/lib\libm.a(lib_a-s_matherr.o)
                0x000000000802451c                matherr
 .text          0x0000000008024584        0x0 ../Hello_bsp//newlib/nios2-elf/lib\libm.a(lib_a-s_nan.o)
 .text.nan      0x0000000008024584       0x44 ../Hello_bsp//newlib/nios2-elf/lib\libm.a(lib_a-s_nan.o)
                0x0000000008024584                nan
 .text          0x00000000080245c8        0x0 ../Hello_bsp//newlib/nios2-elf/lib\libm.a(lib_a-s_rint.o)
 .text.rint     0x00000000080245c8      0x438 ../Hello_bsp//newlib/nios2-elf/lib\libm.a(lib_a-s_rint.o)
                0x00000000080245c8                rint
 .text          0x0000000008024a00        0x0 ../Hello_bsp//newlib/nios2-elf/lib\libm.a(lib_a-sf_atan.o)
 .text.atanf    0x0000000008024a00      0x370 ../Hello_bsp//newlib/nios2-elf/lib\libm.a(lib_a-sf_atan.o)
                0x0000000008024a00                atanf
 .text          0x0000000008024d70        0x0 ../Hello_bsp//newlib/nios2-elf/lib\libm.a(lib_a-sf_fabs.o)
 .text.fabsf    0x0000000008024d70       0x58 ../Hello_bsp//newlib/nios2-elf/lib\libm.a(lib_a-sf_fabs.o)
                0x0000000008024d70                fabsf
 .text          0x0000000008024dc8        0x0 ../Hello_bsp//newlib/nios2-elf/lib\libm.a(lib_a-sf_finite.o)
 .text.finitef  0x0000000008024dc8       0x54 ../Hello_bsp//newlib/nios2-elf/lib\libm.a(lib_a-sf_finite.o)
                0x0000000008024dc8                finitef
 .text          0x0000000008024e1c        0x0 ../Hello_bsp//newlib/nios2-elf/lib\libm.a(lib_a-sf_nan.o)
 .text.nanf     0x0000000008024e1c       0x34 ../Hello_bsp//newlib/nios2-elf/lib\libm.a(lib_a-sf_nan.o)
                0x0000000008024e1c                nanf
 .text          0x0000000008024e50        0x0 ../Hello_bsp//newlib/nios2-elf/lib\libm.a(lib_a-sf_scalbn.o)
 .text.scalbnf  0x0000000008024e50      0x214 ../Hello_bsp//newlib/nios2-elf/lib\libm.a(lib_a-sf_scalbn.o)
                0x0000000008024e50                scalbnf
 .text          0x0000000008025064        0x0 ../Hello_bsp//newlib/nios2-elf/lib\libm.a(lib_a-sf_copysign.o)
 .text.copysignf
                0x0000000008025064       0x78 ../Hello_bsp//newlib/nios2-elf/lib\libm.a(lib_a-sf_copysign.o)
                0x0000000008025064                copysignf
 .text          0x00000000080250dc      0x1b4 d:/intelfpga_lite/18.0/nios2eds/bin/gnu/h-x86_64-mingw32/bin/../lib/gcc/nios2-elf/5.3.0\libgcc.a(lib2-divmod.o)
                0x00000000080250dc                __divsi3
                0x0000000008025160                __modsi3
                0x00000000080251d4                __udivsi3
                0x0000000008025238                __umodsi3
 .text          0x0000000008025290      0x8ac d:/intelfpga_lite/18.0/nios2eds/bin/gnu/h-x86_64-mingw32/bin/../lib/gcc/nios2-elf/5.3.0\libgcc.a(adddf3.o)
                0x0000000008025290                __adddf3
 .text          0x0000000008025b3c      0x8e8 d:/intelfpga_lite/18.0/nios2eds/bin/gnu/h-x86_64-mingw32/bin/../lib/gcc/nios2-elf/5.3.0\libgcc.a(divdf3.o)
                0x0000000008025b3c                __divdf3
 .text          0x0000000008026424       0x88 d:/intelfpga_lite/18.0/nios2eds/bin/gnu/h-x86_64-mingw32/bin/../lib/gcc/nios2-elf/5.3.0\libgcc.a(eqdf2.o)
                0x0000000008026424                __nedf2
                0x0000000008026424                __eqdf2
 .text          0x00000000080264ac      0x8fc d:/intelfpga_lite/18.0/nios2eds/bin/gnu/h-x86_64-mingw32/bin/../lib/gcc/nios2-elf/5.3.0\libgcc.a(subdf3.o)
                0x00000000080264ac                __subdf3
 .text          0x0000000008026da8      0x110 d:/intelfpga_lite/18.0/nios2eds/bin/gnu/h-x86_64-mingw32/bin/../lib/gcc/nios2-elf/5.3.0\libgcc.a(extendsfdf2.o)
                0x0000000008026da8                __extendsfdf2
 .text          0x0000000008026eb8      0x1a8 d:/intelfpga_lite/18.0/nios2eds/bin/gnu/h-x86_64-mingw32/bin/../lib/gcc/nios2-elf/5.3.0\libgcc.a(truncdfsf2.o)
                0x0000000008026eb8                __truncdfsf2
 .text          0x0000000008027060       0x64 d:/intelfpga_lite/18.0/nios2eds/bin/gnu/h-x86_64-mingw32/bin/../lib/gcc/nios2-elf/5.3.0\libgcc.a(_clzsi2.o)
                0x0000000008027060                __clzsi2
 .text          0x00000000080270c4        0x0 d:/intelfpga_lite/18.0/nios2eds/bin/gnu/h-x86_64-mingw32/bin/../lib/gcc/nios2-elf/5.3.0\libgcc.a(_clz.o)
 .text          0x00000000080270c4        0x0 ../Hello_bsp//newlib/nios2-elf/lib\libc.a(lib_a-errno.o)
 .text.__errno  0x00000000080270c4       0x20 ../Hello_bsp//newlib/nios2-elf/lib\libc.a(lib_a-errno.o)
                0x00000000080270c4                __errno
 .text          0x00000000080270e4        0x0 ../Hello_bsp//newlib/nios2-elf/lib\libc.a(lib_a-impure.o)
 .text          0x00000000080270e4        0x0 ../Hello_bsp//newlib/nios2-elf/lib\libc.a(lib_a-malloc.o)
 .text.malloc   0x00000000080270e4       0x38 ../Hello_bsp//newlib/nios2-elf/lib\libc.a(lib_a-malloc.o)
                0x00000000080270e4                malloc
 .text.free     0x000000000802711c       0x3c ../Hello_bsp//newlib/nios2-elf/lib\libc.a(lib_a-malloc.o)
                0x000000000802711c                free
 .text          0x0000000008027158        0x0 ../Hello_bsp//newlib/nios2-elf/lib\libc.a(lib_a-mallocr.o)
 .text.malloc_extend_top
                0x0000000008027158      0x3b4 ../Hello_bsp//newlib/nios2-elf/lib\libc.a(lib_a-mallocr.o)
 .text._malloc_r
                0x000000000802750c      0xb7c ../Hello_bsp//newlib/nios2-elf/lib\libc.a(lib_a-mallocr.o)
                0x000000000802750c                _malloc_r
 .text          0x0000000008028088        0x0 ../Hello_bsp//newlib/nios2-elf/lib\libc.a(lib_a-memcpy.o)
 .text.memcpy   0x0000000008028088      0x188 ../Hello_bsp//newlib/nios2-elf/lib\libc.a(lib_a-memcpy.o)
                0x0000000008028088                memcpy
 .text          0x0000000008028210        0x0 ../Hello_bsp//newlib/nios2-elf/lib\libc.a(lib_a-memset.o)
 .text.memset   0x0000000008028210      0x1c4 ../Hello_bsp//newlib/nios2-elf/lib\libc.a(lib_a-memset.o)
                0x0000000008028210                memset
 .text          0x00000000080283d4        0x0 ../Hello_bsp//newlib/nios2-elf/lib\libc.a(lib_a-printf.o)
 .text._printf_r
                0x00000000080283d4       0x64 ../Hello_bsp//newlib/nios2-elf/lib\libc.a(lib_a-printf.o)
                0x00000000080283d4                _printf_r
 .text.printf   0x0000000008028438       0x68 ../Hello_bsp//newlib/nios2-elf/lib\libc.a(lib_a-printf.o)
                0x0000000008028438                printf
 .text          0x00000000080284a0        0x0 ../Hello_bsp//newlib/nios2-elf/lib\libc.a(lib_a-putchar.o)
 .text._putchar_r
                0x00000000080284a0       0x44 ../Hello_bsp//newlib/nios2-elf/lib\libc.a(lib_a-putchar.o)
                0x00000000080284a0                _putchar_r
 .text.putchar  0x00000000080284e4       0x48 ../Hello_bsp//newlib/nios2-elf/lib\libc.a(lib_a-putchar.o)
                0x00000000080284e4                putchar
 .text          0x000000000802852c        0x0 ../Hello_bsp//newlib/nios2-elf/lib\libc.a(lib_a-puts.o)
 .text._puts_r  0x000000000802852c      0x118 ../Hello_bsp//newlib/nios2-elf/lib\libc.a(lib_a-puts.o)
                0x000000000802852c                _puts_r
 .text.puts     0x0000000008028644       0x38 ../Hello_bsp//newlib/nios2-elf/lib\libc.a(lib_a-puts.o)
                0x0000000008028644                puts
 .text          0x000000000802867c        0x0 ../Hello_bsp//newlib/nios2-elf/lib\libc.a(lib_a-rand.o)
 .text.srand    0x000000000802867c       0x44 ../Hello_bsp//newlib/nios2-elf/lib\libc.a(lib_a-rand.o)
                0x000000000802867c                srand
 .text.rand     0x00000000080286c0       0xc8 ../Hello_bsp//newlib/nios2-elf/lib\libc.a(lib_a-rand.o)
                0x00000000080286c0                rand
 .text          0x0000000008028788        0x0 ../Hello_bsp//newlib/nios2-elf/lib\libc.a(lib_a-sbrkr.o)
 .text._sbrk_r  0x0000000008028788       0x60 ../Hello_bsp//newlib/nios2-elf/lib\libc.a(lib_a-sbrkr.o)
                0x0000000008028788                _sbrk_r
 .text          0x00000000080287e8        0x0 ../Hello_bsp//newlib/nios2-elf/lib\libc.a(lib_a-strlen.o)
 .text.strlen   0x00000000080287e8       0xf4 ../Hello_bsp//newlib/nios2-elf/lib\libc.a(lib_a-strlen.o)
                0x00000000080287e8                strlen
 .text          0x00000000080288dc        0x0 ../Hello_bsp//newlib/nios2-elf/lib\libc.a(lib_a-vfprintf.o)
 .text.__sbprintf
                0x00000000080288dc       0xf0 ../Hello_bsp//newlib/nios2-elf/lib\libc.a(lib_a-vfprintf.o)
 .text.__vfprintf_internal
                0x00000000080289cc       0x50 ../Hello_bsp//newlib/nios2-elf/lib\libc.a(lib_a-vfprintf.o)
                0x00000000080289cc                __vfprintf_internal
 .text.___vfprintf_internal_r
                0x0000000008028a1c     0x20d0 ../Hello_bsp//newlib/nios2-elf/lib\libc.a(lib_a-vfprintf.o)
                0x0000000008028a1c                ___vfprintf_internal_r
 .text.cvt      0x000000000802aaec      0x20c ../Hello_bsp//newlib/nios2-elf/lib\libc.a(lib_a-vfprintf.o)
 .text.exponent
                0x000000000802acf8      0x140 ../Hello_bsp//newlib/nios2-elf/lib\libc.a(lib_a-vfprintf.o)
 .text          0x000000000802ae38        0x0 ../Hello_bsp//newlib/nios2-elf/lib\libc.a(lib_a-wsetup.o)
 .text.__swsetup_r
                0x000000000802ae38      0x1a0 ../Hello_bsp//newlib/nios2-elf/lib\libc.a(lib_a-wsetup.o)
                0x000000000802ae38                __swsetup_r
 .text          0x000000000802afd8        0x0 ../Hello_bsp//newlib/nios2-elf/lib\libc.a(lib_a-dtoa.o)
 .text.quorem   0x000000000802afd8      0x3b4 ../Hello_bsp//newlib/nios2-elf/lib\libc.a(lib_a-dtoa.o)
 .text._dtoa_r  0x000000000802b38c     0x1b78 ../Hello_bsp//newlib/nios2-elf/lib\libc.a(lib_a-dtoa.o)
                0x000000000802b38c                _dtoa_r
 .text          0x000000000802cf04        0x0 ../Hello_bsp//newlib/nios2-elf/lib\libc.a(lib_a-fflush.o)
 .text.__sflush_r
                0x000000000802cf04      0x304 ../Hello_bsp//newlib/nios2-elf/lib\libc.a(lib_a-fflush.o)
                0x000000000802cf04                __sflush_r
 .text._fflush_r
                0x000000000802d208       0x88 ../Hello_bsp//newlib/nios2-elf/lib\libc.a(lib_a-fflush.o)
                0x000000000802d208                _fflush_r
 .text.fflush   0x000000000802d290       0x54 ../Hello_bsp//newlib/nios2-elf/lib\libc.a(lib_a-fflush.o)
                0x000000000802d290                fflush
 .text          0x000000000802d2e4        0x0 ../Hello_bsp//newlib/nios2-elf/lib\libc.a(lib_a-findfp.o)
 .text.std      0x000000000802d2e4       0xf4 ../Hello_bsp//newlib/nios2-elf/lib\libc.a(lib_a-findfp.o)
 .text.__sfmoreglue
                0x000000000802d3d8       0xa4 ../Hello_bsp//newlib/nios2-elf/lib\libc.a(lib_a-findfp.o)
                0x000000000802d3d8                __sfmoreglue
 .text.__sfp    0x000000000802d47c      0x194 ../Hello_bsp//newlib/nios2-elf/lib\libc.a(lib_a-findfp.o)
                0x000000000802d47c                __sfp
 .text._cleanup_r
                0x000000000802d610       0x44 ../Hello_bsp//newlib/nios2-elf/lib\libc.a(lib_a-findfp.o)
                0x000000000802d610                _cleanup_r
 .text._cleanup
                0x000000000802d654       0x34 ../Hello_bsp//newlib/nios2-elf/lib\libc.a(lib_a-findfp.o)
                0x000000000802d654                _cleanup
 .text.__sinit  0x000000000802d688       0xd8 ../Hello_bsp//newlib/nios2-elf/lib\libc.a(lib_a-findfp.o)
                0x000000000802d688                __sinit
 .text.__sfp_lock_acquire
                0x000000000802d760       0x20 ../Hello_bsp//newlib/nios2-elf/lib\libc.a(lib_a-findfp.o)
                0x000000000802d760                __sfp_lock_acquire
 .text.__sfp_lock_release
                0x000000000802d780       0x20 ../Hello_bsp//newlib/nios2-elf/lib\libc.a(lib_a-findfp.o)
                0x000000000802d780                __sfp_lock_release
 .text.__sinit_lock_acquire
                0x000000000802d7a0       0x20 ../Hello_bsp//newlib/nios2-elf/lib\libc.a(lib_a-findfp.o)
                0x000000000802d7a0                __sinit_lock_acquire
 .text.__sinit_lock_release
                0x000000000802d7c0       0x20 ../Hello_bsp//newlib/nios2-elf/lib\libc.a(lib_a-findfp.o)
                0x000000000802d7c0                __sinit_lock_release
 .text.__fp_lock
                0x000000000802d7e0       0x24 ../Hello_bsp//newlib/nios2-elf/lib\libc.a(lib_a-findfp.o)
 .text.__fp_unlock
                0x000000000802d804       0x24 ../Hello_bsp//newlib/nios2-elf/lib\libc.a(lib_a-findfp.o)
 .text.__fp_lock_all
                0x000000000802d828       0x40 ../Hello_bsp//newlib/nios2-elf/lib\libc.a(lib_a-findfp.o)
                0x000000000802d828                __fp_lock_all
 .text.__fp_unlock_all
                0x000000000802d868       0x40 ../Hello_bsp//newlib/nios2-elf/lib\libc.a(lib_a-findfp.o)
                0x000000000802d868                __fp_unlock_all
 .text          0x000000000802d8a8        0x0 ../Hello_bsp//newlib/nios2-elf/lib\libc.a(lib_a-freer.o)
 .text._free_r  0x000000000802d8a8      0x560 ../Hello_bsp//newlib/nios2-elf/lib\libc.a(lib_a-freer.o)
                0x000000000802d8a8                _free_r
 .text._malloc_trim_r
                0x000000000802de08      0x1cc ../Hello_bsp//newlib/nios2-elf/lib\libc.a(lib_a-freer.o)
                0x000000000802de08                _malloc_trim_r
 .text          0x000000000802dfd4        0x0 ../Hello_bsp//newlib/nios2-elf/lib\libc.a(lib_a-fvwrite.o)
 .text.__sfvwrite_r
                0x000000000802dfd4      0x5dc ../Hello_bsp//newlib/nios2-elf/lib\libc.a(lib_a-fvwrite.o)
                0x000000000802dfd4                __sfvwrite_r
 .text          0x000000000802e5b0        0x0 ../Hello_bsp//newlib/nios2-elf/lib\libc.a(lib_a-fwalk.o)
 .text._fwalk   0x000000000802e5b0       0xd8 ../Hello_bsp//newlib/nios2-elf/lib\libc.a(lib_a-fwalk.o)
                0x000000000802e5b0                _fwalk
 .text._fwalk_reent
                0x000000000802e688       0xdc ../Hello_bsp//newlib/nios2-elf/lib\libc.a(lib_a-fwalk.o)
                0x000000000802e688                _fwalk_reent
 .text          0x000000000802e764        0x0 ../Hello_bsp//newlib/nios2-elf/lib\libc.a(lib_a-int_errno.o)
 .text          0x000000000802e764        0x0 ../Hello_bsp//newlib/nios2-elf/lib\libc.a(lib_a-locale.o)
 .text._setlocale_r
                0x000000000802e764       0x84 ../Hello_bsp//newlib/nios2-elf/lib\libc.a(lib_a-locale.o)
                0x000000000802e764                _setlocale_r
 .text.__locale_charset
                0x000000000802e7e8       0x24 ../Hello_bsp//newlib/nios2-elf/lib\libc.a(lib_a-locale.o)
                0x000000000802e7e8                __locale_charset
 .text.__locale_mb_cur_max
                0x000000000802e80c       0x20 ../Hello_bsp//newlib/nios2-elf/lib\libc.a(lib_a-locale.o)
                0x000000000802e80c                __locale_mb_cur_max
 .text.__locale_msgcharset
                0x000000000802e82c       0x24 ../Hello_bsp//newlib/nios2-elf/lib\libc.a(lib_a-locale.o)
                0x000000000802e82c                __locale_msgcharset
 .text.__locale_cjk_lang
                0x000000000802e850       0x20 ../Hello_bsp//newlib/nios2-elf/lib\libc.a(lib_a-locale.o)
                0x000000000802e850                __locale_cjk_lang
 .text._localeconv_r
                0x000000000802e870       0x28 ../Hello_bsp//newlib/nios2-elf/lib\libc.a(lib_a-locale.o)
                0x000000000802e870                _localeconv_r
 .text.setlocale
                0x000000000802e898       0x40 ../Hello_bsp//newlib/nios2-elf/lib\libc.a(lib_a-locale.o)
                0x000000000802e898                setlocale
 .text.localeconv
                0x000000000802e8d8       0x30 ../Hello_bsp//newlib/nios2-elf/lib\libc.a(lib_a-locale.o)
                0x000000000802e8d8                localeconv
 .text          0x000000000802e908        0x0 ../Hello_bsp//newlib/nios2-elf/lib\libc.a(lib_a-makebuf.o)
 .text.__smakebuf_r
                0x000000000802e908      0x22c ../Hello_bsp//newlib/nios2-elf/lib\libc.a(lib_a-makebuf.o)
                0x000000000802e908                __smakebuf_r
 .text          0x000000000802eb34        0x0 ../Hello_bsp//newlib/nios2-elf/lib\libc.a(lib_a-memchr.o)
 .text.memchr   0x000000000802eb34      0x1bc ../Hello_bsp//newlib/nios2-elf/lib\libc.a(lib_a-memchr.o)
                0x000000000802eb34                memchr
 .text          0x000000000802ecf0        0x0 ../Hello_bsp//newlib/nios2-elf/lib\libc.a(lib_a-memmove.o)
 .text.memmove  0x000000000802ecf0      0x208 ../Hello_bsp//newlib/nios2-elf/lib\libc.a(lib_a-memmove.o)
                0x000000000802ecf0                memmove
 .text          0x000000000802eef8        0x0 ../Hello_bsp//newlib/nios2-elf/lib\libc.a(lib_a-mprec.o)
 .text._Balloc  0x000000000802eef8      0x130 ../Hello_bsp//newlib/nios2-elf/lib\libc.a(lib_a-mprec.o)
                0x000000000802eef8                _Balloc
 .text._Bfree   0x000000000802f028       0x7c ../Hello_bsp//newlib/nios2-elf/lib\libc.a(lib_a-mprec.o)
                0x000000000802f028                _Bfree
 .text.__multadd
                0x000000000802f0a4      0x194 ../Hello_bsp//newlib/nios2-elf/lib\libc.a(lib_a-mprec.o)
                0x000000000802f0a4                __multadd
 .text.__s2b    0x000000000802f238      0x18c ../Hello_bsp//newlib/nios2-elf/lib\libc.a(lib_a-mprec.o)
                0x000000000802f238                __s2b
 .text.__hi0bits
                0x000000000802f3c4       0x90 ../Hello_bsp//newlib/nios2-elf/lib\libc.a(lib_a-mprec.o)
                0x000000000802f3c4                __hi0bits
 .text.__lo0bits
                0x000000000802f454       0xec ../Hello_bsp//newlib/nios2-elf/lib\libc.a(lib_a-mprec.o)
                0x000000000802f454                __lo0bits
 .text.__i2b    0x000000000802f540       0x58 ../Hello_bsp//newlib/nios2-elf/lib\libc.a(lib_a-mprec.o)
                0x000000000802f540                __i2b
 .text.__multiply
                0x000000000802f598      0x3d0 ../Hello_bsp//newlib/nios2-elf/lib\libc.a(lib_a-mprec.o)
                0x000000000802f598                __multiply
 .text.__pow5mult
                0x000000000802f968      0x178 ../Hello_bsp//newlib/nios2-elf/lib\libc.a(lib_a-mprec.o)
                0x000000000802f968                __pow5mult
 .text.__lshift
                0x000000000802fae0      0x1f8 ../Hello_bsp//newlib/nios2-elf/lib\libc.a(lib_a-mprec.o)
                0x000000000802fae0                __lshift
 .text.__mcmp   0x000000000802fcd8      0x114 ../Hello_bsp//newlib/nios2-elf/lib\libc.a(lib_a-mprec.o)
                0x000000000802fcd8                __mcmp
 .text.__mdiff  0x000000000802fdec      0x2a4 ../Hello_bsp//newlib/nios2-elf/lib\libc.a(lib_a-mprec.o)
                0x000000000802fdec                __mdiff
 .text.__ulp    0x0000000008030090       0xcc ../Hello_bsp//newlib/nios2-elf/lib\libc.a(lib_a-mprec.o)
                0x0000000008030090                __ulp
 .text.__b2d    0x000000000803015c      0x204 ../Hello_bsp//newlib/nios2-elf/lib\libc.a(lib_a-mprec.o)
                0x000000000803015c                __b2d
 .text.__d2b    0x0000000008030360      0x240 ../Hello_bsp//newlib/nios2-elf/lib\libc.a(lib_a-mprec.o)
                0x0000000008030360                __d2b
 .text.__ratio  0x00000000080305a0      0x11c ../Hello_bsp//newlib/nios2-elf/lib\libc.a(lib_a-mprec.o)
                0x00000000080305a0                __ratio
 .text._mprec_log10
                0x00000000080306bc       0xb0 ../Hello_bsp//newlib/nios2-elf/lib\libc.a(lib_a-mprec.o)
                0x00000000080306bc                _mprec_log10
 .text.__copybits
                0x000000000803076c       0xd0 ../Hello_bsp//newlib/nios2-elf/lib\libc.a(lib_a-mprec.o)
                0x000000000803076c                __copybits
 .text.__any_on
                0x000000000803083c      0x134 ../Hello_bsp//newlib/nios2-elf/lib\libc.a(lib_a-mprec.o)
                0x000000000803083c                __any_on
 .text          0x0000000008030970        0x0 ../Hello_bsp//newlib/nios2-elf/lib\libc.a(lib_a-putc.o)
 .text._putc_r  0x0000000008030970      0x104 ../Hello_bsp//newlib/nios2-elf/lib\libc.a(lib_a-putc.o)
                0x0000000008030970                _putc_r
 .text.putc     0x0000000008030a74      0x108 ../Hello_bsp//newlib/nios2-elf/lib\libc.a(lib_a-putc.o)
                0x0000000008030a74                putc
 .text          0x0000000008030b7c        0x0 ../Hello_bsp//newlib/nios2-elf/lib\libc.a(lib_a-reallocr.o)
 .text._realloc_r
                0x0000000008030b7c      0xbf0 ../Hello_bsp//newlib/nios2-elf/lib\libc.a(lib_a-reallocr.o)
                0x0000000008030b7c                _realloc_r
 .text          0x000000000803176c        0x0 ../Hello_bsp//newlib/nios2-elf/lib\libc.a(lib_a-s_fpclassify.o)
 .text.__fpclassifyd
                0x000000000803176c      0x104 ../Hello_bsp//newlib/nios2-elf/lib\libc.a(lib_a-s_fpclassify.o)
                0x000000000803176c                __fpclassifyd
 .text          0x0000000008031870        0x0 ../Hello_bsp//newlib/nios2-elf/lib\libc.a(lib_a-stdio.o)
 .text.__sread  0x0000000008031870       0x9c ../Hello_bsp//newlib/nios2-elf/lib\libc.a(lib_a-stdio.o)
                0x0000000008031870                __sread
 .text.__seofread
                0x000000000803190c       0x30 ../Hello_bsp//newlib/nios2-elf/lib\libc.a(lib_a-stdio.o)
                0x000000000803190c                __seofread
 .text.__swrite
                0x000000000803193c       0xb4 ../Hello_bsp//newlib/nios2-elf/lib\libc.a(lib_a-stdio.o)
                0x000000000803193c                __swrite
 .text.__sseek  0x00000000080319f0       0xa0 ../Hello_bsp//newlib/nios2-elf/lib\libc.a(lib_a-stdio.o)
                0x00000000080319f0                __sseek
 .text.__sclose
                0x0000000008031a90       0x54 ../Hello_bsp//newlib/nios2-elf/lib\libc.a(lib_a-stdio.o)
                0x0000000008031a90                __sclose
 .text          0x0000000008031ae4        0x0 ../Hello_bsp//newlib/nios2-elf/lib\libc.a(lib_a-strcmp.o)
 .text.strcmp   0x0000000008031ae4      0x140 ../Hello_bsp//newlib/nios2-elf/lib\libc.a(lib_a-strcmp.o)
                0x0000000008031ae4                strcmp
 .text          0x0000000008031c24        0x0 ../Hello_bsp//newlib/nios2-elf/lib\libc.a(lib_a-vfiprintf.o)
 .text.__sprint_r
                0x0000000008031c24      0x13c ../Hello_bsp//newlib/nios2-elf/lib\libc.a(lib_a-vfiprintf.o)
                0x0000000008031c24                __sprint_r
 .text.__sbprintf
                0x0000000008031d60       0xf0 ../Hello_bsp//newlib/nios2-elf/lib\libc.a(lib_a-vfiprintf.o)
 .text.__vfiprintf_internal
                0x0000000008031e50       0x50 ../Hello_bsp//newlib/nios2-elf/lib\libc.a(lib_a-vfiprintf.o)
                0x0000000008031e50                __vfiprintf_internal
 .text.___vfiprintf_internal_r
                0x0000000008031ea0     0x12c4 ../Hello_bsp//newlib/nios2-elf/lib\libc.a(lib_a-vfiprintf.o)
                0x0000000008031ea0                ___vfiprintf_internal_r
 .text          0x0000000008033164        0x0 ../Hello_bsp//newlib/nios2-elf/lib\libc.a(lib_a-wbuf.o)
 .text.__swbuf_r
                0x0000000008033164      0x168 ../Hello_bsp//newlib/nios2-elf/lib\libc.a(lib_a-wbuf.o)
                0x0000000008033164                __swbuf_r
 .text.__swbuf  0x00000000080332cc       0x40 ../Hello_bsp//newlib/nios2-elf/lib\libc.a(lib_a-wbuf.o)
                0x00000000080332cc                __swbuf
 .text          0x000000000803330c        0x0 ../Hello_bsp//newlib/nios2-elf/lib\libc.a(lib_a-writer.o)
 .text._write_r
                0x000000000803330c       0x70 ../Hello_bsp//newlib/nios2-elf/lib\libc.a(lib_a-writer.o)
                0x000000000803330c                _write_r
 .text          0x000000000803337c        0x0 ../Hello_bsp//newlib/nios2-elf/lib\libc.a(closer.o)
 .text._close_r
                0x000000000803337c       0x60 ../Hello_bsp//newlib/nios2-elf/lib\libc.a(closer.o)
                0x000000000803337c                _close_r
 .text          0x00000000080333dc        0x0 ../Hello_bsp//newlib/nios2-elf/lib\libc.a(lib_a-callocr.o)
 .text._calloc_r
                0x00000000080333dc      0x164 ../Hello_bsp//newlib/nios2-elf/lib\libc.a(lib_a-callocr.o)
                0x00000000080333dc                _calloc_r
 .text          0x0000000008033540        0x0 ../Hello_bsp//newlib/nios2-elf/lib\libc.a(lib_a-fclose.o)
 .text._fclose_r
                0x0000000008033540      0x12c ../Hello_bsp//newlib/nios2-elf/lib\libc.a(lib_a-fclose.o)
                0x0000000008033540                _fclose_r
 .text.fclose   0x000000000803366c       0x38 ../Hello_bsp//newlib/nios2-elf/lib\libc.a(lib_a-fclose.o)
                0x000000000803366c                fclose
 .text          0x00000000080336a4        0x0 ../Hello_bsp//newlib/nios2-elf/lib\libc.a(lib_a-fputwc.o)
 .text.__fputwc
                0x00000000080336a4      0x1f4 ../Hello_bsp//newlib/nios2-elf/lib\libc.a(lib_a-fputwc.o)
                0x00000000080336a4                __fputwc
 .text._fputwc_r
                0x0000000008033898       0x88 ../Hello_bsp//newlib/nios2-elf/lib\libc.a(lib_a-fputwc.o)
                0x0000000008033898                _fputwc_r