Archive member included to satisfy reference by file (symbol)

d:/intelfpga_lite/18.0/nios2eds/bin/gnu/h-x86_64-mingw32/bin/../lib/gcc/nios2-elf/5.3.0\libgcc.a(lib2-divmod.o)
                              obj/default/gppcu.o (__divsi3)
../Hello_bsp//newlib/nios2-elf/lib\libc.a(lib_a-malloc.o)
                              obj/default/gppcu.o (malloc)
../Hello_bsp//newlib/nios2-elf/lib\libc.a(lib_a-mallocr.o)
                              ../Hello_bsp//newlib/nios2-elf/lib\libc.a(lib_a-malloc.o) (_malloc_r)
../Hello_bsp//newlib/nios2-elf/lib\libc.a(lib_a-memcpy.o)
                              obj/default/main.o (memcpy)
../Hello_bsp//newlib/nios2-elf/lib\libc.a(lib_a-printf.o)
                              obj/default/gppcu.o (printf)
../Hello_bsp//newlib/nios2-elf/lib\libc.a(lib_a-putchar.o)
                              obj/default/main.o (putchar)
../Hello_bsp//newlib/nios2-elf/lib\libc.a(lib_a-puts.o)
                              obj/default/main.o (puts)
../Hello_bsp//newlib/nios2-elf/lib\libc.a(lib_a-sbrkr.o)
                              ../Hello_bsp//newlib/nios2-elf/lib\libc.a(lib_a-mallocr.o) (_sbrk_r)
../Hello_bsp//newlib/nios2-elf/lib\libc.a(lib_a-strlen.o)
                              ../Hello_bsp//newlib/nios2-elf/lib\libc.a(lib_a-puts.o) (strlen)
../Hello_bsp//newlib/nios2-elf/lib\libc.a(lib_a-vfprintf.o)
                              ../Hello_bsp//newlib/nios2-elf/lib\libc.a(lib_a-printf.o) (___vfprintf_internal_r)
../Hello_bsp//newlib/nios2-elf/lib\libc.a(lib_a-wsetup.o)
                              ../Hello_bsp//newlib/nios2-elf/lib\libc.a(lib_a-vfprintf.o) (__swsetup_r)
../Hello_bsp//newlib/nios2-elf/lib\libc.a(lib_a-dtoa.o)
                              ../Hello_bsp//newlib/nios2-elf/lib\libc.a(lib_a-vfprintf.o) (_dtoa_r)
../Hello_bsp//newlib/nios2-elf/lib\libc.a(lib_a-fflush.o)
                              ../Hello_bsp//newlib/nios2-elf/lib\libc.a(lib_a-vfprintf.o) (_fflush_r)
../Hello_bsp//newlib/nios2-elf/lib\libc.a(lib_a-findfp.o)
                              ../Hello_bsp//newlib/nios2-elf/lib\libc.a(lib_a-puts.o) (__sinit)
../Hello_bsp//newlib/nios2-elf/lib\libc.a(lib_a-freer.o)
                              ../Hello_bsp//newlib/nios2-elf/lib\libc.a(lib_a-malloc.o) (_free_r)
../Hello_bsp//newlib/nios2-elf/lib\libc.a(lib_a-fvwrite.o)
                              ../Hello_bsp//newlib/nios2-elf/lib\libc.a(lib_a-puts.o) (__sfvwrite_r)
../Hello_bsp//newlib/nios2-elf/lib\libc.a(lib_a-fwalk.o)
                              ../Hello_bsp//newlib/nios2-elf/lib\libc.a(lib_a-findfp.o) (_fwalk)
../Hello_bsp//newlib/nios2-elf/lib\libc.a(lib_a-impure.o)
                              ../Hello_bsp//newlib/nios2-elf/lib\libc.a(lib_a-malloc.o) (_impure_ptr)
../Hello_bsp//newlib/nios2-elf/lib\libc.a(lib_a-int_errno.o)
                              ../Hello_bsp//newlib/nios2-elf/lib\libc.a(lib_a-sbrkr.o) (errno)
../Hello_bsp//newlib/nios2-elf/lib\libc.a(lib_a-locale.o)
                              ../Hello_bsp//newlib/nios2-elf/lib\libc.a(lib_a-vfprintf.o) (_localeconv_r)
../Hello_bsp//newlib/nios2-elf/lib\libc.a(lib_a-makebuf.o)
                              ../Hello_bsp//newlib/nios2-elf/lib\libc.a(lib_a-wsetup.o) (__smakebuf_r)
../Hello_bsp//newlib/nios2-elf/lib\libc.a(lib_a-memchr.o)
                              ../Hello_bsp//newlib/nios2-elf/lib\libc.a(lib_a-vfprintf.o) (memchr)
../Hello_bsp//newlib/nios2-elf/lib\libc.a(lib_a-memmove.o)
                              ../Hello_bsp//newlib/nios2-elf/lib\libc.a(lib_a-fvwrite.o) (memmove)
../Hello_bsp//newlib/nios2-elf/lib\libc.a(lib_a-memset.o)
                              ../Hello_bsp//newlib/nios2-elf/lib\libc.a(lib_a-findfp.o) (memset)
../Hello_bsp//newlib/nios2-elf/lib\libc.a(lib_a-mprec.o)
                              ../Hello_bsp//newlib/nios2-elf/lib\libc.a(lib_a-dtoa.o) (_Balloc)
../Hello_bsp//newlib/nios2-elf/lib\libc.a(lib_a-putc.o)
                              ../Hello_bsp//newlib/nios2-elf/lib\libc.a(lib_a-putchar.o) (_putc_r)
../Hello_bsp//newlib/nios2-elf/lib\libc.a(lib_a-reallocr.o)
                              ../Hello_bsp//newlib/nios2-elf/lib\libc.a(lib_a-fvwrite.o) (_realloc_r)
../Hello_bsp//newlib/nios2-elf/lib\libc.a(lib_a-s_fpclassify.o)
                              ../Hello_bsp//newlib/nios2-elf/lib\libc.a(lib_a-vfprintf.o) (__fpclassifyd)
../Hello_bsp//newlib/nios2-elf/lib\libc.a(lib_a-stdio.o)
                              ../Hello_bsp//newlib/nios2-elf/lib\libc.a(lib_a-findfp.o) (__sread)
../Hello_bsp//newlib/nios2-elf/lib\libc.a(lib_a-strcmp.o)
                              ../Hello_bsp//newlib/nios2-elf/lib\libc.a(lib_a-locale.o) (strcmp)
../Hello_bsp//newlib/nios2-elf/lib\libc.a(lib_a-vfiprintf.o)
                              ../Hello_bsp//newlib/nios2-elf/lib\libc.a(lib_a-vfprintf.o) (__sprint_r)
../Hello_bsp//newlib/nios2-elf/lib\libc.a(lib_a-wbuf.o)
                              ../Hello_bsp//newlib/nios2-elf/lib\libc.a(lib_a-putc.o) (__swbuf_r)
../Hello_bsp//newlib/nios2-elf/lib\libc.a(lib_a-writer.o)
[...]
Memory Configuration

Name             Origin             Length             Attributes
reset            0x0000000008000000 0x0000000000000020
sdram            0x0000000008000020 0x0000000007ffffe0
bufferram_out    0x0000000010000000 0x000000000002ee00
*default*        0x0000000000000000 0xffffffffffffffff

Linker script and memory map

LOAD ../Hello_bsp//obj/HAL/src/crt0.o
LOAD obj/default/gppcu.o
LOAD obj/default/main.o
LOAD obj/default/utils.o
LOAD d:/intelfpga_lite/18.0/nios2eds/bin/gnu/h-x86_64-mingw32/bin/../lib/gcc/nios2-elf/5.3.0/../../../../../H-x86_64-mingw32/nios2-elf/lib\libstdc++.a
LOAD ../Hello_bsp//newlib/nios2-elf/lib\libm.a
LOAD d:/intelfpga_lite/18.0/nios2eds/bin/gnu/h-x86_64-mingw32/bin/../lib/gcc/nios2-elf/5.3.0\libgcc.a
START GROUP
LOAD ../Hello_bsp//newlib/nios2-elf/lib\libc.a
LOAD d:/intelfpga_lite/18.0/nios2eds/bin/gnu/h-x86_64-mingw32/bin/../lib/gcc/nios2-elf/5.3.0\libgcc.a
LOAD ../Hello_bsp/\libhal_bsp.a
LOAD ../Hello_bsp//newlib/nios2-elf/lib\libm.a
END GROUP
LOAD d:/intelfpga_lite/18.0/nios2eds/bin/gnu/h-x86_64-mingw32/bin/../lib/gcc/nios2-elf/5.3.0\libgcc.a
                0x0000000008000000                __alt_mem_sdram = 0x8000000
                0x0000000010000000                __alt_mem_bufferram_out = 0x10000000

.entry          0x0000000008000000       0x20
 *(.entry)
 .entry         0x0000000008000000       0x20 ../Hello_bsp//obj/HAL/src/crt0.o
                0x0000000008000000                __reset

.exceptions     0x0000000008000020      0x224
                0x0000000008000020                PROVIDE (__ram_exceptions_start, ABSOLUTE (.))
                0x0000000008000020                . = ALIGN (0x20)
 *(.irq)
 *(.exceptions.entry.label)
 .exceptions.entry.label
                0x0000000008000020        0x0 ../Hello_bsp/\libhal_bsp.a(alt_irq_entry.o)
                0x0000000008000020                alt_irq_entry
 .exceptions.entry.label
                0x0000000008000020        0x0 ../Hello_bsp/\libhal_bsp.a(alt_exception_entry.o)
                0x0000000008000020                alt_exception
 *(.exceptions.entry.user)
 *(.exceptions.entry.ecc_fatal)
 *(.exceptions.entry)
 .exceptions.entry
                0x0000000008000020       0x54 ../Hello_bsp/\libhal_bsp.a(alt_exception_entry.o)
 *(.exceptions.irqtest.user)
 *(.exceptions.irqtest)
 .exceptions.irqtest
                0x0000000008000074       0x10 ../Hello_bsp/\libhal_bsp.a(alt_irq_entry.o)
 *(.exceptions.irqhandler.user)
 *(.exceptions.irqhandler)
 .exceptions.irqhandler
                0x0000000008000084        0x4 ../Hello_bsp/\libhal_bsp.a(alt_irq_entry.o)
 *(.exceptions.irqreturn.user)
 *(.exceptions.irqreturn)
 .exceptions.irqreturn
                0x0000000008000088        0x4 ../Hello_bsp/\libhal_bsp.a(alt_irq_entry.o)
 *(.exceptions.notirq.label)
 .exceptions.notirq.label
                0x000000000800008c        0x0 ../Hello_bsp/\libhal_bsp.a(alt_irq_entry.o)
 *(.exceptions.notirq.user)
 *(.exceptions.notirq)
 .exceptions.notirq
                0x000000000800008c        0x8 ../Hello_bsp/\libhal_bsp.a(alt_exception_entry.o)
 *(.exceptions.soft.user)
 *(.exceptions.soft)
 *(.exceptions.unknown.user)
 *(.exceptions.unknown)
 .exceptions.unknown
                0x0000000008000094       0x14 ../Hello_bsp/\libhal_bsp.a(alt_exception_entry.o)
 *(.exceptions.exit.label)
 .exceptions.exit.label
                0x00000000080000a8        0x0 ../Hello_bsp/\libhal_bsp.a(alt_irq_entry.o)
 .exceptions.exit.label
                0x00000000080000a8        0x0 ../Hello_bsp/\libhal_bsp.a(alt_exception_entry.o)
 *(.exceptions.exit.user)
 *(.exceptions.exit)
 .exceptions.exit
                0x00000000080000a8       0x54 ../Hello_bsp/\libhal_bsp.a(alt_exception_entry.o)
 *(.exceptions)
 .exceptions    0x00000000080000fc       0xd4 ../Hello_bsp/\libhal_bsp.a(alt_irq_handler.o)
                0x00000000080000fc                alt_irq_handler
 .exceptions    0x00000000080001d0       0x74 ../Hello_bsp/\libhal_bsp.a(alt_instruction_exception_entry.o)
                0x00000000080001d0                alt_instruction_exception_entry
                0x0000000008000244                PROVIDE (__ram_exceptions_end, ABSOLUTE (.))
                0x0000000008000020                PROVIDE (__flash_exceptions_start, LOADADDR (.exceptions))

.text           0x0000000008000244    0x13334
                [!provide]                        PROVIDE (stext, ABSOLUTE (.))
 *(.interp)
 *(.hash)
 *(.dynsym)
 *(.dynstr)
 *(.gnu.version)
 *(.gnu.version_d)
 *(.gnu.version_r)
 *(.rel.init)
 *(.rela.init)
 *(.rel.text .rel.text.* .rel.gnu.linkonce.t.*)
 *(.rela.text .rela.text.* .rela.gnu.linkonce.t.*)
 *(.rel.fini)
 *(.rela.fini)
 *(.rel.rodata .rel.rodata.* .rel.gnu.linkonce.r.*)
 *(.rela.rodata .rela.rodata.* .rela.gnu.linkonce.r.*)
 *(.rel.data .rel.data.* .rel.gnu.linkonce.d.*)
 *(.rela.data .rela.data.* .rela.gnu.linkonce.d.*)
 *(.rel.tdata .rel.tdata.* .rel.gnu.linkonce.td.*)
 *(.rela.tdata .rela.tdata.* .rela.gnu.linkonce.td.*)
 *(.rel.tbss .rel.tbss.* .rel.gnu.linkonce.tb.*)
 *(.rela.tbss .rela.tbss.* .rela.gnu.linkonce.tb.*)
 *(.rel.ctors)
 *(.rela.ctors)
 *(.rel.dtors)
 *(.rela.dtors)
 *(.rel.got)
 *(.rela.got)
 *(.rel.sdata .rel.sdata.* .rel.gnu.linkonce.s.*)
 *(.rela.sdata .rela.sdata.* .rela.gnu.linkonce.s.*)
 *(.rel.sbss .rel.sbss.* .rel.gnu.linkonce.sb.*)
 *(.rela.sbss .rela.sbss.* .rela.gnu.linkonce.sb.*)
 *(.rel.sdata2 .rel.sdata2.* .rel.gnu.linkonce.s2.*)
 *(.rela.sdata2 .rela.sdata2.* .rela.gnu.linkonce.s2.*)
 *(.rel.sbss2 .rel.sbss2.* .rel.gnu.linkonce.sb2.*)
 *(.rela.sbss2 .rela.sbss2.* .rela.gnu.linkonce.sb2.*)
 *(.rel.bss .rel.bss.* .rel.gnu.linkonce.b.*)
 *(.rela.bss .rela.bss.* .rela.gnu.linkonce.b.*)
 *(.rel.plt)
 *(.rela.plt)
 *(.rel.dyn)
 *(.init)
 *(.plt)
 *(.text .stub .text.* .gnu.linkonce.t.*)
 .text          0x0000000008000244       0x4c ../Hello_bsp//obj/HAL/src/crt0.o
                0x0000000008000244                _start
 .text          0x0000000008000290      0x9f0 obj/default/gppcu.o
                0x00000000080003fc                gppcu_device_command
                0x0000000008000484                gppcu_stat
                0x0000000008000574                gppcu_init
                0x0000000008000648                gppcu_init_task
                0x0000000008000730                gppcu_destroy
                0x000000000800076c                gppcu_program_autofeed_device
                0x0000000008000874                gppcu_clear_instr
                0x00000000080008a0                gppcu_write
                0x0000000008000a20                gppcu_read
                0x0000000008000be0                gppcu_data_wr_slow
                0x0000000008000c38                gppcu_data_rd_slow
 .text          0x0000000008000c80      0x37c obj/default/main.o
                0x0000000008000c80                wait
                0x0000000008000cc4                display_stat
                0x0000000008000d74                main
 .text          0x0000000008000ffc        0x0 obj/default/utils.o
 .text          0x0000000008000ffc      0x1b4 d:/intelfpga_lite/18.0/nios2eds/bin/gnu/h-x86_64-mingw32/bin/../lib/gcc/nios2-elf/5.3.0\libgcc.a(lib2-divmod.o)
                0x0000000008000ffc                __divsi3
                0x0000000008001080                __modsi3
                0x00000000080010f4                __udivsi3
                0x0000000008001158                __umodsi3
 .text          0x00000000080011b0        0x0 ../Hello_bsp//newlib/nios2-elf/lib\libc.a(lib_a-malloc.o)
 .text.malloc   0x00000000080011b0       0x38 ../Hello_bsp//newlib/nios2-elf/lib\libc.a(lib_a-malloc.o)
                0x00000000080011b0                malloc
 .text.free     0x00000000080011e8       0x3c ../Hello_bsp//newlib/nios2-elf/lib\libc.a(lib_a-malloc.o)
                0x00000000080011e8                free
 .text          0x0000000008001224        0x0 ../Hello_bsp//newlib/nios2-elf/lib\libc.a(lib_a-mallocr.o)
 .text.malloc_extend_top
                0x0000000008001224      0x3b4 ../Hello_bsp//newlib/nios2-elf/lib\libc.a(lib_a-mallocr.o)
 .text._malloc_r
                0x00000000080015d8      0xb7c ../Hello_bsp//newlib/nios2-elf/lib\libc.a(lib_a-mallocr.o)
                0x00000000080015d8                _malloc_r
 .text          0x0000000008002154        0x0 ../Hello_bsp//newlib/nios2-elf/lib\libc.a(lib_a-memcpy.o)
 .text.memcpy   0x0000000008002154      0x188 ../Hello_bsp//newlib/nios2-elf/lib\libc.a(lib_a-memcpy.o)
                0x0000000008002154                memcpy
 .text          0x00000000080022dc        0x0 ../Hello_bsp//newlib/nios2-elf/lib\libc.a(lib_a-printf.o)
 .text._printf_r
                0x00000000080022dc       0x64 ../Hello_bsp//newlib/nios2-elf/lib\libc.a(lib_a-printf.o)
                0x00000000080022dc                _printf_r
 .text.printf   0x0000000008002340       0x68 ../Hello_bsp//newlib/nios2-elf/lib\libc.a(lib_a-printf.o)
                0x0000000008002340                printf
 .text          0x00000000080023a8        0x0 ../Hello_bsp//newlib/nios2-elf/lib\libc.a(lib_a-putchar.o)
 .text._putchar_r
                0x00000000080023a8       0x44 ../Hello_bsp//newlib/nios2-elf/lib\libc.a(lib_a-putchar.o)
                0x00000000080023a8                _putchar_r
 .text.putchar  0x00000000080023ec       0x48 ../Hello_bsp//newlib/nios2-elf/lib\libc.a(lib_a-putchar.o)
                0x00000000080023ec                putchar
 .text          0x0000000008002434        0x0 ../Hello_bsp//newlib/nios2-elf/lib\libc.a(lib_a-puts.o)
 .text._puts_r  0x0000000008002434      0x118 ../Hello_bsp//newlib/nios2-elf/lib\libc.a(lib_a-puts.o)
                0x0000000008002434                _puts_r
 .text.puts     0x000000000800254c       0x38 ../Hello_bsp//newlib/nios2-elf/lib\libc.a(lib_a-puts.o)
                0x000000000800254c                puts
 .text          0x0000000008002584        0x0 ../Hello_bsp//newlib/nios2-elf/lib\libc.a(lib_a-sbrkr.o)
 .text._sbrk_r  0x0000000008002584       0x60 ../Hello_bsp//newlib/nios2-elf/lib\libc.a(lib_a-sbrkr.o)
                0x0000000008002584                _sbrk_r
 .text          0x00000000080025e4        0x0 ../Hello_bsp//newlib/nios2-elf/lib\libc.a(lib_a-strlen.o)
 .text.strlen   0x00000000080025e4       0xf4 ../Hello_bsp//newlib/nios2-elf/lib\libc.a(lib_a-strlen.o)
                0x00000000080025e4                strlen
 .text          0x00000000080026d8        0x0 ../Hello_bsp//newlib/nios2-elf/lib\libc.a(lib_a-vfprintf.o)
 .text.__sbprintf
                0x00000000080026d8       0xf0 ../Hello_bsp//newlib/nios2-elf/lib\libc.a(lib_a-vfprintf.o)
 .text.__vfprintf_internal
                0x00000000080027c8       0x50 ../Hello_bsp//newlib/nios2-elf/lib\libc.a(lib_a-vfprintf.o)
                0x00000000080027c8                __vfprintf_internal
 .text.___vfprintf_internal_r
                0x0000000008002818     0x20d0 ../Hello_bsp//newlib/nios2-elf/lib\libc.a(lib_a-vfprintf.o)
                0x0000000008002818                ___vfprintf_internal_r
 .text.cvt      0x00000000080048e8      0x20c ../Hello_bsp//newlib/nios2-elf/lib\libc.a(lib_a-vfprintf.o)
 .text.exponent
                0x0000000008004af4      0x140 ../Hello_bsp//newlib/nios2-elf/lib\libc.a(lib_a-vfprintf.o)
 .text          0x0000000008004c34        0x0 ../Hello_bsp//newlib/nios2-elf/lib\libc.a(lib_a-wsetup.o)
 .text.__swsetup_r
                0x0000000008004c34      0x1a0 ../Hello_bsp//newlib/nios2-elf/lib\libc.a(lib_a-wsetup.o)
                0x0000000008004c34                __swsetup_r
 .text          0x0000000008004dd4        0x0 ../Hello_bsp//newlib/nios2-elf/lib\libc.a(lib_a-dtoa.o)
 .text.quorem   0x0000000008004dd4      0x3b4 ../Hello_bsp//newlib/nios2-elf/lib\libc.a(lib_a-dtoa.o)
 .text._dtoa_r  0x0000000008005188     0x1b78 ../Hello_bsp//newlib/nios2-elf/lib\libc.a(lib_a-dtoa.o)
                0x0000000008005188                _dtoa_r
 .text          0x0000000008006d00        0x0 ../Hello_bsp//newlib/nios2-elf/lib\libc.a(lib_a-fflush.o)
 .text.__sflush_r
                0x0000000008006d00      0x304 ../Hello_bsp//newlib/nios2-elf/lib\libc.a(lib_a-fflush.o)
                0x0000000008006d00                __sflush_r
 .text._fflush_r
                0x0000000008007004       0x88 ../Hello_bsp//newlib/nios2-elf/lib\libc.a(lib_a-fflush.o)
                0x0000000008007004                _fflush_r
 .text.fflush   0x000000000800708c       0x54 ../Hello_bsp//newlib/nios2-elf/lib\libc.a(lib_a-fflush.o)
                0x000000000800708c                fflush
 .text          0x00000000080070e0        0x0 ../Hello_bsp//newlib/nios2-elf/lib\libc.a(lib_a-findfp.o)
 .text.std      0x00000000080070e0       0xf4 ../Hello_bsp//newlib/nios2-elf/lib\libc.a(lib_a-findfp.o)
 .text.__sfmoreglue
                0x00000000080071d4       0xa4 ../Hello_bsp//newlib/nios2-elf/lib\libc.a(lib_a-findfp.o)
                0x00000000080071d4                __sfmoreglue
 .text.__sfp    0x0000000008007278      0x194 ../Hello_bsp//newlib/nios2-elf/lib\libc.a(lib_a-findfp.o)
                0x0000000008007278                __sfp
 .text._cleanup_r
                0x000000000800740c       0x44 ../Hello_bsp//newlib/nios2-elf/lib\libc.a(lib_a-findfp.o)
                0x000000000800740c                _cleanup_r
 .text._cleanup
                0x0000000008007450       0x34 ../Hello_bsp//newlib/nios2-elf/lib\libc.a(lib_a-findfp.o)
                0x0000000008007450                _cleanup
 .text.__sinit  0x0000000008007484       0xd8 ../Hello_bsp//newlib/nios2-elf/lib\libc.a(lib_a-findfp.o)
                0x0000000008007484                __sinit
 .text.__sfp_lock_acquire
                0x000000000800755c       0x20 ../Hello_bsp//newlib/nios2-elf/lib\libc.a(lib_a-findfp.o)
                0x000000000800755c                __sfp_lock_acquire
 .text.__sfp_lock_release
                0x000000000800757c       0x20 ../Hello_bsp//newlib/nios2-elf/lib\libc.a(lib_a-findfp.o)
                0x000000000800757c                __sfp_lock_release
 .text.__sinit_lock_acquire
                0x000000000800759c       0x20 ../Hello_bsp//newlib/nios2-elf/lib\libc.a(lib_a-findfp.o)
                0x000000000800759c                __sinit_lock_acquire
 .text.__sinit_lock_release
                0x00000000080075bc       0x20 ../Hello_bsp//newlib/nios2-elf/lib\libc.a(lib_a-findfp.o)
                0x00000000080075bc                __sinit_lock_release
 .text.__fp_lock
                0x00000000080075dc       0x24 ../Hello_bsp//newlib/nios2-elf/lib\libc.a(lib_a-findfp.o)
 .text.__fp_unlock
                0x0000000008007600       0x24 ../Hello_bsp//newlib/nios2-elf/lib\libc.a(lib_a-findfp.o)
 .text.__fp_lock_all
                0x0000000008007624       0x40 ../Hello_bsp//newlib/nios2-elf/lib\libc.a(lib_a-findfp.o)
                0x0000000008007624                __fp_lock_all
 .text.__fp_unlock_all
                0x0000000008007664       0x40 ../Hello_bsp//newlib/nios2-elf/lib\libc.a(lib_a-findfp.o)
                0x0000000008007664                __fp_unlock_all
 .text          0x00000000080076a4        0x0 ../Hello_bsp//newlib/nios2-elf/lib\libc.a(lib_a-freer.o)
 .text._free_r  0x00000000080076a4      0x560 ../Hello_bsp//newlib/nios2-elf/lib\libc.a(lib_a-freer.o)
                0x00000000080076a4                _free_r
 .text._malloc_trim_r
                0x0000000008007c04      0x1cc ../Hello_bsp//newlib/nios2-elf/lib\libc.a(lib_a-freer.o)
                0x0000000008007c04                _malloc_trim_r
 .text          0x0000000008007dd0        0x0 ../Hello_bsp//newlib/nios2-elf/lib\libc.a(lib_a-fvwrite.o)
 .text.__sfvwrite_r
                0x0000000008007dd0      0x5dc ../Hello_bsp//newlib/nios2-elf/lib\libc.a(lib_a-fvwrite.o)
                0x0000000008007dd0                __sfvwrite_r
 .text          0x00000000080083ac        0x0 ../Hello_bsp//newlib/nios2-elf/lib\libc.a(lib_a-fwalk.o)
 .text._fwalk   0x00000000080083ac       0xd8 ../Hello_bsp//newlib/nios2-elf/lib\libc.a(lib_a-fwalk.o)
                0x00000000080083ac                _fwalk
 .text._fwalk_reent
                0x0000000008008484       0xdc ../Hello_bsp//newlib/nios2-elf/lib\libc.a(lib_a-fwalk.o)
                0x0000000008008484                _fwalk_reent
 .text          0x0000000008008560        0x0 ../Hello_bsp//newlib/nios2-elf/lib\libc.a(lib_a-impure.o)
 .text          0x0000000008008560        0x0 ../Hello_bsp//newlib/nios2-elf/lib\libc.a(lib_a-int_errno.o)
 .text          0x0000000008008560        0x0 ../Hello_bsp//newlib/nios2-elf/lib\libc.a(lib_a-locale.o)
 .text._setlocale_r
                0x0000000008008560       0x84 ../Hello_bsp//newlib/nios2-elf/lib\libc.a(lib_a-locale.o)
                0x0000000008008560                _setlocale_r
 .text.__locale_charset
                0x00000000080085e4       0x24 ../Hello_bsp//newlib/nios2-elf/lib\libc.a(lib_a-locale.o)
                0x00000000080085e4                __locale_charset
 .text.__locale_mb_cur_max
                0x0000000008008608       0x20 ../Hello_bsp//newlib/nios2-elf/lib\libc.a(lib_a-locale.o)
                0x0000000008008608                __locale_mb_cur_max
 .text.__locale_msgcharset
                0x0000000008008628       0x24 ../Hello_bsp//newlib/nios2-elf/lib\libc.a(lib_a-locale.o)
                0x0000000008008628                __locale_msgcharset
 .text.__locale_cjk_lang
                0x000000000800864c       0x20 ../Hello_bsp//newlib/nios2-elf/lib\libc.a(lib_a-locale.o)
                0x000000000800864c                __locale_cjk_lang
 .text._localeconv_r
                0x000000000800866c       0x28 ../Hello_bsp//newlib/nios2-elf/lib\libc.a(lib_a-locale.o)
                0x000000000800866c                _localeconv_r
 .text.setlocale
                0x0000000008008694       0x40 ../Hello_bsp//newlib/nios2-elf/lib\libc.a(lib_a-locale.o)
                0x0000000008008694                setlocale
 .text.localeconv
                0x00000000080086d4       0x30 ../Hello_bsp//newlib/nios2-elf/lib\libc.a(lib_a-locale.o)
                0x00000000080086d4                localeconv
 .text          0x0000000008008704        0x0 ../Hello_bsp//newlib/nios2-elf/lib\libc.a(lib_a-makebuf.o)
 .text.__smakebuf_r
                0x0000000008008704      0x22c ../Hello_bsp//newlib/nios2-elf/lib\libc.a(lib_a-makebuf.o)
                0x0000000008008704                __smakebuf_r
 .text          0x0000000008008930        0x0 ../Hello_bsp//newlib/nios2-elf/lib\libc.a(lib_a-memchr.o)
 .text.memchr   0x0000000008008930      0x1bc ../Hello_bsp//newlib/nios2-elf/lib\libc.a(lib_a-memchr.o)
                0x0000000008008930                memchr
 .text          0x0000000008008aec        0x0 ../Hello_bsp//newlib/nios2-elf/lib\libc.a(lib_a-memmove.o)
 .text.memmove  0x0000000008008aec      0x208 ../Hello_bsp//newlib/nios2-elf/lib\libc.a(lib_a-memmove.o)
                0x0000000008008aec                memmove
 .text          0x0000000008008cf4        0x0 ../Hello_bsp//newlib/nios2-elf/lib\libc.a(lib_a-memset.o)
 .text.memset   0x0000000008008cf4      0x1c4 ../Hello_bsp//newlib/nios2-elf/lib\libc.a(lib_a-memset.o)
                0x0000000008008cf4                memset
 .text          0x0000000008008eb8        0x0 ../Hello_bsp//newlib/nios2-elf/lib\libc.a(lib_a-mprec.o)
 .text._Balloc  0x0000000008008eb8      0x130 ../Hello_bsp//newlib/nios2-elf/lib\libc.a(lib_a-mprec.o)
                0x0000000008008eb8                _Balloc
 .text._Bfree   0x0000000008008fe8       0x7c ../Hello_bsp//newlib/nios2-elf/lib\libc.a(lib_a-mprec.o)
                0x0000000008008fe8                _Bfree
 .text.__multadd
                0x0000000008009064      0x194 ../Hello_bsp//newlib/nios2-elf/lib\libc.a(lib_a-mprec.o)
                0x0000000008009064                __multadd
 .text.__s2b    0x00000000080091f8      0x18c ../Hello_bsp//newlib/nios2-elf/lib\libc.a(lib_a-mprec.o)
                0x00000000080091f8                __s2b
 .text.__hi0bits
                0x0000000008009384       0x90 ../Hello_bsp//newlib/nios2-elf/lib\libc.a(lib_a-mprec.o)
                0x0000000008009384                __hi0bits
 .text.__lo0bits
                0x0000000008009414       0xec ../Hello_bsp//newlib/nios2-elf/lib\libc.a(lib_a-mprec.o)
                0x0000000008009414                __lo0bits
 .text.__i2b    0x0000000008009500       0x58 ../Hello_bsp//newlib/nios2-elf/lib\libc.a(lib_a-mprec.o)
                0x0000000008009500                __i2b
 .text.__multiply
                0x0000000008009558      0x3d0 ../Hello_bsp//newlib/nios2-elf/lib\libc.a(lib_a-mprec.o)
                0x0000000008009558                __multiply
 .text.__pow5mult
                0x0000000008009928      0x178 ../Hello_bsp//newlib/nios2-elf/lib\libc.a(lib_a-mprec.o)
                0x0000000008009928                __pow5mult
 .text.__lshift
                0x0000000008009aa0      0x1f8 ../Hello_bsp//newlib/nios2-elf/lib\libc.a(lib_a-mprec.o)
                0x0000000008009aa0                __lshift
 .text.__mcmp   0x0000000008009c98      0x114 ../Hello_bsp//newlib/nios2-elf/lib\libc.a(lib_a-mprec.o)
                0x0000000008009c98                __mcmp
 .text.__mdiff  0x0000000008009dac      0x2a4 ../Hello_bsp//newlib/nios2-elf/lib\libc.a(lib_a-mprec.o)
                0x0000000008009dac                __mdiff
 .text.__ulp    0x000000000800a050       0xcc ../Hello_bsp//newlib/nios2-elf/lib\libc.a(lib_a-mprec.o)
                0x000000000800a050                __ulp
 .text.__b2d    0x000000000800a11c      0x204 ../Hello_bsp//newlib/nios2-elf/lib\libc.a(lib_a-mprec.o)
                0x000000000800a11c                __b2d
 .text.__d2b    0x000000000800a320      0x240 ../Hello_bsp//newlib/nios2-elf/lib\libc.a(lib_a-mprec.o)
                0x000000000800a320                __d2b
 .text.__ratio  0x000000000800a560      0x11c ../Hello_bsp//newlib/nios2-elf/lib\libc.a(lib_a-mprec.o)
                0x000000000800a560                __ratio
 .text._mprec_log10
                0x000000000800a67c       0xb0 ../Hello_bsp//newlib/nios2-elf/lib\libc.a(lib_a-mprec.o)
                0x000000000800a67c                _mprec_log10
 .text.__copybits
                0x000000000800a72c       0xd0 ../Hello_bsp//newlib/nios2-elf/lib\libc.a(lib_a-mprec.o)
                0x000000000800a72c                __copybits
 .text.__any_on
                0x000000000800a7fc      0x134 ../Hello_bsp//newlib/nios2-elf/lib\libc.a(lib_a-mprec.o)
                0x000000000800a7fc                __any_on
 .text          0x000000000800a930        0x0 ../Hello_bsp//newlib/nios2-elf/lib\libc.a(lib_a-putc.o)
 .text._putc_r  0x000000000800a930      0x104 ../Hello_bsp//newlib/nios2-elf/lib\libc.a(lib_a-putc.o)
                0x000000000800a930                _putc_r
 .text.putc     0x000000000800aa34      0x108 ../Hello_bsp//newlib/nios2-elf/lib\libc.a(lib_a-putc.o)
                0x000000000800aa34                putc
 .text          0x000000000800ab3c        0x0 ../Hello_bsp//newlib/nios2-elf/lib\libc.a(lib_a-reallocr.o)
 .text._realloc_r
                0x000000000800ab3c      0xbf0 ../Hello_bsp//newlib/nios2-elf/lib\libc.a(lib_a-reallocr.o)
                0x000000000800ab3c                _realloc_r
 .text          0x000000000800b72c        0x0 ../Hello_bsp//newlib/nios2-elf/lib\libc.a(lib_a-s_fpclassify.o)
 .text.__fpclassifyd
                0x000000000800b72c      0x104 ../Hello_bsp//newlib/nios2-elf/lib\libc.a(lib_a-s_fpclassify.o)
                0x000000000800b72c                __fpclassifyd
 .text          0x000000000800b830        0x0 ../Hello_bsp//newlib/nios2-elf/lib\libc.a(lib_a-stdio.o)
 .text.__sread  0x000000000800b830       0x9c ../Hello_bsp//newlib/nios2-elf/lib\libc.a(lib_a-stdio.o)
                0x000000000800b830                __sread
 .text.__seofread
                0x000000000800b8cc       0x30 ../Hello_bsp//newlib/nios2-elf/lib\libc.a(lib_a-stdio.o)
                0x000000000800b8cc                __seofread
 .text.__swrite
                0x000000000800b8fc       0xb4 ../Hello_bsp//newlib/nios2-elf/lib\libc.a(lib_a-stdio.o)
                0x000000000800b8fc                __swrite
 .text.__sseek  0x000000000800b9b0       0xa0 ../Hello_bsp//newlib/nios2-elf/lib\libc.a(lib_a-stdio.o)
                0x000000000800b9b0                __sseek
 .text.__sclose
                0x000000000800ba50       0x54 ../Hello_bsp//newlib/nios2-elf/lib\libc.a(lib_a-stdio.o)
                0x000000000800ba50                __sclose
 .text          0x000000000800baa4        0x0 ../Hello_bsp//newlib/nios2-elf/lib\libc.a(lib_a-strcmp.o)
 .text.strcmp   0x000000000800baa4      0x140 ../Hello_bsp//newlib/nios2-elf/lib\libc.a(lib_a-strcmp.o)
                0x000000000800baa4                strcmp
 .text          0x000000000800bbe4        0x0 ../Hello_bsp//newlib/nios2-elf/lib\libc.a(lib_a-vfiprintf.o)
 .text.__sprint_r
                0x000000000800bbe4      0x13c ../Hello_bsp//newlib/nios2-elf/lib\libc.a(lib_a-vfiprintf.o)
                0x000000000800bbe4                __sprint_r
 .text.__sbprintf
                0x000000000800bd20       0xf0 ../Hello_bsp//newlib/nios2-elf/lib\libc.a(lib_a-vfiprintf.o)
 .text.__vfiprintf_internal
                0x000000000800be10       0x50 ../Hello_bsp//newlib/nios2-elf/lib\libc.a(lib_a-vfiprintf.o)
                0x000000000800be10                __vfiprintf_internal
 .text.___vfiprintf_internal_r
                0x000000000800be60     0x12c4 ../Hello_bsp//newlib/nios2-elf/lib\libc.a(lib_a-vfiprintf.o)
                0x000000000800be60                ___vfiprintf_internal_r
 .text          0x000000000800d124        0x0 ../Hello_bsp//newlib/nios2-elf/lib\libc.a(lib_a-wbuf.o)
 .text.__swbuf_r
                0x000000000800d124      0x168 ../Hello_bsp//newlib/nios2-elf/lib\libc.a(lib_a-wbuf.o)
                0x000000000800d124                __swbuf_r
 .text.__swbuf  0x000000000800d28c       0x40 ../Hello_bsp//newlib/nios2-elf/lib\libc.a(lib_a-wbuf.o)
                0x000000000800d28c                __swbuf
 .text          0x000000000800d2cc        0x0 ../Hello_bsp//newlib/nios2-elf/lib\libc.a(lib_a-writer.o)
 .text._write_r
                0x000000000800d2cc       0x70 ../Hello_bsp//newlib/nios2-elf/lib\libc.a(lib_a-writer.o)
                0x000000000800d2cc                _write_r
 .text          0x000000000800d33c        0x0 ../Hello_bsp//newlib/nios2-elf/lib\libc.a(closer.o)
 .text._close_r
                0x000000000800d33c       0x60 ../Hello_bsp//newlib/nios2-elf/lib\libc.a(closer.o)
                0x000000000800d33c                _close_r
 .text          0x000000000800d39c        0x0 ../Hello_bsp//newlib/nios2-elf/lib\libc.a(lib_a-callocr.o)
 .text._calloc_r
                0x000000000800d39c      0x164 ../Hello_bsp//newlib/nios2-elf/lib\libc.a(lib_a-callocr.o)
                0x000000000800d39c                _calloc_r
 .text          0x000000000800d500        0x0 ../Hello_bsp//newlib/nios2-elf/lib\libc.a(lib_a-fclose.o)
 .text._fclose_r
                0x000000000800d500      0x12c ../Hello_bsp//newlib/nios2-elf/lib\libc.a(lib_a-fclose.o)
                0x000000000800d500                _fclose_r
 .text.fclose   0x000000000800d62c       0x38 ../Hello_bsp//newlib/nios2-elf/lib\libc.a(lib_a-fclose.o)
                0x000000000800d62c                fclose
 .text          0x000000000800d664        0x0 ../Hello_bsp//newlib/nios2-elf/lib\libc.a(lib_a-fputwc.o)
 .text.__fputwc
                0x000000000800d664      0x1f4 ../Hello_bsp//newlib/nios2-elf/lib\libc.a(lib_a-fputwc.o)
                0x000000000800d664                __fputwc
 .text._fputwc_r
                0x000000000800d858       0x88 ../Hello_bsp//newlib/nios2-elf/lib\libc.a(lib_a-fputwc.o)
                0x000000000800d858                _fputwc_r
 .text.fputwc   0x000000000800d8e0       0x68 ../Hello_bsp//newlib/nios2-elf/lib\libc.a(lib_a-fputwc.o)
                0x000000000800d8e0                fputwc
 .text          0x000000000800d948        0x0 ../Hello_bsp//newlib/nios2-elf/lib\libc.a(lib_a-fstatr.o)
 .text._fstat_r
                0x000000000800d948       0x68 ../Hello_bsp//newlib/nios2-elf/lib\libc.a(lib_a-fstatr.o)
                0x000000000800d948                _fstat_r
 .text          0x000000000800d9b0        0x0 ../Hello_bsp//newlib/nios2-elf/lib\libc.a(lib_a-isattyr.o)
 .text._isatty_r
                0x000000000800d9b0       0x60 ../Hello_bsp//newlib/nios2-elf/lib\libc.a(lib_a-isattyr.o)
                0x000000000800d9b0                _isatty_r
 .text          0x000000000800da10        0x0 ../Hello_bsp//newlib/nios2-elf/lib\libc.a(lib_a-lseekr.o)
 .text._lseek_r
                0x000000000800da10       0x70 ../Hello_bsp//newlib/nios2-elf/lib\libc.a(lib_a-lseekr.o)
                0x000000000800da10                _lseek_r
 .text          0x000000000800da80        0x0 ../Hello_bsp//newlib/nios2-elf/lib\libc.a(lib_a-readr.o)
 .text._read_r  0x000000000800da80       0x70 ../Hello_bsp//newlib/nios2-elf/lib\libc.a(lib_a-readr.o)
                0x000000000800da80                _read_r
 .text          0x000000000800daf0        0x0 ../Hello_bsp//newlib/nios2-elf/lib\libc.a(lib_a-wcrtomb.o)
 .text._wcrtomb_r
                0x000000000800daf0       0xd4 ../Hello_bsp//newlib/nios2-elf/lib\libc.a(lib_a-wcrtomb.o)
                0x000000000800daf0                _wcrtomb_r
 .text.wcrtomb  0x000000000800dbc4       0xd8 ../Hello_bsp//newlib/nios2-elf/lib\libc.a(lib_a-wcrtomb.o)
                0x000000000800dbc4                wcrtomb
 .text          0x000000000800dc9c        0x0 ../Hello_bsp//newlib/nios2-elf/lib\libc.a(lib_a-wctomb_r.o)
 .text._wctomb_r
                0x000000000800dc9c       0x64 ../Hello_bsp//newlib/nios2-elf/lib\libc.a(lib_a-wctomb_r.o)
                0x000000000800dc9c                _wctomb_r
 .text.__ascii_wctomb
                0x000000000800dd00       0x78 ../Hello_bsp//newlib/nios2-elf/lib\libc.a(lib_a-wctomb_r.o)
                0x000000000800dd00                __ascii_wctomb
 .text          0x000000000800dd78      0x578 d:/intelfpga_lite/18.0/nios2eds/bin/gnu/h-x86_64-mingw32/bin/../lib/gcc/nios2-elf/5.3.0\libgcc.a(_udivdi3.o)
                0x000000000800dd78                __udivdi3
 .text          0x000000000800e2f0      0x538 d:/intelfpga_lite/18.0/nios2eds/bin/gnu/h-x86_64-mingw32/bin/../lib/gcc/nios2-elf/5.3.0\libgcc.a(_umoddi3.o)
                0x000000000800e2f0                __umoddi3
 .text          0x000000000800e828      0x8ac d:/intelfpga_lite/18.0/nios2eds/bin/gnu/h-x86_64-mingw32/bin/../lib/gcc/nios2-elf/5.3.0\libgcc.a(adddf3.o)
                0x000000000800e828                __adddf3
 .text          0x000000000800f0d4      0x8e8 d:/intelfpga_lite/18.0/nios2eds/bin/gnu/h-x86_64-mingw32/bin/../lib/gcc/nios2-elf/5.3.0\libgcc.a(divdf3.o)
                0x000000000800f0d4                __divdf3
 .text          0x000000000800f9bc       0x88 d:/intelfpga_lite/18.0/nios2eds/bin/gnu/h-x86_64-mingw32/bin/../lib/gcc/nios2-elf/5.3.0\libgcc.a(eqdf2.o)
                0x000000000800f9bc                __nedf2
                0x000000000800f9bc                __eqdf2
 .text          0x000000000800fa44       0xdc d:/intelfpga_lite/18.0/nios2eds/bin/gnu/h-x86_64-mingw32/bin/../lib/gcc/nios2-elf/5.3.0\libgcc.a(gedf2.o)
                0x000000000800fa44                __gedf2
                0x000000000800fa44                __gtdf2
 .text          0x000000000800fb20       0xf4 d:/intelfpga_lite/18.0/nios2eds/bin/gnu/h-x86_64-mingw32/bin/../lib/gcc/nios2-elf/5.3.0\libgcc.a(ledf2.o)
                0x000000000800fb20                __ledf2
                0x000000000800fb20                __ltdf2
 .text          0x000000000800fc14      0x718 d:/intelfpga_lite/18.0/nios2eds/bin/gnu/h-x86_64-mingw32/bin/../lib/gcc/nios2-elf/5.3.0\libgcc.a(muldf3.o)
                0x000000000800fc14                __muldf3
 .text          0x000000000801032c      0x8fc d:/intelfpga_lite/18.0/nios2eds/bin/gnu/h-x86_64-mingw32/bin/../lib/gcc/nios2-elf/5.3.0\libgcc.a(subdf3.o)
                0x000000000801032c                __subdf3
 .text          0x0000000008010c28       0x80 d:/intelfpga_lite/18.0/nios2eds/bin/gnu/h-x86_64-mingw32/bin/../lib/gcc/nios2-elf/5.3.0\libgcc.a(fixdfsi.o)
                0x0000000008010c28                __fixdfsi
 .text          0x0000000008010ca8       0xdc d:/intelfpga_lite/18.0/nios2eds/bin/gnu/h-x86_64-mingw32/bin/../lib/gcc/nios2-elf/5.3.0\libgcc.a(floatsidf.o)
                0x0000000008010ca8                __floatsidf
 .text          0x0000000008010d84       0xa8 d:/intelfpga_lite/18.0/nios2eds/bin/gnu/h-x86_64-mingw32/bin/../lib/gcc/nios2-elf/5.3.0\libgcc.a(floatunsidf.o)
                0x0000000008010d84                __floatunsidf
 .text          0x0000000008010e2c        0x0 d:/intelfpga_lite/18.0/nios2eds/bin/gnu/h-x86_64-mingw32/bin/../lib/gcc/nios2-elf/5.3.0\libgcc.a(_clz.o)
 .text          0x0000000008010e2c       0x64 d:/intelfpga_lite/18.0/nios2eds/bin/gnu/h-x86_64-mingw32/bin/../lib/gcc/nios2-elf/5.3.0\libgcc.a(_clzsi2.o)
                0x0000000008010e2c                __clzsi2
 .text          0x0000000008010e90      0x10c ../Hello_bsp/\libhal_bsp.a(alt_close.o)
                0x0000000008010ecc                close
 .text          0x0000000008010f9c       0x2c ../Hello_bsp/\libhal_bsp.a(alt_dev.o)
 .text          0x0000000008010fc8        0x0 ../Hello_bsp/\libhal_bsp.a(alt_errno.o)
 .text          0x0000000008010fc8       0xec ../Hello_bsp/\libhal_bsp.a(alt_fstat.o)
                0x0000000008011004                fstat
 .text          0x00000000080110b4       0xe0 ../Hello_bsp/\libhal_bsp.a(alt_isatty.o)
                0x00000000080110f0                isatty
 .text          0x0000000008011194       0xec ../Hello_bsp/\libhal_bsp.a(alt_load.o)
                0x00000000080111fc                alt_load
 .text          0x0000000008011280      0x110 ../Hello_bsp/\libhal_bsp.a(alt_lseek.o)
                0x00000000080112bc                lseek
 .text          0x0000000008011390       0x6c ../Hello_bsp/\libhal_bsp.a(alt_main.o)
                0x0000000008011390                alt_main
 .text          0x00000000080113fc       0x48 ../Hello_bsp/\libhal_bsp.a(alt_malloc_lock.o)
                0x00000000080113fc                __malloc_lock
                0x0000000008011420                __malloc_unlock
 .text          0x0000000008011444      0x138 ../Hello_bsp/\libhal_bsp.a(alt_read.o)
                0x0000000008011480                read
 .text          0x000000000801157c       0x64 ../Hello_bsp/\libhal_bsp.a(alt_release_fd.o)
                0x000000000801157c                alt_release_fd
 .text          0x00000000080115e0       0xb0 ../Hello_bsp/\libhal_bsp.a(alt_sbrk.o)
                0x00000000080115e0                sbrk
 .text          0x0000000008011690      0x134 ../Hello_bsp/\libhal_bsp.a(alt_write.o)
                0x00000000080116cc                write
 .text          0x00000000080117c4       0xd0 ../Hello_bsp/\libhal_bsp.a(alt_sys_init.o)
                0x00000000080117f8                alt_irq_init
                0x0000000008011830                alt_sys_init
 .text          0x0000000008011894      0x164 ../Hello_bsp/\libhal_bsp.a(altera_avalon_jtag_uart_fd.o)
                0x0000000008011894                altera_avalon_jtag_uart_read_fd
                0x00000000080118f4                altera_avalon_jtag_uart_write_fd
                0x0000000008011954                altera_avalon_jtag_uart_close_fd
                0x00000000080119a4                altera_avalon_jtag_uart_ioctl_fd
 .text          0x00000000080119f8      0x3d4 ../Hello_bsp/\libhal_bsp.a(altera_avalon_jtag_uart_init.o)
                0x00000000080119f8                altera_avalon_jtag_uart_init
                0x0000000008011d64                altera_avalon_jtag_uart_close
 .text          0x0000000008011dcc       0xf0 ../Hello_bsp/\libhal_bsp.a(altera_avalon_jtag_uart_ioctl.o)
                0x0000000008011dcc                altera_avalon_jtag_uart_ioctl
 .text          0x0000000008011ebc      0x21c ../Hello_bsp/\libhal_bsp.a(altera_avalon_jtag_uart_read.o)
                0x0000000008011ebc                altera_avalon_jtag_uart_read
 .text          0x00000000080120d8      0x224 ../Hello_bsp/\libhal_bsp.a(altera_avalon_jtag_uart_write.o)
                0x00000000080120d8                altera_avalon_jtag_uart_write
 .text          0x00000000080122fc       0xf4 ../Hello_bsp/\libhal_bsp.a(altera_avalon_timer_sc.o)
                0x0000000008012374                alt_avalon_timer_sc_init
 .text          0x00000000080123f0      0x12c ../Hello_bsp/\libhal_bsp.a(alt_alarm_start.o)
                0x00000000080123f0                alt_alarm_start
 .text          0x000000000801251c       0x48 ../Hello_bsp/\libhal_bsp.a(alt_dcache_flush_all.o)
                0x000000000801251c                alt_dcache_flush_all
 .text          0x0000000008012564       0xe0 ../Hello_bsp/\libhal_bsp.a(alt_dev_llist_insert.o)
                0x00000000080125a0                alt_dev_llist_insert
 .text          0x0000000008012644       0x34 ../Hello_bsp/\libhal_bsp.a(alt_icache_flush_all.o)
                0x0000000008012644                alt_icache_flush_all
 .text          0x0000000008012678      0x1b0 ../Hello_bsp/\libhal_bsp.a(alt_iic.o)
                0x0000000008012678                alt_ic_isr_register
                0x00000000080126c8                alt_ic_irq_enable
                0x0000000008012750                alt_ic_irq_disable
                0x00000000080127dc                alt_ic_irq_enabled
 .text          0x0000000008012828       0xf0 ../Hello_bsp/\libhal_bsp.a(alt_iic_isr_register.o)
                0x0000000008012828                alt_iic_isr_register
 .text          0x0000000008012918      0x140 ../Hello_bsp/\libhal_bsp.a(alt_io_redirect.o)
                0x00000000080129dc                alt_io_redirect
 .text          0x0000000008012a58        0x0 ../Hello_bsp/\libhal_bsp.a(alt_irq_entry.o)
 .text          0x0000000008012a58        0x0 ../Hello_bsp/\libhal_bsp.a(alt_irq_handler.o)
 .text          0x0000000008012a58        0x0 ../Hello_bsp/\libhal_bsp.a(alt_irq_vars.o)
 .text          0x0000000008012a58      0x254 ../Hello_bsp/\libhal_bsp.a(alt_open.o)
                0x0000000008012b58                open
 .text          0x0000000008012cac      0x1a4 ../Hello_bsp/\libhal_bsp.a(alt_tick.o)
                0x0000000008012cac                alt_alarm_stop
                0x0000000008012d48                alt_tick
 .text          0x0000000008012e50       0x24 ../Hello_bsp/\libhal_bsp.a(altera_nios2_gen2_irq.o)
                0x0000000008012e50                altera_nios2_gen2_irq_init
 .text          0x0000000008012e74        0x0 ../Hello_bsp/\libhal_bsp.a(alt_exception_entry.o)
 .text          0x0000000008012e74       0x90 ../Hello_bsp/\libhal_bsp.a(alt_find_dev.o)
                0x0000000008012e74                alt_find_dev
 .text          0x0000000008012f04      0x108 ../Hello_bsp/\libhal_bsp.a(alt_find_file.o)
                0x0000000008012f04                alt_find_file
 .text          0x000000000801300c       0xa4 ../Hello_bsp/\libhal_bsp.a(alt_get_fd.o)
                0x000000000801300c                alt_get_fd
 .text          0x00000000080130b0       0x90 ../Hello_bsp/\libhal_bsp.a(alt_icache_flush.o)
                0x00000000080130b0                alt_icache_flush
 .text          0x0000000008013140       0x9c ../Hello_bsp/\libhal_bsp.a(alt_instruction_exception_entry.o)
                0x0000000008013140                alt_exception_cause_generated_bad_addr
 .text          0x00000000080131dc        0x0 ../Hello_bsp//newlib/nios2-elf/lib\libc.a(lib_a-exit.o)
 .text.exit     0x00000000080131dc       0x48 ../Hello_bsp//newlib/nios2-elf/lib\libc.a(lib_a-exit.o)
                0x00000000080131dc                exit
 .text          0x0000000008013224        0x0 ../Hello_bsp//newlib/nios2-elf/lib\libc.a(lib_a-memcmp.o)
 .text.memcmp   0x0000000008013224      0x134 ../Hello_bsp//newlib/nios2-elf/lib\libc.a(lib_a-memcmp.o)
                0x0000000008013224                memcmp
 .text          0x0000000008013358        0x0 ../Hello_bsp//newlib/nios2-elf/lib\libc.a(lib_a-__call_atexit.o)
 .text.__call_exitprocs
                0x0000000008013358      0x1ec ../Hello_bsp//newlib/nios2-elf/lib\libc.a(lib_a-__call_atexit.o)
                0x0000000008013358                __call_exitprocs
 .text          0x0000000008013544       0x34 ../Hello_bsp/\libhal_bsp.a(alt_exit.o)
                0x0000000008013544                _exit
 *(.gnu.warning.*)
 *(.fini)
                [!provide]                        PROVIDE (__etext, ABSOLUTE (.))
                [!provide]                        PROVIDE (_etext, ABSOLUTE (.))
                [!provide]                        PROVIDE (etext, ABSOLUTE (.))
 *(.eh_frame_hdr)
                0x0000000008013578                . = ALIGN (0x4)
                [!provide]                        PROVIDE (__preinit_array_start, ABSOLUTE (.))
 *(.preinit_array)
                [!provide]                        PROVIDE (__preinit_array_end, ABSOLUTE (.))
                [!provide]                        PROVIDE (__init_array_start, ABSOLUTE (.))
 *(.init_array)
                [!provide]                        PROVIDE (__init_array_end, ABSOLUTE (.))
                [!provide]                        PROVIDE (__fini_array_start, ABSOLUTE (.))
 *(.fini_array)
                [!provide]                        PROVIDE (__fini_array_end, ABSOLUTE (.))
 *(.eh_frame)
 *(.gcc_except_table .gcc_except_table.*)
 *(.dynamic)
                [!provide]                        PROVIDE (__CTOR_LIST__, ABSOLUTE (.))
 *(.ctors)
 *(SORT(.ctors.*))
                [!provide]                        PROVIDE (__CTOR_END__, ABSOLUTE (.))
                [!provide]                        PROVIDE (__DTOR_LIST__, ABSOLUTE (.))
 *(.dtors)
 *(SORT(.dtors.*))
                [!provide]                        PROVIDE (__DTOR_END__, ABSOLUTE (.))
 *(.jcr)
                0x0000000008013578                . = ALIGN (0x4)

.rodata         0x0000000008013578      0x504
                0x0000000008013578                PROVIDE (__ram_rodata_start, ABSOLUTE (.))
                0x0000000008013578                . = ALIGN (0x4)
 *(.rodata .rodata.* .gnu.linkonce.r.*)
 .rodata        0x0000000008013578       0xf1 obj/default/gppcu.o
 *fill*         0x0000000008013669        0x3 
 .rodata        0x000000000801366c       0x9c obj/default/main.o
 .rodata        0x0000000008013708        0x2 ../Hello_bsp//newlib/nios2-elf/lib\libc.a(lib_a-puts.o)
 *fill*         0x000000000801370a        0x2 
 .rodata        0x000000000801370c       0x5e ../Hello_bsp//newlib/nios2-elf/lib\libc.a(lib_a-vfprintf.o)
 .rodata.blanks.4403
                0x000000000801376a       0x10 ../Hello_bsp//newlib/nios2-elf/lib\libc.a(lib_a-vfprintf.o)
 .rodata.zeroes.4404
                0x000000000801377a       0x10 ../Hello_bsp//newlib/nios2-elf/lib\libc.a(lib_a-vfprintf.o)
 *fill*         0x000000000801378a        0x2 
 .rodata        0x000000000801378c       0x12 ../Hello_bsp//newlib/nios2-elf/lib\libc.a(lib_a-dtoa.o)
 *fill*         0x000000000801379e        0x2 
 .rodata        0x00000000080137a0        0x2 ../Hello_bsp//newlib/nios2-elf/lib\libc.a(lib_a-impure.o)
 *fill*         0x00000000080137a2        0x2 
 .rodata        0x00000000080137a4       0x12 ../Hello_bsp//newlib/nios2-elf/lib\libc.a(lib_a-locale.o)
 *fill*         0x00000000080137b6        0x2 
 .rodata.__mprec_tens
                0x00000000080137b8       0xc8 ../Hello_bsp//newlib/nios2-elf/lib\libc.a(lib_a-mprec.o)
                0x00000000080137b8                __mprec_tens
 .rodata.__mprec_bigtens
                0x0000000008013880       0x28 ../Hello_bsp//newlib/nios2-elf/lib\libc.a(lib_a-mprec.o)
                0x0000000008013880                __mprec_bigtens
 .rodata.__mprec_tinytens
                0x00000000080138a8       0x28 ../Hello_bsp//newlib/nios2-elf/lib\libc.a(lib_a-mprec.o)
                0x00000000080138a8                __mprec_tinytens
 .rodata.p05.2768
                0x00000000080138d0        0xc ../Hello_bsp//newlib/nios2-elf/lib\libc.a(lib_a-mprec.o)
 .rodata        0x00000000080138dc       0x4a ../Hello_bsp//newlib/nios2-elf/lib\libc.a(lib_a-vfiprintf.o)
 .rodata.blanks.4348
                0x0000000008013926       0x10 ../Hello_bsp//newlib/nios2-elf/lib\libc.a(lib_a-vfiprintf.o)
 .rodata.zeroes.4349
                0x0000000008013936       0x10 ../Hello_bsp//newlib/nios2-elf/lib\libc.a(lib_a-vfiprintf.o)
 .rodata        0x0000000008013946      0x100 d:/intelfpga_lite/18.0/nios2eds/bin/gnu/h-x86_64-mingw32/bin/../lib/gcc/nios2-elf/5.3.0\libgcc.a(_clz.o)
                0x0000000008013946                __clz_tab
 *fill*         0x0000000008013a46        0x2 
 .rodata        0x0000000008013a48        0xa ../Hello_bsp/\libhal_bsp.a(alt_dev.o)
 *fill*         0x0000000008013a52        0x2 
 .rodata        0x0000000008013a54       0x11 ../Hello_bsp/\libhal_bsp.a(alt_main.o)
 *fill*         0x0000000008013a65        0x3 
 .rodata        0x0000000008013a68       0x11 ../Hello_bsp/\libhal_bsp.a(alt_sys_init.o)
 *(.rodata1)
                0x0000000008013a7c                . = ALIGN (0x4)
 *fill*         0x0000000008013a79        0x3 
                0x0000000008013a7c                PROVIDE (__ram_rodata_end, ABSOLUTE (.))
                0x0000000008013578                PROVIDE (__flash_rodata_start, LOADADDR (.rodata))

.rwdata         0x0000000008013a7c     0x1aec load address 0x0000000008015568
                0x0000000008013a7c                PROVIDE (__ram_rwdata_start, ABSOLUTE (.))
                0x0000000008013a7c                . = ALIGN (0x4)
 *(.got.plt)
 *(.got)
 *(.data1)
 *(.data .data.* .gnu.linkonce.d.*)
 .data          0x0000000008013a7c        0x0 ../Hello_bsp//obj/HAL/src/crt0.o
 .data          0x0000000008013a7c        0x0 obj/default/gppcu.o
 .data          0x0000000008013a7c        0x0 obj/default/main.o
 .data          0x0000000008013a7c        0x0 obj/default/utils.o
 .data          0x0000000008013a7c        0x0 d:/intelfpga_lite/18.0/nios2eds/bin/gnu/h-x86_64-mingw32/bin/../lib/gcc/nios2-elf/5.3.0\libgcc.a(lib2-divmod.o)
 .data          0x0000000008013a7c        0x0 ../Hello_bsp//newlib/nios2-elf/lib\libc.a(lib_a-malloc.o)
 .data          0x0000000008013a7c        0x0 ../Hello_bsp//newlib/nios2-elf/lib\libc.a(lib_a-mallocr.o)
 .data.__malloc_av_
                0x0000000008013a7c      0x408 ../Hello_bsp//newlib/nios2-elf/lib\libc.a(lib_a-mallocr.o)
                0x0000000008013a7c                __malloc_av_
 .data          0x0000000008013e84        0x0 ../Hello_bsp//newlib/nios2-elf/lib\libc.a(lib_a-memcpy.o)
 .data          0x0000000008013e84        0x0 ../Hello_bsp//newlib/nios2-elf/lib\libc.a(lib_a-printf.o)
 .data          0x0000000008013e84        0x0 ../Hello_bsp//newlib/nios2-elf/lib\libc.a(lib_a-putchar.o)
 .data          0x0000000008013e84        0x0 ../Hello_bsp//newlib/nios2-elf/lib\libc.a(lib_a-puts.o)
 .data          0x0000000008013e84        0x0 ../Hello_bsp//newlib/nios2-elf/lib\libc.a(lib_a-sbrkr.o)
 .data          0x0000000008013e84        0x0 ../Hello_bsp//newlib/nios2-elf/lib\libc.a(lib_a-strlen.o)
 .data          0x0000000008013e84        0x0 ../Hello_bsp//newlib/nios2-elf/lib\libc.a(lib_a-vfprintf.o)
 .data          0x0000000008013e84        0x0 ../Hello_bsp//newlib/nios2-elf/lib\libc.a(lib_a-wsetup.o)
 .data          0x0000000008013e84        0x0 ../Hello_bsp//newlib/nios2-elf/lib\libc.a(lib_a-dtoa.o)
 .data          0x0000000008013e84        0x0 ../Hello_bsp//newlib/nios2-elf/lib\libc.a(lib_a-fflush.o)
 .data          0x0000000008013e84        0x0 ../Hello_bsp//newlib/nios2-elf/lib\libc.a(lib_a-findfp.o)
 .data          0x0000000008013e84        0x0 ../Hello_bsp//newlib/nios2-elf/lib\libc.a(lib_a-freer.o)
 .data          0x0000000008013e84        0x0 ../Hello_bsp//newlib/nios2-elf/lib\libc.a(lib_a-fvwrite.o)
 .data          0x0000000008013e84        0x0 ../Hello_bsp//newlib/nios2-elf/lib\libc.a(lib_a-fwalk.o)
 .data          0x0000000008013e84        0x0 ../Hello_bsp//newlib/nios2-elf/lib\libc.a(lib_a-impure.o)
 .data.impure_data
                0x0000000008013e84      0x424 ../Hello_bsp//newlib/nios2-elf/lib\libc.a(lib_a-impure.o)
 .data          0x00000000080142a8        0x0 ../Hello_bsp//newlib/nios2-elf/lib\libc.a(lib_a-int_errno.o)
 .data          0x00000000080142a8        0x0 ../Hello_bsp//newlib/nios2-elf/lib\libc.a(lib_a-locale.o)
 .data.lconv    0x00000000080142a8       0x38 ../Hello_bsp//newlib/nios2-elf/lib\libc.a(lib_a-locale.o)
 .data.lc_ctype_charset
                0x00000000080142e0       0x20 ../Hello_bsp//newlib/nios2-elf/lib\libc.a(lib_a-locale.o)
 .data.lc_message_charset
                0x0000000008014300       0x20 ../Hello_bsp//newlib/nios2-elf/lib\libc.a(lib_a-locale.o)
 .data          0x0000000008014320        0x0 ../Hello_bsp//newlib/nios2-elf/lib\libc.a(lib_a-makebuf.o)
 .data          0x0000000008014320        0x0 ../Hello_bsp//newlib/nios2-elf/lib\libc.a(lib_a-memchr.o)
 .data          0x0000000008014320        0x0 ../Hello_bsp//newlib/nios2-elf/lib\libc.a(lib_a-memmove.o)
 .data          0x0000000008014320        0x0 ../Hello_bsp//newlib/nios2-elf/lib\libc.a(lib_a-memset.o)
 .data          0x0000000008014320        0x0 ../Hello_bsp//newlib/nios2-elf/lib\libc.a(lib_a-mprec.o)
 .data          0x0000000008014320        0x0 ../Hello_bsp//newlib/nios2-elf/lib\libc.a(lib_a-putc.o)
 .data          0x0000000008014320        0x0 ../Hello_bsp//newlib/nios2-elf/lib\libc.a(lib_a-reallocr.o)
 .data          0x0000000008014320        0x0 ../Hello_bsp//newlib/nios2-elf/lib\libc.a(lib_a-s_fpclassify.o)
 .data          0x0000000008014320        0x0 ../Hello_bsp//newlib/nios2-elf/lib\libc.a(lib_a-stdio.o)
 .data          0x0000000008014320        0x0 ../Hello_bsp//newlib/nios2-elf/lib\libc.a(lib_a-strcmp.o)
 .data          0x0000000008014320        0x0 ../Hello_bsp//newlib/nios2-elf/lib\libc.a(lib_a-vfiprintf.o)
 .data          0x0000000008014320        0x0 ../Hello_bsp//newlib/nios2-elf/lib\libc.a(lib_a-wbuf.o)
 .data          0x0000000008014320        0x0 ../Hello_bsp//newlib/nios2-elf/lib\libc.a(lib_a-writer.o)
 .data          0x0000000008014320        0x0 ../Hello_bsp//newlib/nios2-elf/lib\libc.a(closer.o)
 .data          0x0000000008014320        0x0 ../Hello_bsp//newlib/nios2-elf/lib\libc.a(lib_a-callocr.o)
 .data          0x0000000008014320        0x0 ../Hello_bsp//newlib/nios2-elf/lib\libc.a(lib_a-fclose.o)
 .data          0x0000000008014320        0x0 ../Hello_bsp//newlib/nios2-elf/lib\libc.a(lib_a-fputwc.o)
 .data          0x0000000008014320        0x0 ../Hello_bsp//newlib/nios2-elf/lib\libc.a(lib_a-fstatr.o)
 .data          0x0000000008014320        0x0 ../Hello_bsp//newlib/nios2-elf/lib\libc.a(lib_a-isattyr.o)
 .data          0x0000000008014320        0x0 ../Hello_bsp//newlib/nios2-elf/lib\libc.a(lib_a-lseekr.o)
 .data          0x0000000008014320        0x0 ../Hello_bsp//newlib/nios2-elf/lib\libc.a(lib_a-readr.o)
 .data          0x0000000008014320        0x0 ../Hello_bsp//newlib/nios2-elf/lib\libc.a(lib_a-wcrtomb.o)
 .data          0x0000000008014320        0x0 ../Hello_bsp//newlib/nios2-elf/lib\libc.a(lib_a-wctomb_r.o)
 .data          0x0000000008014320        0x0 d:/intelfpga_lite/18.0/nios2eds/bin/gnu/h-x86_64-mingw32/bin/../lib/gcc/nios2-elf/5.3.0\libgcc.a(_udivdi3.o)
 .data          0x0000000008014320        0x0 d:/intelfpga_lite/18.0/nios2eds/bin/gnu/h-x86_64-mingw32/bin/../lib/gcc/nios2-elf/5.3.0\libgcc.a(_umoddi3.o)
 .data          0x0000000008014320        0x0 d:/intelfpga_lite/18.0/nios2eds/bin/gnu/h-x86_64-mingw32/bin/../lib/gcc/nios2-elf/5.3.0\libgcc.a(adddf3.o)
 .data          0x0000000008014320        0x0 d:/intelfpga_lite/18.0/nios2eds/bin/gnu/h-x86_64-mingw32/bin/../lib/gcc/nios2-elf/5.3.0\libgcc.a(divdf3.o)
 .data          0x0000000008014320        0x0 d:/intelfpga_lite/18.0/nios2eds/bin/gnu/h-x86_64-mingw32/bin/../lib/gcc/nios2-elf/5.3.0\libgcc.a(eqdf2.o)
 .data          0x0000000008014320        0x0 d:/intelfpga_lite/18.0/nios2eds/bin/gnu/h-x86_64-mingw32/bin/../lib/gcc/nios2-elf/5.3.0\libgcc.a(gedf2.o)
 .data          0x0000000008014320        0x0 d:/intelfpga_lite/18.0/nios2eds/bin/gnu/h-x86_64-mingw32/bin/../lib/gcc/nios2-elf/5.3.0\libgcc.a(ledf2.o)
 .data          0x0000000008014320        0x0 d:/intelfpga_lite/18.0/nios2eds/bin/gnu/h-x86_64-mingw32/bin/../lib/gcc/nios2-elf/5.3.0\libgcc.a(muldf3.o)
 .data          0x0000000008014320        0x0 d:/intelfpga_lite/18.0/nios2eds/bin/gnu/h-x86_64-mingw32/bin/../lib/gcc/nios2-elf/5.3.0\libgcc.a(subdf3.o)
 .data          0x0000000008014320        0x0 d:/intelfpga_lite/18.0/nios2eds/bin/gnu/h-x86_64-mingw32/bin/../lib/gcc/nios2-elf/5.3.0\libgcc.a(fixdfsi.o)
 .data          0x0000000008014320        0x0 d:/intelfpga_lite/18.0/nios2eds/bin/gnu/h-x86_64-mingw32/bin/../lib/gcc/nios2-elf/5.3.0\libgcc.a(floatsidf.o)
 .data          0x0000000008014320        0x0 d:/intelfpga_lite/18.0/nios2eds/bin/gnu/h-x86_64-mingw32/bin/../lib/gcc/nios2-elf/5.3.0\libgcc.a(floatunsidf.o)
 .data          0x0000000008014320        0x0 d:/intelfpga_lite/18.0/nios2eds/bin/gnu/h-x86_64-mingw32/bin/../lib/gcc/nios2-elf/5.3.0\libgcc.a(_clz.o)
 .data          0x0000000008014320        0x0 d:/intelfpga_lite/18.0/nios2eds/bin/gnu/h-x86_64-mingw32/bin/../lib/gcc/nios2-elf/5.3.0\libgcc.a(_clzsi2.o)
 .data          0x0000000008014320        0x0 ../Hello_bsp/\libhal_bsp.a(alt_close.o)
 .data          0x0000000008014320      0x1a8 ../Hello_bsp/\libhal_bsp.a(alt_dev.o)
                0x0000000008014320                alt_dev_null
                0x0000000008014348                alt_fd_list
 .data          0x00000000080144c8        0x0 ../Hello_bsp/\libhal_bsp.a(alt_errno.o)
 .data          0x00000000080144c8        0x0 ../Hello_bsp/\libhal_bsp.a(alt_fstat.o)
 .data          0x00000000080144c8        0x0 ../Hello_bsp/\libhal_bsp.a(alt_isatty.o)
 .data          0x00000000080144c8        0x0 ../Hello_bsp/\libhal_bsp.a(alt_load.o)
 .data          0x00000000080144c8        0x0 ../Hello_bsp/\libhal_bsp.a(alt_lseek.o)
 .data          0x00000000080144c8        0x0 ../Hello_bsp/\libhal_bsp.a(alt_main.o)
 .data          0x00000000080144c8        0x0 ../Hello_bsp/\libhal_bsp.a(alt_malloc_lock.o)
 .data          0x00000000080144c8        0x0 ../Hello_bsp/\libhal_bsp.a(alt_read.o)
 .data          0x00000000080144c8        0x0 ../Hello_bsp/\libhal_bsp.a(alt_release_fd.o)
 .data          0x00000000080144c8        0x0 ../Hello_bsp/\libhal_bsp.a(alt_sbrk.o)
 .data          0x00000000080144c8        0x0 ../Hello_bsp/\libhal_bsp.a(alt_write.o)
 .data          0x00000000080144c8     0x1060 ../Hello_bsp/\libhal_bsp.a(alt_sys_init.o)
 .data          0x0000000008015528        0x0 ../Hello_bsp/\libhal_bsp.a(altera_avalon_jtag_uart_fd.o)
 .data          0x0000000008015528        0x0 ../Hello_bsp/\libhal_bsp.a(altera_avalon_jtag_uart_init.o)
 .data          0x0000000008015528        0x0 ../Hello_bsp/\libhal_bsp.a(altera_avalon_jtag_uart_ioctl.o)
 .data          0x0000000008015528        0x0 ../Hello_bsp/\libhal_bsp.a(altera_avalon_jtag_uart_read.o)
 .data          0x0000000008015528        0x0 ../Hello_bsp/\libhal_bsp.a(altera_avalon_jtag_uart_write.o)
 .data          0x0000000008015528        0x0 ../Hello_bsp/\libhal_bsp.a(altera_avalon_timer_sc.o)
 .data          0x0000000008015528        0x0 ../Hello_bsp/\libhal_bsp.a(alt_alarm_start.o)
 .data          0x0000000008015528        0x0 ../Hello_bsp/\libhal_bsp.a(alt_dcache_flush_all.o)
 .data          0x0000000008015528        0x0 ../Hello_bsp/\libhal_bsp.a(alt_dev_llist_insert.o)
 .data          0x0000000008015528        0x0 ../Hello_bsp/\libhal_bsp.a(alt_icache_flush_all.o)
 .data          0x0000000008015528        0x0 ../Hello_bsp/\libhal_bsp.a(alt_iic.o)
 .data          0x0000000008015528        0x0 ../Hello_bsp/\libhal_bsp.a(alt_iic_isr_register.o)
 .data          0x0000000008015528        0x0 ../Hello_bsp/\libhal_bsp.a(alt_io_redirect.o)
 .data          0x0000000008015528        0x0 ../Hello_bsp/\libhal_bsp.a(alt_irq_entry.o)
 .data          0x0000000008015528        0x0 ../Hello_bsp/\libhal_bsp.a(alt_irq_handler.o)
 .data          0x0000000008015528        0x0 ../Hello_bsp/\libhal_bsp.a(alt_irq_vars.o)
 .data          0x0000000008015528        0x0 ../Hello_bsp/\libhal_bsp.a(alt_open.o)
 .data          0x0000000008015528        0x0 ../Hello_bsp/\libhal_bsp.a(alt_tick.o)
 .data          0x0000000008015528        0x0 ../Hello_bsp/\libhal_bsp.a(altera_nios2_gen2_irq.o)
 .data          0x0000000008015528        0x0 ../Hello_bsp/\libhal_bsp.a(alt_exception_entry.o)
 .data          0x0000000008015528        0x0 ../Hello_bsp/\libhal_bsp.a(alt_find_dev.o)
 .data          0x0000000008015528        0x0 ../Hello_bsp/\libhal_bsp.a(alt_find_file.o)
 .data          0x0000000008015528        0x0 ../Hello_bsp/\libhal_bsp.a(alt_get_fd.o)
 .data          0x0000000008015528        0x0 ../Hello_bsp/\libhal_bsp.a(alt_icache_flush.o)
 .data          0x0000000008015528        0x0 ../Hello_bsp/\libhal_bsp.a(alt_instruction_exception_entry.o)
 .data          0x0000000008015528        0x0 ../Hello_bsp//newlib/nios2-elf/lib\libc.a(lib_a-exit.o)
 .data          0x0000000008015528        0x0 ../Hello_bsp//newlib/nios2-elf/lib\libc.a(lib_a-memcmp.o)
 .data          0x0000000008015528        0x0 ../Hello_bsp//newlib/nios2-elf/lib\libc.a(lib_a-__call_atexit.o)
 .data          0x0000000008015528        0x0 ../Hello_bsp/\libhal_bsp.a(alt_exit.o)
                0x000000000801d528                _gp = ABSOLUTE ((. + 0x8000))
                [!provide]                        PROVIDE (gp, _gp)
 *(.rwdata .rwdata.*)
 *(.sdata .sdata.* .gnu.linkonce.s.*)
 .sdata.__malloc_trim_threshold
                0x0000000008015528        0x4 ../Hello_bsp//newlib/nios2-elf/lib\libc.a(lib_a-mallocr.o)
                0x0000000008015528                __malloc_trim_threshold
 .sdata.__malloc_sbrk_base
                0x000000000801552c        0x4 ../Hello_bsp//newlib/nios2-elf/lib\libc.a(lib_a-mallocr.o)
                0x000000000801552c                __malloc_sbrk_base
 .sdata._impure_ptr
                0x0000000008015530        0x4 ../Hello_bsp//newlib/nios2-elf/lib\libc.a(lib_a-impure.o)
                0x0000000008015530                _impure_ptr
 .sdata._global_impure_ptr
                0x0000000008015534        0x4 ../Hello_bsp//newlib/nios2-elf/lib\libc.a(lib_a-impure.o)
                0x0000000008015534                _global_impure_ptr
 .sdata.__mb_cur_max
                0x0000000008015538        0x4 ../Hello_bsp//newlib/nios2-elf/lib\libc.a(lib_a-locale.o)
                0x0000000008015538                __mb_cur_max
 .sdata.__wctomb
                0x000000000801553c        0x4 ../Hello_bsp//newlib/nios2-elf/lib\libc.a(lib_a-wctomb_r.o)
                0x000000000801553c                __wctomb
 .sdata         0x0000000008015540       0x14 ../Hello_bsp/\libhal_bsp.a(alt_dev.o)
                0x0000000008015540                alt_fs_list
                0x0000000008015548                alt_dev_list
                0x0000000008015550                alt_max_fd
 .sdata         0x0000000008015554        0x4 ../Hello_bsp/\libhal_bsp.a(alt_errno.o)
                0x0000000008015554                alt_errno
 .sdata         0x0000000008015558        0x4 ../Hello_bsp/\libhal_bsp.a(alt_sbrk.o)
 .sdata         0x000000000801555c        0x4 ../Hello_bsp/\libhal_bsp.a(alt_irq_vars.o)
                0x000000000801555c                alt_priority_mask
 .sdata         0x0000000008015560        0x8 ../Hello_bsp/\libhal_bsp.a(alt_tick.o)
                0x0000000008015560                alt_alarm_list
 *(.sdata2 .sdata2.* .gnu.linkonce.s2.*)
                0x0000000008015568                . = ALIGN (0x4)
                0x0000000008015568                _edata = ABSOLUTE (.)
                [!provide]                        PROVIDE (edata, ABSOLUTE (.))
                0x0000000008015568                PROVIDE (__ram_rwdata_end, ABSOLUTE (.))
                0x0000000008015568                PROVIDE (__flash_rwdata_start, LOADADDR (.rwdata))

.bss            0x0000000008017054      0x170
                0x0000000008017054                __bss_start = ABSOLUTE (.)
                [!provide]                        PROVIDE (__sbss_start, ABSOLUTE (.))
                [!provide]                        PROVIDE (___sbss_start, ABSOLUTE (.))
 *(.dynsbss)
 *(.sbss .sbss.* .gnu.linkonce.sb.*)
 .sbss.__malloc_top_pad
                0x0000000008017054        0x4 ../Hello_bsp//newlib/nios2-elf/lib\libc.a(lib_a-mallocr.o)
                0x0000000008017054                __malloc_top_pad
 .sbss.__malloc_max_sbrked_mem
                0x0000000008017058        0x4 ../Hello_bsp//newlib/nios2-elf/lib\libc.a(lib_a-mallocr.o)
                0x0000000008017058                __malloc_max_sbrked_mem
 .sbss.__malloc_max_total_mem
                0x000000000801705c        0x4 ../Hello_bsp//newlib/nios2-elf/lib\libc.a(lib_a-mallocr.o)
                0x000000000801705c                __malloc_max_total_mem
 .sbss.__sfp_lock
                0x0000000008017060        0x4 ../Hello_bsp//newlib/nios2-elf/lib\libc.a(lib_a-findfp.o)
 .sbss.__sinit_lock
                0x0000000008017064        0x4 ../Hello_bsp//newlib/nios2-elf/lib\libc.a(lib_a-findfp.o)
 .sbss          0x0000000008017068        0x4 ../Hello_bsp//newlib/nios2-elf/lib\libc.a(lib_a-int_errno.o)
                0x0000000008017068                errno
 .sbss.__nlocale_changed
                0x000000000801706c        0x4 ../Hello_bsp//newlib/nios2-elf/lib\libc.a(lib_a-locale.o)
                0x000000000801706c                __nlocale_changed
 .sbss.__mlocale_changed
                0x0000000008017070        0x4 ../Hello_bsp//newlib/nios2-elf/lib\libc.a(lib_a-locale.o)
                0x0000000008017070                __mlocale_changed
 .sbss._PathLocale
                0x0000000008017074        0x4 ../Hello_bsp//newlib/nios2-elf/lib\libc.a(lib_a-locale.o)
                0x0000000008017074                _PathLocale
 .sbss.lc_ctype_cjk_lang
                0x0000000008017078        0x4 ../Hello_bsp//newlib/nios2-elf/lib\libc.a(lib_a-locale.o)
 .sbss          0x000000000801707c        0xc ../Hello_bsp/\libhal_bsp.a(alt_main.o)
                0x000000000801707c                alt_argc
                0x0000000008017080                alt_argv
                0x0000000008017084                alt_envp
 .sbss          0x0000000008017088        0x4 ../Hello_bsp/\libhal_bsp.a(alt_irq_vars.o)
                0x0000000008017088                alt_irq_active
 .sbss          0x000000000801708c        0x8 ../Hello_bsp/\libhal_bsp.a(alt_tick.o)
                0x000000000801708c                _alt_tick_rate
                0x0000000008017090                _alt_nticks
 .sbss          0x0000000008017094        0x4 ../Hello_bsp/\libhal_bsp.a(alt_instruction_exception_entry.o)
                0x0000000008017094                alt_instruction_exception_handler
 .sbss.__atexit_lock
                0x0000000008017098        0x4 ../Hello_bsp//newlib/nios2-elf/lib\libc.a(lib_a-__call_atexit.o)
 *(.sbss2 .sbss2.* .gnu.linkonce.sb2.*)
 *(.scommon)
                [!provide]                        PROVIDE (__sbss_end, ABSOLUTE (.))
                [!provide]                        PROVIDE (___sbss_end, ABSOLUTE (.))
 *(.dynbss)
 *(.bss .bss.* .gnu.linkonce.b.*)
 .bss           0x000000000801709c        0x0 ../Hello_bsp//obj/HAL/src/crt0.o
 .bss           0x000000000801709c        0x0 obj/default/gppcu.o
 .bss           0x000000000801709c        0x0 obj/default/main.o
 .bss           0x000000000801709c        0x0 obj/default/utils.o
 .bss           0x000000000801709c        0x0 d:/intelfpga_lite/18.0/nios2eds/bin/gnu/h-x86_64-mingw32/bin/../lib/gcc/nios2-elf/5.3.0\libgcc.a(lib2-divmod.o)
 .bss           0x000000000801709c        0x0 ../Hello_bsp//newlib/nios2-elf/lib\libc.a(lib_a-malloc.o)
 .bss           0x000000000801709c        0x0 ../Hello_bsp//newlib/nios2-elf/lib\libc.a(lib_a-mallocr.o)
 .bss.__malloc_current_mallinfo
                0x000000000801709c       0x28 ../Hello_bsp//newlib/nios2-elf/lib\libc.a(lib_a-mallocr.o)
                0x000000000801709c                __malloc_current_mallinfo
 .bss           0x00000000080170c4        0x0 ../Hello_bsp//newlib/nios2-elf/lib\libc.a(lib_a-memcpy.o)
 .bss           0x00000000080170c4        0x0 ../Hello_bsp//newlib/nios2-elf/lib\libc.a(lib_a-printf.o)
 .bss           0x00000000080170c4        0x0 ../Hello_bsp//newlib/nios2-elf/lib\libc.a(lib_a-putchar.o)
 .bss           0x00000000080170c4        0x0 ../Hello_bsp//newlib/nios2-elf/lib\libc.a(lib_a-puts.o)
 .bss           0x00000000080170c4        0x0 ../Hello_bsp//newlib/nios2-elf/lib\libc.a(lib_a-sbrkr.o)
 .bss           0x00000000080170c4        0x0 ../Hello_bsp//newlib/nios2-elf/lib\libc.a(lib_a-strlen.o)
 .bss           0x00000000080170c4        0x0 ../Hello_bsp//newlib/nios2-elf/lib\libc.a(lib_a-vfprintf.o)
 .bss           0x00000000080170c4        0x0 ../Hello_bsp//newlib/nios2-elf/lib\libc.a(lib_a-wsetup.o)
 .bss           0x00000000080170c4        0x0 ../Hello_bsp//newlib/nios2-elf/lib\libc.a(lib_a-dtoa.o)
 .bss           0x00000000080170c4        0x0 ../Hello_bsp//newlib/nios2-elf/lib\libc.a(lib_a-fflush.o)
 .bss           0x00000000080170c4        0x0 ../Hello_bsp//newlib/nios2-elf/lib\libc.a(lib_a-findfp.o)
 .bss           0x00000000080170c4        0x0 ../Hello_bsp//newlib/nios2-elf/lib\libc.a(lib_a-freer.o)
 .bss           0x00000000080170c4        0x0 ../Hello_bsp//newlib/nios2-elf/lib\libc.a(lib_a-fvwrite.o)
 .bss           0x00000000080170c4        0x0 ../Hello_bsp//newlib/nios2-elf/lib\libc.a(lib_a-fwalk.o)
 .bss           0x00000000080170c4        0x0 ../Hello_bsp//newlib/nios2-elf/lib\libc.a(lib_a-impure.o)
 .bss           0x00000000080170c4        0x0 ../Hello_bsp//newlib/nios2-elf/lib\libc.a(lib_a-int_errno.o)
 .bss           0x00000000080170c4        0x0 ../Hello_bsp//newlib/nios2-elf/lib\libc.a(lib_a-locale.o)
 .bss           0x00000000080170c4        0x0 ../Hello_bsp//newlib/nios2-elf/lib\libc.a(lib_a-makebuf.o)
 .bss           0x00000000080170c4        0x0 ../Hello_bsp//newlib/nios2-elf/lib\libc.a(lib_a-memchr.o)
 .bss           0x00000000080170c4        0x0 ../Hello_bsp//newlib/nios2-elf/lib\libc.a(lib_a-memmove.o)
 .bss           0x00000000080170c4        0x0 ../Hello_bsp//newlib/nios2-elf/lib\libc.a(lib_a-memset.o)
 .bss           0x00000000080170c4        0x0 ../Hello_bsp//newlib/nios2-elf/lib\libc.a(lib_a-mprec.o)
 .bss           0x00000000080170c4        0x0 ../Hello_bsp//newlib/nios2-elf/lib\libc.a(lib_a-putc.o)
 .bss           0x00000000080170c4        0x0 ../Hello_bsp//newlib/nios2-elf/lib\libc.a(lib_a-reallocr.o)
 .bss           0x00000000080170c4        0x0 ../Hello_bsp//newlib/nios2-elf/lib\libc.a(lib_a-s_fpclassify.o)
 .bss           0x00000000080170c4        0x0 ../Hello_bsp//newlib/nios2-elf/lib\libc.a(lib_a-stdio.o)
 .bss           0x00000000080170c4        0x0 ../Hello_bsp//newlib/nios2-elf/lib\libc.a(lib_a-strcmp.o)
 .bss           0x00000000080170c4        0x0 ../Hello_bsp//newlib/nios2-elf/lib\libc.a(lib_a-vfiprintf.o)
 .bss           0x00000000080170c4        0x0 ../Hello_bsp//newlib/nios2-elf/lib\libc.a(lib_a-wbuf.o)
 .bss           0x00000000080170c4        0x0 ../Hello_bsp//newlib/nios2-elf/lib\libc.a(lib_a-writer.o)
 .bss           0x00000000080170c4        0x0 ../Hello_bsp//newlib/nios2-elf/lib\libc.a(closer.o)
 .bss           0x00000000080170c4        0x0 ../Hello_bsp//newlib/nios2-elf/lib\libc.a(lib_a-callocr.o)
 .bss           0x00000000080170c4        0x0 ../Hello_bsp//newlib/nios2-elf/lib\libc.a(lib_a-fclose.o)
 .bss           0x00000000080170c4        0x0 ../Hello_bsp//newlib/nios2-elf/lib\libc.a(lib_a-fputwc.o)
 .bss           0x00000000080170c4        0x0 ../Hello_bsp//newlib/nios2-elf/lib\libc.a(lib_a-fstatr.o)
 .bss           0x00000000080170c4        0x0 ../Hello_bsp//newlib/nios2-elf/lib\libc.a(lib_a-isattyr.o)
 .bss           0x00000000080170c4        0x0 ../Hello_bsp//newlib/nios2-elf/lib\libc.a(lib_a-lseekr.o)
 .bss           0x00000000080170c4        0x0 ../Hello_bsp//newlib/nios2-elf/lib\libc.a(lib_a-readr.o)
 .bss           0x00000000080170c4        0x0 ../Hello_bsp//newlib/nios2-elf/lib\libc.a(lib_a-wcrtomb.o)
 .bss           0x00000000080170c4        0x0 ../Hello_bsp//newlib/nios2-elf/lib\libc.a(lib_a-wctomb_r.o)
 .bss           0x00000000080170c4        0x0 d:/intelfpga_lite/18.0/nios2eds/bin/gnu/h-x86_64-mingw32/bin/../lib/gcc/nios2-elf/5.3.0\libgcc.a(_udivdi3.o)
 .bss           0x00000000080170c4        0x0 d:/intelfpga_lite/18.0/nios2eds/bin/gnu/h-x86_64-mingw32/bin/../lib/gcc/nios2-elf/5.3.0\libgcc.a(_umoddi3.o)
 .bss           0x00000000080170c4        0x0 d:/intelfpga_lite/18.0/nios2eds/bin/gnu/h-x86_64-mingw32/bin/../lib/gcc/nios2-elf/5.3.0\libgcc.a(adddf3.o)
 .bss           0x00000000080170c4        0x0 d:/intelfpga_lite/18.0/nios2eds/bin/gnu/h-x86_64-mingw32/bin/../lib/gcc/nios2-elf/5.3.0\libgcc.a(divdf3.o)
 .bss           0x00000000080170c4        0x0 d:/intelfpga_lite/18.0/nios2eds/bin/gnu/h-x86_64-mingw32/bin/../lib/gcc/nios2-elf/5.3.0\libgcc.a(eqdf2.o)
 .bss           0x00000000080170c4        0x0 d:/intelfpga_lite/18.0/nios2eds/bin/gnu/h-x86_64-mingw32/bin/../lib/gcc/nios2-elf/5.3.0\libgcc.a(gedf2.o)
 .bss           0x00000000080170c4        0x0 d:/intelfpga_lite/18.0/nios2eds/bin/gnu/h-x86_64-mingw32/bin/../lib/gcc/nios2-elf/5.3.0\libgcc.a(ledf2.o)
 .bss           0x00000000080170c4        0x0 d:/intelfpga_lite/18.0/nios2eds/bin/gnu/h-x86_64-mingw32/bin/../lib/gcc/nios2-elf/5.3.0\libgcc.a(muldf3.o)
 .bss           0x00000000080170c4        0x0 d:/intelfpga_lite/18.0/nios2eds/bin/gnu/h-x86_64-mingw32/bin/../lib/gcc/nios2-elf/5.3.0\libgcc.a(subdf3.o)
 .bss           0x00000000080170c4        0x0 d:/intelfpga_lite/18.0/nios2eds/bin/gnu/h-x86_64-mingw32/bin/../lib/gcc/nios2-elf/5.3.0\libgcc.a(fixdfsi.o)
 .bss           0x00000000080170c4        0x0 d:/intelfpga_lite/18.0/nios2eds/bin/gnu/h-x86_64-mingw32/bin/../lib/gcc/nios2-elf/5.3.0\libgcc.a(floatsidf.o)
 .bss           0x00000000080170c4        0x0 d:/intelfpga_lite/18.0/nios2eds/bin/gnu/h-x86_64-mingw32/bin/../lib/gcc/nios2-elf/5.3.0\libgcc.a(floatunsidf.o)
 .bss           0x00000000080170c4        0x0 d:/intelfpga_lite/18.0/nios2eds/bin/gnu/h-x86_64-mingw32/bin/../lib/gcc/nios2-elf/5.3.0\libgcc.a(_clz.o)
 .bss           0x00000000080170c4        0x0 d:/intelfpga_lite/18.0/nios2eds/bin/gnu/h-x86_64-mingw32/bin/../lib/gcc/nios2-elf/5.3.0\libgcc.a(_clzsi2.o)
 .bss           0x00000000080170c4        0x0 ../Hello_bsp/\libhal_bsp.a(alt_close.o)
 .bss           0x00000000080170c4        0x0 ../Hello_bsp/\libhal_bsp.a(alt_dev.o)
 .bss           0x00000000080170c4        0x0 ../Hello_bsp/\libhal_bsp.a(alt_errno.o)
 .bss           0x00000000080170c4        0x0 ../Hello_bsp/\libhal_bsp.a(alt_fstat.o)
 .bss           0x00000000080170c4        0x0 ../Hello_bsp/\libhal_bsp.a(alt_isatty.o)
 .bss           0x00000000080170c4        0x0 ../Hello_bsp/\libhal_bsp.a(alt_load.o)
 .bss           0x00000000080170c4        0x0 ../Hello_bsp/\libhal_bsp.a(alt_lseek.o)
 .bss           0x00000000080170c4        0x0 ../Hello_bsp/\libhal_bsp.a(alt_main.o)
 .bss           0x00000000080170c4        0x0 ../Hello_bsp/\libhal_bsp.a(alt_malloc_lock.o)
 .bss           0x00000000080170c4        0x0 ../Hello_bsp/\libhal_bsp.a(alt_read.o)
 .bss           0x00000000080170c4        0x0 ../Hello_bsp/\libhal_bsp.a(alt_release_fd.o)
 .bss           0x00000000080170c4        0x0 ../Hello_bsp/\libhal_bsp.a(alt_sbrk.o)
 .bss           0x00000000080170c4        0x0 ../Hello_bsp/\libhal_bsp.a(alt_write.o)
 .bss           0x00000000080170c4        0x0 ../Hello_bsp/\libhal_bsp.a(alt_sys_init.o)
 .bss           0x00000000080170c4        0x0 ../Hello_bsp/\libhal_bsp.a(altera_avalon_jtag_uart_fd.o)
 .bss           0x00000000080170c4        0x0 ../Hello_bsp/\libhal_bsp.a(altera_avalon_jtag_uart_init.o)
 .bss           0x00000000080170c4        0x0 ../Hello_bsp/\libhal_bsp.a(altera_avalon_jtag_uart_ioctl.o)
 .bss           0x00000000080170c4        0x0 ../Hello_bsp/\libhal_bsp.a(altera_avalon_jtag_uart_read.o)
 .bss           0x00000000080170c4        0x0 ../Hello_bsp/\libhal_bsp.a(altera_avalon_jtag_uart_write.o)
 .bss           0x00000000080170c4        0x0 ../Hello_bsp/\libhal_bsp.a(altera_avalon_timer_sc.o)
 .bss           0x00000000080170c4        0x0 ../Hello_bsp/\libhal_bsp.a(alt_alarm_start.o)
 .bss           0x00000000080170c4        0x0 ../Hello_bsp/\libhal_bsp.a(alt_dcache_flush_all.o)
 .bss           0x00000000080170c4        0x0 ../Hello_bsp/\libhal_bsp.a(alt_dev_llist_insert.o)
 .bss           0x00000000080170c4        0x0 ../Hello_bsp/\libhal_bsp.a(alt_icache_flush_all.o)
 .bss           0x00000000080170c4        0x0 ../Hello_bsp/\libhal_bsp.a(alt_iic.o)
 .bss           0x00000000080170c4        0x0 ../Hello_bsp/\libhal_bsp.a(alt_iic_isr_register.o)
 .bss           0x00000000080170c4        0x0 ../Hello_bsp/\libhal_bsp.a(alt_io_redirect.o)
 .bss           0x00000000080170c4        0x0 ../Hello_bsp/\libhal_bsp.a(alt_irq_entry.o)
 .bss           0x00000000080170c4        0x0 ../Hello_bsp/\libhal_bsp.a(alt_irq_handler.o)
 .bss           0x00000000080170c4        0x0 ../Hello_bsp/\libhal_bsp.a(alt_irq_vars.o)
 .bss           0x00000000080170c4        0x0 ../Hello_bsp/\libhal_bsp.a(alt_open.o)
 .bss           0x00000000080170c4        0x0 ../Hello_bsp/\libhal_bsp.a(alt_tick.o)
 .bss           0x00000000080170c4        0x0 ../Hello_bsp/\libhal_bsp.a(altera_nios2_gen2_irq.o)
 .bss           0x00000000080170c4        0x0 ../Hello_bsp/\libhal_bsp.a(alt_exception_entry.o)
 .bss           0x00000000080170c4        0x0 ../Hello_bsp/\libhal_bsp.a(alt_find_dev.o)
 .bss           0x00000000080170c4        0x0 ../Hello_bsp/\libhal_bsp.a(alt_find_file.o)
 .bss           0x00000000080170c4        0x0 ../Hello_bsp/\libhal_bsp.a(alt_get_fd.o)
 .bss           0x00000000080170c4        0x0 ../Hello_bsp/\libhal_bsp.a(alt_icache_flush.o)
 .bss           0x00000000080170c4        0x0 ../Hello_bsp/\libhal_bsp.a(alt_instruction_exception_entry.o)
 .bss           0x00000000080170c4        0x0 ../Hello_bsp//newlib/nios2-elf/lib\libc.a(lib_a-exit.o)
 .bss           0x00000000080170c4        0x0 ../Hello_bsp//newlib/nios2-elf/lib\libc.a(lib_a-memcmp.o)
 .bss           0x00000000080170c4        0x0 ../Hello_bsp//newlib/nios2-elf/lib\libc.a(lib_a-__call_atexit.o)
 .bss           0x00000000080170c4        0x0 ../Hello_bsp/\libhal_bsp.a(alt_exit.o)
 *(COMMON)
 COMMON         0x00000000080170c4      0x100 ../Hello_bsp/\libhal_bsp.a(alt_irq_handler.o)
                0x00000000080170c4                alt_irq
                0x00000000080171c4                . = ALIGN (0x4)
                0x00000000080171c4                __bss_end = ABSOLUTE (.)

.sdram          0x00000000080171c4        0x0
                [!provide]                        PROVIDE (_alt_partition_sdram_start, ABSOLUTE (.))
 *(.sdram .sdram. sdram.*)
                0x00000000080171c4                . = ALIGN (0x4)
                [!provide]                        PROVIDE (_alt_partition_sdram_end, ABSOLUTE (.))
                0x00000000080171c4                _end = ABSOLUTE (.)
                0x00000000080171c4                end = ABSOLUTE (.)
                0x00000000080171c4                __alt_stack_base = ABSOLUTE (.)
                [!provide]                        PROVIDE (_alt_partition_sdram_load_addr, LOADADDR (.sdram))

.bufferram_out  0x0000000010000000        0x0 load address 0x00000000080171c4
                [!provide]                        PROVIDE (_alt_partition_bufferram_out_start, ABSOLUTE (.))
 *(.bufferram_out .bufferram_out. bufferram_out.*)
                0x0000000010000000                . = ALIGN (0x4)
                [!provide]                        PROVIDE (_alt_partition_bufferram_out_end, ABSOLUTE (.))
                [!provide]                        PROVIDE (_alt_partition_bufferram_out_load_addr, LOADADDR (.bufferram_out))

.stab
 *(.stab)

.stabstr
 *(.stabstr)

.stab.excl
 *(.stab.excl)

.stab.exclstr
 *(.stab.exclstr)

.stab.index
 *(.stab.index)

.stab.indexstr
 *(.stab.indexstr)

.comment        0x0000000000000000       0x23
 *(.comment)
 .comment       0x0000000000000000       0x23 obj/default/gppcu.o
                                         0x24 (size before relaxing)
 .comment       0x0000000000000023       0x24 obj/default/main.o
 .comment       0x0000000000000023       0x24 obj/default/utils.o
 .comment       0x0000000000000023       0x24 d:/intelfpga_lite/18.0/nios2eds/bin/gnu/h-x86_64-mingw32/bin/../lib/gcc/nios2-elf/5.3.0\libgcc.a(lib2-divmod.o)
 .comment       0x0000000000000023       0x24 ../Hello_bsp//newlib/nios2-elf/lib\libc.a(lib_a-malloc.o)
 .comment       0x0000000000000023       0x24 ../Hello_bsp//newlib/nios2-elf/lib\libc.a(lib_a-mallocr.o)
 .comment       0x0000000000000023       0x24 ../Hello_bsp//newlib/nios2-elf/lib\libc.a(lib_a-memcpy.o)
 .comment       0x0000000000000023       0x24 ../Hello_bsp//newlib/nios2-elf/lib\libc.a(lib_a-printf.o)
 .comment       0x0000000000000023       0x24 ../Hello_bsp//newlib/nios2-elf/lib\libc.a(lib_a-putchar.o)
 .comment       0x0000000000000023       0x24 ../Hello_bsp//newlib/nios2-elf/lib\libc.a(lib_a-puts.o)
 .comment       0x0000000000000023       0x24 ../Hello_bsp//newlib/nios2-elf/lib\libc.a(lib_a-sbrkr.o)
 .comment       0x0000000000000023       0x24 ../Hello_bsp//newlib/nios2-elf/lib\libc.a(lib_a-strlen.o)
 .comment       0x0000000000000023       0x24 ../Hello_bsp//newlib/nios2-elf/lib\libc.a(lib_a-vfprintf.o)
 .comment       0x0000000000000023       0x24 ../Hello_bsp//newlib/nios2-elf/lib\libc.a(lib_a-wsetup.o)
 .comment       0x0000000000000023       0x24 ../Hello_bsp//newlib/nios2-elf/lib\libc.a(lib_a-dtoa.o)
 .comment       0x0000000000000023       0x24 ../Hello_bsp//newlib/nios2-elf/lib\libc.a(lib_a-fflush.o)
 .comment       0x0000000000000023       0x24 ../Hello_bsp//newlib/nios2-elf/lib\libc.a(lib_a-findfp.o)
 .comment       0x0000000000000023       0x24 ../Hello_bsp//newlib/nios2-elf/lib\libc.a(lib_a-freer.o)
 .comment       0x0000000000000023       0x24 ../Hello_bsp//newlib/nios2-elf/lib\libc.a(lib_a-fvwrite.o)
 .comment       0x0000000000000023       0x24 ../Hello_bsp//newlib/nios2-elf/lib\libc.a(lib_a-fwalk.o)
 .comment       0x0000000000000023       0x24 ../Hello_bsp//newlib/nios2-elf/lib\libc.a(lib_a-impure.o)
 .comment       0x0000000000000023       0x24 ../Hello_bsp//newlib/nios2-elf/lib\libc.a(lib_a-int_errno.o)
 .comment       0x0000000000000023       0x24 ../Hello_bsp//newlib/nios2-elf/lib\libc.a(lib_a-locale.o)
 .comment       0x0000000000000023       0x24 ../Hello_bsp//newlib/nios2-elf/lib\libc.a(lib_a-makebuf.o)
 .comment       0x0000000000000023       0x24 ../Hello_bsp//newlib/nios2-elf/lib\libc.a(lib_a-memchr.o)
 .comment       0x0000000000000023       0x24 ../Hello_bsp//newlib/nios2-elf/lib\libc.a(lib_a-memmove.o)
 .comment       0x0000000000000023       0x24 ../Hello_bsp//newlib/nios2-elf/lib\libc.a(lib_a-memset.o)
 .comment       0x0000000000000023       0x24 ../Hello_bsp//newlib/nios2-elf/lib\libc.a(lib_a-mprec.o)
 .comment       0x0000000000000023       0x24 ../Hello_bsp//newlib/nios2-elf/lib\libc.a(lib_a-putc.o)
 .comment       0x0000000000000023       0x24 ../Hello_bsp//newlib/nios2-elf/lib\libc.a(lib_a-reallocr.o)
 .comment       0x0000000000000023       0x24 ../Hello_bsp//newlib/nios2-elf/lib\libc.a(lib_a-s_fpclassify.o)
 .comment       0x0000000000000023       0x24 ../Hello_bsp//newlib/nios2-elf/lib\libc.a(lib_a-stdio.o)
 .comment       0x0000000000000023       0x24 ../Hello_bsp//newlib/nios2-elf/lib\libc.a(lib_a-strcmp.o)
 .comment       0x0000000000000023       0x24 ../Hello_bsp//newlib/nios2-elf/lib\libc.a(lib_a-vfiprintf.o)
 .comment       0x0000000000000023       0x24 ../Hello_bsp//newlib/nios2-elf/lib\libc.a(lib_a-wbuf.o)
 .comment       0x0000000000000023       0x24 ../Hello_bsp//newlib/nios2-elf/lib\libc.a(lib_a-writer.o)
 .comment       0x0000000000000023       0x24 ../Hello_bsp//newlib/nios2-elf/lib\libc.a(closer.o)
 .comment       0x0000000000000023       0x24 ../Hello_bsp//newlib/nios2-elf/lib\libc.a(lib_a-callocr.o)
 .comment       0x0000000000000023       0x24 ../Hello_bsp//newlib/nios2-elf/lib\libc.a(lib_a-fclose.o)
 .comment       0x0000000000000023       0x24 ../Hello_bsp//newlib/nios2-elf/lib\libc.a(lib_a-fputwc.o)
 .comment       0x0000000000000023       0x24 ../Hello_bsp//newlib/nios2-elf/lib\libc.a(lib_a-fstatr.o)
 .comment       0x0000000000000023       0x24 ../Hello_bsp//newlib/nios2-elf/lib\libc.a(lib_a-isattyr.o)
 .comment       0x0000000000000023       0x24 ../Hello_bsp//newlib/nios2-elf/lib\libc.a(lib_a-lseekr.o)
 .comment       0x0000000000000023       0x24 ../Hello_bsp//newlib/nios2-elf/lib\libc.a(lib_a-readr.o)
 .comment       0x0000000000000023       0x24 ../Hello_bsp//newlib/nios2-elf/lib\libc.a(lib_a-wcrtomb.o)
 .comment       0x0000000000000023       0x24 ../Hello_bsp//newlib/nios2-elf/lib\libc.a(lib_a-wctomb_r.o)
 .comment       0x0000000000000023       0x24 d:/intelfpga_lite/18.0/nios2eds/bin/gnu/h-x86_64-mingw32/bin/../lib/gcc/nios2-elf/5.3.0\libgcc.a(_udivdi3.o)
 .comment       0x0000000000000023       0x24 d:/intelfpga_lite/18.0/nios2eds/bin/gnu/h-x86_64-mingw32/bin/../lib/gcc/nios2-elf/5.3.0\libgcc.a(_umoddi3.o)
 .comment       0x0000000000000023       0x24 d:/intelfpga_lite/18.0/nios2eds/bin/gnu/h-x86_64-mingw32/bin/../lib/gcc/nios2-elf/5.3.0\libgcc.a(adddf3.o)
 .comment       0x0000000000000023       0x24 d:/intelfpga_lite/18.0/nios2eds/bin/gnu/h-x86_64-mingw32/bin/../lib/gcc/nios2-elf/5.3.0\libgcc.a(divdf3.o)
 .comment       0x0000000000000023       0x24 d:/intelfpga_lite/18.0/nios2eds/bin/gnu/h-x86_64-mingw32/bin/../lib/gcc/nios2-elf/5.3.0\libgcc.a(eqdf2.o)
 .comment       0x0000000000000023       0x24 d:/intelfpga_lite/18.0/nios2eds/bin/gnu/h-x86_64-mingw32/bin/../lib/gcc/nios2-elf/5.3.0\libgcc.a(gedf2.o)
 .comment       0x0000000000000023       0x24 d:/intelfpga_lite/18.0/nios2eds/bin/gnu/h-x86_64-mingw32/bin/../lib/gcc/nios2-elf/5.3.0\libgcc.a(ledf2.o)
 .comment       0x0000000000000023       0x24 d:/intelfpga_lite/18.0/nios2eds/bin/gnu/h-x86_64-mingw32/bin/../lib/gcc/nios2-elf/5.3.0\libgcc.a(muldf3.o)
 .comment       0x0000000000000023       0x24 d:/intelfpga_lite/18.0/nios2eds/bin/gnu/h-x86_64-mingw32/bin/../lib/gcc/nios2-elf/5.3.0\libgcc.a(subdf3.o)
 .comment       0x0000000000000023       0x24 d:/intelfpga_lite/18.0/nios2eds/bin/gnu/h-x86_64-mingw32/bin/../lib/gcc/nios2-elf/5.3.0\libgcc.a(fixdfsi.o)
 .comment       0x0000000000000023       0x24 d:/intelfpga_lite/18.0/nios2eds/bin/gnu/h-x86_64-mingw32/bin/../lib/gcc/nios2-elf/5.3.0\libgcc.a(floatsidf.o)
 .comment       0x0000000000000023       0x24 d:/intelfpga_lite/18.0/nios2eds/bin/gnu/h-x86_64-mingw32/bin/../lib/gcc/nios2-elf/5.3.0\libgcc.a(floatunsidf.o)
 .comment       0x0000000000000023       0x24 d:/intelfpga_lite/18.0/nios2eds/bin/gnu/h-x86_64-mingw32/bin/../lib/gcc/nios2-elf/5.3.0\libgcc.a(_clz.o)
 .comment       0x0000000000000023       0x24 d:/intelfpga_lite/18.0/nios2eds/bin/gnu/h-x86_64-mingw32/bin/../lib/gcc/nios2-elf/5.3.0\libgcc.a(_clzsi2.o)
 .comment       0x0000000000000023       0x24 ../Hello_bsp/\libhal_bsp.a(alt_close.o)
 .comment       0x0000000000000023       0x24 ../Hello_bsp/\libhal_bsp.a(alt_dev.o)
 .comment       0x0000000000000023       0x24 ../Hello_bsp/\libhal_bsp.a(alt_errno.o)
 .comment       0x0000000000000023       0x24 ../Hello_bsp/\libhal_bsp.a(alt_fstat.o)
 .comment       0x0000000000000023       0x24 ../Hello_bsp/\libhal_bsp.a(alt_isatty.o)
 .comment       0x0000000000000023       0x24 ../Hello_bsp/\libhal_bsp.a(alt_load.o)
 .comment       0x0000000000000023       0x24 ../Hello_bsp/\libhal_bsp.a(alt_lseek.o)
 .comment       0x0000000000000023       0x24 ../Hello_bsp/\libhal_bsp.a(alt_main.o)
 .comment       0x0000000000000023       0x24 ../Hello_bsp/\libhal_bsp.a(alt_malloc_lock.o)
 .comment       0x0000000000000023       0x24 ../Hello_bsp/\libhal_bsp.a(alt_read.o)
 .comment       0x0000000000000023       0x24 ../Hello_bsp/\libhal_bsp.a(alt_release_fd.o)
 .comment       0x0000000000000023       0x24 ../Hello_bsp/\libhal_bsp.a(alt_sbrk.o)
 .comment       0x0000000000000023       0x24 ../Hello_bsp/\libhal_bsp.a(alt_write.o)
 .comment       0x0000000000000023       0x24 ../Hello_bsp/\libhal_bsp.a(alt_sys_init.o)
 .comment       0x0000000000000023       0x24 ../Hello_bsp/\libhal_bsp.a(altera_avalon_jtag_uart_fd.o)
 .comment       0x0000000000000023       0x24 ../Hello_bsp/\libhal_bsp.a(altera_avalon_jtag_uart_init.o)
 .comment       0x0000000000000023       0x24 ../Hello_bsp/\libhal_bsp.a(altera_avalon_jtag_uart_ioctl.o)
 .comment       0x0000000000000023       0x24 ../Hello_bsp/\libhal_bsp.a(altera_avalon_jtag_uart_read.o)
 .comment       0x0000000000000023       0x24 ../Hello_bsp/\libhal_bsp.a(altera_avalon_jtag_uart_write.o)
 .comment       0x0000000000000023       0x24 ../Hello_bsp/\libhal_bsp.a(altera_avalon_timer_sc.o)
 .comment       0x0000000000000023       0x24 ../Hello_bsp/\libhal_bsp.a(alt_alarm_start.o)
 .comment       0x0000000000000023       0x24 ../Hello_bsp/\libhal_bsp.a(alt_dcache_flush_all.o)
 .comment       0x0000000000000023       0x24 ../Hello_bsp/\libhal_bsp.a(alt_dev_llist_insert.o)
 .comment       0x0000000000000023       0x24 ../Hello_bsp/\libhal_bsp.a(alt_icache_flush_all.o)
 .comment       0x0000000000000023       0x24 ../Hello_bsp/\libhal_bsp.a(alt_iic.o)
 .comment       0x0000000000000023       0x24 ../Hello_bsp/\libhal_bsp.a(alt_iic_isr_register.o)
 .comment       0x0000000000000023       0x24 ../Hello_bsp/\libhal_bsp.a(alt_io_redirect.o)
 .comment       0x0000000000000023       0x24 ../Hello_bsp/\libhal_bsp.a(alt_irq_handler.o)
 .comment       0x0000000000000023       0x24 ../Hello_bsp/\libhal_bsp.a(alt_irq_vars.o)
 .comment       0x0000000000000023       0x24 ../Hello_bsp/\libhal_bsp.a(alt_open.o)
 .comment       0x0000000000000023       0x24 ../Hello_bsp/\libhal_bsp.a(alt_tick.o)
 .comment       0x0000000000000023       0x24 ../Hello_bsp/\libhal_bsp.a(altera_nios2_gen2_irq.o)
 .comment       0x0000000000000023       0x24 ../Hello_bsp/\libhal_bsp.a(alt_find_dev.o)
 .comment       0x0000000000000023       0x24 ../Hello_bsp/\libhal_bsp.a(alt_find_file.o)
 .comment       0x0000000000000023       0x24 ../Hello_bsp/\libhal_bsp.a(alt_get_fd.o)
 .comment       0x0000000000000023       0x24 ../Hello_bsp/\libhal_bsp.a(alt_icache_flush.o)
 .comment       0x0000000000000023       0x24 ../Hello_bsp/\libhal_bsp.a(alt_instruction_exception_entry.o)
 .comment       0x0000000000000023       0x24 ../Hello_bsp//newlib/nios2-elf/lib\libc.a(lib_a-exit.o)
 .comment       0x0000000000000023       0x24 ../Hello_bsp//newlib/nios2-elf/lib\libc.a(lib_a-memcmp.o)
 .comment       0x0000000000000023       0x24 ../Hello_bsp//newlib/nios2-elf/lib\libc.a(lib_a-__call_atexit.o)
 .comment       0x0000000000000023       0x24 ../Hello_bsp/\libhal_bsp.a(alt_exit.o)

.debug
 *(.debug)

.line
 *(.line)

.debug_srcinfo
 *(.debug_srcinfo)

.debug_sfnames
 *(.debug_sfnames)

.debug_aranges  0x0000000000000000      0xf00
 *(.debug_aranges)
 .debug_aranges
                0x0000000000000000       0x28 ../Hello_bsp//obj/HAL/src/crt0.o
 .debug_aranges
                0x0000000000000028       0x20 obj/default/gppcu.o
 .debug_aranges
                0x0000000000000048       0x20 obj/default/main.o
 .debug_aranges
                0x0000000000000068       0x20 d:/intelfpga_lite/18.0/nios2eds/bin/gnu/h-x86_64-mingw32/bin/../lib/gcc/nios2-elf/5.3.0\libgcc.a(lib2-divmod.o)
 .debug_aranges
                0x0000000000000088       0x28 ../Hello_bsp//newlib/nios2-elf/lib\libc.a(lib_a-malloc.o)
 .debug_aranges
                0x00000000000000b0       0x28 ../Hello_bsp//newlib/nios2-elf/lib\libc.a(lib_a-mallocr.o)
 .debug_aranges
                0x00000000000000d8       0x20 ../Hello_bsp//newlib/nios2-elf/lib\libc.a(lib_a-memcpy.o)
 .debug_aranges
                0x00000000000000f8       0x28 ../Hello_bsp//newlib/nios2-elf/lib\libc.a(lib_a-printf.o)
 .debug_aranges
                0x0000000000000120       0x28 ../Hello_bsp//newlib/nios2-elf/lib\libc.a(lib_a-putchar.o)
 .debug_aranges
                0x0000000000000148       0x28 ../Hello_bsp//newlib/nios2-elf/lib\libc.a(lib_a-puts.o)
 .debug_aranges
                0x0000000000000170       0x20 ../Hello_bsp//newlib/nios2-elf/lib\libc.a(lib_a-sbrkr.o)
 .debug_aranges
                0x0000000000000190       0x20 ../Hello_bsp//newlib/nios2-elf/lib\libc.a(lib_a-strlen.o)
 .debug_aranges
                0x00000000000001b0       0x40 ../Hello_bsp//newlib/nios2-elf/lib\libc.a(lib_a-vfprintf.o)
 .debug_aranges
                0x00000000000001f0       0x20 ../Hello_bsp//newlib/nios2-elf/lib\libc.a(lib_a-wsetup.o)
 .debug_aranges
                0x0000000000000210       0x28 ../Hello_bsp//newlib/nios2-elf/lib\libc.a(lib_a-dtoa.o)
 .debug_aranges
                0x0000000000000238       0x30 ../Hello_bsp//newlib/nios2-elf/lib\libc.a(lib_a-fflush.o)
 .debug_aranges
                0x0000000000000268       0x88 ../Hello_bsp//newlib/nios2-elf/lib\libc.a(lib_a-findfp.o)
 .debug_aranges
                0x00000000000002f0       0x28 ../Hello_bsp//newlib/nios2-elf/lib\libc.a(lib_a-freer.o)
 .debug_aranges
                0x0000000000000318       0x20 ../Hello_bsp//newlib/nios2-elf/lib\libc.a(lib_a-fvwrite.o)
 .debug_aranges
                0x0000000000000338       0x28 ../Hello_bsp//newlib/nios2-elf/lib\libc.a(lib_a-fwalk.o)
 .debug_aranges
                0x0000000000000360       0x18 ../Hello_bsp//newlib/nios2-elf/lib\libc.a(lib_a-impure.o)
 .debug_aranges
                0x0000000000000378       0x18 ../Hello_bsp//newlib/nios2-elf/lib\libc.a(lib_a-int_errno.o)
 .debug_aranges
                0x0000000000000390       0x58 ../Hello_bsp//newlib/nios2-elf/lib\libc.a(lib_a-locale.o)
 .debug_aranges
                0x00000000000003e8       0x20 ../Hello_bsp//newlib/nios2-elf/lib\libc.a(lib_a-makebuf.o)
 .debug_aranges
                0x0000000000000408       0x20 ../Hello_bsp//newlib/nios2-elf/lib\libc.a(lib_a-memchr.o)
 .debug_aranges
                0x0000000000000428       0x20 ../Hello_bsp//newlib/nios2-elf/lib\libc.a(lib_a-memmove.o)
 .debug_aranges
                0x0000000000000448       0x20 ../Hello_bsp//newlib/nios2-elf/lib\libc.a(lib_a-memset.o)
 .debug_aranges
                0x0000000000000468       0xb0 ../Hello_bsp//newlib/nios2-elf/lib\libc.a(lib_a-mprec.o)
 .debug_aranges
                0x0000000000000518       0x28 ../Hello_bsp//newlib/nios2-elf/lib\libc.a(lib_a-putc.o)
 .debug_aranges
                0x0000000000000540       0x20 ../Hello_bsp//newlib/nios2-elf/lib\libc.a(lib_a-reallocr.o)
 .debug_aranges
                0x0000000000000560       0x20 ../Hello_bsp//newlib/nios2-elf/lib\libc.a(lib_a-s_fpclassify.o)
 .debug_aranges
                0x0000000000000580       0x40 ../Hello_bsp//newlib/nios2-elf/lib\libc.a(lib_a-stdio.o)
 .debug_aranges
                0x00000000000005c0       0x20 ../Hello_bsp//newlib/nios2-elf/lib\libc.a(lib_a-strcmp.o)
 .debug_aranges
                0x00000000000005e0       0x38 ../Hello_bsp//newlib/nios2-elf/lib\libc.a(lib_a-vfiprintf.o)
 .debug_aranges
                0x0000000000000618       0x28 ../Hello_bsp//newlib/nios2-elf/lib\libc.a(lib_a-wbuf.o)
 .debug_aranges
                0x0000000000000640       0x20 ../Hello_bsp//newlib/nios2-elf/lib\libc.a(lib_a-writer.o)
 .debug_aranges
                0x0000000000000660       0x20 ../Hello_bsp//newlib/nios2-elf/lib\libc.a(closer.o)
 .debug_aranges
                0x0000000000000680       0x20 ../Hello_bsp//newlib/nios2-elf/lib\libc.a(lib_a-callocr.o)
 .debug_aranges
                0x00000000000006a0       0x28 ../Hello_bsp//newlib/nios2-elf/lib\libc.a(lib_a-fclose.o)
 .debug_aranges
                0x00000000000006c8       0x30 ../Hello_bsp//newlib/nios2-elf/lib\libc.a(lib_a-fputwc.o)
 .debug_aranges
                0x00000000000006f8       0x20 ../Hello_bsp//newlib/nios2-elf/lib\libc.a(lib_a-fstatr.o)
 .debug_aranges
                0x0000000000000718       0x20 ../Hello_bsp//newlib/nios2-elf/lib\libc.a(lib_a-isattyr.o)
 .debug_aranges
                0x0000000000000738       0x20 ../Hello_bsp//newlib/nios2-elf/lib\libc.a(lib_a-lseekr.o)
 .debug_aranges
                0x0000000000000758       0x20 ../Hello_bsp//newlib/nios2-elf/lib\libc.a(lib_a-readr.o)
 .debug_aranges
                0x0000000000000778       0x28 ../Hello_bsp//newlib/nios2-elf/lib\libc.a(lib_a-wcrtomb.o)
 .debug_aranges
                0x00000000000007a0       0x28 ../Hello_bsp//newlib/nios2-elf/lib\libc.a(lib_a-wctomb_r.o)
 .debug_aranges
                0x00000000000007c8       0x20 d:/intelfpga_lite/18.0/nios2eds/bin/gnu/h-x86_64-mingw32/bin/../lib/gcc/nios2-elf/5.3.0\libgcc.a(_udivdi3.o)
 .debug_aranges
                0x00000000000007e8       0x20 d:/intelfpga_lite/18.0/nios2eds/bin/gnu/h-x86_64-mingw32/bin/../lib/gcc/nios2-elf/5.3.0\libgcc.a(_umoddi3.o)
 .debug_aranges
                0x0000000000000808       0x20 d:/intelfpga_lite/18.0/nios2eds/bin/gnu/h-x86_64-mingw32/bin/../lib/gcc/nios2-elf/5.3.0\libgcc.a(adddf3.o)
 .debug_aranges
                0x0000000000000828       0x20 d:/intelfpga_lite/18.0/nios2eds/bin/gnu/h-x86_64-mingw32/bin/../lib/gcc/nios2-elf/5.3.0\libgcc.a(divdf3.o)
 .debug_aranges
                0x0000000000000848       0x20 d:/intelfpga_lite/18.0/nios2eds/bin/gnu/h-x86_64-mingw32/bin/../lib/gcc/nios2-elf/5.3.0\libgcc.a(eqdf2.o)
 .debug_aranges
                0x0000000000000868       0x20 d:/intelfpga_lite/18.0/nios2eds/bin/gnu/h-x86_64-mingw32/bin/../lib/gcc/nios2-elf/5.3.0\libgcc.a(gedf2.o)
 .debug_aranges
                0x0000000000000888       0x20 d:/intelfpga_lite/18.0/nios2eds/bin/gnu/h-x86_64-mingw32/bin/../lib/gcc/nios2-elf/5.3.0\libgcc.a(ledf2.o)
 .debug_aranges
                0x00000000000008a8       0x20 d:/intelfpga_lite/18.0/nios2eds/bin/gnu/h-x86_64-mingw32/bin/../lib/gcc/nios2-elf/5.3.0\libgcc.a(muldf3.o)
 .debug_aranges
                0x00000000000008c8       0x20 d:/intelfpga_lite/18.0/nios2eds/bin/gnu/h-x86_64-mingw32/bin/../lib/gcc/nios2-elf/5.3.0\libgcc.a(subdf3.o)
 .debug_aranges
                0x00000000000008e8       0x20 d:/intelfpga_lite/18.0/nios2eds/bin/gnu/h-x86_64-mingw32/bin/../lib/gcc/nios2-elf/5.3.0\libgcc.a(fixdfsi.o)
 .debug_aranges
                0x0000000000000908       0x20 d:/intelfpga_lite/18.0/nios2eds/bin/gnu/h-x86_64-mingw32/bin/../lib/gcc/nios2-elf/5.3.0\libgcc.a(floatsidf.o)
 .debug_aranges
                0x0000000000000928       0x20 d:/intelfpga_lite/18.0/nios2eds/bin/gnu/h-x86_64-mingw32/bin/../lib/gcc/nios2-elf/5.3.0\libgcc.a(floatunsidf.o)
 .debug_aranges