Archive member included to satisfy reference by file (symbol)

../Hello_bsp//newlib/nios2-elf/lib\libm.a(lib_a-sf_ceil.o)
                              obj/default/src/mathc.o (ceilf)
../Hello_bsp//newlib/nios2-elf/lib\libm.a(lib_a-sf_cos.o)
                              obj/default/src/mathc.o (cosf)
../Hello_bsp//newlib/nios2-elf/lib\libm.a(lib_a-sf_floor.o)
                              obj/default/src/mathc.o (floorf)
../Hello_bsp//newlib/nios2-elf/lib\libm.a(lib_a-sf_fmax.o)
                              obj/default/src/mathc.o (fmaxf)
../Hello_bsp//newlib/nios2-elf/lib\libm.a(lib_a-sf_fmin.o)
                              obj/default/src/mathc.o (fminf)
../Hello_bsp//newlib/nios2-elf/lib\libm.a(lib_a-sf_fpclassify.o)
                              ../Hello_bsp//newlib/nios2-elf/lib\libm.a(lib_a-sf_fmax.o) (__fpclassifyf)
../Hello_bsp//newlib/nios2-elf/lib\libm.a(lib_a-sf_round.o)
                              obj/default/src/mathc.o (roundf)
../Hello_bsp//newlib/nios2-elf/lib\libm.a(lib_a-sf_sin.o)
                              obj/default/src/mathc.o (sinf)
../Hello_bsp//newlib/nios2-elf/lib\libm.a(lib_a-sf_tan.o)
                              obj/default/src/mathc.o (tanf)
../Hello_bsp//newlib/nios2-elf/lib\libm.a(lib_a-wf_acos.o)
                              obj/default/src/mathc.o (acosf)
../Hello_bsp//newlib/nios2-elf/lib\libm.a(lib_a-wf_atan2.o)
                              obj/default/src/mathc.o (atan2f)
../Hello_bsp//newlib/nios2-elf/lib\libm.a(lib_a-wf_pow.o)
                              obj/default/src/mathc.o (powf)
../Hello_bsp//newlib/nios2-elf/lib\libm.a(lib_a-wf_sqrt.o)
                              obj/default/src/mathc.o (sqrtf)
../Hello_bsp//newlib/nios2-elf/lib\libm.a(lib_a-ef_acos.o)
                              ../Hello_bsp//newlib/nios2-elf/lib\libm.a(lib_a-wf_acos.o) (__ieee754_acosf)
../Hello_bsp//newlib/nios2-elf/lib\libm.a(lib_a-ef_atan2.o)
                              ../Hello_bsp//newlib/nios2-elf/lib\libm.a(lib_a-wf_atan2.o) (__ieee754_atan2f)
../Hello_bsp//newlib/nios2-elf/lib\libm.a(lib_a-ef_pow.o)
                              ../Hello_bsp//newlib/nios2-elf/lib\libm.a(lib_a-wf_pow.o) (__ieee754_powf)
../Hello_bsp//newlib/nios2-elf/lib\libm.a(lib_a-ef_rem_pio2.o)
                              ../Hello_bsp//newlib/nios2-elf/lib\libm.a(lib_a-sf_cos.o) (__ieee754_rem_pio2f)
../Hello_bsp//newlib/nios2-elf/lib\libm.a(lib_a-ef_sqrt.o)
                              ../Hello_bsp//newlib/nios2-elf/lib\libm.a(lib_a-wf_sqrt.o) (__ieee754_sqrtf)
../Hello_bsp//newlib/nios2-elf/lib\libm.a(lib_a-kf_cos.o)
                              ../Hello_bsp//newlib/nios2-elf/lib\libm.a(lib_a-sf_cos.o) (__kernel_cosf)
../Hello_bsp//newlib/nios2-elf/lib\libm.a(lib_a-kf_rem_pio2.o)
                              ../Hello_bsp//newlib/nios2-elf/lib\libm.a(lib_a-ef_rem_pio2.o) (__kernel_rem_pio2f)
../Hello_bsp//newlib/nios2-elf/lib\libm.a(lib_a-kf_sin.o)
                              ../Hello_bsp//newlib/nios2-elf/lib\libm.a(lib_a-sf_cos.o) (__kernel_sinf)
../Hello_bsp//newlib/nios2-elf/lib\libm.a(lib_a-kf_tan.o)
                              ../Hello_bsp//newlib/nios2-elf/lib\libm.a(lib_a-sf_tan.o) (__kernel_tanf)
../Hello_bsp//newlib/nios2-elf/lib\libm.a(lib_a-s_lib_ver.o)
                              ../Hello_bsp//newlib/nios2-elf/lib\libm.a(lib_a-wf_acos.o) (__fdlib_version)
../Hello_bsp//newlib/nios2-elf/lib\libm.a(lib_a-s_matherr.o)
                              ../Hello_bsp//newlib/nios2-elf/lib\libm.a(lib_a-wf_acos.o) (matherr)
../Hello_bsp//newlib/nios2-elf/lib\libm.a(lib_a-s_nan.o)
                              ../Hello_bsp//newlib/nios2-elf/lib\libm.a(lib_a-wf_acos.o) (nan)
../Hello_bsp//newlib/nios2-elf/lib\libm.a(lib_a-s_rint.o)
                              ../Hello_bsp//newlib/nios2-elf/lib\libm.a(lib_a-wf_pow.o) (rint)
../Hello_bsp//newlib/nios2-elf/lib\libm.a(lib_a-sf_atan.o)
                              ../Hello_bsp//newlib/nios2-elf/lib\libm.a(lib_a-ef_atan2.o) (atanf)
../Hello_bsp//newlib/nios2-elf/lib\libm.a(lib_a-sf_fabs.o)
                              ../Hello_bsp//newlib/nios2-elf/lib\libm.a(lib_a-wf_acos.o) (fabsf)
../Hello_bsp//newlib/nios2-elf/lib\libm.a(lib_a-sf_finite.o)
                              ../Hello_bsp//newlib/nios2-elf/lib\libm.a(lib_a-wf_pow.o) (finitef)
../Hello_bsp//newlib/nios2-elf/lib\libm.a(lib_a-sf_nan.o)
                              ../Hello_bsp//newlib/nios2-elf/lib\libm.a(lib_a-ef_pow.o) (nanf)
../Hello_bsp//newlib/nios2-elf/lib\libm.a(lib_a-sf_scalbn.o)
                              ../Hello_bsp//newlib/nios2-elf/lib\libm.a(lib_a-ef_pow.o) (scalbnf)
../Hello_bsp//newlib/nios2-elf/lib\libm.a(lib_a-sf_copysign.o)
                              ../Hello_bsp//newlib/nios2-elf/lib\libm.a(lib_a-sf_scalbn.o) (copysignf)
d:/intelfpga_lite/18.0/nios2eds/bin/gnu/h-x86_64-mingw32/bin/../lib/gcc/nios2-elf/5.3.0\libgcc.a(lib2-divmod.o)
                              obj/default/src/gppcu.o (__divsi3)
[...]
Memory Configuration

Name             Origin             Length             Attributes
reset            0x0000000008000000 0x0000000000000020
sdram            0x0000000008000020 0x0000000007ffffe0
bufferram_out    0x0000000010000000 0x000000000002ee00
*default*        0x0000000000000000 0xffffffffffffffff

Linker script and memory map

LOAD ../Hello_bsp//obj/HAL/src/crt0.o
LOAD obj/default/src/app.o
LOAD obj/default/src/gppcu.o
LOAD obj/default/src/main.o
LOAD obj/default/src/mathc.o
LOAD obj/default/src/utils.o
LOAD d:/intelfpga_lite/18.0/nios2eds/bin/gnu/h-x86_64-mingw32/bin/../lib/gcc/nios2-elf/5.3.0/../../../../../H-x86_64-mingw32/nios2-elf/lib\libstdc++.a
LOAD ../Hello_bsp//newlib/nios2-elf/lib\libm.a
LOAD d:/intelfpga_lite/18.0/nios2eds/bin/gnu/h-x86_64-mingw32/bin/../lib/gcc/nios2-elf/5.3.0\libgcc.a
START GROUP
LOAD ../Hello_bsp//newlib/nios2-elf/lib\libc.a
LOAD d:/intelfpga_lite/18.0/nios2eds/bin/gnu/h-x86_64-mingw32/bin/../lib/gcc/nios2-elf/5.3.0\libgcc.a
LOAD ../Hello_bsp/\libhal_bsp.a
LOAD ../Hello_bsp//newlib/nios2-elf/lib\libm.a
END GROUP
LOAD d:/intelfpga_lite/18.0/nios2eds/bin/gnu/h-x86_64-mingw32/bin/../lib/gcc/nios2-elf/5.3.0\libgcc.a
                0x0000000008000000                __alt_mem_sdram = 0x8000000
                0x0000000010000000                __alt_mem_bufferram_out = 0x10000000

.entry          0x0000000008000000       0x20
 *(.entry)
 .entry         0x0000000008000000       0x20 ../Hello_bsp//obj/HAL/src/crt0.o
                0x0000000008000000                __reset

.exceptions     0x0000000008000020      0x224
                0x0000000008000020                PROVIDE (__ram_exceptions_start, ABSOLUTE (.))
                0x0000000008000020                . = ALIGN (0x20)
 *(.irq)
 *(.exceptions.entry.label)
 .exceptions.entry.label
                0x0000000008000020        0x0 ../Hello_bsp/\libhal_bsp.a(alt_irq_entry.o)
                0x0000000008000020                alt_irq_entry
 .exceptions.entry.label
                0x0000000008000020        0x0 ../Hello_bsp/\libhal_bsp.a(alt_exception_entry.o)
                0x0000000008000020                alt_exception
 *(.exceptions.entry.user)
 *(.exceptions.entry.ecc_fatal)
 *(.exceptions.entry)
 .exceptions.entry
                0x0000000008000020       0x54 ../Hello_bsp/\libhal_bsp.a(alt_exception_entry.o)
 *(.exceptions.irqtest.user)
 *(.exceptions.irqtest)
 .exceptions.irqtest
                0x0000000008000074       0x10 ../Hello_bsp/\libhal_bsp.a(alt_irq_entry.o)
 *(.exceptions.irqhandler.user)
 *(.exceptions.irqhandler)
 .exceptions.irqhandler
                0x0000000008000084        0x4 ../Hello_bsp/\libhal_bsp.a(alt_irq_entry.o)
 *(.exceptions.irqreturn.user)
 *(.exceptions.irqreturn)
 .exceptions.irqreturn
                0x0000000008000088        0x4 ../Hello_bsp/\libhal_bsp.a(alt_irq_entry.o)
 *(.exceptions.notirq.label)
 .exceptions.notirq.label
                0x000000000800008c        0x0 ../Hello_bsp/\libhal_bsp.a(alt_irq_entry.o)
 *(.exceptions.notirq.user)
 *(.exceptions.notirq)
 .exceptions.notirq
                0x000000000800008c        0x8 ../Hello_bsp/\libhal_bsp.a(alt_exception_entry.o)
 *(.exceptions.soft.user)
 *(.exceptions.soft)
 *(.exceptions.unknown.user)
 *(.exceptions.unknown)
 .exceptions.unknown
                0x0000000008000094       0x14 ../Hello_bsp/\libhal_bsp.a(alt_exception_entry.o)
 *(.exceptions.exit.label)
 .exceptions.exit.label
                0x00000000080000a8        0x0 ../Hello_bsp/\libhal_bsp.a(alt_irq_entry.o)
 .exceptions.exit.label
                0x00000000080000a8        0x0 ../Hello_bsp/\libhal_bsp.a(alt_exception_entry.o)
 *(.exceptions.exit.user)
 *(.exceptions.exit)
 .exceptions.exit
                0x00000000080000a8       0x54 ../Hello_bsp/\libhal_bsp.a(alt_exception_entry.o)
 *(.exceptions)
 .exceptions    0x00000000080000fc       0xd4 ../Hello_bsp/\libhal_bsp.a(alt_irq_handler.o)
                0x00000000080000fc                alt_irq_handler
 .exceptions    0x00000000080001d0       0x74 ../Hello_bsp/\libhal_bsp.a(alt_instruction_exception_entry.o)
                0x00000000080001d0                alt_instruction_exception_entry
                0x0000000008000244                PROVIDE (__ram_exceptions_end, ABSOLUTE (.))
                0x0000000008000020                PROVIDE (__flash_exceptions_start, LOADADDR (.exceptions))

.text           0x0000000008000244    0x34d7c
                [!provide]                        PROVIDE (stext, ABSOLUTE (.))
 *(.interp)
 *(.hash)
 *(.dynsym)
 *(.dynstr)
 *(.gnu.version)
 *(.gnu.version_d)
 *(.gnu.version_r)
 *(.rel.init)
 *(.rela.init)
 *(.rel.text .rel.text.* .rel.gnu.linkonce.t.*)
 *(.rela.text .rela.text.* .rela.gnu.linkonce.t.*)
 *(.rel.fini)
 *(.rela.fini)
 *(.rel.rodata .rel.rodata.* .rel.gnu.linkonce.r.*)
 *(.rela.rodata .rela.rodata.* .rela.gnu.linkonce.r.*)
 *(.rel.data .rel.data.* .rel.gnu.linkonce.d.*)
 *(.rela.data .rela.data.* .rela.gnu.linkonce.d.*)
 *(.rel.tdata .rel.tdata.* .rel.gnu.linkonce.td.*)
 *(.rela.tdata .rela.tdata.* .rela.gnu.linkonce.td.*)
 *(.rel.tbss .rel.tbss.* .rel.gnu.linkonce.tb.*)
 *(.rela.tbss .rela.tbss.* .rela.gnu.linkonce.tb.*)
 *(.rel.ctors)
 *(.rela.ctors)
 *(.rel.dtors)
 *(.rela.dtors)
 *(.rel.got)
 *(.rela.got)
 *(.rel.sdata .rel.sdata.* .rel.gnu.linkonce.s.*)
 *(.rela.sdata .rela.sdata.* .rela.gnu.linkonce.s.*)
 *(.rel.sbss .rel.sbss.* .rel.gnu.linkonce.sb.*)
 *(.rela.sbss .rela.sbss.* .rela.gnu.linkonce.sb.*)
 *(.rel.sdata2 .rel.sdata2.* .rel.gnu.linkonce.s2.*)
 *(.rela.sdata2 .rela.sdata2.* .rela.gnu.linkonce.s2.*)
 *(.rel.sbss2 .rel.sbss2.* .rel.gnu.linkonce.sb2.*)
 *(.rela.sbss2 .rela.sbss2.* .rela.gnu.linkonce.sb2.*)
 *(.rel.bss .rel.bss.* .rel.gnu.linkonce.b.*)
 *(.rela.bss .rela.bss.* .rela.gnu.linkonce.b.*)
 *(.rel.plt)
 *(.rela.plt)
 *(.rel.dyn)
 *(.init)
 *(.plt)
 *(.text .stub .text.* .gnu.linkonce.t.*)
 .text          0x0000000008000244       0x4c ../Hello_bsp//obj/HAL/src/crt0.o
                0x0000000008000244                _start
 .text          0x0000000008000290        0x0 obj/default/src/app.o
 .text          0x0000000008000290     0x14ac obj/default/src/gppcu.o
                0x0000000008000474                gppcu_device_command
                0x00000000080004f4                gppcu_stat
                0x00000000080005e4                gppcu_init
                0x00000000080006b8                gppcu_init_task
                0x000000000800079c                gppcu_destroy
                0x0000000008000c40                gppcu_program_autofeed_device
                0x0000000008000d7c                instr_to_string
                0x0000000008000ea0                gppcu_program_autofeed_device_parallel
                0x0000000008001250                gppcu_run_autofeed_device
                0x00000000080012c8                gppcu_clear_instr
                0x00000000080012f4                gppcu_write
                0x0000000008001450                gppcu_read
                0x00000000080015f0                gppcu_write_const
                0x000000000800169c                gppcu_data_wr_slow
                0x00000000080016f4                gppcu_data_rd_slow
 .text          0x000000000800173c      0x7a0 obj/default/src/main.o
                0x00000000080019f8                wait
                0x0000000008001a3c                display_stat
                0x0000000008001af8                mem_clr
                0x0000000008001b78                monitor
                0x0000000008001c7c                main
 .text          0x0000000008001edc    0x1b470 obj/default/src/mathc.o
                0x0000000008001edc                clampi
                0x0000000008001f34                nearly_equal
                0x0000000008001fa4                to_radians
                0x0000000008001fe4                to_degrees
                0x0000000008002024                clampf
                0x000000000800208c                vec2i_is_zero
                0x00000000080020d8                vec2i_is_equal
                0x000000000800213c                vec2i
                0x0000000008002184                vec2i_assign
                0x00000000080021d0                vec2i_assign_vec2
                0x0000000008002228                vec2i_zero
                0x0000000008002260                vec2i_one
                0x00000000080022a0                vec2i_sign
                0x000000000800235c                vec2i_add
                0x00000000080023cc                vec2i_add_i
                0x0000000008002430                vec2i_subtract
                0x00000000080024a0                vec2i_subtract_i
                0x0000000008002504                vec2i_multiply
                0x0000000008002574                vec2i_multiply_i
                0x00000000080025d8                vec2i_divide
                0x000000000800266c                vec2i_divide_i
                0x00000000080026ec                vec2i_snap
                0x00000000080027a0                vec2i_snap_i
                0x0000000008002834                vec2i_negative
                0x000000000800288c                vec2i_abs
                0x0000000008002924                vec2i_max
                0x00000000080029d0                vec2i_min
                0x0000000008002a7c                vec2i_clamp
                0x0000000008002ad4                vec2i_tangent
                0x0000000008002b34                vec3i_is_zero
                0x0000000008002b90                vec3i_is_equal
                0x0000000008002c10                vec3i
                0x0000000008002c6c                vec3i_assign
                0x0000000008002ccc                vec3i_assign_vec3
                0x0000000008002d40                vec3i_zero
                0x0000000008002d84                vec3i_one
                0x0000000008002dd4                vec3i_sign
                0x0000000008002ee4                vec3i_add
                0x0000000008002f7c                vec3i_add_i
                0x0000000008003000                vec3i_subtract
                0x0000000008003098                vec3i_subtract_i
                0x000000000800311c                vec3i_multiply
                0x00000000080031b4                vec3i_multiply_i
                0x0000000008003238                vec3i_divide
                0x00000000080032fc                vec3i_divide_i
                0x00000000080033a0                vec3i_snap
                0x0000000008003498                vec3i_snap_i
                0x000000000800355c                vec3i_cross
                0x0000000008003664                vec3i_negative
                0x00000000080036d8                vec3i_abs
                0x00000000080037b0                vec3i_max
                0x00000000080038a4                vec3i_min
                0x0000000008003998                vec3i_clamp
                0x00000000080039f0                vec4i_is_zero
                0x0000000008003a5c                vec4i_is_equal
                0x0000000008003af8                vec4i
                0x0000000008003b64                vec4i_assign
                0x0000000008003bd8                vec4i_assign_vec4
                0x0000000008003c68                vec4i_zero
                0x0000000008003cb8                vec4i_one
                0x0000000008003d18                vec4i_sign
                0x0000000008003e7c                vec4i_add
                0x0000000008003f3c                vec4i_add_i
                0x0000000008003fe0                vec4i_subtract
                0x00000000080040a0                vec4i_subtract_i
                0x0000000008004144                vec4i_multiply
                0x0000000008004204                vec4i_multiply_i
                0x00000000080042a8                vec4i_divide
                0x000000000800439c                vec4i_divide_i
                0x0000000008004464                vec4i_snap
                0x00000000080045a0                vec4i_snap_i
                0x0000000008004694                vec4i_negative
                0x0000000008004724                vec4i_abs
                0x000000000800483c                vec4i_max
                0x0000000008004978                vec4i_min
                0x0000000008004ab4                vec4i_clamp
                0x0000000008004b0c                vec2_is_zero
                0x0000000008004b70                vec2_is_equal
                0x0000000008004bf4                vec2
                0x0000000008004c3c                vec2_assign
                0x0000000008004c88                vec2_assign_vec2i
                0x0000000008004ce0                vec2_zero
                0x0000000008004d18                vec2_one
                0x0000000008004d58                vec2_sign
                0x0000000008004e34                vec2_add
                0x0000000008004ea4                vec2_add_f
                0x0000000008004f08                vec2_subtract
                0x0000000008004f78                vec2_subtract_f
                0x0000000008004fdc                vec2_multiply
                0x000000000800504c                vec2_multiply_f
                0x00000000080050b0                vec2_multiply_mat2
                0x000000000800515c                vec2_divide
                0x00000000080051cc                vec2_divide_f
                0x0000000008005230                vec2_snap
                0x00000000080052e4                vec2_snap_f
                0x0000000008005380                vec2_negative
                0x00000000080053d8                vec2_abs
                0x0000000008005430                vec2_floor
                0x00000000080054a8                vec2_ceil
                0x0000000008005520                vec2_round
                0x0000000008005598                vec2_max
                0x0000000008005630                vec2_min
                0x00000000080056c8                vec2_clamp
                0x0000000008005720                vec2_normalize
                0x00000000080057c8                vec2_dot
                0x0000000008005828                vec2_project
                0x00000000080058c0                vec2_slide
                0x0000000008005958                vec2_reflect
                0x00000000080059f8                vec2_tangent
                0x0000000008005a58                vec2_rotate
                0x0000000008005b08                vec2_lerp
                0x0000000008005ba8                vec2_bezier3
                0x0000000008005c24                vec2_bezier4
                0x0000000008005cf8                vec2_angle
                0x0000000008005d48                vec2_length
                0x0000000008005db4                vec2_length_squared
                0x0000000008005e10                vec2_distance
                0x0000000008005eb8                vec2_distance_squared
                0x0000000008005f50                vec2_linear_independent
                0x0000000008005fb0                vec2_orthonormalization
                0x000000000800614c                vec3_is_zero
                0x00000000080061cc                vec3_is_equal
                0x000000000800627c                vec3
                0x00000000080062d8                vec3_assign
                0x0000000008006338                vec3_assign_vec3i
                0x00000000080063ac                vec3_zero
                0x00000000080063f0                vec3_one
                0x0000000008006440                vec3_sign
                0x0000000008006580                vec3_add
                0x0000000008006618                vec3_add_f
                0x000000000800669c                vec3_subtract
                0x0000000008006734                vec3_subtract_f
                0x00000000080067b8                vec3_multiply
                0x0000000008006850                vec3_multiply_f
                0x00000000080068d4                vec3_multiply_mat3
                0x0000000008006a0c                vec3_divide
                0x0000000008006aa4                vec3_divide_f
                0x0000000008006b28                vec3_snap
                0x0000000008006c20                vec3_snap_f
                0x0000000008006cf0                vec3_negative
                0x0000000008006d64                vec3_abs
                0x0000000008006dd8                vec3_floor
                0x0000000008006e74                vec3_ceil
                0x0000000008006f10                vec3_round
                0x0000000008006fac                vec3_max
                0x0000000008007078                vec3_min
                0x0000000008007144                vec3_clamp
                0x000000000800719c                vec3_cross
                0x00000000080072a4                vec3_normalize
                0x000000000800738c                vec3_dot
                0x000000000800740c                vec3_project
                0x00000000080074c4                vec3_slide
                0x000000000800758c                vec3_reflect
                0x000000000800765c                vec3_rotate
                0x00000000080078f4                vec3_lerp
                0x00000000080079d4                vec3_bezier3
                0x0000000008007a50                vec3_bezier4
                0x0000000008007b24                vec3_length
                0x0000000008007bb0                vec3_length_squared
                0x0000000008007c2c                vec3_distance
                0x0000000008007d14                vec3_distance_squared
                0x0000000008007dec                vec3_linear_independent
                0x0000000008007f20                vec3_orthonormalization
                0x0000000008008184                vec4_is_zero
                0x0000000008008220                vec4_is_equal
                0x00000000080082fc                vec4
                0x0000000008008368                vec4_assign
                0x00000000080083dc                vec4_assign_vec4i
                0x000000000800846c                vec4_zero
                0x00000000080084bc                vec4_one
                0x000000000800851c                vec4_sign
                0x00000000080086c0                vec4_add
                0x0000000008008780                vec4_add_f
                0x0000000008008824                vec4_subtract
                0x00000000080088e4                vec4_subtract_f
                0x0000000008008988                vec4_multiply
                0x0000000008008a48                vec4_multiply_f
                0x0000000008008aec                vec4_multiply_mat4
                0x0000000008008ce0                vec4_divide
                0x0000000008008da0                vec4_divide_f
                0x0000000008008e44                vec4_snap
                0x0000000008008f80                vec4_snap_f
                0x0000000008009084                vec4_negative
                0x0000000008009114                vec4_abs
                0x00000000080091a4                vec4_floor
                0x0000000008009264                vec4_ceil
                0x0000000008009324                vec4_round
                0x00000000080093e4                vec4_max
                0x00000000080094e4                vec4_min
                0x00000000080095e4                vec4_clamp
                0x000000000800963c                vec4_normalize
                0x0000000008009764                vec4_lerp
                0x0000000008009884                quat_is_zero
                0x0000000008009920                quat_is_equal
                0x00000000080099fc                quat
                0x0000000008009a68                quat_assign
                0x0000000008009adc                quat_zero
                0x0000000008009b2c                quat_null
                0x0000000008009b80                quat_multiply
                0x0000000008009da8                quat_multiply_f
                0x0000000008009e4c                quat_divide
                0x000000000800a0a4                quat_divide_f
                0x000000000800a148                quat_negative
                0x000000000800a1d8                quat_conjugate
                0x000000000800a260                quat_inverse
                0x000000000800a38c                quat_normalize
                0x000000000800a4c0                quat_dot
                0x000000000800a560                quat_power
                0x000000000800a6c4                quat_from_axis_angle
                0x000000000800a78c                quat_from_vec3
                0x000000000800a864                quat_from_mat4
                0x000000000800acd0                quat_lerp
                0x000000000800adf0                quat_slerp
                0x000000000800afc8                quat_length
                0x000000000800b074                quat_length_squared
                0x000000000800b110                quat_angle
                0x000000000800b1a4                mat2
                0x000000000800b210                mat2_zero
                0x000000000800b260                mat2_identity
                0x000000000800b2b8                mat2_determinant
                0x000000000800b318                mat2_assign
                0x000000000800b38c                mat2_negative
                0x000000000800b41c                mat2_transpose
                0x000000000800b4b0                mat2_cofactor
                0x000000000800b554                mat2_adjugate
                0x000000000800b5f8                mat2_multiply
                0x000000000800b750                mat2_multiply_f
                0x000000000800b7f4                mat2_inverse
                0x000000000800b8a0                mat2_scaling
                0x000000000800b8ec                mat2_scale
                0x000000000800b95c                mat2_rotation_z
                0x000000000800b9e4                mat2_lerp
                0x000000000800bb04                mat3
                0x000000000800bbc0                mat3_zero
                0x000000000800bc4c                mat3_identity
                0x000000000800bce4                mat3_determinant
                0x000000000800be0c                mat3_assign
                0x000000000800bee4                mat3_negative
                0x000000000800c000                mat3_transpose
                0x000000000800c120                mat3_cofactor
                0x000000000800c450                mat3_multiply
                0x000000000800c850                mat3_multiply_f
                0x000000000800c994                mat3_inverse
                0x000000000800c9c4                mat3_scaling
                0x000000000800ca24                mat3_scale
                0x000000000800cabc                mat3_rotation_x
                0x000000000800cb48                mat3_rotation_y
                0x000000000800cbd0                mat3_rotation_z
                0x000000000800cc58                mat3_rotation_axis
                0x000000000800cf60                mat3_rotation_quat
                0x000000000800d1a4                mat3_lerp
                0x000000000800d404                mat4
                0x000000000800d530                mat4_zero
                0x000000000800d610                mat4_identity
                0x000000000800d700                mat4_determinant
                0x000000000800daec                mat4_assign
                0x000000000800dc50                mat4_negative
                0x000000000800de30                mat4_transpose
                0x000000000800e014                mat4_cofactor
                0x000000000800e960                mat4_rotation_x
                0x000000000800e9ec                mat4_rotation_y
                0x000000000800ea74                mat4_rotation_z
                0x000000000800eafc                mat4_rotation_axis
                0x000000000800ee5c                mat4_rotation_quat
                0x000000000800f0f8                mat4_translation
                0x000000000800f260                mat4_translate
                0x000000000800f400                mat4_scaling
                0x000000000800f568                mat4_scale
                0x000000000800f704                mat4_multiply
                0x000000000801000c                mat4_multiply_f
                0x0000000008010230                mat4_inverse
                0x0000000008010dfc                mat4_lerp
                0x000000000801121c                mat4_look_at
                0x00000000080113e8                mat4_ortho
                0x0000000008011574                mat4_perspective
                0x00000000080116e4                mat4_perspective_fov
                0x0000000008011870                mat4_perspective_infinite
                0x0000000008011a04                svec2i_is_zero
                0x0000000008011a38                svec2i_is_equal
                0x0000000008011a7c                svec2i
                0x0000000008011ad0                svec2i_assign
                0x0000000008011b24                svec2i_assign_vec2
                0x0000000008011b78                svec2i_zero
                0x0000000008011bbc                svec2i_one
                0x0000000008011c00                svec2i_sign
                0x0000000008011c54                svec2i_add
                0x0000000008011cb8                svec2i_add_i
                0x0000000008011d14                svec2i_subtract
                0x0000000008011d78                svec2i_subtract_i
                0x0000000008011dd4                svec2i_multiply
                0x0000000008011e38                svec2i_multiply_i
                0x0000000008011e94                svec2i_divide
                0x0000000008011ef8                svec2i_divide_i
                0x0000000008011f54                svec2i_snap
                0x0000000008011fb8                svec2i_snap_i
                0x0000000008012014                svec2i_negative
                0x0000000008012068                svec2i_abs
                0x00000000080120bc                svec2i_max
                0x0000000008012120                svec2i_min
                0x0000000008012184                svec2i_clamp
                0x00000000080121ec                svec2i_tangent
                0x0000000008012240                svec3i_is_zero
                0x0000000008012278                svec3i_is_equal
                0x00000000080122b8                svec3i
                0x0000000008012320                svec3i_assign
                0x0000000008012384                svec3i_assign_vec3
                0x00000000080123e8                svec3i_zero
                0x0000000008012438                svec3i_one
                0x0000000008012488                svec3i_sign
                0x00000000080124ec                svec3i_add
                0x0000000008012554                svec3i_add_i
                0x00000000080125bc                svec3i_subtract
                0x0000000008012624                svec3i_subtract_i
                0x000000000801268c                svec3i_multiply
                0x00000000080126f4                svec3i_multiply_i
                0x000000000801275c                svec3i_divide
                0x00000000080127c4                svec3i_divide_i
                0x000000000801282c                svec3i_snap
                0x0000000008012894                svec3i_snap_i
                0x00000000080128fc                svec3i_cross
                0x0000000008012964                svec3i_negative
                0x00000000080129c8                svec3i_abs
                0x0000000008012a2c                svec3i_max
                0x0000000008012a94                svec3i_min
                0x0000000008012afc                svec3i_clamp
                0x0000000008012b6c                svec4i_is_zero
                0x0000000008012ba8                svec4i_is_equal
                0x0000000008012be8                svec4i
                0x0000000008012c60                svec4i_assign
                0x0000000008012cc8                svec4i_assign_vec4
                0x0000000008012d30                svec4i_zero
                0x0000000008012d88                svec4i_one
                0x0000000008012de0                svec4i_sign
                0x0000000008012e48                svec4i_add
                0x0000000008012eb8                svec4i_add_i
                0x0000000008012f24                svec4i_subtract
                0x0000000008012f94                svec4i_subtract_i
                0x0000000008013000                svec4i_multiply
                0x0000000008013070                svec4i_multiply_i
                0x00000000080130dc                svec4i_divide
                0x000000000801314c                svec4i_divide_i
                0x00000000080131b8                svec4i_snap
                0x0000000008013228                svec4i_snap_i
                0x0000000008013294                svec4i_negative
                0x00000000080132fc                svec4i_abs
                0x0000000008013364                svec4i_max
                0x00000000080133d4                svec4i_min
                0x0000000008013444                svec4i_clamp
                0x00000000080134bc                svec2_is_zero
                0x00000000080134f0                svec2_is_equal
                0x0000000008013534                svec2
                0x0000000008013588                svec2_assign
                0x00000000080135dc                svec2_assign_vec2i
                0x0000000008013630                svec2_zero
                0x0000000008013674                svec2_one
                0x00000000080136b8                svec2_sign
                0x000000000801370c                svec2_add
                0x0000000008013770                svec2_add_f
                0x00000000080137cc                svec2_subtract
                0x0000000008013830                svec2_subtract_f
                0x000000000801388c                svec2_multiply
                0x00000000080138f0                svec2_multiply_f
                0x000000000801394c                svec2_multiply_mat2
                0x00000000080139ac                svec2_divide
                0x0000000008013a10                svec2_divide_f
                0x0000000008013a6c                svec2_snap
                0x0000000008013ad0                svec2_snap_f
                0x0000000008013b2c                svec2_negative
                0x0000000008013b80                svec2_abs
                0x0000000008013bd4                svec2_floor
                0x0000000008013c28                svec2_ceil
                0x0000000008013c7c                svec2_round
                0x0000000008013cd0                svec2_max
                0x0000000008013d34                svec2_min
                0x0000000008013d98                svec2_clamp
                0x0000000008013e00                svec2_normalize
                0x0000000008013e54                svec2_dot
                0x0000000008013ea0                svec2_project
                0x0000000008013f04                svec2_slide
                0x0000000008013f68                svec2_reflect
                0x0000000008013fcc                svec2_tangent
                0x0000000008014020                svec2_rotate
                0x000000000801407c                svec2_lerp
                0x00000000080140e4                svec2_bezier3
                0x0000000008014154                svec2_bezier4
                0x00000000080141cc                svec2_angle
                0x0000000008014208                svec2_length
                0x0000000008014244                svec2_length_squared
                0x0000000008014280                svec2_distance
                0x00000000080142cc                svec2_distance_squared
                0x0000000008014318                svec3_is_zero
                0x0000000008014350                svec3_is_equal
                0x0000000008014390                svec3
                0x00000000080143f8                svec3_assign
                0x000000000801445c                svec3_assign_vec3i
                0x00000000080144c0                svec3_zero
                0x0000000008014510                svec3_one
                0x0000000008014560                svec3_sign
                0x00000000080145c4                svec3_add
                0x000000000801462c                svec3_add_f
                0x0000000008014694                svec3_subtract
                0x00000000080146fc                svec3_subtract_f
                0x0000000008014764                svec3_multiply
                0x00000000080147cc                svec3_multiply_f
                0x0000000008014834                svec3_multiply_mat3
                0x000000000801489c                svec3_divide
                0x0000000008014904                svec3_divide_f
                0x000000000801496c                svec3_snap
                0x00000000080149d4                svec3_snap_f
                0x0000000008014a3c                svec3_negative
                0x0000000008014aa0                svec3_abs
                0x0000000008014b04                svec3_floor
                0x0000000008014b68                svec3_ceil
                0x0000000008014bcc                svec3_round
                0x0000000008014c30                svec3_max
                0x0000000008014c98                svec3_min
                0x0000000008014d00                svec3_clamp
                0x0000000008014d70                svec3_cross
                0x0000000008014dd8                svec3_normalize
                0x0000000008014e3c                svec3_dot
                0x0000000008014e84                svec3_project
                0x0000000008014eec                svec3_slide
                0x0000000008014f54                svec3_reflect
                0x0000000008014fbc                svec3_rotate
                0x0000000008015028                svec3_lerp
                0x0000000008015094                svec3_bezier3
                0x000000000801510c                svec3_bezier4
                0x000000000801518c                svec3_length
                0x00000000080151cc                svec3_length_squared
                0x000000000801520c                svec3_distance
                0x0000000008015254                svec3_distance_squared
                0x000000000801529c                svec4_is_zero
                0x00000000080152d8                svec4_is_equal
                0x0000000008015318                svec4
                0x0000000008015390                svec4_assign
                0x00000000080153f8                svec4_assign_vec4i
                0x0000000008015460                svec4_zero
                0x00000000080154b8                svec4_one
                0x0000000008015510                svec4_sign
                0x0000000008015578                svec4_add
                0x00000000080155e8                svec4_add_f
                0x0000000008015654                svec4_subtract
                0x00000000080156c4                svec4_subtract_f
                0x0000000008015730                svec4_multiply
                0x00000000080157a0                svec4_multiply_f
                0x000000000801580c                svec4_multiply_mat4
                0x000000000801587c                svec4_divide
                0x00000000080158ec                svec4_divide_f
                0x0000000008015958                svec4_snap
                0x00000000080159c8                svec4_snap_f
                0x0000000008015a34                svec4_negative
                0x0000000008015a9c                svec4_abs
                0x0000000008015b04                svec4_floor
                0x0000000008015b6c                svec4_ceil
                0x0000000008015bd4                svec4_round
                0x0000000008015c3c                svec4_max
                0x0000000008015cac                svec4_min
                0x0000000008015d1c                svec4_clamp
                0x0000000008015d94                svec4_normalize
                0x0000000008015dfc                svec4_lerp
                0x0000000008015e70                squat_is_zero
                0x0000000008015eac                squat_is_equal
                0x0000000008015eec                squat
                0x0000000008015f64                squat_assign
                0x0000000008015fcc                squat_zero
                0x0000000008016024                squat_null
                0x000000000801607c                squat_multiply
                0x00000000080160ec                squat_multiply_f
                0x0000000008016158                squat_divide
                0x00000000080161c8                squat_divide_f
                0x0000000008016234                squat_negative
                0x000000000801629c                squat_conjugate
                0x0000000008016304                squat_inverse
                0x000000000801636c                squat_normalize
                0x00000000080163d4                squat_dot
                0x000000000801641c                squat_power
                0x0000000008016488                squat_from_axis_angle
                0x00000000080164f8                squat_from_vec3
                0x0000000008016568                squat_from_mat4
                0x00000000080165d0                squat_lerp
                0x0000000008016644                squat_slerp
                0x00000000080166b8                squat_length
                0x00000000080166fc                squat_length_squared
                0x0000000008016740                squat_angle
                0x0000000008016788                smat2
                0x0000000008016800                smat2_zero
                0x0000000008016858                smat2_identity
                0x00000000080168b0                smat2_determinant
                0x00000000080168f4                smat2_assign
                0x000000000801695c                smat2_negative
                0x00000000080169c4                smat2_transpose
                0x0000000008016a2c                smat2_cofactor
                0x0000000008016a94                smat2_adjugate
                0x0000000008016afc                smat2_multiply
                0x0000000008016b6c                smat2_multiply_f
                0x0000000008016bd8                smat2_inverse
                0x0000000008016c40                smat2_scaling
                0x0000000008016ca8                smat2_scale
                0x0000000008016d18                smat2_rotation_z
                0x0000000008016d78                smat2_lerp
                0x0000000008016dec                smat3
                0x0000000008016eb4                smat3_zero
                0x0000000008016f34                smat3_identity
                0x0000000008016fb4                smat3_determinant
                0x0000000008016ff8                smat3_assign
                0x0000000008017088                smat3_negative
                0x0000000008017118                smat3_transpose
                0x00000000080171a8                smat3_cofactor
                0x0000000008017238                smat3_multiply
                0x00000000080172d0                smat3_multiply_f
                0x0000000008017364                smat3_inverse
                0x00000000080173f4                smat3_scaling
                0x0000000008017488                smat3_scale
                0x0000000008017520                smat3_rotation_x
                0x00000000080175a8                smat3_rotation_y
                0x0000000008017630                smat3_rotation_z
                0x00000000080176b8                smat3_rotation_axis
                0x0000000008017750                smat3_rotation_quat
                0x00000000080177e0                smat3_lerp
                0x000000000801787c                smat4
                0x0000000008017950                smat4_zero
                0x00000000080179a4                smat4_identity
                0x00000000080179f8                smat4_determinant
                0x0000000008017a3c                smat4_assign
                0x0000000008017aa0                smat4_negative
                0x0000000008017b04                smat4_transpose
                0x0000000008017b68                smat4_cofactor
                0x0000000008017bcc                smat4_rotation_x
                0x0000000008017c28                smat4_rotation_y
                0x0000000008017c84                smat4_rotation_z
                0x0000000008017ce0                smat4_rotation_axis
                0x0000000008017d4c                smat4_rotation_quat
                0x0000000008017db0                smat4_translation
                0x0000000008017e1c                smat4_translate
                0x0000000008017e88                smat4_scaling
                0x0000000008017ef4                smat4_scale
                0x0000000008017f60                smat4_multiply
                0x0000000008017fcc                smat4_multiply_f
                0x0000000008018034                smat4_inverse
                0x0000000008018098                smat4_lerp
                0x0000000008018108                smat4_look_at
                0x000000000801817c                smat4_ortho
                0x0000000008018200                smat4_perspective
                0x0000000008018274                smat4_perspective_fov
                0x00000000080182f0                smat4_perspective_infinite
                0x000000000801835c                psvec2i_is_zero
                0x000000000801838c                psvec2i_is_equal
                0x00000000080183c4                psvec2i
                0x0000000008018404                psvec2i_assign
                0x000000000801843c                psvec2i_assign_vec2
                0x0000000008018474                psvec2i_zero
                0x00000000080184a4                psvec2i_one
                0x00000000080184d4                psvec2i_sign
                0x000000000801850c                psvec2i_add
                0x000000000801854c                psvec2i_add_i
                0x000000000801858c                psvec2i_subtract
                0x00000000080185cc                psvec2i_subtract_i
                0x000000000801860c                psvec2i_multiply
                0x000000000801864c                psvec2i_multiply_i
                0x000000000801868c                psvec2i_divide
                0x00000000080186cc                psvec2i_divide_i
                0x000000000801870c                psvec2i_snap
                0x000000000801874c                psvec2i_snap_i
                0x000000000801878c                psvec2i_negative
                0x00000000080187c4                psvec2i_abs
                0x00000000080187fc                psvec2i_max
                0x000000000801883c                psvec2i_min
                0x000000000801887c                psvec2i_clamp
                0x00000000080188c4                psvec2i_tangent
                0x00000000080188fc                psvec3i_is_zero
                0x000000000801892c                psvec3i_is_equal
                0x0000000008018964                psvec3i
                0x00000000080189ac                psvec3i_assign
                0x00000000080189e4                psvec3i_assign_vec3
                0x0000000008018a1c                psvec3i_zero
                0x0000000008018a4c                psvec3i_one
                0x0000000008018a7c                psvec3i_sign
                0x0000000008018ab4                psvec3i_add
                0x0000000008018af4                psvec3i_add_i
                0x0000000008018b34                psvec3i_subtract
                0x0000000008018b74                psvec3i_subtract_i
                0x0000000008018bb4                psvec3i_multiply
                0x0000000008018bf4                psvec3i_multiply_i
                0x0000000008018c34                psvec3i_divide
                0x0000000008018c74                psvec3i_divide_i
                0x0000000008018cb4                psvec3i_snap
                0x0000000008018cf4                psvec3i_snap_i
                0x0000000008018d34                psvec3i_cross
                0x0000000008018d74                psvec3i_negative
                0x0000000008018dac                psvec3i_abs
                0x0000000008018de4                psvec3i_max
                0x0000000008018e24                psvec3i_min
                0x0000000008018e64                psvec3i_clamp
                0x0000000008018eac                psvec4i_is_zero
                0x0000000008018edc                psvec4i_is_equal
                0x0000000008018f14                psvec4i
                0x0000000008018f64                psvec4i_assign
                0x0000000008018f9c                psvec4i_assign_vec4
                0x0000000008018fd4                psvec4i_zero
                0x0000000008019004                psvec4i_one
                0x0000000008019034                psvec4i_sign
                0x000000000801906c                psvec4i_add
                0x00000000080190ac                psvec4i_add_i
                0x00000000080190ec                psvec4i_subtract
                0x000000000801912c                psvec4i_subtract_i
                0x000000000801916c                psvec4i_multiply
                0x00000000080191ac                psvec4i_multiply_i
                0x00000000080191ec                psvec4i_divide
                0x000000000801922c                psvec4i_divide_i
                0x000000000801926c                psvec4i_snap
                0x00000000080192ac                psvec4i_snap_i
                0x00000000080192ec                psvec4i_negative
                0x0000000008019324                psvec4i_abs
                0x000000000801935c                psvec4i_max
                0x000000000801939c                psvec4i_min
                0x00000000080193dc                psvec4i_clamp
                0x0000000008019424                psvec2_is_zero
                0x0000000008019454                psvec2_is_equal
                0x000000000801948c                psvec2
                0x00000000080194cc                psvec2_assign
                0x0000000008019504                psvec2_assign_vec2i
                0x000000000801953c                psvec2_zero
                0x000000000801956c                psvec2_one
                0x000000000801959c                psvec2_sign
                0x00000000080195d4                psvec2_add
                0x0000000008019614                psvec2_add_f
                0x0000000008019654                psvec2_subtract
                0x0000000008019694                psvec2_subtract_f
                0x00000000080196d4                psvec2_multiply
                0x0000000008019714                psvec2_multiply_f
                0x0000000008019754                psvec2_multiply_mat2
                0x0000000008019794                psvec2_divide
                0x00000000080197d4                psvec2_divide_f
                0x0000000008019814                psvec2_snap
                0x0000000008019854                psvec2_snap_f
                0x0000000008019894                psvec2_negative
                0x00000000080198cc                psvec2_abs
                0x0000000008019904                psvec2_floor
                0x000000000801993c                psvec2_ceil
                0x0000000008019974                psvec2_round
                0x00000000080199ac                psvec2_max
                0x00000000080199ec                psvec2_min
                0x0000000008019a2c                psvec2_clamp
                0x0000000008019a74                psvec2_normalize
                0x0000000008019aac                psvec2_dot
                0x0000000008019aec                psvec2_project
                0x0000000008019b2c                psvec2_slide
                0x0000000008019b6c                psvec2_reflect
                0x0000000008019bac                psvec2_tangent
                0x0000000008019be4                psvec2_rotate
                0x0000000008019c24                psvec2_lerp
                0x0000000008019c6c                psvec2_bezier3
                0x0000000008019cbc                psvec2_bezier4
                0x0000000008019d14                psvec2_angle
                0x0000000008019d4c                psvec2_length
                0x0000000008019d84                psvec2_length_squared
                0x0000000008019dbc                psvec2_distance
                0x0000000008019dfc                psvec2_distance_squared
                0x0000000008019e3c                psvec3_is_zero
                0x0000000008019e6c                psvec3_is_equal
                0x0000000008019ea4                psvec3
                0x0000000008019eec                psvec3_assign
                0x0000000008019f24                psvec3_assign_vec3i
                0x0000000008019f5c                psvec3_zero
                0x0000000008019f8c                psvec3_one
                0x0000000008019fbc                psvec3_sign
                0x0000000008019ff4                psvec3_add
                0x000000000801a034                psvec3_add_f
                0x000000000801a074                psvec3_subtract
                0x000000000801a0b4                psvec3_subtract_f
                0x000000000801a0f4                psvec3_multiply
                0x000000000801a134                psvec3_multiply_f
                0x000000000801a174                psvec3_multiply_mat3
                0x000000000801a1b4                psvec3_divide
                0x000000000801a1f4                psvec3_divide_f
                0x000000000801a234                psvec3_snap
                0x000000000801a274                psvec3_snap_f
                0x000000000801a2b4                psvec3_negative
                0x000000000801a2ec                psvec3_abs
                0x000000000801a324                psvec3_floor
                0x000000000801a35c                psvec3_ceil
                0x000000000801a394                psvec3_round
                0x000000000801a3cc                psvec3_max
                0x000000000801a40c                psvec3_min
                0x000000000801a44c                psvec3_clamp
                0x000000000801a494                psvec3_cross
                0x000000000801a4d4                psvec3_normalize
                0x000000000801a50c                psvec3_dot
                0x000000000801a54c                psvec3_project
                0x000000000801a58c                psvec3_slide
                0x000000000801a5cc                psvec3_reflect
                0x000000000801a60c                psvec3_rotate
                0x000000000801a654                psvec3_lerp
                0x000000000801a69c                psvec3_bezier3
                0x000000000801a6ec                psvec3_bezier4
                0x000000000801a744                psvec3_length
                0x000000000801a77c                psvec3_length_squared
                0x000000000801a7b4                psvec3_distance
                0x000000000801a7f4                psvec3_distance_squared
                0x000000000801a834                psvec4_is_zero
                0x000000000801a864                psvec4_is_equal
                0x000000000801a89c                psvec4
                0x000000000801a8ec                psvec4_assign
                0x000000000801a924                psvec4_assign_vec4i
                0x000000000801a95c                psvec4_zero
                0x000000000801a98c                psvec4_one
                0x000000000801a9bc                psvec4_sign
                0x000000000801a9f4                psvec4_add
                0x000000000801aa34                psvec4_add_f
                0x000000000801aa74                psvec4_subtract
                0x000000000801aab4                psvec4_subtract_f
                0x000000000801aaf4                psvec4_multiply
                0x000000000801ab34                psvec4_multiply_f
                0x000000000801ab74                psvec4_multiply_mat4
                0x000000000801abb4                psvec4_divide
                0x000000000801abf4                psvec4_divide_f
                0x000000000801ac34                psvec4_snap
                0x000000000801ac74                psvec4_snap_f
                0x000000000801acb4                psvec4_negative
                0x000000000801acec                psvec4_abs
                0x000000000801ad24                psvec4_floor
                0x000000000801ad5c                psvec4_ceil
                0x000000000801ad94                psvec4_round
                0x000000000801adcc                psvec4_max
                0x000000000801ae0c                psvec4_min
                0x000000000801ae4c                psvec4_clamp
                0x000000000801ae94                psvec4_normalize
                0x000000000801aecc                psvec4_lerp
                0x000000000801af14                psquat_is_zero
                0x000000000801af44                psquat_is_equal
                0x000000000801af7c                psquat
                0x000000000801afcc                psquat_assign
                0x000000000801b004                psquat_zero
                0x000000000801b034                psquat_null
                0x000000000801b064                psquat_multiply
                0x000000000801b0a4                psquat_multiply_f
                0x000000000801b0e4                psquat_divide
                0x000000000801b124                psquat_divide_f
                0x000000000801b164                psquat_negative
                0x000000000801b19c                psquat_conjugate
                0x000000000801b1d4                psquat_inverse
                0x000000000801b20c                psquat_normalize
                0x000000000801b244                psquat_dot
                0x000000000801b284                psquat_power
                0x000000000801b2c4                psquat_from_axis_angle
                0x000000000801b304                psquat_from_vec3
                0x000000000801b344                psquat_from_mat4
                0x000000000801b37c                psquat_lerp
                0x000000000801b3c4                psquat_slerp
                0x000000000801b40c                psquat_length
                0x000000000801b444                psquat_length_squared
                0x000000000801b47c                psquat_angle
                0x000000000801b4bc                psmat2
                0x000000000801b50c                psmat2_zero
                0x000000000801b53c                psmat2_identity
                0x000000000801b56c                psmat2_determinant
                0x000000000801b5a4                psmat2_assign
                0x000000000801b5dc                psmat2_negative
                0x000000000801b614                psmat2_transpose
                0x000000000801b64c                psmat2_cofactor
                0x000000000801b684                psmat2_adjugate
                0x000000000801b6bc                psmat2_multiply
                0x000000000801b6fc                psmat2_multiply_f
                0x000000000801b73c                psmat2_inverse
                0x000000000801b774                psmat2_scaling
                0x000000000801b7ac                psmat2_scale
                0x000000000801b7ec                psmat2_rotation_z
                0x000000000801b824                psmat2_lerp
                0x000000000801b86c                psmat3
                0x000000000801b8e4                psmat3_zero
                0x000000000801b914                psmat3_identity
                0x000000000801b944                psmat3_determinant
                0x000000000801b97c                psmat3_assign
                0x000000000801b9b4                psmat3_negative
                0x000000000801b9ec                psmat3_transpose
                0x000000000801ba24                psmat3_cofactor
                0x000000000801ba5c                psmat3_multiply
                0x000000000801ba9c                psmat3_multiply_f
                0x000000000801badc                psmat3_inverse
                0x000000000801bb14                psmat3_scaling
                0x000000000801bb4c                psmat3_scale
                0x000000000801bb8c                psmat3_rotation_x
                0x000000000801bbc4                psmat3_rotation_y
                0x000000000801bbfc                psmat3_rotation_z
                0x000000000801bc34                psmat3_rotation_axis
                0x000000000801bc74                psmat3_rotation_quat
                0x000000000801bcac                psmat3_lerp
                0x000000000801bcf4                psmat4
                0x000000000801bda4                psmat4_zero
                0x000000000801bdd4                psmat4_identity
                0x000000000801be04                psmat4_determinant
                0x000000000801be3c                psmat4_assign
                0x000000000801be74                psmat4_negative
                0x000000000801beac                psmat4_transpose
                0x000000000801bee4                psmat4_cofactor
                0x000000000801bf1c                psmat4_rotation_x
                0x000000000801bf54                psmat4_rotation_y
                0x000000000801bf8c                psmat4_rotation_z
                0x000000000801bfc4                psmat4_rotation_axis
                0x000000000801c004                psmat4_rotation_quat
                0x000000000801c03c                psmat4_translation
                0x000000000801c07c                psmat4_translate
                0x000000000801c0bc                psmat4_scaling
                0x000000000801c0fc                psmat4_scale
                0x000000000801c13c                psmat4_multiply
                0x000000000801c17c                psmat4_multiply_f
                0x000000000801c1bc                psmat4_inverse
                0x000000000801c1f4                psmat4_lerp
                0x000000000801c23c                psmat4_look_at
                0x000000000801c284                psmat4_ortho
                0x000000000801c2e4                psmat4_perspective
                0x000000000801c334                psmat4_perspective_fov
                0x000000000801c38c                psmat4_perspective_infinite
                0x000000000801c3d4                quadratic_ease_out
                0x000000000801c414                quadratic_ease_in
                0x000000000801c448                quadratic_ease_in_out
                0x000000000801c4d0                cubic_ease_out
                0x000000000801c524                cubic_ease_in
                0x000000000801c560                cubic_ease_in_out
                0x000000000801c600                quartic_ease_out
                0x000000000801c664                quartic_ease_in
                0x000000000801c6a8                quartic_ease_in_out
                0x000000000801c754                quintic_ease_out
                0x000000000801c7b8                quintic_ease_in
                0x000000000801c804                quintic_ease_in_out
                0x000000000801c8c4                sine_ease_out
                0x000000000801c90c                sine_ease_in
                0x000000000801c968                sine_ease_in_out
                0x000000000801c9c4                circular_ease_out
                0x000000000801ca10                circular_ease_in
                0x000000000801ca68                circular_ease_in_out
                0x000000000801cb38                exponential_ease_out
                0x000000000801cbb0                exponential_ease_in
                0x000000000801cc24                exponential_ease_in_out
                0x000000000801ccdc                elastic_ease_out
                0x000000000801cd60                elastic_ease_in
                0x000000000801cddc                elastic_ease_in_out
                0x000000000801cef8                back_ease_out
                0x000000000801cf84                back_ease_in
                0x000000000801cff8                back_ease_in_out
                0x000000000801d114                bounce_ease_out
                0x000000000801d260                bounce_ease_in
                0x000000000801d2b0                bounce_ease_in_out
 .text          0x000000000801d34c        0x0 obj/default/src/utils.o
 .text          0x000000000801d34c        0x0 ../Hello_bsp//newlib/nios2-elf/lib\libm.a(lib_a-sf_ceil.o)
 .text.ceilf    0x000000000801d34c      0x168 ../Hello_bsp//newlib/nios2-elf/lib\libm.a(lib_a-sf_ceil.o)
                0x000000000801d34c                ceilf
 .text          0x000000000801d4b4        0x0 ../Hello_bsp//newlib/nios2-elf/lib\libm.a(lib_a-sf_cos.o)
 .text.cosf     0x000000000801d4b4      0x140 ../Hello_bsp//newlib/nios2-elf/lib\libm.a(lib_a-sf_cos.o)
                0x000000000801d4b4                cosf
 .text          0x000000000801d5f4        0x0 ../Hello_bsp//newlib/nios2-elf/lib\libm.a(lib_a-sf_floor.o)
 .text.floorf   0x000000000801d5f4      0x164 ../Hello_bsp//newlib/nios2-elf/lib\libm.a(lib_a-sf_floor.o)
                0x000000000801d5f4                floorf
 .text          0x000000000801d758        0x0 ../Hello_bsp//newlib/nios2-elf/lib\libm.a(lib_a-sf_fmax.o)
 .text.fmaxf    0x000000000801d758       0x7c ../Hello_bsp//newlib/nios2-elf/lib\libm.a(lib_a-sf_fmax.o)
                0x000000000801d758                fmaxf
 .text          0x000000000801d7d4        0x0 ../Hello_bsp//newlib/nios2-elf/lib\libm.a(lib_a-sf_fmin.o)
 .text.fminf    0x000000000801d7d4       0x7c ../Hello_bsp//newlib/nios2-elf/lib\libm.a(lib_a-sf_fmin.o)
                0x000000000801d7d4                fminf
 .text          0x000000000801d850        0x0 ../Hello_bsp//newlib/nios2-elf/lib\libm.a(lib_a-sf_fpclassify.o)
 .text.__fpclassifyf
                0x000000000801d850       0xdc ../Hello_bsp//newlib/nios2-elf/lib\libm.a(lib_a-sf_fpclassify.o)
                0x000000000801d850                __fpclassifyf
 .text          0x000000000801d92c        0x0 ../Hello_bsp//newlib/nios2-elf/lib\libm.a(lib_a-sf_round.o)
 .text.roundf   0x000000000801d92c      0x11c ../Hello_bsp//newlib/nios2-elf/lib\libm.a(lib_a-sf_round.o)
                0x000000000801d92c                roundf
 .text          0x000000000801da48        0x0 ../Hello_bsp//newlib/nios2-elf/lib\libm.a(lib_a-sf_sin.o)
 .text.sinf     0x000000000801da48      0x144 ../Hello_bsp//newlib/nios2-elf/lib\libm.a(lib_a-sf_sin.o)
                0x000000000801da48                sinf
 .text          0x000000000801db8c        0x0 ../Hello_bsp//newlib/nios2-elf/lib\libm.a(lib_a-sf_tan.o)
 .text.tanf     0x000000000801db8c       0xe0 ../Hello_bsp//newlib/nios2-elf/lib\libm.a(lib_a-sf_tan.o)
                0x000000000801db8c                tanf
 .text          0x000000000801dc6c        0x0 ../Hello_bsp//newlib/nios2-elf/lib\libm.a(lib_a-wf_acos.o)
 .text.acosf    0x000000000801dc6c      0x144 ../Hello_bsp//newlib/nios2-elf/lib\libm.a(lib_a-wf_acos.o)
                0x000000000801dc6c                acosf
 .text          0x000000000801ddb0        0x0 ../Hello_bsp//newlib/nios2-elf/lib\libm.a(lib_a-wf_atan2.o)
 .text.atan2f   0x000000000801ddb0       0x40 ../Hello_bsp//newlib/nios2-elf/lib\libm.a(lib_a-wf_atan2.o)
                0x000000000801ddb0                atan2f
 .text          0x000000000801ddf0        0x0 ../Hello_bsp//newlib/nios2-elf/lib\libm.a(lib_a-wf_pow.o)
 .text.powf     0x000000000801ddf0      0x73c ../Hello_bsp//newlib/nios2-elf/lib\libm.a(lib_a-wf_pow.o)
                0x000000000801ddf0                powf
 .text          0x000000000801e52c        0x0 ../Hello_bsp//newlib/nios2-elf/lib\libm.a(lib_a-wf_sqrt.o)
 .text.sqrtf    0x000000000801e52c      0x160 ../Hello_bsp//newlib/nios2-elf/lib\libm.a(lib_a-wf_sqrt.o)
                0x000000000801e52c                sqrtf
 .text          0x000000000801e68c        0x0 ../Hello_bsp//newlib/nios2-elf/lib\libm.a(lib_a-ef_acos.o)
 .text.__ieee754_acosf
                0x000000000801e68c      0x4d4 ../Hello_bsp//newlib/nios2-elf/lib\libm.a(lib_a-ef_acos.o)
                0x000000000801e68c                __ieee754_acosf
 .text          0x000000000801eb60        0x0 ../Hello_bsp//newlib/nios2-elf/lib\libm.a(lib_a-ef_atan2.o)
 .text.__ieee754_atan2f
                0x000000000801eb60      0x414 ../Hello_bsp//newlib/nios2-elf/lib\libm.a(lib_a-ef_atan2.o)
                0x000000000801eb60                __ieee754_atan2f
 .text          0x000000000801ef74        0x0 ../Hello_bsp//newlib/nios2-elf/lib\libm.a(lib_a-ef_pow.o)
 .text.__ieee754_powf
                0x000000000801ef74      0xd64 ../Hello_bsp//newlib/nios2-elf/lib\libm.a(lib_a-ef_pow.o)
                0x000000000801ef74                __ieee754_powf
 .text          0x000000000801fcd8        0x0 ../Hello_bsp//newlib/nios2-elf/lib\libm.a(lib_a-ef_rem_pio2.o)
 .text.__ieee754_rem_pio2f
                0x000000000801fcd8      0x674 ../Hello_bsp//newlib/nios2-elf/lib\libm.a(lib_a-ef_rem_pio2.o)
                0x000000000801fcd8                __ieee754_rem_pio2f
 .text          0x000000000802034c        0x0 ../Hello_bsp//newlib/nios2-elf/lib\libm.a(lib_a-ef_sqrt.o)
 .text.__ieee754_sqrtf
                0x000000000802034c      0x294 ../Hello_bsp//newlib/nios2-elf/lib\libm.a(lib_a-ef_sqrt.o)
                0x000000000802034c                __ieee754_sqrtf
 .text          0x00000000080205e0        0x0 ../Hello_bsp//newlib/nios2-elf/lib\libm.a(lib_a-kf_cos.o)
 .text.__kernel_cosf
                0x00000000080205e0      0x1c4 ../Hello_bsp//newlib/nios2-elf/lib\libm.a(lib_a-kf_cos.o)
                0x00000000080205e0                __kernel_cosf
 .text          0x00000000080207a4        0x0 ../Hello_bsp//newlib/nios2-elf/lib\libm.a(lib_a-kf_rem_pio2.o)
 .text.__kernel_rem_pio2f
                0x00000000080207a4      0xea0 ../Hello_bsp//newlib/nios2-elf/lib\libm.a(lib_a-kf_rem_pio2.o)
                0x00000000080207a4                __kernel_rem_pio2f
 .text          0x0000000008021644        0x0 ../Hello_bsp//newlib/nios2-elf/lib\libm.a(lib_a-kf_sin.o)
 .text.__kernel_sinf
                0x0000000008021644      0x16c ../Hello_bsp//newlib/nios2-elf/lib\libm.a(lib_a-kf_sin.o)
                0x0000000008021644                __kernel_sinf
 .text          0x00000000080217b0        0x0 ../Hello_bsp//newlib/nios2-elf/lib\libm.a(lib_a-kf_tan.o)
 .text.__kernel_tanf
                0x00000000080217b0      0x3fc ../Hello_bsp//newlib/nios2-elf/lib\libm.a(lib_a-kf_tan.o)
                0x00000000080217b0                __kernel_tanf
 .text          0x0000000008021bac        0x0 ../Hello_bsp//newlib/nios2-elf/lib\libm.a(lib_a-s_lib_ver.o)
 .text          0x0000000008021bac        0x0 ../Hello_bsp//newlib/nios2-elf/lib\libm.a(lib_a-s_matherr.o)
 .text.matherr  0x0000000008021bac       0x68 ../Hello_bsp//newlib/nios2-elf/lib\libm.a(lib_a-s_matherr.o)
                0x0000000008021bac                matherr
 .text          0x0000000008021c14        0x0 ../Hello_bsp//newlib/nios2-elf/lib\libm.a(lib_a-s_nan.o)
 .text.nan      0x0000000008021c14       0x44 ../Hello_bsp//newlib/nios2-elf/lib\libm.a(lib_a-s_nan.o)
                0x0000000008021c14                nan
 .text          0x0000000008021c58        0x0 ../Hello_bsp//newlib/nios2-elf/lib\libm.a(lib_a-s_rint.o)
 .text.rint     0x0000000008021c58      0x438 ../Hello_bsp//newlib/nios2-elf/lib\libm.a(lib_a-s_rint.o)
                0x0000000008021c58                rint
 .text          0x0000000008022090        0x0 ../Hello_bsp//newlib/nios2-elf/lib\libm.a(lib_a-sf_atan.o)
 .text.atanf    0x0000000008022090      0x370 ../Hello_bsp//newlib/nios2-elf/lib\libm.a(lib_a-sf_atan.o)
                0x0000000008022090                atanf
 .text          0x0000000008022400        0x0 ../Hello_bsp//newlib/nios2-elf/lib\libm.a(lib_a-sf_fabs.o)
 .text.fabsf    0x0000000008022400       0x58 ../Hello_bsp//newlib/nios2-elf/lib\libm.a(lib_a-sf_fabs.o)
                0x0000000008022400                fabsf
 .text          0x0000000008022458        0x0 ../Hello_bsp//newlib/nios2-elf/lib\libm.a(lib_a-sf_finite.o)
 .text.finitef  0x0000000008022458       0x54 ../Hello_bsp//newlib/nios2-elf/lib\libm.a(lib_a-sf_finite.o)
                0x0000000008022458                finitef
 .text          0x00000000080224ac        0x0 ../Hello_bsp//newlib/nios2-elf/lib\libm.a(lib_a-sf_nan.o)
 .text.nanf     0x00000000080224ac       0x34 ../Hello_bsp//newlib/nios2-elf/lib\libm.a(lib_a-sf_nan.o)
                0x00000000080224ac                nanf
 .text          0x00000000080224e0        0x0 ../Hello_bsp//newlib/nios2-elf/lib\libm.a(lib_a-sf_scalbn.o)
 .text.scalbnf  0x00000000080224e0      0x214 ../Hello_bsp//newlib/nios2-elf/lib\libm.a(lib_a-sf_scalbn.o)
                0x00000000080224e0                scalbnf
 .text          0x00000000080226f4        0x0 ../Hello_bsp//newlib/nios2-elf/lib\libm.a(lib_a-sf_copysign.o)
 .text.copysignf
                0x00000000080226f4       0x78 ../Hello_bsp//newlib/nios2-elf/lib\libm.a(lib_a-sf_copysign.o)
                0x00000000080226f4                copysignf
 .text          0x000000000802276c      0x1b4 d:/intelfpga_lite/18.0/nios2eds/bin/gnu/h-x86_64-mingw32/bin/../lib/gcc/nios2-elf/5.3.0\libgcc.a(lib2-divmod.o)
                0x000000000802276c                __divsi3
                0x00000000080227f0                __modsi3
                0x0000000008022864                __udivsi3
                0x00000000080228c8                __umodsi3
 .text          0x0000000008022920      0x8ac d:/intelfpga_lite/18.0/nios2eds/bin/gnu/h-x86_64-mingw32/bin/../lib/gcc/nios2-elf/5.3.0\libgcc.a(adddf3.o)
                0x0000000008022920                __adddf3
 .text          0x00000000080231cc      0x8e8 d:/intelfpga_lite/18.0/nios2eds/bin/gnu/h-x86_64-mingw32/bin/../lib/gcc/nios2-elf/5.3.0\libgcc.a(divdf3.o)
                0x00000000080231cc                __divdf3
 .text          0x0000000008023ab4       0x88 d:/intelfpga_lite/18.0/nios2eds/bin/gnu/h-x86_64-mingw32/bin/../lib/gcc/nios2-elf/5.3.0\libgcc.a(eqdf2.o)
                0x0000000008023ab4                __nedf2
                0x0000000008023ab4                __eqdf2
 .text          0x0000000008023b3c      0x8fc d:/intelfpga_lite/18.0/nios2eds/bin/gnu/h-x86_64-mingw32/bin/../lib/gcc/nios2-elf/5.3.0\libgcc.a(subdf3.o)
                0x0000000008023b3c                __subdf3
 .text          0x0000000008024438      0x110 d:/intelfpga_lite/18.0/nios2eds/bin/gnu/h-x86_64-mingw32/bin/../lib/gcc/nios2-elf/5.3.0\libgcc.a(extendsfdf2.o)
                0x0000000008024438                __extendsfdf2
 .text          0x0000000008024548      0x1a8 d:/intelfpga_lite/18.0/nios2eds/bin/gnu/h-x86_64-mingw32/bin/../lib/gcc/nios2-elf/5.3.0\libgcc.a(truncdfsf2.o)
                0x0000000008024548                __truncdfsf2
 .text          0x00000000080246f0       0x64 d:/intelfpga_lite/18.0/nios2eds/bin/gnu/h-x86_64-mingw32/bin/../lib/gcc/nios2-elf/5.3.0\libgcc.a(_clzsi2.o)
                0x00000000080246f0                __clzsi2
 .text          0x0000000008024754        0x0 d:/intelfpga_lite/18.0/nios2eds/bin/gnu/h-x86_64-mingw32/bin/../lib/gcc/nios2-elf/5.3.0\libgcc.a(_clz.o)
 .text          0x0000000008024754        0x0 ../Hello_bsp//newlib/nios2-elf/lib\libc.a(lib_a-errno.o)
 .text.__errno  0x0000000008024754       0x20 ../Hello_bsp//newlib/nios2-elf/lib\libc.a(lib_a-errno.o)
                0x0000000008024754                __errno
 .text          0x0000000008024774        0x0 ../Hello_bsp//newlib/nios2-elf/lib\libc.a(lib_a-impure.o)
 .text          0x0000000008024774        0x0 ../Hello_bsp//newlib/nios2-elf/lib\libc.a(lib_a-malloc.o)
 .text.malloc   0x0000000008024774       0x38 ../Hello_bsp//newlib/nios2-elf/lib\libc.a(lib_a-malloc.o)
                0x0000000008024774                malloc
 .text.free     0x00000000080247ac       0x3c ../Hello_bsp//newlib/nios2-elf/lib\libc.a(lib_a-malloc.o)
                0x00000000080247ac                free
 .text          0x00000000080247e8        0x0 ../Hello_bsp//newlib/nios2-elf/lib\libc.a(lib_a-mallocr.o)
 .text.malloc_extend_top
                0x00000000080247e8      0x3b4 ../Hello_bsp//newlib/nios2-elf/lib\libc.a(lib_a-mallocr.o)
 .text._malloc_r
                0x0000000008024b9c      0xb7c ../Hello_bsp//newlib/nios2-elf/lib\libc.a(lib_a-mallocr.o)
                0x0000000008024b9c                _malloc_r
 .text          0x0000000008025718        0x0 ../Hello_bsp//newlib/nios2-elf/lib\libc.a(lib_a-memcpy.o)
 .text.memcpy   0x0000000008025718      0x188 ../Hello_bsp//newlib/nios2-elf/lib\libc.a(lib_a-memcpy.o)
                0x0000000008025718                memcpy
 .text          0x00000000080258a0        0x0 ../Hello_bsp//newlib/nios2-elf/lib\libc.a(lib_a-memset.o)
 .text.memset   0x00000000080258a0      0x1c4 ../Hello_bsp//newlib/nios2-elf/lib\libc.a(lib_a-memset.o)
                0x00000000080258a0                memset
 .text          0x0000000008025a64        0x0 ../Hello_bsp//newlib/nios2-elf/lib\libc.a(lib_a-printf.o)
 .text._printf_r
                0x0000000008025a64       0x64 ../Hello_bsp//newlib/nios2-elf/lib\libc.a(lib_a-printf.o)
                0x0000000008025a64                _printf_r
 .text.printf   0x0000000008025ac8       0x68 ../Hello_bsp//newlib/nios2-elf/lib\libc.a(lib_a-printf.o)
                0x0000000008025ac8                printf
 .text          0x0000000008025b30        0x0 ../Hello_bsp//newlib/nios2-elf/lib\libc.a(lib_a-putchar.o)
 .text._putchar_r
                0x0000000008025b30       0x44 ../Hello_bsp//newlib/nios2-elf/lib\libc.a(lib_a-putchar.o)
                0x0000000008025b30                _putchar_r
 .text.putchar  0x0000000008025b74       0x48 ../Hello_bsp//newlib/nios2-elf/lib\libc.a(lib_a-putchar.o)
                0x0000000008025b74                putchar
 .text          0x0000000008025bbc        0x0 ../Hello_bsp//newlib/nios2-elf/lib\libc.a(lib_a-puts.o)
 .text._puts_r  0x0000000008025bbc      0x118 ../Hello_bsp//newlib/nios2-elf/lib\libc.a(lib_a-puts.o)
                0x0000000008025bbc                _puts_r
 .text.puts     0x0000000008025cd4       0x38 ../Hello_bsp//newlib/nios2-elf/lib\libc.a(lib_a-puts.o)
                0x0000000008025cd4                puts
 .text          0x0000000008025d0c        0x0 ../Hello_bsp//newlib/nios2-elf/lib\libc.a(lib_a-sbrkr.o)
 .text._sbrk_r  0x0000000008025d0c       0x60 ../Hello_bsp//newlib/nios2-elf/lib\libc.a(lib_a-sbrkr.o)
                0x0000000008025d0c                _sbrk_r
 .text          0x0000000008025d6c        0x0 ../Hello_bsp//newlib/nios2-elf/lib\libc.a(lib_a-strlen.o)
 .text.strlen   0x0000000008025d6c       0xf4 ../Hello_bsp//newlib/nios2-elf/lib\libc.a(lib_a-strlen.o)
                0x0000000008025d6c                strlen
 .text          0x0000000008025e60        0x0 ../Hello_bsp//newlib/nios2-elf/lib\libc.a(lib_a-vfprintf.o)
 .text.__sbprintf
                0x0000000008025e60       0xf0 ../Hello_bsp//newlib/nios2-elf/lib\libc.a(lib_a-vfprintf.o)
 .text.__vfprintf_internal
                0x0000000008025f50       0x50 ../Hello_bsp//newlib/nios2-elf/lib\libc.a(lib_a-vfprintf.o)
                0x0000000008025f50                __vfprintf_internal
 .text.___vfprintf_internal_r
                0x0000000008025fa0     0x20d0 ../Hello_bsp//newlib/nios2-elf/lib\libc.a(lib_a-vfprintf.o)
                0x0000000008025fa0                ___vfprintf_internal_r
 .text.cvt      0x0000000008028070      0x20c ../Hello_bsp//newlib/nios2-elf/lib\libc.a(lib_a-vfprintf.o)
 .text.exponent
                0x000000000802827c      0x140 ../Hello_bsp//newlib/nios2-elf/lib\libc.a(lib_a-vfprintf.o)
 .text          0x00000000080283bc        0x0 ../Hello_bsp//newlib/nios2-elf/lib\libc.a(lib_a-wsetup.o)
 .text.__swsetup_r
                0x00000000080283bc      0x1a0 ../Hello_bsp//newlib/nios2-elf/lib\libc.a(lib_a-wsetup.o)
                0x00000000080283bc                __swsetup_r
 .text          0x000000000802855c        0x0 ../Hello_bsp//newlib/nios2-elf/lib\libc.a(lib_a-dtoa.o)
 .text.quorem   0x000000000802855c      0x3b4 ../Hello_bsp//newlib/nios2-elf/lib\libc.a(lib_a-dtoa.o)
 .text._dtoa_r  0x0000000008028910     0x1b78 ../Hello_bsp//newlib/nios2-elf/lib\libc.a(lib_a-dtoa.o)
                0x0000000008028910                _dtoa_r
 .text          0x000000000802a488        0x0 ../Hello_bsp//newlib/nios2-elf/lib\libc.a(lib_a-fflush.o)
 .text.__sflush_r
                0x000000000802a488      0x304 ../Hello_bsp//newlib/nios2-elf/lib\libc.a(lib_a-fflush.o)
                0x000000000802a488                __sflush_r
 .text._fflush_r
                0x000000000802a78c       0x88 ../Hello_bsp//newlib/nios2-elf/lib\libc.a(lib_a-fflush.o)
                0x000000000802a78c                _fflush_r
 .text.fflush   0x000000000802a814       0x54 ../Hello_bsp//newlib/nios2-elf/lib\libc.a(lib_a-fflush.o)
                0x000000000802a814                fflush
 .text          0x000000000802a868        0x0 ../Hello_bsp//newlib/nios2-elf/lib\libc.a(lib_a-findfp.o)
 .text.std      0x000000000802a868       0xf4 ../Hello_bsp//newlib/nios2-elf/lib\libc.a(lib_a-findfp.o)
 .text.__sfmoreglue
                0x000000000802a95c       0xa4 ../Hello_bsp//newlib/nios2-elf/lib\libc.a(lib_a-findfp.o)
                0x000000000802a95c                __sfmoreglue
 .text.__sfp    0x000000000802aa00      0x194 ../Hello_bsp//newlib/nios2-elf/lib\libc.a(lib_a-findfp.o)
                0x000000000802aa00                __sfp
 .text._cleanup_r
                0x000000000802ab94       0x44 ../Hello_bsp//newlib/nios2-elf/lib\libc.a(lib_a-findfp.o)
                0x000000000802ab94                _cleanup_r
 .text._cleanup
                0x000000000802abd8       0x34 ../Hello_bsp//newlib/nios2-elf/lib\libc.a(lib_a-findfp.o)
                0x000000000802abd8                _cleanup
 .text.__sinit  0x000000000802ac0c       0xd8 ../Hello_bsp//newlib/nios2-elf/lib\libc.a(lib_a-findfp.o)
                0x000000000802ac0c                __sinit
 .text.__sfp_lock_acquire
                0x000000000802ace4       0x20 ../Hello_bsp//newlib/nios2-elf/lib\libc.a(lib_a-findfp.o)
                0x000000000802ace4                __sfp_lock_acquire
 .text.__sfp_lock_release
                0x000000000802ad04       0x20 ../Hello_bsp//newlib/nios2-elf/lib\libc.a(lib_a-findfp.o)
                0x000000000802ad04                __sfp_lock_release
 .text.__sinit_lock_acquire
                0x000000000802ad24       0x20 ../Hello_bsp//newlib/nios2-elf/lib\libc.a(lib_a-findfp.o)
                0x000000000802ad24                __sinit_lock_acquire
 .text.__sinit_lock_release
                0x000000000802ad44       0x20 ../Hello_bsp//newlib/nios2-elf/lib\libc.a(lib_a-findfp.o)
                0x000000000802ad44                __sinit_lock_release
 .text.__fp_lock
                0x000000000802ad64       0x24 ../Hello_bsp//newlib/nios2-elf/lib\libc.a(lib_a-findfp.o)
 .text.__fp_unlock
                0x000000000802ad88       0x24 ../Hello_bsp//newlib/nios2-elf/lib\libc.a(lib_a-findfp.o)
 .text.__fp_lock_all
                0x000000000802adac       0x40 ../Hello_bsp//newlib/nios2-elf/lib\libc.a(lib_a-findfp.o)
                0x000000000802adac                __fp_lock_all
 .text.__fp_unlock_all
                0x000000000802adec       0x40 ../Hello_bsp//newlib/nios2-elf/lib\libc.a(lib_a-findfp.o)
                0x000000000802adec                __fp_unlock_all
 .text          0x000000000802ae2c        0x0 ../Hello_bsp//newlib/nios2-elf/lib\libc.a(lib_a-freer.o)
 .text._free_r  0x000000000802ae2c      0x560 ../Hello_bsp//newlib/nios2-elf/lib\libc.a(lib_a-freer.o)
                0x000000000802ae2c                _free_r
 .text._malloc_trim_r
                0x000000000802b38c      0x1cc ../Hello_bsp//newlib/nios2-elf/lib\libc.a(lib_a-freer.o)
                0x000000000802b38c                _malloc_trim_r
 .text          0x000000000802b558        0x0 ../Hello_bsp//newlib/nios2-elf/lib\libc.a(lib_a-fvwrite.o)
 .text.__sfvwrite_r
                0x000000000802b558      0x5dc ../Hello_bsp//newlib/nios2-elf/lib\libc.a(lib_a-fvwrite.o)
                0x000000000802b558                __sfvwrite_r
 .text          0x000000000802bb34        0x0 ../Hello_bsp//newlib/nios2-elf/lib\libc.a(lib_a-fwalk.o)
 .text._fwalk   0x000000000802bb34       0xd8 ../Hello_bsp//newlib/nios2-elf/lib\libc.a(lib_a-fwalk.o)
                0x000000000802bb34                _fwalk
 .text._fwalk_reent
                0x000000000802bc0c       0xdc ../Hello_bsp//newlib/nios2-elf/lib\libc.a(lib_a-fwalk.o)
                0x000000000802bc0c                _fwalk_reent
 .text          0x000000000802bce8        0x0 ../Hello_bsp//newlib/nios2-elf/lib\libc.a(lib_a-int_errno.o)
 .text          0x000000000802bce8        0x0 ../Hello_bsp//newlib/nios2-elf/lib\libc.a(lib_a-locale.o)
 .text._setlocale_r
                0x000000000802bce8       0x84 ../Hello_bsp//newlib/nios2-elf/lib\libc.a(lib_a-locale.o)
                0x000000000802bce8                _setlocale_r
 .text.__locale_charset
                0x000000000802bd6c       0x24 ../Hello_bsp//newlib/nios2-elf/lib\libc.a(lib_a-locale.o)
                0x000000000802bd6c                __locale_charset
 .text.__locale_mb_cur_max
                0x000000000802bd90       0x20 ../Hello_bsp//newlib/nios2-elf/lib\libc.a(lib_a-locale.o)
                0x000000000802bd90                __locale_mb_cur_max
 .text.__locale_msgcharset
                0x000000000802bdb0       0x24 ../Hello_bsp//newlib/nios2-elf/lib\libc.a(lib_a-locale.o)
                0x000000000802bdb0                __locale_msgcharset
 .text.__locale_cjk_lang
                0x000000000802bdd4       0x20 ../Hello_bsp//newlib/nios2-elf/lib\libc.a(lib_a-locale.o)
                0x000000000802bdd4                __locale_cjk_lang
 .text._localeconv_r
                0x000000000802bdf4       0x28 ../Hello_bsp//newlib/nios2-elf/lib\libc.a(lib_a-locale.o)
                0x000000000802bdf4                _localeconv_r
 .text.setlocale
                0x000000000802be1c       0x40 ../Hello_bsp//newlib/nios2-elf/lib\libc.a(lib_a-locale.o)
                0x000000000802be1c                setlocale
 .text.localeconv
                0x000000000802be5c       0x30 ../Hello_bsp//newlib/nios2-elf/lib\libc.a(lib_a-locale.o)
                0x000000000802be5c                localeconv
 .text          0x000000000802be8c        0x0 ../Hello_bsp//newlib/nios2-elf/lib\libc.a(lib_a-makebuf.o)
 .text.__smakebuf_r
                0x000000000802be8c      0x22c ../Hello_bsp//newlib/nios2-elf/lib\libc.a(lib_a-makebuf.o)
                0x000000000802be8c                __smakebuf_r
 .text          0x000000000802c0b8        0x0 ../Hello_bsp//newlib/nios2-elf/lib\libc.a(lib_a-memchr.o)
 .text.memchr   0x000000000802c0b8      0x1bc ../Hello_bsp//newlib/nios2-elf/lib\libc.a(lib_a-memchr.o)
                0x000000000802c0b8                memchr
 .text          0x000000000802c274        0x0 ../Hello_bsp//newlib/nios2-elf/lib\libc.a(lib_a-memmove.o)
 .text.memmove  0x000000000802c274      0x208 ../Hello_bsp//newlib/nios2-elf/lib\libc.a(lib_a-memmove.o)
                0x000000000802c274                memmove
 .text          0x000000000802c47c        0x0 ../Hello_bsp//newlib/nios2-elf/lib\libc.a(lib_a-mprec.o)
 .text._Balloc  0x000000000802c47c      0x130 ../Hello_bsp//newlib/nios2-elf/lib\libc.a(lib_a-mprec.o)
                0x000000000802c47c                _Balloc
 .text._Bfree   0x000000000802c5ac       0x7c ../Hello_bsp//newlib/nios2-elf/lib\libc.a(lib_a-mprec.o)
                0x000000000802c5ac                _Bfree
 .text.__multadd
                0x000000000802c628      0x194 ../Hello_bsp//newlib/nios2-elf/lib\libc.a(lib_a-mprec.o)
                0x000000000802c628                __multadd
 .text.__s2b    0x000000000802c7bc      0x18c ../Hello_bsp//newlib/nios2-elf/lib\libc.a(lib_a-mprec.o)
                0x000000000802c7bc                __s2b
 .text.__hi0bits
                0x000000000802c948       0x90 ../Hello_bsp//newlib/nios2-elf/lib\libc.a(lib_a-mprec.o)
                0x000000000802c948                __hi0bits
 .text.__lo0bits
                0x000000000802c9d8       0xec ../Hello_bsp//newlib/nios2-elf/lib\libc.a(lib_a-mprec.o)
                0x000000000802c9d8                __lo0bits
 .text.__i2b    0x000000000802cac4       0x58 ../Hello_bsp//newlib/nios2-elf/lib\libc.a(lib_a-mprec.o)
                0x000000000802cac4                __i2b
 .text.__multiply
                0x000000000802cb1c      0x3d0 ../Hello_bsp//newlib/nios2-elf/lib\libc.a(lib_a-mprec.o)
                0x000000000802cb1c                __multiply
 .text.__pow5mult
                0x000000000802ceec      0x178 ../Hello_bsp//newlib/nios2-elf/lib\libc.a(lib_a-mprec.o)
                0x000000000802ceec                __pow5mult
 .text.__lshift
                0x000000000802d064      0x1f8 ../Hello_bsp//newlib/nios2-elf/lib\libc.a(lib_a-mprec.o)
                0x000000000802d064                __lshift
 .text.__mcmp   0x000000000802d25c      0x114 ../Hello_bsp//newlib/nios2-elf/lib\libc.a(lib_a-mprec.o)
                0x000000000802d25c                __mcmp
 .text.__mdiff  0x000000000802d370      0x2a4 ../Hello_bsp//newlib/nios2-elf/lib\libc.a(lib_a-mprec.o)
                0x000000000802d370                __mdiff
 .text.__ulp    0x000000000802d614       0xcc ../Hello_bsp//newlib/nios2-elf/lib\libc.a(lib_a-mprec.o)
                0x000000000802d614                __ulp
 .text.__b2d    0x000000000802d6e0      0x204 ../Hello_bsp//newlib/nios2-elf/lib\libc.a(lib_a-mprec.o)
                0x000000000802d6e0                __b2d
 .text.__d2b    0x000000000802d8e4      0x240 ../Hello_bsp//newlib/nios2-elf/lib\libc.a(lib_a-mprec.o)
                0x000000000802d8e4                __d2b
 .text.__ratio  0x000000000802db24      0x11c ../Hello_bsp//newlib/nios2-elf/lib\libc.a(lib_a-mprec.o)
                0x000000000802db24                __ratio
 .text._mprec_log10
                0x000000000802dc40       0xb0 ../Hello_bsp//newlib/nios2-elf/lib\libc.a(lib_a-mprec.o)
                0x000000000802dc40                _mprec_log10
 .text.__copybits
                0x000000000802dcf0       0xd0 ../Hello_bsp//newlib/nios2-elf/lib\libc.a(lib_a-mprec.o)
                0x000000000802dcf0                __copybits
 .text.__any_on
                0x000000000802ddc0      0x134 ../Hello_bsp//newlib/nios2-elf/lib\libc.a(lib_a-mprec.o)
                0x000000000802ddc0                __any_on
 .text          0x000000000802def4        0x0 ../Hello_bsp//newlib/nios2-elf/lib\libc.a(lib_a-putc.o)
 .text._putc_r  0x000000000802def4      0x104 ../Hello_bsp//newlib/nios2-elf/lib\libc.a(lib_a-putc.o)
                0x000000000802def4                _putc_r
 .text.putc     0x000000000802dff8      0x108 ../Hello_bsp//newlib/nios2-elf/lib\libc.a(lib_a-putc.o)
                0x000000000802dff8                putc
 .text          0x000000000802e100        0x0 ../Hello_bsp//newlib/nios2-elf/lib\libc.a(lib_a-reallocr.o)
 .text._realloc_r
                0x000000000802e100      0xbf0 ../Hello_bsp//newlib/nios2-elf/lib\libc.a(lib_a-reallocr.o)
                0x000000000802e100                _realloc_r
 .text          0x000000000802ecf0        0x0 ../Hello_bsp//newlib/nios2-elf/lib\libc.a(lib_a-s_fpclassify.o)
 .text.__fpclassifyd
                0x000000000802ecf0      0x104 ../Hello_bsp//newlib/nios2-elf/lib\libc.a(lib_a-s_fpclassify.o)
                0x000000000802ecf0                __fpclassifyd
 .text          0x000000000802edf4        0x0 ../Hello_bsp//newlib/nios2-elf/lib\libc.a(lib_a-stdio.o)
 .text.__sread  0x000000000802edf4       0x9c ../Hello_bsp//newlib/nios2-elf/lib\libc.a(lib_a-stdio.o)
                0x000000000802edf4                __sread
 .text.__seofread
                0x000000000802ee90       0x30 ../Hello_bsp//newlib/nios2-elf/lib\libc.a(lib_a-stdio.o)
                0x000000000802ee90                __seofread
 .text.__swrite
                0x000000000802eec0       0xb4 ../Hello_bsp//newlib/nios2-elf/lib\libc.a(lib_a-stdio.o)
                0x000000000802eec0                __swrite
 .text.__sseek  0x000000000802ef74       0xa0 ../Hello_bsp//newlib/nios2-elf/lib\libc.a(lib_a-stdio.o)
                0x000000000802ef74                __sseek
 .text.__sclose
                0x000000000802f014       0x54 ../Hello_bsp//newlib/nios2-elf/lib\libc.a(lib_a-stdio.o)
                0x000000000802f014                __sclose
 .text          0x000000000802f068        0x0 ../Hello_bsp//newlib/nios2-elf/lib\libc.a(lib_a-strcmp.o)
 .text.strcmp   0x000000000802f068      0x140 ../Hello_bsp//newlib/nios2-elf/lib\libc.a(lib_a-strcmp.o)
                0x000000000802f068                strcmp
 .text          0x000000000802f1a8        0x0 ../Hello_bsp//newlib/nios2-elf/lib\libc.a(lib_a-vfiprintf.o)
 .text.__sprint_r
                0x000000000802f1a8      0x13c ../Hello_bsp//newlib/nios2-elf/lib\libc.a(lib_a-vfiprintf.o)
                0x000000000802f1a8                __sprint_r
 .text.__sbprintf
                0x000000000802f2e4       0xf0 ../Hello_bsp//newlib/nios2-elf/lib\libc.a(lib_a-vfiprintf.o)
 .text.__vfiprintf_internal
                0x000000000802f3d4       0x50 ../Hello_bsp//newlib/nios2-elf/lib\libc.a(lib_a-vfiprintf.o)
                0x000000000802f3d4                __vfiprintf_internal
 .text.___vfiprintf_internal_r
                0x000000000802f424     0x12c4 ../Hello_bsp//newlib/nios2-elf/lib\libc.a(lib_a-vfiprintf.o)
                0x000000000802f424                ___vfiprintf_internal_r
 .text          0x00000000080306e8        0x0 ../Hello_bsp//newlib/nios2-elf/lib\libc.a(lib_a-wbuf.o)
 .text.__swbuf_r
                0x00000000080306e8      0x168 ../Hello_bsp//newlib/nios2-elf/lib\libc.a(lib_a-wbuf.o)
                0x00000000080306e8                __swbuf_r
 .text.__swbuf  0x0000000008030850       0x40 ../Hello_bsp//newlib/nios2-elf/lib\libc.a(lib_a-wbuf.o)
                0x0000000008030850                __swbuf
 .text          0x0000000008030890        0x0 ../Hello_bsp//newlib/nios2-elf/lib\libc.a(lib_a-writer.o)
 .text._write_r
                0x0000000008030890       0x70 ../Hello_bsp//newlib/nios2-elf/lib\libc.a(lib_a-writer.o)
                0x0000000008030890                _write_r
 .text          0x0000000008030900        0x0 ../Hello_bsp//newlib/nios2-elf/lib\libc.a(closer.o)
 .text._close_r
                0x0000000008030900       0x60 ../Hello_bsp//newlib/nios2-elf/lib\libc.a(closer.o)
                0x0000000008030900                _close_r
 .text          0x0000000008030960        0x0 ../Hello_bsp//newlib/nios2-elf/lib\libc.a(lib_a-callocr.o)
 .text._calloc_r
                0x0000000008030960      0x164 ../Hello_bsp//newlib/nios2-elf/lib\libc.a(lib_a-callocr.o)
                0x0000000008030960                _calloc_r
 .text          0x0000000008030ac4        0x0 ../Hello_bsp//newlib/nios2-elf/lib\libc.a(lib_a-fclose.o)
 .text._fclose_r
                0x0000000008030ac4      0x12c ../Hello_bsp//newlib/nios2-elf/lib\libc.a(lib_a-fclose.o)
                0x0000000008030ac4                _fclose_r
 .text.fclose   0x0000000008030bf0       0x38 ../Hello_bsp//newlib/nios2-elf/lib\libc.a(lib_a-fclose.o)
                0x0000000008030bf0                fclose
 .text          0x0000000008030c28        0x0 ../Hello_bsp//newlib/nios2-elf/lib\libc.a(lib_a-fputwc.o)
 .text.__fputwc
                0x0000000008030c28      0x1f4 ../Hello_bsp//newlib/nios2-elf/lib\libc.a(lib_a-fputwc.o)
                0x0000000008030c28                __fputwc
 .text._fputwc_r
                0x0000000008030e1c       0x88 ../Hello_bsp//newlib/nios2-elf/lib\libc.a(lib_a-fputwc.o)
                0x0000000008030e1c                _fputwc_r
 .text.fputwc   0x0000000008030ea4       0x68 ../Hello_bsp//newlib/nios2-elf/lib\libc.a(lib_a-fputwc.o)
                0x0000000008030ea4                fputwc
 .text          0x0000000008030f0c        0x0 ../Hello_bsp//newlib/nios2-elf/lib\libc.a(lib_a-fstatr.o)
 .text._fstat_r
                0x0000000008030f0c       0x68 ../Hello_bsp//newlib/nios2-elf/lib\libc.a(lib_a-fstatr.o)
                0x0000000008030f0c                _fstat_r
 .text          0x0000000008030f74        0x0 ../Hello_bsp//newlib/nios2-elf/lib\libc.a(lib_a-isattyr.o)
 .text._isatty_r
                0x0000000008030f74       0x60 ../Hello_bsp//newlib/nios2-elf/lib\libc.a(lib_a-isattyr.o)
                0x0000000008030f74                _isatty_r
 .text          0x0000000008030fd4        0x0 ../Hello_bsp//newlib/nios2-elf/lib\libc.a(lib_a-lseekr.o)
 .text._lseek_r
                0x0000000008030fd4       0x70 ../Hello_bsp//newlib/nios2-elf/lib\libc.a(lib_a-lseekr.o)
                0x0000000008030fd4                _lseek_r
 .text          0x0000000008031044        0x0 ../Hello_bsp//newlib/nios2-elf/lib\libc.a(lib_a-readr.o)
 .text._read_r  0x0000000008031044       0x70 ../Hello_bsp//newlib/nios2-elf/lib\libc.a(lib_a-readr.o)
                0x0000000008031044                _read_r
 .text          0x00000000080310b4        0x0 ../Hello_bsp//newlib/nios2-elf/lib\libc.a(lib_a-wcrtomb.o)
 .text._wcrtomb_r
                0x00000000080310b4       0xd4 ../Hello_bsp//newlib/nios2-elf/lib\libc.a(lib_a-wcrtomb.o)
                0x00000000080310b4                _wcrtomb_r
 .text.wcrtomb  0x0000000008031188       0xd8 ../Hello_bsp//newlib/nios2-elf/lib\libc.a(lib_a-wcrtomb.o)
                0x0000000008031188                wcrtomb
 .text          0x0000000008031260        0x0 ../Hello_bsp//newlib/nios2-elf/lib\libc.a(lib_a-wctomb_r.o)
 .text._wctomb_r