Archive member included to satisfy reference by file (symbol)

../Hello_bsp//newlib/nios2-elf/lib\libc.a(lib_a-printf.o)
                              obj/default/main.o (printf)
../Hello_bsp//newlib/nios2-elf/lib\libc.a(lib_a-putchar.o)
                              obj/default/main.o (putchar)
../Hello_bsp//newlib/nios2-elf/lib\libc.a(lib_a-puts.o)
                              obj/default/main.o (puts)
../Hello_bsp//newlib/nios2-elf/lib\libc.a(lib_a-strlen.o)
                              ../Hello_bsp//newlib/nios2-elf/lib\libc.a(lib_a-puts.o) (strlen)
../Hello_bsp//newlib/nios2-elf/lib\libc.a(lib_a-vfprintf.o)
                              ../Hello_bsp//newlib/nios2-elf/lib\libc.a(lib_a-printf.o) (___vfprintf_internal_r)
../Hello_bsp//newlib/nios2-elf/lib\libc.a(lib_a-wsetup.o)
                              ../Hello_bsp//newlib/nios2-elf/lib\libc.a(lib_a-vfprintf.o) (__swsetup_r)
../Hello_bsp//newlib/nios2-elf/lib\libc.a(lib_a-dtoa.o)
                              ../Hello_bsp//newlib/nios2-elf/lib\libc.a(lib_a-vfprintf.o) (_dtoa_r)
../Hello_bsp//newlib/nios2-elf/lib\libc.a(lib_a-fflush.o)
                              ../Hello_bsp//newlib/nios2-elf/lib\libc.a(lib_a-vfprintf.o) (_fflush_r)
../Hello_bsp//newlib/nios2-elf/lib\libc.a(lib_a-findfp.o)
                              ../Hello_bsp//newlib/nios2-elf/lib\libc.a(lib_a-puts.o) (__sinit)
../Hello_bsp//newlib/nios2-elf/lib\libc.a(lib_a-freer.o)
                              ../Hello_bsp//newlib/nios2-elf/lib\libc.a(lib_a-vfprintf.o) (_free_r)
../Hello_bsp//newlib/nios2-elf/lib\libc.a(lib_a-fvwrite.o)
                              ../Hello_bsp//newlib/nios2-elf/lib\libc.a(lib_a-puts.o) (__sfvwrite_r)
../Hello_bsp//newlib/nios2-elf/lib\libc.a(lib_a-fwalk.o)
                              ../Hello_bsp//newlib/nios2-elf/lib\libc.a(lib_a-findfp.o) (_fwalk)
../Hello_bsp//newlib/nios2-elf/lib\libc.a(lib_a-impure.o)
                              ../Hello_bsp//newlib/nios2-elf/lib\libc.a(lib_a-printf.o) (_impure_ptr)
../Hello_bsp//newlib/nios2-elf/lib\libc.a(lib_a-locale.o)
                              ../Hello_bsp//newlib/nios2-elf/lib\libc.a(lib_a-vfprintf.o) (_localeconv_r)
../Hello_bsp//newlib/nios2-elf/lib\libc.a(lib_a-makebuf.o)
                              ../Hello_bsp//newlib/nios2-elf/lib\libc.a(lib_a-wsetup.o) (__smakebuf_r)
../Hello_bsp//newlib/nios2-elf/lib\libc.a(lib_a-mallocr.o)
                              ../Hello_bsp//newlib/nios2-elf/lib\libc.a(lib_a-freer.o) (__malloc_av_)
../Hello_bsp//newlib/nios2-elf/lib\libc.a(lib_a-memchr.o)
                              ../Hello_bsp//newlib/nios2-elf/lib\libc.a(lib_a-vfprintf.o) (memchr)
../Hello_bsp//newlib/nios2-elf/lib\libc.a(lib_a-memcpy.o)
                              ../Hello_bsp//newlib/nios2-elf/lib\libc.a(lib_a-dtoa.o) (memcpy)
../Hello_bsp//newlib/nios2-elf/lib\libc.a(lib_a-memmove.o)
                              ../Hello_bsp//newlib/nios2-elf/lib\libc.a(lib_a-fvwrite.o) (memmove)
../Hello_bsp//newlib/nios2-elf/lib\libc.a(lib_a-memset.o)
                              ../Hello_bsp//newlib/nios2-elf/lib\libc.a(lib_a-findfp.o) (memset)
../Hello_bsp//newlib/nios2-elf/lib\libc.a(lib_a-mprec.o)
                              ../Hello_bsp//newlib/nios2-elf/lib\libc.a(lib_a-dtoa.o) (_Balloc)
../Hello_bsp//newlib/nios2-elf/lib\libc.a(lib_a-putc.o)
                              ../Hello_bsp//newlib/nios2-elf/lib\libc.a(lib_a-putchar.o) (_putc_r)
../Hello_bsp//newlib/nios2-elf/lib\libc.a(lib_a-reallocr.o)
                              ../Hello_bsp//newlib/nios2-elf/lib\libc.a(lib_a-fvwrite.o) (_realloc_r)
../Hello_bsp//newlib/nios2-elf/lib\libc.a(lib_a-s_fpclassify.o)
                              ../Hello_bsp//newlib/nios2-elf/lib\libc.a(lib_a-vfprintf.o) (__fpclassifyd)
../Hello_bsp//newlib/nios2-elf/lib\libc.a(lib_a-sbrkr.o)
                              ../Hello_bsp//newlib/nios2-elf/lib\libc.a(lib_a-freer.o) (_sbrk_r)
../Hello_bsp//newlib/nios2-elf/lib\libc.a(lib_a-stdio.o)
                              ../Hello_bsp//newlib/nios2-elf/lib\libc.a(lib_a-findfp.o) (__sread)
../Hello_bsp//newlib/nios2-elf/lib\libc.a(lib_a-strcmp.o)
                              ../Hello_bsp//newlib/nios2-elf/lib\libc.a(lib_a-locale.o) (strcmp)
../Hello_bsp//newlib/nios2-elf/lib\libc.a(lib_a-vfiprintf.o)
                              ../Hello_bsp//newlib/nios2-elf/lib\libc.a(lib_a-vfprintf.o) (__sprint_r)
../Hello_bsp//newlib/nios2-elf/lib\libc.a(lib_a-wbuf.o)
                              ../Hello_bsp//newlib/nios2-elf/lib\libc.a(lib_a-putc.o) (__swbuf_r)
../Hello_bsp//newlib/nios2-elf/lib\libc.a(lib_a-writer.o)
                              ../Hello_bsp//newlib/nios2-elf/lib\libc.a(lib_a-stdio.o) (_write_r)
../Hello_bsp//newlib/nios2-elf/lib\libc.a(closer.o)
                              ../Hello_bsp//newlib/nios2-elf/lib\libc.a(lib_a-stdio.o) (_close_r)
../Hello_bsp//newlib/nios2-elf/lib\libc.a(lib_a-callocr.o)
                              ../Hello_bsp//newlib/nios2-elf/lib\libc.a(lib_a-mprec.o) (_calloc_r)
[...]
Memory Configuration

Name             Origin             Length             Attributes
reset            0x0000000008000000 0x0000000000000020
sdram            0x0000000008000020 0x0000000007ffffe0
bufferram_out    0x0000000010000000 0x000000000002ee00
*default*        0x0000000000000000 0xffffffffffffffff

Linker script and memory map

LOAD ../Hello_bsp//obj/HAL/src/crt0.o
LOAD obj/default/gppcu.o
LOAD obj/default/main.o
LOAD d:/intelfpga_lite/18.0/nios2eds/bin/gnu/h-x86_64-mingw32/bin/../lib/gcc/nios2-elf/5.3.0/../../../../../H-x86_64-mingw32/nios2-elf/lib\libstdc++.a
LOAD ../Hello_bsp//newlib/nios2-elf/lib\libm.a
LOAD d:/intelfpga_lite/18.0/nios2eds/bin/gnu/h-x86_64-mingw32/bin/../lib/gcc/nios2-elf/5.3.0\libgcc.a
START GROUP
LOAD ../Hello_bsp//newlib/nios2-elf/lib\libc.a
LOAD d:/intelfpga_lite/18.0/nios2eds/bin/gnu/h-x86_64-mingw32/bin/../lib/gcc/nios2-elf/5.3.0\libgcc.a
LOAD ../Hello_bsp/\libhal_bsp.a
LOAD ../Hello_bsp//newlib/nios2-elf/lib\libm.a
END GROUP
LOAD d:/intelfpga_lite/18.0/nios2eds/bin/gnu/h-x86_64-mingw32/bin/../lib/gcc/nios2-elf/5.3.0\libgcc.a
                0x0000000008000000                __alt_mem_sdram = 0x8000000
                0x0000000010000000                __alt_mem_bufferram_out = 0x10000000

.entry          0x0000000008000000       0x20
 *(.entry)
 .entry         0x0000000008000000       0x20 ../Hello_bsp//obj/HAL/src/crt0.o
                0x0000000008000000                __reset

.exceptions     0x0000000008000020      0x224
                0x0000000008000020                PROVIDE (__ram_exceptions_start, ABSOLUTE (.))
                0x0000000008000020                . = ALIGN (0x20)
 *(.irq)
 *(.exceptions.entry.label)
 .exceptions.entry.label
                0x0000000008000020        0x0 ../Hello_bsp/\libhal_bsp.a(alt_irq_entry.o)
                0x0000000008000020                alt_irq_entry
 .exceptions.entry.label
                0x0000000008000020        0x0 ../Hello_bsp/\libhal_bsp.a(alt_exception_entry.o)
                0x0000000008000020                alt_exception
 *(.exceptions.entry.user)
 *(.exceptions.entry.ecc_fatal)
 *(.exceptions.entry)
 .exceptions.entry
                0x0000000008000020       0x54 ../Hello_bsp/\libhal_bsp.a(alt_exception_entry.o)
 *(.exceptions.irqtest.user)
 *(.exceptions.irqtest)
 .exceptions.irqtest
                0x0000000008000074       0x10 ../Hello_bsp/\libhal_bsp.a(alt_irq_entry.o)
 *(.exceptions.irqhandler.user)
 *(.exceptions.irqhandler)
 .exceptions.irqhandler
                0x0000000008000084        0x4 ../Hello_bsp/\libhal_bsp.a(alt_irq_entry.o)
 *(.exceptions.irqreturn.user)
 *(.exceptions.irqreturn)
 .exceptions.irqreturn
                0x0000000008000088        0x4 ../Hello_bsp/\libhal_bsp.a(alt_irq_entry.o)
 *(.exceptions.notirq.label)
 .exceptions.notirq.label
                0x000000000800008c        0x0 ../Hello_bsp/\libhal_bsp.a(alt_irq_entry.o)
 *(.exceptions.notirq.user)
 *(.exceptions.notirq)
 .exceptions.notirq
                0x000000000800008c        0x8 ../Hello_bsp/\libhal_bsp.a(alt_exception_entry.o)
 *(.exceptions.soft.user)
 *(.exceptions.soft)
 *(.exceptions.unknown.user)
 *(.exceptions.unknown)
 .exceptions.unknown
                0x0000000008000094       0x14 ../Hello_bsp/\libhal_bsp.a(alt_exception_entry.o)
 *(.exceptions.exit.label)
 .exceptions.exit.label
                0x00000000080000a8        0x0 ../Hello_bsp/\libhal_bsp.a(alt_irq_entry.o)
 .exceptions.exit.label
                0x00000000080000a8        0x0 ../Hello_bsp/\libhal_bsp.a(alt_exception_entry.o)
 *(.exceptions.exit.user)
 *(.exceptions.exit)
 .exceptions.exit
                0x00000000080000a8       0x54 ../Hello_bsp/\libhal_bsp.a(alt_exception_entry.o)
 *(.exceptions)
 .exceptions    0x00000000080000fc       0xd4 ../Hello_bsp/\libhal_bsp.a(alt_irq_handler.o)
                0x00000000080000fc                alt_irq_handler
 .exceptions    0x00000000080001d0       0x74 ../Hello_bsp/\libhal_bsp.a(alt_instruction_exception_entry.o)
                0x00000000080001d0                alt_instruction_exception_entry
                0x0000000008000244                PROVIDE (__ram_exceptions_end, ABSOLUTE (.))
                0x0000000008000020                PROVIDE (__flash_exceptions_start, LOADADDR (.exceptions))

.text           0x0000000008000244    0x12a74
                [!provide]                        PROVIDE (stext, ABSOLUTE (.))
 *(.interp)
 *(.hash)
 *(.dynsym)
 *(.dynstr)
 *(.gnu.version)
 *(.gnu.version_d)
 *(.gnu.version_r)
 *(.rel.init)
 *(.rela.init)
 *(.rel.text .rel.text.* .rel.gnu.linkonce.t.*)
 *(.rela.text .rela.text.* .rela.gnu.linkonce.t.*)
 *(.rel.fini)
 *(.rela.fini)
 *(.rel.rodata .rel.rodata.* .rel.gnu.linkonce.r.*)
 *(.rela.rodata .rela.rodata.* .rela.gnu.linkonce.r.*)
 *(.rel.data .rel.data.* .rel.gnu.linkonce.d.*)
 *(.rela.data .rela.data.* .rela.gnu.linkonce.d.*)
 *(.rel.tdata .rel.tdata.* .rel.gnu.linkonce.td.*)
 *(.rela.tdata .rela.tdata.* .rela.gnu.linkonce.td.*)
 *(.rel.tbss .rel.tbss.* .rel.gnu.linkonce.tb.*)
 *(.rela.tbss .rela.tbss.* .rela.gnu.linkonce.tb.*)
 *(.rel.ctors)
 *(.rela.ctors)
 *(.rel.dtors)
 *(.rela.dtors)
 *(.rel.got)
 *(.rela.got)
 *(.rel.sdata .rel.sdata.* .rel.gnu.linkonce.s.*)
 *(.rela.sdata .rela.sdata.* .rela.gnu.linkonce.s.*)
 *(.rel.sbss .rel.sbss.* .rel.gnu.linkonce.sb.*)
 *(.rela.sbss .rela.sbss.* .rela.gnu.linkonce.sb.*)
 *(.rel.sdata2 .rel.sdata2.* .rel.gnu.linkonce.s2.*)
 *(.rela.sdata2 .rela.sdata2.* .rela.gnu.linkonce.s2.*)
 *(.rel.sbss2 .rel.sbss2.* .rel.gnu.linkonce.sb2.*)
 *(.rela.sbss2 .rela.sbss2.* .rela.gnu.linkonce.sb2.*)
 *(.rel.bss .rel.bss.* .rel.gnu.linkonce.b.*)
 *(.rela.bss .rela.bss.* .rela.gnu.linkonce.b.*)
 *(.rel.plt)
 *(.rela.plt)
 *(.rel.dyn)
 *(.init)
 *(.plt)
 *(.text .stub .text.* .gnu.linkonce.t.*)
 .text          0x0000000008000244       0x4c ../Hello_bsp//obj/HAL/src/crt0.o
                0x0000000008000244                _start
 .text          0x0000000008000290        0x0 obj/default/gppcu.o
 .text          0x0000000008000290      0x520 obj/default/main.o
                0x0000000008000290                wait
                0x00000000080002d4                QueueInstr
                0x0000000008000338                ReadData
                0x00000000080003c4                WriteData
                0x000000000800045c                QueueStat
                0x0000000008000500                main
 .text          0x00000000080007b0        0x0 ../Hello_bsp//newlib/nios2-elf/lib\libc.a(lib_a-printf.o)
 .text._printf_r
                0x00000000080007b0       0x64 ../Hello_bsp//newlib/nios2-elf/lib\libc.a(lib_a-printf.o)
                0x00000000080007b0                _printf_r
 .text.printf   0x0000000008000814       0x68 ../Hello_bsp//newlib/nios2-elf/lib\libc.a(lib_a-printf.o)
                0x0000000008000814                printf
 .text          0x000000000800087c        0x0 ../Hello_bsp//newlib/nios2-elf/lib\libc.a(lib_a-putchar.o)
 .text._putchar_r
                0x000000000800087c       0x44 ../Hello_bsp//newlib/nios2-elf/lib\libc.a(lib_a-putchar.o)
                0x000000000800087c                _putchar_r
 .text.putchar  0x00000000080008c0       0x48 ../Hello_bsp//newlib/nios2-elf/lib\libc.a(lib_a-putchar.o)
                0x00000000080008c0                putchar
 .text          0x0000000008000908        0x0 ../Hello_bsp//newlib/nios2-elf/lib\libc.a(lib_a-puts.o)
 .text._puts_r  0x0000000008000908      0x118 ../Hello_bsp//newlib/nios2-elf/lib\libc.a(lib_a-puts.o)
                0x0000000008000908                _puts_r
 .text.puts     0x0000000008000a20       0x38 ../Hello_bsp//newlib/nios2-elf/lib\libc.a(lib_a-puts.o)
                0x0000000008000a20                puts
 .text          0x0000000008000a58        0x0 ../Hello_bsp//newlib/nios2-elf/lib\libc.a(lib_a-strlen.o)
 .text.strlen   0x0000000008000a58       0xf4 ../Hello_bsp//newlib/nios2-elf/lib\libc.a(lib_a-strlen.o)
                0x0000000008000a58                strlen
 .text          0x0000000008000b4c        0x0 ../Hello_bsp//newlib/nios2-elf/lib\libc.a(lib_a-vfprintf.o)
 .text.__sbprintf
                0x0000000008000b4c       0xf0 ../Hello_bsp//newlib/nios2-elf/lib\libc.a(lib_a-vfprintf.o)
 .text.__vfprintf_internal
                0x0000000008000c3c       0x50 ../Hello_bsp//newlib/nios2-elf/lib\libc.a(lib_a-vfprintf.o)
                0x0000000008000c3c                __vfprintf_internal
 .text.___vfprintf_internal_r
                0x0000000008000c8c     0x20d0 ../Hello_bsp//newlib/nios2-elf/lib\libc.a(lib_a-vfprintf.o)
                0x0000000008000c8c                ___vfprintf_internal_r
 .text.cvt      0x0000000008002d5c      0x20c ../Hello_bsp//newlib/nios2-elf/lib\libc.a(lib_a-vfprintf.o)
 .text.exponent
                0x0000000008002f68      0x140 ../Hello_bsp//newlib/nios2-elf/lib\libc.a(lib_a-vfprintf.o)
 .text          0x00000000080030a8        0x0 ../Hello_bsp//newlib/nios2-elf/lib\libc.a(lib_a-wsetup.o)
 .text.__swsetup_r
                0x00000000080030a8      0x1a0 ../Hello_bsp//newlib/nios2-elf/lib\libc.a(lib_a-wsetup.o)
                0x00000000080030a8                __swsetup_r
 .text          0x0000000008003248        0x0 ../Hello_bsp//newlib/nios2-elf/lib\libc.a(lib_a-dtoa.o)
 .text.quorem   0x0000000008003248      0x3b4 ../Hello_bsp//newlib/nios2-elf/lib\libc.a(lib_a-dtoa.o)
 .text._dtoa_r  0x00000000080035fc     0x1b78 ../Hello_bsp//newlib/nios2-elf/lib\libc.a(lib_a-dtoa.o)
                0x00000000080035fc                _dtoa_r
 .text          0x0000000008005174        0x0 ../Hello_bsp//newlib/nios2-elf/lib\libc.a(lib_a-fflush.o)
 .text.__sflush_r
                0x0000000008005174      0x304 ../Hello_bsp//newlib/nios2-elf/lib\libc.a(lib_a-fflush.o)
                0x0000000008005174                __sflush_r
 .text._fflush_r
                0x0000000008005478       0x88 ../Hello_bsp//newlib/nios2-elf/lib\libc.a(lib_a-fflush.o)
                0x0000000008005478                _fflush_r
 .text.fflush   0x0000000008005500       0x54 ../Hello_bsp//newlib/nios2-elf/lib\libc.a(lib_a-fflush.o)
                0x0000000008005500                fflush
 .text          0x0000000008005554        0x0 ../Hello_bsp//newlib/nios2-elf/lib\libc.a(lib_a-findfp.o)
 .text.std      0x0000000008005554       0xf4 ../Hello_bsp//newlib/nios2-elf/lib\libc.a(lib_a-findfp.o)
 .text.__sfmoreglue
                0x0000000008005648       0xa4 ../Hello_bsp//newlib/nios2-elf/lib\libc.a(lib_a-findfp.o)
                0x0000000008005648                __sfmoreglue
 .text.__sfp    0x00000000080056ec      0x194 ../Hello_bsp//newlib/nios2-elf/lib\libc.a(lib_a-findfp.o)
                0x00000000080056ec                __sfp
 .text._cleanup_r
                0x0000000008005880       0x44 ../Hello_bsp//newlib/nios2-elf/lib\libc.a(lib_a-findfp.o)
                0x0000000008005880                _cleanup_r
 .text._cleanup
                0x00000000080058c4       0x34 ../Hello_bsp//newlib/nios2-elf/lib\libc.a(lib_a-findfp.o)
                0x00000000080058c4                _cleanup
 .text.__sinit  0x00000000080058f8       0xd8 ../Hello_bsp//newlib/nios2-elf/lib\libc.a(lib_a-findfp.o)
                0x00000000080058f8                __sinit
 .text.__sfp_lock_acquire
                0x00000000080059d0       0x20 ../Hello_bsp//newlib/nios2-elf/lib\libc.a(lib_a-findfp.o)
                0x00000000080059d0                __sfp_lock_acquire
 .text.__sfp_lock_release
                0x00000000080059f0       0x20 ../Hello_bsp//newlib/nios2-elf/lib\libc.a(lib_a-findfp.o)
                0x00000000080059f0                __sfp_lock_release
 .text.__sinit_lock_acquire
                0x0000000008005a10       0x20 ../Hello_bsp//newlib/nios2-elf/lib\libc.a(lib_a-findfp.o)
                0x0000000008005a10                __sinit_lock_acquire
 .text.__sinit_lock_release
                0x0000000008005a30       0x20 ../Hello_bsp//newlib/nios2-elf/lib\libc.a(lib_a-findfp.o)
                0x0000000008005a30                __sinit_lock_release
 .text.__fp_lock
                0x0000000008005a50       0x24 ../Hello_bsp//newlib/nios2-elf/lib\libc.a(lib_a-findfp.o)
 .text.__fp_unlock
                0x0000000008005a74       0x24 ../Hello_bsp//newlib/nios2-elf/lib\libc.a(lib_a-findfp.o)
 .text.__fp_lock_all
                0x0000000008005a98       0x40 ../Hello_bsp//newlib/nios2-elf/lib\libc.a(lib_a-findfp.o)
                0x0000000008005a98                __fp_lock_all
 .text.__fp_unlock_all
                0x0000000008005ad8       0x40 ../Hello_bsp//newlib/nios2-elf/lib\libc.a(lib_a-findfp.o)
                0x0000000008005ad8                __fp_unlock_all
 .text          0x0000000008005b18        0x0 ../Hello_bsp//newlib/nios2-elf/lib\libc.a(lib_a-freer.o)
 .text._free_r  0x0000000008005b18      0x560 ../Hello_bsp//newlib/nios2-elf/lib\libc.a(lib_a-freer.o)
                0x0000000008005b18                _free_r
 .text._malloc_trim_r
                0x0000000008006078      0x1cc ../Hello_bsp//newlib/nios2-elf/lib\libc.a(lib_a-freer.o)
                0x0000000008006078                _malloc_trim_r
 .text          0x0000000008006244        0x0 ../Hello_bsp//newlib/nios2-elf/lib\libc.a(lib_a-fvwrite.o)
 .text.__sfvwrite_r
                0x0000000008006244      0x5dc ../Hello_bsp//newlib/nios2-elf/lib\libc.a(lib_a-fvwrite.o)
                0x0000000008006244                __sfvwrite_r
 .text          0x0000000008006820        0x0 ../Hello_bsp//newlib/nios2-elf/lib\libc.a(lib_a-fwalk.o)
 .text._fwalk   0x0000000008006820       0xd8 ../Hello_bsp//newlib/nios2-elf/lib\libc.a(lib_a-fwalk.o)
                0x0000000008006820                _fwalk
 .text._fwalk_reent
                0x00000000080068f8       0xdc ../Hello_bsp//newlib/nios2-elf/lib\libc.a(lib_a-fwalk.o)
                0x00000000080068f8                _fwalk_reent
 .text          0x00000000080069d4        0x0 ../Hello_bsp//newlib/nios2-elf/lib\libc.a(lib_a-impure.o)
 .text          0x00000000080069d4        0x0 ../Hello_bsp//newlib/nios2-elf/lib\libc.a(lib_a-locale.o)
 .text._setlocale_r
                0x00000000080069d4       0x84 ../Hello_bsp//newlib/nios2-elf/lib\libc.a(lib_a-locale.o)
                0x00000000080069d4                _setlocale_r
 .text.__locale_charset
                0x0000000008006a58       0x24 ../Hello_bsp//newlib/nios2-elf/lib\libc.a(lib_a-locale.o)
                0x0000000008006a58                __locale_charset
 .text.__locale_mb_cur_max
                0x0000000008006a7c       0x20 ../Hello_bsp//newlib/nios2-elf/lib\libc.a(lib_a-locale.o)
                0x0000000008006a7c                __locale_mb_cur_max
 .text.__locale_msgcharset
                0x0000000008006a9c       0x24 ../Hello_bsp//newlib/nios2-elf/lib\libc.a(lib_a-locale.o)
                0x0000000008006a9c                __locale_msgcharset
 .text.__locale_cjk_lang
                0x0000000008006ac0       0x20 ../Hello_bsp//newlib/nios2-elf/lib\libc.a(lib_a-locale.o)
                0x0000000008006ac0                __locale_cjk_lang
 .text._localeconv_r
                0x0000000008006ae0       0x28 ../Hello_bsp//newlib/nios2-elf/lib\libc.a(lib_a-locale.o)
                0x0000000008006ae0                _localeconv_r
 .text.setlocale
                0x0000000008006b08       0x40 ../Hello_bsp//newlib/nios2-elf/lib\libc.a(lib_a-locale.o)
                0x0000000008006b08                setlocale
 .text.localeconv
                0x0000000008006b48       0x30 ../Hello_bsp//newlib/nios2-elf/lib\libc.a(lib_a-locale.o)
                0x0000000008006b48                localeconv
 .text          0x0000000008006b78        0x0 ../Hello_bsp//newlib/nios2-elf/lib\libc.a(lib_a-makebuf.o)
 .text.__smakebuf_r
                0x0000000008006b78      0x22c ../Hello_bsp//newlib/nios2-elf/lib\libc.a(lib_a-makebuf.o)
                0x0000000008006b78                __smakebuf_r
 .text          0x0000000008006da4        0x0 ../Hello_bsp//newlib/nios2-elf/lib\libc.a(lib_a-mallocr.o)
 .text.malloc_extend_top
                0x0000000008006da4      0x3b4 ../Hello_bsp//newlib/nios2-elf/lib\libc.a(lib_a-mallocr.o)
 .text._malloc_r
                0x0000000008007158      0xb7c ../Hello_bsp//newlib/nios2-elf/lib\libc.a(lib_a-mallocr.o)
                0x0000000008007158                _malloc_r
 .text          0x0000000008007cd4        0x0 ../Hello_bsp//newlib/nios2-elf/lib\libc.a(lib_a-memchr.o)
 .text.memchr   0x0000000008007cd4      0x1bc ../Hello_bsp//newlib/nios2-elf/lib\libc.a(lib_a-memchr.o)
                0x0000000008007cd4                memchr
 .text          0x0000000008007e90        0x0 ../Hello_bsp//newlib/nios2-elf/lib\libc.a(lib_a-memcpy.o)
 .text.memcpy   0x0000000008007e90      0x188 ../Hello_bsp//newlib/nios2-elf/lib\libc.a(lib_a-memcpy.o)
                0x0000000008007e90                memcpy
 .text          0x0000000008008018        0x0 ../Hello_bsp//newlib/nios2-elf/lib\libc.a(lib_a-memmove.o)
 .text.memmove  0x0000000008008018      0x208 ../Hello_bsp//newlib/nios2-elf/lib\libc.a(lib_a-memmove.o)
                0x0000000008008018                memmove
 .text          0x0000000008008220        0x0 ../Hello_bsp//newlib/nios2-elf/lib\libc.a(lib_a-memset.o)
 .text.memset   0x0000000008008220      0x1c4 ../Hello_bsp//newlib/nios2-elf/lib\libc.a(lib_a-memset.o)
                0x0000000008008220                memset
 .text          0x00000000080083e4        0x0 ../Hello_bsp//newlib/nios2-elf/lib\libc.a(lib_a-mprec.o)
 .text._Balloc  0x00000000080083e4      0x130 ../Hello_bsp//newlib/nios2-elf/lib\libc.a(lib_a-mprec.o)
                0x00000000080083e4                _Balloc
 .text._Bfree   0x0000000008008514       0x7c ../Hello_bsp//newlib/nios2-elf/lib\libc.a(lib_a-mprec.o)
                0x0000000008008514                _Bfree
 .text.__multadd
                0x0000000008008590      0x194 ../Hello_bsp//newlib/nios2-elf/lib\libc.a(lib_a-mprec.o)
                0x0000000008008590                __multadd
 .text.__s2b    0x0000000008008724      0x18c ../Hello_bsp//newlib/nios2-elf/lib\libc.a(lib_a-mprec.o)
                0x0000000008008724                __s2b
 .text.__hi0bits
                0x00000000080088b0       0x90 ../Hello_bsp//newlib/nios2-elf/lib\libc.a(lib_a-mprec.o)
                0x00000000080088b0                __hi0bits
 .text.__lo0bits
                0x0000000008008940       0xec ../Hello_bsp//newlib/nios2-elf/lib\libc.a(lib_a-mprec.o)
                0x0000000008008940                __lo0bits
 .text.__i2b    0x0000000008008a2c       0x58 ../Hello_bsp//newlib/nios2-elf/lib\libc.a(lib_a-mprec.o)
                0x0000000008008a2c                __i2b
 .text.__multiply
                0x0000000008008a84      0x3d0 ../Hello_bsp//newlib/nios2-elf/lib\libc.a(lib_a-mprec.o)
                0x0000000008008a84                __multiply
 .text.__pow5mult
                0x0000000008008e54      0x178 ../Hello_bsp//newlib/nios2-elf/lib\libc.a(lib_a-mprec.o)
                0x0000000008008e54                __pow5mult
 .text.__lshift
                0x0000000008008fcc      0x1f8 ../Hello_bsp//newlib/nios2-elf/lib\libc.a(lib_a-mprec.o)
                0x0000000008008fcc                __lshift
 .text.__mcmp   0x00000000080091c4      0x114 ../Hello_bsp//newlib/nios2-elf/lib\libc.a(lib_a-mprec.o)
                0x00000000080091c4                __mcmp
 .text.__mdiff  0x00000000080092d8      0x2a4 ../Hello_bsp//newlib/nios2-elf/lib\libc.a(lib_a-mprec.o)
                0x00000000080092d8                __mdiff
 .text.__ulp    0x000000000800957c       0xcc ../Hello_bsp//newlib/nios2-elf/lib\libc.a(lib_a-mprec.o)
                0x000000000800957c                __ulp
 .text.__b2d    0x0000000008009648      0x204 ../Hello_bsp//newlib/nios2-elf/lib\libc.a(lib_a-mprec.o)
                0x0000000008009648                __b2d
 .text.__d2b    0x000000000800984c      0x240 ../Hello_bsp//newlib/nios2-elf/lib\libc.a(lib_a-mprec.o)
                0x000000000800984c                __d2b
 .text.__ratio  0x0000000008009a8c      0x11c ../Hello_bsp//newlib/nios2-elf/lib\libc.a(lib_a-mprec.o)
                0x0000000008009a8c                __ratio
 .text._mprec_log10
                0x0000000008009ba8       0xb0 ../Hello_bsp//newlib/nios2-elf/lib\libc.a(lib_a-mprec.o)
                0x0000000008009ba8                _mprec_log10
 .text.__copybits
                0x0000000008009c58       0xd0 ../Hello_bsp//newlib/nios2-elf/lib\libc.a(lib_a-mprec.o)
                0x0000000008009c58                __copybits
 .text.__any_on
                0x0000000008009d28      0x134 ../Hello_bsp//newlib/nios2-elf/lib\libc.a(lib_a-mprec.o)
                0x0000000008009d28                __any_on
 .text          0x0000000008009e5c        0x0 ../Hello_bsp//newlib/nios2-elf/lib\libc.a(lib_a-putc.o)
 .text._putc_r  0x0000000008009e5c      0x104 ../Hello_bsp//newlib/nios2-elf/lib\libc.a(lib_a-putc.o)
                0x0000000008009e5c                _putc_r
 .text.putc     0x0000000008009f60      0x108 ../Hello_bsp//newlib/nios2-elf/lib\libc.a(lib_a-putc.o)
                0x0000000008009f60                putc
 .text          0x000000000800a068        0x0 ../Hello_bsp//newlib/nios2-elf/lib\libc.a(lib_a-reallocr.o)
 .text._realloc_r
                0x000000000800a068      0xbf0 ../Hello_bsp//newlib/nios2-elf/lib\libc.a(lib_a-reallocr.o)
                0x000000000800a068                _realloc_r
 .text          0x000000000800ac58        0x0 ../Hello_bsp//newlib/nios2-elf/lib\libc.a(lib_a-s_fpclassify.o)
 .text.__fpclassifyd
                0x000000000800ac58      0x104 ../Hello_bsp//newlib/nios2-elf/lib\libc.a(lib_a-s_fpclassify.o)
                0x000000000800ac58                __fpclassifyd
 .text          0x000000000800ad5c        0x0 ../Hello_bsp//newlib/nios2-elf/lib\libc.a(lib_a-sbrkr.o)
 .text._sbrk_r  0x000000000800ad5c       0x60 ../Hello_bsp//newlib/nios2-elf/lib\libc.a(lib_a-sbrkr.o)
                0x000000000800ad5c                _sbrk_r
 .text          0x000000000800adbc        0x0 ../Hello_bsp//newlib/nios2-elf/lib\libc.a(lib_a-stdio.o)
 .text.__sread  0x000000000800adbc       0x9c ../Hello_bsp//newlib/nios2-elf/lib\libc.a(lib_a-stdio.o)
                0x000000000800adbc                __sread
 .text.__seofread
                0x000000000800ae58       0x30 ../Hello_bsp//newlib/nios2-elf/lib\libc.a(lib_a-stdio.o)
                0x000000000800ae58                __seofread
 .text.__swrite
                0x000000000800ae88       0xb4 ../Hello_bsp//newlib/nios2-elf/lib\libc.a(lib_a-stdio.o)
                0x000000000800ae88                __swrite
 .text.__sseek  0x000000000800af3c       0xa0 ../Hello_bsp//newlib/nios2-elf/lib\libc.a(lib_a-stdio.o)
                0x000000000800af3c                __sseek
 .text.__sclose
                0x000000000800afdc       0x54 ../Hello_bsp//newlib/nios2-elf/lib\libc.a(lib_a-stdio.o)
                0x000000000800afdc                __sclose
 .text          0x000000000800b030        0x0 ../Hello_bsp//newlib/nios2-elf/lib\libc.a(lib_a-strcmp.o)
 .text.strcmp   0x000000000800b030      0x140 ../Hello_bsp//newlib/nios2-elf/lib\libc.a(lib_a-strcmp.o)
                0x000000000800b030                strcmp
 .text          0x000000000800b170        0x0 ../Hello_bsp//newlib/nios2-elf/lib\libc.a(lib_a-vfiprintf.o)
 .text.__sprint_r
                0x000000000800b170      0x13c ../Hello_bsp//newlib/nios2-elf/lib\libc.a(lib_a-vfiprintf.o)
                0x000000000800b170                __sprint_r
 .text.__sbprintf
                0x000000000800b2ac       0xf0 ../Hello_bsp//newlib/nios2-elf/lib\libc.a(lib_a-vfiprintf.o)
 .text.__vfiprintf_internal
                0x000000000800b39c       0x50 ../Hello_bsp//newlib/nios2-elf/lib\libc.a(lib_a-vfiprintf.o)
                0x000000000800b39c                __vfiprintf_internal
 .text.___vfiprintf_internal_r
                0x000000000800b3ec     0x12c4 ../Hello_bsp//newlib/nios2-elf/lib\libc.a(lib_a-vfiprintf.o)
                0x000000000800b3ec                ___vfiprintf_internal_r
 .text          0x000000000800c6b0        0x0 ../Hello_bsp//newlib/nios2-elf/lib\libc.a(lib_a-wbuf.o)
 .text.__swbuf_r
                0x000000000800c6b0      0x168 ../Hello_bsp//newlib/nios2-elf/lib\libc.a(lib_a-wbuf.o)
                0x000000000800c6b0                __swbuf_r
 .text.__swbuf  0x000000000800c818       0x40 ../Hello_bsp//newlib/nios2-elf/lib\libc.a(lib_a-wbuf.o)
                0x000000000800c818                __swbuf
 .text          0x000000000800c858        0x0 ../Hello_bsp//newlib/nios2-elf/lib\libc.a(lib_a-writer.o)
 .text._write_r
                0x000000000800c858       0x70 ../Hello_bsp//newlib/nios2-elf/lib\libc.a(lib_a-writer.o)
                0x000000000800c858                _write_r
 .text          0x000000000800c8c8        0x0 ../Hello_bsp//newlib/nios2-elf/lib\libc.a(closer.o)
 .text._close_r
                0x000000000800c8c8       0x60 ../Hello_bsp//newlib/nios2-elf/lib\libc.a(closer.o)
                0x000000000800c8c8                _close_r
 .text          0x000000000800c928        0x0 ../Hello_bsp//newlib/nios2-elf/lib\libc.a(lib_a-callocr.o)
 .text._calloc_r
                0x000000000800c928      0x164 ../Hello_bsp//newlib/nios2-elf/lib\libc.a(lib_a-callocr.o)
                0x000000000800c928                _calloc_r
 .text          0x000000000800ca8c        0x0 ../Hello_bsp//newlib/nios2-elf/lib\libc.a(lib_a-fclose.o)
 .text._fclose_r
                0x000000000800ca8c      0x12c ../Hello_bsp//newlib/nios2-elf/lib\libc.a(lib_a-fclose.o)
                0x000000000800ca8c                _fclose_r
 .text.fclose   0x000000000800cbb8       0x38 ../Hello_bsp//newlib/nios2-elf/lib\libc.a(lib_a-fclose.o)
                0x000000000800cbb8                fclose
 .text          0x000000000800cbf0        0x0 ../Hello_bsp//newlib/nios2-elf/lib\libc.a(lib_a-fputwc.o)
 .text.__fputwc
                0x000000000800cbf0      0x1f4 ../Hello_bsp//newlib/nios2-elf/lib\libc.a(lib_a-fputwc.o)
                0x000000000800cbf0                __fputwc
 .text._fputwc_r
                0x000000000800cde4       0x88 ../Hello_bsp//newlib/nios2-elf/lib\libc.a(lib_a-fputwc.o)
                0x000000000800cde4                _fputwc_r
 .text.fputwc   0x000000000800ce6c       0x68 ../Hello_bsp//newlib/nios2-elf/lib\libc.a(lib_a-fputwc.o)
                0x000000000800ce6c                fputwc
 .text          0x000000000800ced4        0x0 ../Hello_bsp//newlib/nios2-elf/lib\libc.a(lib_a-fstatr.o)
 .text._fstat_r
                0x000000000800ced4       0x68 ../Hello_bsp//newlib/nios2-elf/lib\libc.a(lib_a-fstatr.o)
                0x000000000800ced4                _fstat_r
 .text          0x000000000800cf3c        0x0 ../Hello_bsp//newlib/nios2-elf/lib\libc.a(lib_a-int_errno.o)
 .text          0x000000000800cf3c        0x0 ../Hello_bsp//newlib/nios2-elf/lib\libc.a(lib_a-isattyr.o)
 .text._isatty_r
                0x000000000800cf3c       0x60 ../Hello_bsp//newlib/nios2-elf/lib\libc.a(lib_a-isattyr.o)
                0x000000000800cf3c                _isatty_r
 .text          0x000000000800cf9c        0x0 ../Hello_bsp//newlib/nios2-elf/lib\libc.a(lib_a-lseekr.o)
 .text._lseek_r
                0x000000000800cf9c       0x70 ../Hello_bsp//newlib/nios2-elf/lib\libc.a(lib_a-lseekr.o)
                0x000000000800cf9c                _lseek_r
 .text          0x000000000800d00c        0x0 ../Hello_bsp//newlib/nios2-elf/lib\libc.a(lib_a-readr.o)
 .text._read_r  0x000000000800d00c       0x70 ../Hello_bsp//newlib/nios2-elf/lib\libc.a(lib_a-readr.o)
                0x000000000800d00c                _read_r
 .text          0x000000000800d07c        0x0 ../Hello_bsp//newlib/nios2-elf/lib\libc.a(lib_a-wcrtomb.o)
 .text._wcrtomb_r
                0x000000000800d07c       0xd4 ../Hello_bsp//newlib/nios2-elf/lib\libc.a(lib_a-wcrtomb.o)
                0x000000000800d07c                _wcrtomb_r
 .text.wcrtomb  0x000000000800d150       0xd8 ../Hello_bsp//newlib/nios2-elf/lib\libc.a(lib_a-wcrtomb.o)
                0x000000000800d150                wcrtomb
 .text          0x000000000800d228        0x0 ../Hello_bsp//newlib/nios2-elf/lib\libc.a(lib_a-wctomb_r.o)
 .text._wctomb_r
                0x000000000800d228       0x64 ../Hello_bsp//newlib/nios2-elf/lib\libc.a(lib_a-wctomb_r.o)
                0x000000000800d228                _wctomb_r
 .text.__ascii_wctomb
                0x000000000800d28c       0x78 ../Hello_bsp//newlib/nios2-elf/lib\libc.a(lib_a-wctomb_r.o)
                0x000000000800d28c                __ascii_wctomb
 .text          0x000000000800d304      0x578 d:/intelfpga_lite/18.0/nios2eds/bin/gnu/h-x86_64-mingw32/bin/../lib/gcc/nios2-elf/5.3.0\libgcc.a(_udivdi3.o)
                0x000000000800d304                __udivdi3
 .text          0x000000000800d87c      0x538 d:/intelfpga_lite/18.0/nios2eds/bin/gnu/h-x86_64-mingw32/bin/../lib/gcc/nios2-elf/5.3.0\libgcc.a(_umoddi3.o)
                0x000000000800d87c                __umoddi3
 .text          0x000000000800ddb4      0x1b4 d:/intelfpga_lite/18.0/nios2eds/bin/gnu/h-x86_64-mingw32/bin/../lib/gcc/nios2-elf/5.3.0\libgcc.a(lib2-divmod.o)
                0x000000000800ddb4                __divsi3
                0x000000000800de38                __modsi3
                0x000000000800deac                __udivsi3
                0x000000000800df10                __umodsi3
 .text          0x000000000800df68      0x8ac d:/intelfpga_lite/18.0/nios2eds/bin/gnu/h-x86_64-mingw32/bin/../lib/gcc/nios2-elf/5.3.0\libgcc.a(adddf3.o)
                0x000000000800df68                __adddf3
 .text          0x000000000800e814      0x8e8 d:/intelfpga_lite/18.0/nios2eds/bin/gnu/h-x86_64-mingw32/bin/../lib/gcc/nios2-elf/5.3.0\libgcc.a(divdf3.o)
                0x000000000800e814                __divdf3
 .text          0x000000000800f0fc       0x88 d:/intelfpga_lite/18.0/nios2eds/bin/gnu/h-x86_64-mingw32/bin/../lib/gcc/nios2-elf/5.3.0\libgcc.a(eqdf2.o)
                0x000000000800f0fc                __nedf2
                0x000000000800f0fc                __eqdf2
 .text          0x000000000800f184       0xdc d:/intelfpga_lite/18.0/nios2eds/bin/gnu/h-x86_64-mingw32/bin/../lib/gcc/nios2-elf/5.3.0\libgcc.a(gedf2.o)
                0x000000000800f184                __gedf2
                0x000000000800f184                __gtdf2
 .text          0x000000000800f260       0xf4 d:/intelfpga_lite/18.0/nios2eds/bin/gnu/h-x86_64-mingw32/bin/../lib/gcc/nios2-elf/5.3.0\libgcc.a(ledf2.o)
                0x000000000800f260                __ledf2
                0x000000000800f260                __ltdf2
 .text          0x000000000800f354      0x718 d:/intelfpga_lite/18.0/nios2eds/bin/gnu/h-x86_64-mingw32/bin/../lib/gcc/nios2-elf/5.3.0\libgcc.a(muldf3.o)
                0x000000000800f354                __muldf3
 .text          0x000000000800fa6c      0x8fc d:/intelfpga_lite/18.0/nios2eds/bin/gnu/h-x86_64-mingw32/bin/../lib/gcc/nios2-elf/5.3.0\libgcc.a(subdf3.o)
                0x000000000800fa6c                __subdf3
 .text          0x0000000008010368       0x80 d:/intelfpga_lite/18.0/nios2eds/bin/gnu/h-x86_64-mingw32/bin/../lib/gcc/nios2-elf/5.3.0\libgcc.a(fixdfsi.o)
                0x0000000008010368                __fixdfsi
 .text          0x00000000080103e8       0xdc d:/intelfpga_lite/18.0/nios2eds/bin/gnu/h-x86_64-mingw32/bin/../lib/gcc/nios2-elf/5.3.0\libgcc.a(floatsidf.o)
                0x00000000080103e8                __floatsidf
 .text          0x00000000080104c4       0xa8 d:/intelfpga_lite/18.0/nios2eds/bin/gnu/h-x86_64-mingw32/bin/../lib/gcc/nios2-elf/5.3.0\libgcc.a(floatunsidf.o)
                0x00000000080104c4                __floatunsidf
 .text          0x000000000801056c        0x0 d:/intelfpga_lite/18.0/nios2eds/bin/gnu/h-x86_64-mingw32/bin/../lib/gcc/nios2-elf/5.3.0\libgcc.a(_clz.o)
 .text          0x000000000801056c       0x64 d:/intelfpga_lite/18.0/nios2eds/bin/gnu/h-x86_64-mingw32/bin/../lib/gcc/nios2-elf/5.3.0\libgcc.a(_clzsi2.o)
                0x000000000801056c                __clzsi2
 .text          0x00000000080105d0      0x10c ../Hello_bsp/\libhal_bsp.a(alt_close.o)
                0x000000000801060c                close
 .text          0x00000000080106dc       0x2c ../Hello_bsp/\libhal_bsp.a(alt_dev.o)
 .text          0x0000000008010708        0x0 ../Hello_bsp/\libhal_bsp.a(alt_errno.o)
 .text          0x0000000008010708       0xec ../Hello_bsp/\libhal_bsp.a(alt_fstat.o)
                0x0000000008010744                fstat
 .text          0x00000000080107f4       0xe0 ../Hello_bsp/\libhal_bsp.a(alt_isatty.o)
                0x0000000008010830                isatty
 .text          0x00000000080108d4       0xec ../Hello_bsp/\libhal_bsp.a(alt_load.o)
                0x000000000801093c                alt_load
 .text          0x00000000080109c0      0x110 ../Hello_bsp/\libhal_bsp.a(alt_lseek.o)
                0x00000000080109fc                lseek
 .text          0x0000000008010ad0       0x6c ../Hello_bsp/\libhal_bsp.a(alt_main.o)
                0x0000000008010ad0                alt_main
 .text          0x0000000008010b3c       0x48 ../Hello_bsp/\libhal_bsp.a(alt_malloc_lock.o)
                0x0000000008010b3c                __malloc_lock
                0x0000000008010b60                __malloc_unlock
 .text          0x0000000008010b84      0x138 ../Hello_bsp/\libhal_bsp.a(alt_read.o)
                0x0000000008010bc0                read
 .text          0x0000000008010cbc       0x64 ../Hello_bsp/\libhal_bsp.a(alt_release_fd.o)
                0x0000000008010cbc                alt_release_fd
 .text          0x0000000008010d20       0xb0 ../Hello_bsp/\libhal_bsp.a(alt_sbrk.o)
                0x0000000008010d20                sbrk
 .text          0x0000000008010dd0      0x134 ../Hello_bsp/\libhal_bsp.a(alt_write.o)
                0x0000000008010e0c                write
 .text          0x0000000008010f04       0xd0 ../Hello_bsp/\libhal_bsp.a(alt_sys_init.o)
                0x0000000008010f38                alt_irq_init
                0x0000000008010f70                alt_sys_init
 .text          0x0000000008010fd4      0x164 ../Hello_bsp/\libhal_bsp.a(altera_avalon_jtag_uart_fd.o)
                0x0000000008010fd4                altera_avalon_jtag_uart_read_fd
                0x0000000008011034                altera_avalon_jtag_uart_write_fd
                0x0000000008011094                altera_avalon_jtag_uart_close_fd
                0x00000000080110e4                altera_avalon_jtag_uart_ioctl_fd
 .text          0x0000000008011138      0x3d4 ../Hello_bsp/\libhal_bsp.a(altera_avalon_jtag_uart_init.o)
                0x0000000008011138                altera_avalon_jtag_uart_init
                0x00000000080114a4                altera_avalon_jtag_uart_close
 .text          0x000000000801150c       0xf0 ../Hello_bsp/\libhal_bsp.a(altera_avalon_jtag_uart_ioctl.o)
                0x000000000801150c                altera_avalon_jtag_uart_ioctl
 .text          0x00000000080115fc      0x21c ../Hello_bsp/\libhal_bsp.a(altera_avalon_jtag_uart_read.o)
                0x00000000080115fc                altera_avalon_jtag_uart_read
 .text          0x0000000008011818      0x224 ../Hello_bsp/\libhal_bsp.a(altera_avalon_jtag_uart_write.o)
                0x0000000008011818                altera_avalon_jtag_uart_write
 .text          0x0000000008011a3c       0xf4 ../Hello_bsp/\libhal_bsp.a(altera_avalon_timer_sc.o)
                0x0000000008011ab4                alt_avalon_timer_sc_init
 .text          0x0000000008011b30      0x12c ../Hello_bsp/\libhal_bsp.a(alt_alarm_start.o)
                0x0000000008011b30                alt_alarm_start
 .text          0x0000000008011c5c       0x48 ../Hello_bsp/\libhal_bsp.a(alt_dcache_flush_all.o)
                0x0000000008011c5c                alt_dcache_flush_all
 .text          0x0000000008011ca4       0xe0 ../Hello_bsp/\libhal_bsp.a(alt_dev_llist_insert.o)
                0x0000000008011ce0                alt_dev_llist_insert
 .text          0x0000000008011d84       0x34 ../Hello_bsp/\libhal_bsp.a(alt_icache_flush_all.o)
                0x0000000008011d84                alt_icache_flush_all
 .text          0x0000000008011db8      0x1b0 ../Hello_bsp/\libhal_bsp.a(alt_iic.o)
                0x0000000008011db8                alt_ic_isr_register
                0x0000000008011e08                alt_ic_irq_enable
                0x0000000008011e90                alt_ic_irq_disable
                0x0000000008011f1c                alt_ic_irq_enabled
 .text          0x0000000008011f68       0xf0 ../Hello_bsp/\libhal_bsp.a(alt_iic_isr_register.o)
                0x0000000008011f68                alt_iic_isr_register
 .text          0x0000000008012058      0x140 ../Hello_bsp/\libhal_bsp.a(alt_io_redirect.o)
                0x000000000801211c                alt_io_redirect
 .text          0x0000000008012198        0x0 ../Hello_bsp/\libhal_bsp.a(alt_irq_entry.o)
 .text          0x0000000008012198        0x0 ../Hello_bsp/\libhal_bsp.a(alt_irq_handler.o)
 .text          0x0000000008012198        0x0 ../Hello_bsp/\libhal_bsp.a(alt_irq_vars.o)
 .text          0x0000000008012198      0x254 ../Hello_bsp/\libhal_bsp.a(alt_open.o)
                0x0000000008012298                open
 .text          0x00000000080123ec      0x1a4 ../Hello_bsp/\libhal_bsp.a(alt_tick.o)
                0x00000000080123ec                alt_alarm_stop
                0x0000000008012488                alt_tick
 .text          0x0000000008012590       0x24 ../Hello_bsp/\libhal_bsp.a(altera_nios2_gen2_irq.o)
                0x0000000008012590                altera_nios2_gen2_irq_init
 .text          0x00000000080125b4        0x0 ../Hello_bsp/\libhal_bsp.a(alt_exception_entry.o)
 .text          0x00000000080125b4       0x90 ../Hello_bsp/\libhal_bsp.a(alt_find_dev.o)
                0x00000000080125b4                alt_find_dev
 .text          0x0000000008012644      0x108 ../Hello_bsp/\libhal_bsp.a(alt_find_file.o)
                0x0000000008012644                alt_find_file
 .text          0x000000000801274c       0xa4 ../Hello_bsp/\libhal_bsp.a(alt_get_fd.o)
                0x000000000801274c                alt_get_fd
 .text          0x00000000080127f0       0x90 ../Hello_bsp/\libhal_bsp.a(alt_icache_flush.o)
                0x00000000080127f0                alt_icache_flush
 .text          0x0000000008012880       0x9c ../Hello_bsp/\libhal_bsp.a(alt_instruction_exception_entry.o)
                0x0000000008012880                alt_exception_cause_generated_bad_addr
 .text          0x000000000801291c        0x0 ../Hello_bsp//newlib/nios2-elf/lib\libc.a(lib_a-exit.o)
 .text.exit     0x000000000801291c       0x48 ../Hello_bsp//newlib/nios2-elf/lib\libc.a(lib_a-exit.o)
                0x000000000801291c                exit
 .text          0x0000000008012964        0x0 ../Hello_bsp//newlib/nios2-elf/lib\libc.a(lib_a-memcmp.o)
 .text.memcmp   0x0000000008012964      0x134 ../Hello_bsp//newlib/nios2-elf/lib\libc.a(lib_a-memcmp.o)
                0x0000000008012964                memcmp
 .text          0x0000000008012a98        0x0 ../Hello_bsp//newlib/nios2-elf/lib\libc.a(lib_a-__call_atexit.o)
 .text.__call_exitprocs
                0x0000000008012a98      0x1ec ../Hello_bsp//newlib/nios2-elf/lib\libc.a(lib_a-__call_atexit.o)
                0x0000000008012a98                __call_exitprocs
 .text          0x0000000008012c84       0x34 ../Hello_bsp/\libhal_bsp.a(alt_exit.o)
                0x0000000008012c84                _exit
 *(.gnu.warning.*)
 *(.fini)
                [!provide]                        PROVIDE (__etext, ABSOLUTE (.))
                [!provide]                        PROVIDE (_etext, ABSOLUTE (.))
                [!provide]                        PROVIDE (etext, ABSOLUTE (.))
 *(.eh_frame_hdr)
                0x0000000008012cb8                . = ALIGN (0x4)
                [!provide]                        PROVIDE (__preinit_array_start, ABSOLUTE (.))
 *(.preinit_array)
                [!provide]                        PROVIDE (__preinit_array_end, ABSOLUTE (.))
                [!provide]                        PROVIDE (__init_array_start, ABSOLUTE (.))
 *(.init_array)
                [!provide]                        PROVIDE (__init_array_end, ABSOLUTE (.))
                [!provide]                        PROVIDE (__fini_array_start, ABSOLUTE (.))
 *(.fini_array)
                [!provide]                        PROVIDE (__fini_array_end, ABSOLUTE (.))
 *(.eh_frame)
 *(.gcc_except_table .gcc_except_table.*)
 *(.dynamic)
                [!provide]                        PROVIDE (__CTOR_LIST__, ABSOLUTE (.))
 *(.ctors)
 *(SORT(.ctors.*))
                [!provide]                        PROVIDE (__CTOR_END__, ABSOLUTE (.))
                [!provide]                        PROVIDE (__DTOR_LIST__, ABSOLUTE (.))
 *(.dtors)
 *(SORT(.dtors.*))
                [!provide]                        PROVIDE (__DTOR_END__, ABSOLUTE (.))
 *(.jcr)
                0x0000000008012cb8                . = ALIGN (0x4)

.rodata         0x0000000008012cb8      0x3f0
                0x0000000008012cb8                PROVIDE (__ram_rodata_start, ABSOLUTE (.))
                0x0000000008012cb8                . = ALIGN (0x4)
 *(.rodata .rodata.* .gnu.linkonce.r.*)
 .rodata        0x0000000008012cb8       0x7c obj/default/main.o
 .rodata        0x0000000008012d34        0x2 ../Hello_bsp//newlib/nios2-elf/lib\libc.a(lib_a-puts.o)
 *fill*         0x0000000008012d36        0x2 
 .rodata        0x0000000008012d38       0x5e ../Hello_bsp//newlib/nios2-elf/lib\libc.a(lib_a-vfprintf.o)
 .rodata.blanks.4403
                0x0000000008012d96       0x10 ../Hello_bsp//newlib/nios2-elf/lib\libc.a(lib_a-vfprintf.o)
 .rodata.zeroes.4404
                0x0000000008012da6       0x10 ../Hello_bsp//newlib/nios2-elf/lib\libc.a(lib_a-vfprintf.o)
 *fill*         0x0000000008012db6        0x2 
 .rodata        0x0000000008012db8       0x12 ../Hello_bsp//newlib/nios2-elf/lib\libc.a(lib_a-dtoa.o)
 *fill*         0x0000000008012dca        0x2 
 .rodata        0x0000000008012dcc        0x2 ../Hello_bsp//newlib/nios2-elf/lib\libc.a(lib_a-impure.o)
 *fill*         0x0000000008012dce        0x2 
 .rodata        0x0000000008012dd0       0x12 ../Hello_bsp//newlib/nios2-elf/lib\libc.a(lib_a-locale.o)
 *fill*         0x0000000008012de2        0x2 
 .rodata.__mprec_tens
                0x0000000008012de4       0xc8 ../Hello_bsp//newlib/nios2-elf/lib\libc.a(lib_a-mprec.o)
                0x0000000008012de4                __mprec_tens
 .rodata.__mprec_bigtens
                0x0000000008012eac       0x28 ../Hello_bsp//newlib/nios2-elf/lib\libc.a(lib_a-mprec.o)
                0x0000000008012eac                __mprec_bigtens
 .rodata.__mprec_tinytens
                0x0000000008012ed4       0x28 ../Hello_bsp//newlib/nios2-elf/lib\libc.a(lib_a-mprec.o)
                0x0000000008012ed4                __mprec_tinytens
 .rodata.p05.2768
                0x0000000008012efc        0xc ../Hello_bsp//newlib/nios2-elf/lib\libc.a(lib_a-mprec.o)
 .rodata        0x0000000008012f08       0x4a ../Hello_bsp//newlib/nios2-elf/lib\libc.a(lib_a-vfiprintf.o)
 .rodata.blanks.4348
                0x0000000008012f52       0x10 ../Hello_bsp//newlib/nios2-elf/lib\libc.a(lib_a-vfiprintf.o)
 .rodata.zeroes.4349
                0x0000000008012f62       0x10 ../Hello_bsp//newlib/nios2-elf/lib\libc.a(lib_a-vfiprintf.o)
 .rodata        0x0000000008012f72      0x100 d:/intelfpga_lite/18.0/nios2eds/bin/gnu/h-x86_64-mingw32/bin/../lib/gcc/nios2-elf/5.3.0\libgcc.a(_clz.o)
                0x0000000008012f72                __clz_tab
 *fill*         0x0000000008013072        0x2 
 .rodata        0x0000000008013074        0xa ../Hello_bsp/\libhal_bsp.a(alt_dev.o)
 *fill*         0x000000000801307e        0x2 
 .rodata        0x0000000008013080       0x11 ../Hello_bsp/\libhal_bsp.a(alt_main.o)
 *fill*         0x0000000008013091        0x3 
 .rodata        0x0000000008013094       0x11 ../Hello_bsp/\libhal_bsp.a(alt_sys_init.o)
 *(.rodata1)
                0x00000000080130a8                . = ALIGN (0x4)
 *fill*         0x00000000080130a5        0x3 
                0x00000000080130a8                PROVIDE (__ram_rodata_end, ABSOLUTE (.))
                0x0000000008012cb8                PROVIDE (__flash_rodata_start, LOADADDR (.rodata))

.rwdata         0x00000000080130a8     0x1aec load address 0x0000000008014b94
                0x00000000080130a8                PROVIDE (__ram_rwdata_start, ABSOLUTE (.))
                0x00000000080130a8                . = ALIGN (0x4)
 *(.got.plt)
 *(.got)
 *(.data1)
 *(.data .data.* .gnu.linkonce.d.*)
 .data          0x00000000080130a8        0x0 ../Hello_bsp//obj/HAL/src/crt0.o
 .data          0x00000000080130a8        0x0 obj/default/gppcu.o
 .data          0x00000000080130a8        0x0 obj/default/main.o
 .data          0x00000000080130a8        0x0 ../Hello_bsp//newlib/nios2-elf/lib\libc.a(lib_a-printf.o)
 .data          0x00000000080130a8        0x0 ../Hello_bsp//newlib/nios2-elf/lib\libc.a(lib_a-putchar.o)
 .data          0x00000000080130a8        0x0 ../Hello_bsp//newlib/nios2-elf/lib\libc.a(lib_a-puts.o)
 .data          0x00000000080130a8        0x0 ../Hello_bsp//newlib/nios2-elf/lib\libc.a(lib_a-strlen.o)
 .data          0x00000000080130a8        0x0 ../Hello_bsp//newlib/nios2-elf/lib\libc.a(lib_a-vfprintf.o)
 .data          0x00000000080130a8        0x0 ../Hello_bsp//newlib/nios2-elf/lib\libc.a(lib_a-wsetup.o)
 .data          0x00000000080130a8        0x0 ../Hello_bsp//newlib/nios2-elf/lib\libc.a(lib_a-dtoa.o)
 .data          0x00000000080130a8        0x0 ../Hello_bsp//newlib/nios2-elf/lib\libc.a(lib_a-fflush.o)
 .data          0x00000000080130a8        0x0 ../Hello_bsp//newlib/nios2-elf/lib\libc.a(lib_a-findfp.o)
 .data          0x00000000080130a8        0x0 ../Hello_bsp//newlib/nios2-elf/lib\libc.a(lib_a-freer.o)
 .data          0x00000000080130a8        0x0 ../Hello_bsp//newlib/nios2-elf/lib\libc.a(lib_a-fvwrite.o)
 .data          0x00000000080130a8        0x0 ../Hello_bsp//newlib/nios2-elf/lib\libc.a(lib_a-fwalk.o)
 .data          0x00000000080130a8        0x0 ../Hello_bsp//newlib/nios2-elf/lib\libc.a(lib_a-impure.o)
 .data.impure_data
                0x00000000080130a8      0x424 ../Hello_bsp//newlib/nios2-elf/lib\libc.a(lib_a-impure.o)
 .data          0x00000000080134cc        0x0 ../Hello_bsp//newlib/nios2-elf/lib\libc.a(lib_a-locale.o)
 .data.lconv    0x00000000080134cc       0x38 ../Hello_bsp//newlib/nios2-elf/lib\libc.a(lib_a-locale.o)
 .data.lc_ctype_charset
                0x0000000008013504       0x20 ../Hello_bsp//newlib/nios2-elf/lib\libc.a(lib_a-locale.o)
 .data.lc_message_charset
                0x0000000008013524       0x20 ../Hello_bsp//newlib/nios2-elf/lib\libc.a(lib_a-locale.o)
 .data          0x0000000008013544        0x0 ../Hello_bsp//newlib/nios2-elf/lib\libc.a(lib_a-makebuf.o)
 .data          0x0000000008013544        0x0 ../Hello_bsp//newlib/nios2-elf/lib\libc.a(lib_a-mallocr.o)
 .data.__malloc_av_
                0x0000000008013544      0x408 ../Hello_bsp//newlib/nios2-elf/lib\libc.a(lib_a-mallocr.o)
                0x0000000008013544                __malloc_av_
 .data          0x000000000801394c        0x0 ../Hello_bsp//newlib/nios2-elf/lib\libc.a(lib_a-memchr.o)
 .data          0x000000000801394c        0x0 ../Hello_bsp//newlib/nios2-elf/lib\libc.a(lib_a-memcpy.o)
 .data          0x000000000801394c        0x0 ../Hello_bsp//newlib/nios2-elf/lib\libc.a(lib_a-memmove.o)
 .data          0x000000000801394c        0x0 ../Hello_bsp//newlib/nios2-elf/lib\libc.a(lib_a-memset.o)
 .data          0x000000000801394c        0x0 ../Hello_bsp//newlib/nios2-elf/lib\libc.a(lib_a-mprec.o)
 .data          0x000000000801394c        0x0 ../Hello_bsp//newlib/nios2-elf/lib\libc.a(lib_a-putc.o)
 .data          0x000000000801394c        0x0 ../Hello_bsp//newlib/nios2-elf/lib\libc.a(lib_a-reallocr.o)
 .data          0x000000000801394c        0x0 ../Hello_bsp//newlib/nios2-elf/lib\libc.a(lib_a-s_fpclassify.o)
 .data          0x000000000801394c        0x0 ../Hello_bsp//newlib/nios2-elf/lib\libc.a(lib_a-sbrkr.o)
 .data          0x000000000801394c        0x0 ../Hello_bsp//newlib/nios2-elf/lib\libc.a(lib_a-stdio.o)
 .data          0x000000000801394c        0x0 ../Hello_bsp//newlib/nios2-elf/lib\libc.a(lib_a-strcmp.o)
 .data          0x000000000801394c        0x0 ../Hello_bsp//newlib/nios2-elf/lib\libc.a(lib_a-vfiprintf.o)
 .data          0x000000000801394c        0x0 ../Hello_bsp//newlib/nios2-elf/lib\libc.a(lib_a-wbuf.o)
 .data          0x000000000801394c        0x0 ../Hello_bsp//newlib/nios2-elf/lib\libc.a(lib_a-writer.o)
 .data          0x000000000801394c        0x0 ../Hello_bsp//newlib/nios2-elf/lib\libc.a(closer.o)
 .data          0x000000000801394c        0x0 ../Hello_bsp//newlib/nios2-elf/lib\libc.a(lib_a-callocr.o)
 .data          0x000000000801394c        0x0 ../Hello_bsp//newlib/nios2-elf/lib\libc.a(lib_a-fclose.o)
 .data          0x000000000801394c        0x0 ../Hello_bsp//newlib/nios2-elf/lib\libc.a(lib_a-fputwc.o)
 .data          0x000000000801394c        0x0 ../Hello_bsp//newlib/nios2-elf/lib\libc.a(lib_a-fstatr.o)
 .data          0x000000000801394c        0x0 ../Hello_bsp//newlib/nios2-elf/lib\libc.a(lib_a-int_errno.o)
 .data          0x000000000801394c        0x0 ../Hello_bsp//newlib/nios2-elf/lib\libc.a(lib_a-isattyr.o)
 .data          0x000000000801394c        0x0 ../Hello_bsp//newlib/nios2-elf/lib\libc.a(lib_a-lseekr.o)
 .data          0x000000000801394c        0x0 ../Hello_bsp//newlib/nios2-elf/lib\libc.a(lib_a-readr.o)
 .data          0x000000000801394c        0x0 ../Hello_bsp//newlib/nios2-elf/lib\libc.a(lib_a-wcrtomb.o)
 .data          0x000000000801394c        0x0 ../Hello_bsp//newlib/nios2-elf/lib\libc.a(lib_a-wctomb_r.o)
 .data          0x000000000801394c        0x0 d:/intelfpga_lite/18.0/nios2eds/bin/gnu/h-x86_64-mingw32/bin/../lib/gcc/nios2-elf/5.3.0\libgcc.a(_udivdi3.o)
 .data          0x000000000801394c        0x0 d:/intelfpga_lite/18.0/nios2eds/bin/gnu/h-x86_64-mingw32/bin/../lib/gcc/nios2-elf/5.3.0\libgcc.a(_umoddi3.o)
 .data          0x000000000801394c        0x0 d:/intelfpga_lite/18.0/nios2eds/bin/gnu/h-x86_64-mingw32/bin/../lib/gcc/nios2-elf/5.3.0\libgcc.a(lib2-divmod.o)
 .data          0x000000000801394c        0x0 d:/intelfpga_lite/18.0/nios2eds/bin/gnu/h-x86_64-mingw32/bin/../lib/gcc/nios2-elf/5.3.0\libgcc.a(adddf3.o)
 .data          0x000000000801394c        0x0 d:/intelfpga_lite/18.0/nios2eds/bin/gnu/h-x86_64-mingw32/bin/../lib/gcc/nios2-elf/5.3.0\libgcc.a(divdf3.o)
 .data          0x000000000801394c        0x0 d:/intelfpga_lite/18.0/nios2eds/bin/gnu/h-x86_64-mingw32/bin/../lib/gcc/nios2-elf/5.3.0\libgcc.a(eqdf2.o)
 .data          0x000000000801394c        0x0 d:/intelfpga_lite/18.0/nios2eds/bin/gnu/h-x86_64-mingw32/bin/../lib/gcc/nios2-elf/5.3.0\libgcc.a(gedf2.o)
 .data          0x000000000801394c        0x0 d:/intelfpga_lite/18.0/nios2eds/bin/gnu/h-x86_64-mingw32/bin/../lib/gcc/nios2-elf/5.3.0\libgcc.a(ledf2.o)
 .data          0x000000000801394c        0x0 d:/intelfpga_lite/18.0/nios2eds/bin/gnu/h-x86_64-mingw32/bin/../lib/gcc/nios2-elf/5.3.0\libgcc.a(muldf3.o)
 .data          0x000000000801394c        0x0 d:/intelfpga_lite/18.0/nios2eds/bin/gnu/h-x86_64-mingw32/bin/../lib/gcc/nios2-elf/5.3.0\libgcc.a(subdf3.o)
 .data          0x000000000801394c        0x0 d:/intelfpga_lite/18.0/nios2eds/bin/gnu/h-x86_64-mingw32/bin/../lib/gcc/nios2-elf/5.3.0\libgcc.a(fixdfsi.o)
 .data          0x000000000801394c        0x0 d:/intelfpga_lite/18.0/nios2eds/bin/gnu/h-x86_64-mingw32/bin/../lib/gcc/nios2-elf/5.3.0\libgcc.a(floatsidf.o)
 .data          0x000000000801394c        0x0 d:/intelfpga_lite/18.0/nios2eds/bin/gnu/h-x86_64-mingw32/bin/../lib/gcc/nios2-elf/5.3.0\libgcc.a(floatunsidf.o)
 .data          0x000000000801394c        0x0 d:/intelfpga_lite/18.0/nios2eds/bin/gnu/h-x86_64-mingw32/bin/../lib/gcc/nios2-elf/5.3.0\libgcc.a(_clz.o)
 .data          0x000000000801394c        0x0 d:/intelfpga_lite/18.0/nios2eds/bin/gnu/h-x86_64-mingw32/bin/../lib/gcc/nios2-elf/5.3.0\libgcc.a(_clzsi2.o)
 .data          0x000000000801394c        0x0 ../Hello_bsp/\libhal_bsp.a(alt_close.o)
 .data          0x000000000801394c      0x1a8 ../Hello_bsp/\libhal_bsp.a(alt_dev.o)
                0x000000000801394c                alt_dev_null
                0x0000000008013974                alt_fd_list
 .data          0x0000000008013af4        0x0 ../Hello_bsp/\libhal_bsp.a(alt_errno.o)
 .data          0x0000000008013af4        0x0 ../Hello_bsp/\libhal_bsp.a(alt_fstat.o)
 .data          0x0000000008013af4        0x0 ../Hello_bsp/\libhal_bsp.a(alt_isatty.o)
 .data          0x0000000008013af4        0x0 ../Hello_bsp/\libhal_bsp.a(alt_load.o)
 .data          0x0000000008013af4        0x0 ../Hello_bsp/\libhal_bsp.a(alt_lseek.o)
 .data          0x0000000008013af4        0x0 ../Hello_bsp/\libhal_bsp.a(alt_main.o)
 .data          0x0000000008013af4        0x0 ../Hello_bsp/\libhal_bsp.a(alt_malloc_lock.o)
 .data          0x0000000008013af4        0x0 ../Hello_bsp/\libhal_bsp.a(alt_read.o)
 .data          0x0000000008013af4        0x0 ../Hello_bsp/\libhal_bsp.a(alt_release_fd.o)
 .data          0x0000000008013af4        0x0 ../Hello_bsp/\libhal_bsp.a(alt_sbrk.o)
 .data          0x0000000008013af4        0x0 ../Hello_bsp/\libhal_bsp.a(alt_write.o)
 .data          0x0000000008013af4     0x1060 ../Hello_bsp/\libhal_bsp.a(alt_sys_init.o)
 .data          0x0000000008014b54        0x0 ../Hello_bsp/\libhal_bsp.a(altera_avalon_jtag_uart_fd.o)
 .data          0x0000000008014b54        0x0 ../Hello_bsp/\libhal_bsp.a(altera_avalon_jtag_uart_init.o)
 .data          0x0000000008014b54        0x0 ../Hello_bsp/\libhal_bsp.a(altera_avalon_jtag_uart_ioctl.o)
 .data          0x0000000008014b54        0x0 ../Hello_bsp/\libhal_bsp.a(altera_avalon_jtag_uart_read.o)
 .data          0x0000000008014b54        0x0 ../Hello_bsp/\libhal_bsp.a(altera_avalon_jtag_uart_write.o)
 .data          0x0000000008014b54        0x0 ../Hello_bsp/\libhal_bsp.a(altera_avalon_timer_sc.o)
 .data          0x0000000008014b54        0x0 ../Hello_bsp/\libhal_bsp.a(alt_alarm_start.o)
 .data          0x0000000008014b54        0x0 ../Hello_bsp/\libhal_bsp.a(alt_dcache_flush_all.o)
 .data          0x0000000008014b54        0x0 ../Hello_bsp/\libhal_bsp.a(alt_dev_llist_insert.o)
 .data          0x0000000008014b54        0x0 ../Hello_bsp/\libhal_bsp.a(alt_icache_flush_all.o)
 .data          0x0000000008014b54        0x0 ../Hello_bsp/\libhal_bsp.a(alt_iic.o)
 .data          0x0000000008014b54        0x0 ../Hello_bsp/\libhal_bsp.a(alt_iic_isr_register.o)
 .data          0x0000000008014b54        0x0 ../Hello_bsp/\libhal_bsp.a(alt_io_redirect.o)
 .data          0x0000000008014b54        0x0 ../Hello_bsp/\libhal_bsp.a(alt_irq_entry.o)
 .data          0x0000000008014b54        0x0 ../Hello_bsp/\libhal_bsp.a(alt_irq_handler.o)
 .data          0x0000000008014b54        0x0 ../Hello_bsp/\libhal_bsp.a(alt_irq_vars.o)
 .data          0x0000000008014b54        0x0 ../Hello_bsp/\libhal_bsp.a(alt_open.o)
 .data          0x0000000008014b54        0x0 ../Hello_bsp/\libhal_bsp.a(alt_tick.o)
 .data          0x0000000008014b54        0x0 ../Hello_bsp/\libhal_bsp.a(altera_nios2_gen2_irq.o)
 .data          0x0000000008014b54        0x0 ../Hello_bsp/\libhal_bsp.a(alt_exception_entry.o)
 .data          0x0000000008014b54        0x0 ../Hello_bsp/\libhal_bsp.a(alt_find_dev.o)
 .data          0x0000000008014b54        0x0 ../Hello_bsp/\libhal_bsp.a(alt_find_file.o)
 .data          0x0000000008014b54        0x0 ../Hello_bsp/\libhal_bsp.a(alt_get_fd.o)
 .data          0x0000000008014b54        0x0 ../Hello_bsp/\libhal_bsp.a(alt_icache_flush.o)
 .data          0x0000000008014b54        0x0 ../Hello_bsp/\libhal_bsp.a(alt_instruction_exception_entry.o)
 .data          0x0000000008014b54        0x0 ../Hello_bsp//newlib/nios2-elf/lib\libc.a(lib_a-exit.o)
 .data          0x0000000008014b54        0x0 ../Hello_bsp//newlib/nios2-elf/lib\libc.a(lib_a-memcmp.o)
 .data          0x0000000008014b54        0x0 ../Hello_bsp//newlib/nios2-elf/lib\libc.a(lib_a-__call_atexit.o)
 .data          0x0000000008014b54        0x0 ../Hello_bsp/\libhal_bsp.a(alt_exit.o)
                0x000000000801cb54                _gp = ABSOLUTE ((. + 0x8000))
                [!provide]                        PROVIDE (gp, _gp)
 *(.rwdata .rwdata.*)
 *(.sdata .sdata.* .gnu.linkonce.s.*)
 .sdata._impure_ptr
                0x0000000008014b54        0x4 ../Hello_bsp//newlib/nios2-elf/lib\libc.a(lib_a-impure.o)
                0x0000000008014b54                _impure_ptr
 .sdata._global_impure_ptr
                0x0000000008014b58        0x4 ../Hello_bsp//newlib/nios2-elf/lib\libc.a(lib_a-impure.o)
                0x0000000008014b58                _global_impure_ptr
 .sdata.__mb_cur_max
                0x0000000008014b5c        0x4 ../Hello_bsp//newlib/nios2-elf/lib\libc.a(lib_a-locale.o)
                0x0000000008014b5c                __mb_cur_max
 .sdata.__malloc_trim_threshold
                0x0000000008014b60        0x4 ../Hello_bsp//newlib/nios2-elf/lib\libc.a(lib_a-mallocr.o)
                0x0000000008014b60                __malloc_trim_threshold
 .sdata.__malloc_sbrk_base
                0x0000000008014b64        0x4 ../Hello_bsp//newlib/nios2-elf/lib\libc.a(lib_a-mallocr.o)
                0x0000000008014b64                __malloc_sbrk_base
 .sdata.__wctomb
                0x0000000008014b68        0x4 ../Hello_bsp//newlib/nios2-elf/lib\libc.a(lib_a-wctomb_r.o)
                0x0000000008014b68                __wctomb
 .sdata         0x0000000008014b6c       0x14 ../Hello_bsp/\libhal_bsp.a(alt_dev.o)
                0x0000000008014b6c                alt_fs_list
                0x0000000008014b74                alt_dev_list
                0x0000000008014b7c                alt_max_fd
 .sdata         0x0000000008014b80        0x4 ../Hello_bsp/\libhal_bsp.a(alt_errno.o)
                0x0000000008014b80                alt_errno
 .sdata         0x0000000008014b84        0x4 ../Hello_bsp/\libhal_bsp.a(alt_sbrk.o)
 .sdata         0x0000000008014b88        0x4 ../Hello_bsp/\libhal_bsp.a(alt_irq_vars.o)
                0x0000000008014b88                alt_priority_mask
 .sdata         0x0000000008014b8c        0x8 ../Hello_bsp/\libhal_bsp.a(alt_tick.o)
                0x0000000008014b8c                alt_alarm_list
 *(.sdata2 .sdata2.* .gnu.linkonce.s2.*)
                0x0000000008014b94                . = ALIGN (0x4)
                0x0000000008014b94                _edata = ABSOLUTE (.)
                [!provide]                        PROVIDE (edata, ABSOLUTE (.))
                0x0000000008014b94                PROVIDE (__ram_rwdata_end, ABSOLUTE (.))
                0x0000000008014b94                PROVIDE (__flash_rwdata_start, LOADADDR (.rwdata))

.bss            0x0000000008016680      0x170
                0x0000000008016680                __bss_start = ABSOLUTE (.)
                [!provide]                        PROVIDE (__sbss_start, ABSOLUTE (.))
                [!provide]                        PROVIDE (___sbss_start, ABSOLUTE (.))
 *(.dynsbss)
 *(.sbss .sbss.* .gnu.linkonce.sb.*)
 .sbss.__sfp_lock
                0x0000000008016680        0x4 ../Hello_bsp//newlib/nios2-elf/lib\libc.a(lib_a-findfp.o)
 .sbss.__sinit_lock
                0x0000000008016684        0x4 ../Hello_bsp//newlib/nios2-elf/lib\libc.a(lib_a-findfp.o)
 .sbss.__nlocale_changed
                0x0000000008016688        0x4 ../Hello_bsp//newlib/nios2-elf/lib\libc.a(lib_a-locale.o)
                0x0000000008016688                __nlocale_changed
 .sbss.__mlocale_changed
                0x000000000801668c        0x4 ../Hello_bsp//newlib/nios2-elf/lib\libc.a(lib_a-locale.o)
                0x000000000801668c                __mlocale_changed
 .sbss._PathLocale
                0x0000000008016690        0x4 ../Hello_bsp//newlib/nios2-elf/lib\libc.a(lib_a-locale.o)
                0x0000000008016690                _PathLocale
 .sbss.lc_ctype_cjk_lang
                0x0000000008016694        0x4 ../Hello_bsp//newlib/nios2-elf/lib\libc.a(lib_a-locale.o)
 .sbss.__malloc_top_pad
                0x0000000008016698        0x4 ../Hello_bsp//newlib/nios2-elf/lib\libc.a(lib_a-mallocr.o)
                0x0000000008016698                __malloc_top_pad
 .sbss.__malloc_max_sbrked_mem
                0x000000000801669c        0x4 ../Hello_bsp//newlib/nios2-elf/lib\libc.a(lib_a-mallocr.o)
                0x000000000801669c                __malloc_max_sbrked_mem
 .sbss.__malloc_max_total_mem
                0x00000000080166a0        0x4 ../Hello_bsp//newlib/nios2-elf/lib\libc.a(lib_a-mallocr.o)
                0x00000000080166a0                __malloc_max_total_mem
 .sbss          0x00000000080166a4        0x4 ../Hello_bsp//newlib/nios2-elf/lib\libc.a(lib_a-int_errno.o)
                0x00000000080166a4                errno
 .sbss          0x00000000080166a8        0xc ../Hello_bsp/\libhal_bsp.a(alt_main.o)
                0x00000000080166a8                alt_argc
                0x00000000080166ac                alt_argv
                0x00000000080166b0                alt_envp
 .sbss          0x00000000080166b4        0x4 ../Hello_bsp/\libhal_bsp.a(alt_irq_vars.o)
                0x00000000080166b4                alt_irq_active
 .sbss          0x00000000080166b8        0x8 ../Hello_bsp/\libhal_bsp.a(alt_tick.o)
                0x00000000080166b8                _alt_tick_rate
                0x00000000080166bc                _alt_nticks
 .sbss          0x00000000080166c0        0x4 ../Hello_bsp/\libhal_bsp.a(alt_instruction_exception_entry.o)
                0x00000000080166c0                alt_instruction_exception_handler
 .sbss.__atexit_lock
                0x00000000080166c4        0x4 ../Hello_bsp//newlib/nios2-elf/lib\libc.a(lib_a-__call_atexit.o)
 *(.sbss2 .sbss2.* .gnu.linkonce.sb2.*)
 *(.scommon)
                [!provide]                        PROVIDE (__sbss_end, ABSOLUTE (.))
                [!provide]                        PROVIDE (___sbss_end, ABSOLUTE (.))
 *(.dynbss)
 *(.bss .bss.* .gnu.linkonce.b.*)
 .bss           0x00000000080166c8        0x0 ../Hello_bsp//obj/HAL/src/crt0.o
 .bss           0x00000000080166c8        0x0 obj/default/gppcu.o
 .bss           0x00000000080166c8        0x0 obj/default/main.o
 .bss           0x00000000080166c8        0x0 ../Hello_bsp//newlib/nios2-elf/lib\libc.a(lib_a-printf.o)
 .bss           0x00000000080166c8        0x0 ../Hello_bsp//newlib/nios2-elf/lib\libc.a(lib_a-putchar.o)
 .bss           0x00000000080166c8        0x0 ../Hello_bsp//newlib/nios2-elf/lib\libc.a(lib_a-puts.o)
 .bss           0x00000000080166c8        0x0 ../Hello_bsp//newlib/nios2-elf/lib\libc.a(lib_a-strlen.o)
 .bss           0x00000000080166c8        0x0 ../Hello_bsp//newlib/nios2-elf/lib\libc.a(lib_a-vfprintf.o)
 .bss           0x00000000080166c8        0x0 ../Hello_bsp//newlib/nios2-elf/lib\libc.a(lib_a-wsetup.o)
 .bss           0x00000000080166c8        0x0 ../Hello_bsp//newlib/nios2-elf/lib\libc.a(lib_a-dtoa.o)
 .bss           0x00000000080166c8        0x0 ../Hello_bsp//newlib/nios2-elf/lib\libc.a(lib_a-fflush.o)
 .bss           0x00000000080166c8        0x0 ../Hello_bsp//newlib/nios2-elf/lib\libc.a(lib_a-findfp.o)
 .bss           0x00000000080166c8        0x0 ../Hello_bsp//newlib/nios2-elf/lib\libc.a(lib_a-freer.o)
 .bss           0x00000000080166c8        0x0 ../Hello_bsp//newlib/nios2-elf/lib\libc.a(lib_a-fvwrite.o)
 .bss           0x00000000080166c8        0x0 ../Hello_bsp//newlib/nios2-elf/lib\libc.a(lib_a-fwalk.o)
 .bss           0x00000000080166c8        0x0 ../Hello_bsp//newlib/nios2-elf/lib\libc.a(lib_a-impure.o)
 .bss           0x00000000080166c8        0x0 ../Hello_bsp//newlib/nios2-elf/lib\libc.a(lib_a-locale.o)
 .bss           0x00000000080166c8        0x0 ../Hello_bsp//newlib/nios2-elf/lib\libc.a(lib_a-makebuf.o)
 .bss           0x00000000080166c8        0x0 ../Hello_bsp//newlib/nios2-elf/lib\libc.a(lib_a-mallocr.o)
 .bss.__malloc_current_mallinfo
                0x00000000080166c8       0x28 ../Hello_bsp//newlib/nios2-elf/lib\libc.a(lib_a-mallocr.o)
                0x00000000080166c8                __malloc_current_mallinfo
 .bss           0x00000000080166f0        0x0 ../Hello_bsp//newlib/nios2-elf/lib\libc.a(lib_a-memchr.o)
 .bss           0x00000000080166f0        0x0 ../Hello_bsp//newlib/nios2-elf/lib\libc.a(lib_a-memcpy.o)
 .bss           0x00000000080166f0        0x0 ../Hello_bsp//newlib/nios2-elf/lib\libc.a(lib_a-memmove.o)
 .bss           0x00000000080166f0        0x0 ../Hello_bsp//newlib/nios2-elf/lib\libc.a(lib_a-memset.o)
 .bss           0x00000000080166f0        0x0 ../Hello_bsp//newlib/nios2-elf/lib\libc.a(lib_a-mprec.o)
 .bss           0x00000000080166f0        0x0 ../Hello_bsp//newlib/nios2-elf/lib\libc.a(lib_a-putc.o)
 .bss           0x00000000080166f0        0x0 ../Hello_bsp//newlib/nios2-elf/lib\libc.a(lib_a-reallocr.o)
 .bss           0x00000000080166f0        0x0 ../Hello_bsp//newlib/nios2-elf/lib\libc.a(lib_a-s_fpclassify.o)
 .bss           0x00000000080166f0        0x0 ../Hello_bsp//newlib/nios2-elf/lib\libc.a(lib_a-sbrkr.o)
 .bss           0x00000000080166f0        0x0 ../Hello_bsp//newlib/nios2-elf/lib\libc.a(lib_a-stdio.o)
 .bss           0x00000000080166f0        0x0 ../Hello_bsp//newlib/nios2-elf/lib\libc.a(lib_a-strcmp.o)
 .bss           0x00000000080166f0        0x0 ../Hello_bsp//newlib/nios2-elf/lib\libc.a(lib_a-vfiprintf.o)
 .bss           0x00000000080166f0        0x0 ../Hello_bsp//newlib/nios2-elf/lib\libc.a(lib_a-wbuf.o)
 .bss           0x00000000080166f0        0x0 ../Hello_bsp//newlib/nios2-elf/lib\libc.a(lib_a-writer.o)
 .bss           0x00000000080166f0        0x0 ../Hello_bsp//newlib/nios2-elf/lib\libc.a(closer.o)
 .bss           0x00000000080166f0        0x0 ../Hello_bsp//newlib/nios2-elf/lib\libc.a(lib_a-callocr.o)
 .bss           0x00000000080166f0        0x0 ../Hello_bsp//newlib/nios2-elf/lib\libc.a(lib_a-fclose.o)
 .bss           0x00000000080166f0        0x0 ../Hello_bsp//newlib/nios2-elf/lib\libc.a(lib_a-fputwc.o)
 .bss           0x00000000080166f0        0x0 ../Hello_bsp//newlib/nios2-elf/lib\libc.a(lib_a-fstatr.o)
 .bss           0x00000000080166f0        0x0 ../Hello_bsp//newlib/nios2-elf/lib\libc.a(lib_a-int_errno.o)
 .bss           0x00000000080166f0        0x0 ../Hello_bsp//newlib/nios2-elf/lib\libc.a(lib_a-isattyr.o)
 .bss           0x00000000080166f0        0x0 ../Hello_bsp//newlib/nios2-elf/lib\libc.a(lib_a-lseekr.o)
 .bss           0x00000000080166f0        0x0 ../Hello_bsp//newlib/nios2-elf/lib\libc.a(lib_a-readr.o)
 .bss           0x00000000080166f0        0x0 ../Hello_bsp//newlib/nios2-elf/lib\libc.a(lib_a-wcrtomb.o)
 .bss           0x00000000080166f0        0x0 ../Hello_bsp//newlib/nios2-elf/lib\libc.a(lib_a-wctomb_r.o)
 .bss           0x00000000080166f0        0x0 d:/intelfpga_lite/18.0/nios2eds/bin/gnu/h-x86_64-mingw32/bin/../lib/gcc/nios2-elf/5.3.0\libgcc.a(_udivdi3.o)
 .bss           0x00000000080166f0        0x0 d:/intelfpga_lite/18.0/nios2eds/bin/gnu/h-x86_64-mingw32/bin/../lib/gcc/nios2-elf/5.3.0\libgcc.a(_umoddi3.o)
 .bss           0x00000000080166f0        0x0 d:/intelfpga_lite/18.0/nios2eds/bin/gnu/h-x86_64-mingw32/bin/../lib/gcc/nios2-elf/5.3.0\libgcc.a(lib2-divmod.o)
 .bss           0x00000000080166f0        0x0 d:/intelfpga_lite/18.0/nios2eds/bin/gnu/h-x86_64-mingw32/bin/../lib/gcc/nios2-elf/5.3.0\libgcc.a(adddf3.o)
 .bss           0x00000000080166f0        0x0 d:/intelfpga_lite/18.0/nios2eds/bin/gnu/h-x86_64-mingw32/bin/../lib/gcc/nios2-elf/5.3.0\libgcc.a(divdf3.o)
 .bss           0x00000000080166f0        0x0 d:/intelfpga_lite/18.0/nios2eds/bin/gnu/h-x86_64-mingw32/bin/../lib/gcc/nios2-elf/5.3.0\libgcc.a(eqdf2.o)
 .bss           0x00000000080166f0        0x0 d:/intelfpga_lite/18.0/nios2eds/bin/gnu/h-x86_64-mingw32/bin/../lib/gcc/nios2-elf/5.3.0\libgcc.a(gedf2.o)
 .bss           0x00000000080166f0        0x0 d:/intelfpga_lite/18.0/nios2eds/bin/gnu/h-x86_64-mingw32/bin/../lib/gcc/nios2-elf/5.3.0\libgcc.a(ledf2.o)
 .bss           0x00000000080166f0        0x0 d:/intelfpga_lite/18.0/nios2eds/bin/gnu/h-x86_64-mingw32/bin/../lib/gcc/nios2-elf/5.3.0\libgcc.a(muldf3.o)
 .bss           0x00000000080166f0        0x0 d:/intelfpga_lite/18.0/nios2eds/bin/gnu/h-x86_64-mingw32/bin/../lib/gcc/nios2-elf/5.3.0\libgcc.a(subdf3.o)
 .bss           0x00000000080166f0        0x0 d:/intelfpga_lite/18.0/nios2eds/bin/gnu/h-x86_64-mingw32/bin/../lib/gcc/nios2-elf/5.3.0\libgcc.a(fixdfsi.o)
 .bss           0x00000000080166f0        0x0 d:/intelfpga_lite/18.0/nios2eds/bin/gnu/h-x86_64-mingw32/bin/../lib/gcc/nios2-elf/5.3.0\libgcc.a(floatsidf.o)
 .bss           0x00000000080166f0        0x0 d:/intelfpga_lite/18.0/nios2eds/bin/gnu/h-x86_64-mingw32/bin/../lib/gcc/nios2-elf/5.3.0\libgcc.a(floatunsidf.o)
 .bss           0x00000000080166f0        0x0 d:/intelfpga_lite/18.0/nios2eds/bin/gnu/h-x86_64-mingw32/bin/../lib/gcc/nios2-elf/5.3.0\libgcc.a(_clz.o)
 .bss           0x00000000080166f0        0x0 d:/intelfpga_lite/18.0/nios2eds/bin/gnu/h-x86_64-mingw32/bin/../lib/gcc/nios2-elf/5.3.0\libgcc.a(_clzsi2.o)
 .bss           0x00000000080166f0        0x0 ../Hello_bsp/\libhal_bsp.a(alt_close.o)
 .bss           0x00000000080166f0        0x0 ../Hello_bsp/\libhal_bsp.a(alt_dev.o)
 .bss           0x00000000080166f0        0x0 ../Hello_bsp/\libhal_bsp.a(alt_errno.o)
 .bss           0x00000000080166f0        0x0 ../Hello_bsp/\libhal_bsp.a(alt_fstat.o)
 .bss           0x00000000080166f0        0x0 ../Hello_bsp/\libhal_bsp.a(alt_isatty.o)
 .bss           0x00000000080166f0        0x0 ../Hello_bsp/\libhal_bsp.a(alt_load.o)
 .bss           0x00000000080166f0        0x0 ../Hello_bsp/\libhal_bsp.a(alt_lseek.o)
 .bss           0x00000000080166f0        0x0 ../Hello_bsp/\libhal_bsp.a(alt_main.o)
 .bss           0x00000000080166f0        0x0 ../Hello_bsp/\libhal_bsp.a(alt_malloc_lock.o)
 .bss           0x00000000080166f0        0x0 ../Hello_bsp/\libhal_bsp.a(alt_read.o)
 .bss           0x00000000080166f0        0x0 ../Hello_bsp/\libhal_bsp.a(alt_release_fd.o)
 .bss           0x00000000080166f0        0x0 ../Hello_bsp/\libhal_bsp.a(alt_sbrk.o)
 .bss           0x00000000080166f0        0x0 ../Hello_bsp/\libhal_bsp.a(alt_write.o)
 .bss           0x00000000080166f0        0x0 ../Hello_bsp/\libhal_bsp.a(alt_sys_init.o)
 .bss           0x00000000080166f0        0x0 ../Hello_bsp/\libhal_bsp.a(altera_avalon_jtag_uart_fd.o)
 .bss           0x00000000080166f0        0x0 ../Hello_bsp/\libhal_bsp.a(altera_avalon_jtag_uart_init.o)
 .bss           0x00000000080166f0        0x0 ../Hello_bsp/\libhal_bsp.a(altera_avalon_jtag_uart_ioctl.o)
 .bss           0x00000000080166f0        0x0 ../Hello_bsp/\libhal_bsp.a(altera_avalon_jtag_uart_read.o)
 .bss           0x00000000080166f0        0x0 ../Hello_bsp/\libhal_bsp.a(altera_avalon_jtag_uart_write.o)
 .bss           0x00000000080166f0        0x0 ../Hello_bsp/\libhal_bsp.a(altera_avalon_timer_sc.o)
 .bss           0x00000000080166f0        0x0 ../Hello_bsp/\libhal_bsp.a(alt_alarm_start.o)
 .bss           0x00000000080166f0        0x0 ../Hello_bsp/\libhal_bsp.a(alt_dcache_flush_all.o)
 .bss           0x00000000080166f0        0x0 ../Hello_bsp/\libhal_bsp.a(alt_dev_llist_insert.o)
 .bss           0x00000000080166f0        0x0 ../Hello_bsp/\libhal_bsp.a(alt_icache_flush_all.o)
 .bss           0x00000000080166f0        0x0 ../Hello_bsp/\libhal_bsp.a(alt_iic.o)
 .bss           0x00000000080166f0        0x0 ../Hello_bsp/\libhal_bsp.a(alt_iic_isr_register.o)
 .bss           0x00000000080166f0        0x0 ../Hello_bsp/\libhal_bsp.a(alt_io_redirect.o)
 .bss           0x00000000080166f0        0x0 ../Hello_bsp/\libhal_bsp.a(alt_irq_entry.o)
 .bss           0x00000000080166f0        0x0 ../Hello_bsp/\libhal_bsp.a(alt_irq_handler.o)
 .bss           0x00000000080166f0        0x0 ../Hello_bsp/\libhal_bsp.a(alt_irq_vars.o)
 .bss           0x00000000080166f0        0x0 ../Hello_bsp/\libhal_bsp.a(alt_open.o)
 .bss           0x00000000080166f0        0x0 ../Hello_bsp/\libhal_bsp.a(alt_tick.o)
 .bss           0x00000000080166f0        0x0 ../Hello_bsp/\libhal_bsp.a(altera_nios2_gen2_irq.o)
 .bss           0x00000000080166f0        0x0 ../Hello_bsp/\libhal_bsp.a(alt_exception_entry.o)
 .bss           0x00000000080166f0        0x0 ../Hello_bsp/\libhal_bsp.a(alt_find_dev.o)
 .bss           0x00000000080166f0        0x0 ../Hello_bsp/\libhal_bsp.a(alt_find_file.o)
 .bss           0x00000000080166f0        0x0 ../Hello_bsp/\libhal_bsp.a(alt_get_fd.o)
 .bss           0x00000000080166f0        0x0 ../Hello_bsp/\libhal_bsp.a(alt_icache_flush.o)
 .bss           0x00000000080166f0        0x0 ../Hello_bsp/\libhal_bsp.a(alt_instruction_exception_entry.o)
 .bss           0x00000000080166f0        0x0 ../Hello_bsp//newlib/nios2-elf/lib\libc.a(lib_a-exit.o)
 .bss           0x00000000080166f0        0x0 ../Hello_bsp//newlib/nios2-elf/lib\libc.a(lib_a-memcmp.o)
 .bss           0x00000000080166f0        0x0 ../Hello_bsp//newlib/nios2-elf/lib\libc.a(lib_a-__call_atexit.o)
 .bss           0x00000000080166f0        0x0 ../Hello_bsp/\libhal_bsp.a(alt_exit.o)
 *(COMMON)
 COMMON         0x00000000080166f0      0x100 ../Hello_bsp/\libhal_bsp.a(alt_irq_handler.o)
                0x00000000080166f0                alt_irq
                0x00000000080167f0                . = ALIGN (0x4)
                0x00000000080167f0                __bss_end = ABSOLUTE (.)

.sdram          0x00000000080167f0        0x0
                [!provide]                        PROVIDE (_alt_partition_sdram_start, ABSOLUTE (.))
 *(.sdram .sdram. sdram.*)
                0x00000000080167f0                . = ALIGN (0x4)
                [!provide]                        PROVIDE (_alt_partition_sdram_end, ABSOLUTE (.))
                0x00000000080167f0                _end = ABSOLUTE (.)
                0x00000000080167f0                end = ABSOLUTE (.)
                0x00000000080167f0                __alt_stack_base = ABSOLUTE (.)
                [!provide]                        PROVIDE (_alt_partition_sdram_load_addr, LOADADDR (.sdram))

.bufferram_out  0x0000000010000000        0x0 load address 0x00000000080167f0
                [!provide]                        PROVIDE (_alt_partition_bufferram_out_start, ABSOLUTE (.))
 *(.bufferram_out .bufferram_out. bufferram_out.*)
                0x0000000010000000                . = ALIGN (0x4)
                [!provide]                        PROVIDE (_alt_partition_bufferram_out_end, ABSOLUTE (.))
                [!provide]                        PROVIDE (_alt_partition_bufferram_out_load_addr, LOADADDR (.bufferram_out))

.stab
 *(.stab)

.stabstr
 *(.stabstr)

.stab.excl
 *(.stab.excl)

.stab.exclstr
 *(.stab.exclstr)

.stab.index
 *(.stab.index)

.stab.indexstr
 *(.stab.indexstr)

.comment        0x0000000000000000       0x23
 *(.comment)
 .comment       0x0000000000000000       0x23 obj/default/gppcu.o
                                         0x24 (size before relaxing)
 .comment       0x0000000000000023       0x24 obj/default/main.o
 .comment       0x0000000000000023       0x24 ../Hello_bsp//newlib/nios2-elf/lib\libc.a(lib_a-printf.o)
 .comment       0x0000000000000023       0x24 ../Hello_bsp//newlib/nios2-elf/lib\libc.a(lib_a-putchar.o)
 .comment       0x0000000000000023       0x24 ../Hello_bsp//newlib/nios2-elf/lib\libc.a(lib_a-puts.o)
 .comment       0x0000000000000023       0x24 ../Hello_bsp//newlib/nios2-elf/lib\libc.a(lib_a-strlen.o)
 .comment       0x0000000000000023       0x24 ../Hello_bsp//newlib/nios2-elf/lib\libc.a(lib_a-vfprintf.o)
 .comment       0x0000000000000023       0x24 ../Hello_bsp//newlib/nios2-elf/lib\libc.a(lib_a-wsetup.o)
 .comment       0x0000000000000023       0x24 ../Hello_bsp//newlib/nios2-elf/lib\libc.a(lib_a-dtoa.o)
 .comment       0x0000000000000023       0x24 ../Hello_bsp//newlib/nios2-elf/lib\libc.a(lib_a-fflush.o)
 .comment       0x0000000000000023       0x24 ../Hello_bsp//newlib/nios2-elf/lib\libc.a(lib_a-findfp.o)
 .comment       0x0000000000000023       0x24 ../Hello_bsp//newlib/nios2-elf/lib\libc.a(lib_a-freer.o)
 .comment       0x0000000000000023       0x24 ../Hello_bsp//newlib/nios2-elf/lib\libc.a(lib_a-fvwrite.o)
 .comment       0x0000000000000023       0x24 ../Hello_bsp//newlib/nios2-elf/lib\libc.a(lib_a-fwalk.o)
 .comment       0x0000000000000023       0x24 ../Hello_bsp//newlib/nios2-elf/lib\libc.a(lib_a-impure.o)
 .comment       0x0000000000000023       0x24 ../Hello_bsp//newlib/nios2-elf/lib\libc.a(lib_a-locale.o)
 .comment       0x0000000000000023       0x24 ../Hello_bsp//newlib/nios2-elf/lib\libc.a(lib_a-makebuf.o)
 .comment       0x0000000000000023       0x24 ../Hello_bsp//newlib/nios2-elf/lib\libc.a(lib_a-mallocr.o)
 .comment       0x0000000000000023       0x24 ../Hello_bsp//newlib/nios2-elf/lib\libc.a(lib_a-memchr.o)
 .comment       0x0000000000000023       0x24 ../Hello_bsp//newlib/nios2-elf/lib\libc.a(lib_a-memcpy.o)
 .comment       0x0000000000000023       0x24 ../Hello_bsp//newlib/nios2-elf/lib\libc.a(lib_a-memmove.o)
 .comment       0x0000000000000023       0x24 ../Hello_bsp//newlib/nios2-elf/lib\libc.a(lib_a-memset.o)
 .comment       0x0000000000000023       0x24 ../Hello_bsp//newlib/nios2-elf/lib\libc.a(lib_a-mprec.o)
 .comment       0x0000000000000023       0x24 ../Hello_bsp//newlib/nios2-elf/lib\libc.a(lib_a-putc.o)
 .comment       0x0000000000000023       0x24 ../Hello_bsp//newlib/nios2-elf/lib\libc.a(lib_a-reallocr.o)
 .comment       0x0000000000000023       0x24 ../Hello_bsp//newlib/nios2-elf/lib\libc.a(lib_a-s_fpclassify.o)
 .comment       0x0000000000000023       0x24 ../Hello_bsp//newlib/nios2-elf/lib\libc.a(lib_a-sbrkr.o)
 .comment       0x0000000000000023       0x24 ../Hello_bsp//newlib/nios2-elf/lib\libc.a(lib_a-stdio.o)
 .comment       0x0000000000000023       0x24 ../Hello_bsp//newlib/nios2-elf/lib\libc.a(lib_a-strcmp.o)
 .comment       0x0000000000000023       0x24 ../Hello_bsp//newlib/nios2-elf/lib\libc.a(lib_a-vfiprintf.o)
 .comment       0x0000000000000023       0x24 ../Hello_bsp//newlib/nios2-elf/lib\libc.a(lib_a-wbuf.o)
 .comment       0x0000000000000023       0x24 ../Hello_bsp//newlib/nios2-elf/lib\libc.a(lib_a-writer.o)
 .comment       0x0000000000000023       0x24 ../Hello_bsp//newlib/nios2-elf/lib\libc.a(closer.o)
 .comment       0x0000000000000023       0x24 ../Hello_bsp//newlib/nios2-elf/lib\libc.a(lib_a-callocr.o)
 .comment       0x0000000000000023       0x24 ../Hello_bsp//newlib/nios2-elf/lib\libc.a(lib_a-fclose.o)
 .comment       0x0000000000000023       0x24 ../Hello_bsp//newlib/nios2-elf/lib\libc.a(lib_a-fputwc.o)
 .comment       0x0000000000000023       0x24 ../Hello_bsp//newlib/nios2-elf/lib\libc.a(lib_a-fstatr.o)
 .comment       0x0000000000000023       0x24 ../Hello_bsp//newlib/nios2-elf/lib\libc.a(lib_a-int_errno.o)
 .comment       0x0000000000000023       0x24 ../Hello_bsp//newlib/nios2-elf/lib\libc.a(lib_a-isattyr.o)
 .comment       0x0000000000000023       0x24 ../Hello_bsp//newlib/nios2-elf/lib\libc.a(lib_a-lseekr.o)
 .comment       0x0000000000000023       0x24 ../Hello_bsp//newlib/nios2-elf/lib\libc.a(lib_a-readr.o)
 .comment       0x0000000000000023       0x24 ../Hello_bsp//newlib/nios2-elf/lib\libc.a(lib_a-wcrtomb.o)
 .comment       0x0000000000000023       0x24 ../Hello_bsp//newlib/nios2-elf/lib\libc.a(lib_a-wctomb_r.o)
 .comment       0x0000000000000023       0x24 d:/intelfpga_lite/18.0/nios2eds/bin/gnu/h-x86_64-mingw32/bin/../lib/gcc/nios2-elf/5.3.0\libgcc.a(_udivdi3.o)
 .comment       0x0000000000000023       0x24 d:/intelfpga_lite/18.0/nios2eds/bin/gnu/h-x86_64-mingw32/bin/../lib/gcc/nios2-elf/5.3.0\libgcc.a(_umoddi3.o)
 .comment       0x0000000000000023       0x24 d:/intelfpga_lite/18.0/nios2eds/bin/gnu/h-x86_64-mingw32/bin/../lib/gcc/nios2-elf/5.3.0\libgcc.a(lib2-divmod.o)
 .comment       0x0000000000000023       0x24 d:/intelfpga_lite/18.0/nios2eds/bin/gnu/h-x86_64-mingw32/bin/../lib/gcc/nios2-elf/5.3.0\libgcc.a(adddf3.o)
 .comment       0x0000000000000023       0x24 d:/intelfpga_lite/18.0/nios2eds/bin/gnu/h-x86_64-mingw32/bin/../lib/gcc/nios2-elf/5.3.0\libgcc.a(divdf3.o)
 .comment       0x0000000000000023       0x24 d:/intelfpga_lite/18.0/nios2eds/bin/gnu/h-x86_64-mingw32/bin/../lib/gcc/nios2-elf/5.3.0\libgcc.a(eqdf2.o)
 .comment       0x0000000000000023       0x24 d:/intelfpga_lite/18.0/nios2eds/bin/gnu/h-x86_64-mingw32/bin/../lib/gcc/nios2-elf/5.3.0\libgcc.a(gedf2.o)
 .comment       0x0000000000000023       0x24 d:/intelfpga_lite/18.0/nios2eds/bin/gnu/h-x86_64-mingw32/bin/../lib/gcc/nios2-elf/5.3.0\libgcc.a(ledf2.o)
 .comment       0x0000000000000023       0x24 d:/intelfpga_lite/18.0/nios2eds/bin/gnu/h-x86_64-mingw32/bin/../lib/gcc/nios2-elf/5.3.0\libgcc.a(muldf3.o)
 .comment       0x0000000000000023       0x24 d:/intelfpga_lite/18.0/nios2eds/bin/gnu/h-x86_64-mingw32/bin/../lib/gcc/nios2-elf/5.3.0\libgcc.a(subdf3.o)
 .comment       0x0000000000000023       0x24 d:/intelfpga_lite/18.0/nios2eds/bin/gnu/h-x86_64-mingw32/bin/../lib/gcc/nios2-elf/5.3.0\libgcc.a(fixdfsi.o)
 .comment       0x0000000000000023       0x24 d:/intelfpga_lite/18.0/nios2eds/bin/gnu/h-x86_64-mingw32/bin/../lib/gcc/nios2-elf/5.3.0\libgcc.a(floatsidf.o)
 .comment       0x0000000000000023       0x24 d:/intelfpga_lite/18.0/nios2eds/bin/gnu/h-x86_64-mingw32/bin/../lib/gcc/nios2-elf/5.3.0\libgcc.a(floatunsidf.o)
 .comment       0x0000000000000023       0x24 d:/intelfpga_lite/18.0/nios2eds/bin/gnu/h-x86_64-mingw32/bin/../lib/gcc/nios2-elf/5.3.0\libgcc.a(_clz.o)
 .comment       0x0000000000000023       0x24 d:/intelfpga_lite/18.0/nios2eds/bin/gnu/h-x86_64-mingw32/bin/../lib/gcc/nios2-elf/5.3.0\libgcc.a(_clzsi2.o)
 .comment       0x0000000000000023       0x24 ../Hello_bsp/\libhal_bsp.a(alt_close.o)
 .comment       0x0000000000000023       0x24 ../Hello_bsp/\libhal_bsp.a(alt_dev.o)
 .comment       0x0000000000000023       0x24 ../Hello_bsp/\libhal_bsp.a(alt_errno.o)
 .comment       0x0000000000000023       0x24 ../Hello_bsp/\libhal_bsp.a(alt_fstat.o)
 .comment       0x0000000000000023       0x24 ../Hello_bsp/\libhal_bsp.a(alt_isatty.o)
 .comment       0x0000000000000023       0x24 ../Hello_bsp/\libhal_bsp.a(alt_load.o)
 .comment       0x0000000000000023       0x24 ../Hello_bsp/\libhal_bsp.a(alt_lseek.o)
 .comment       0x0000000000000023       0x24 ../Hello_bsp/\libhal_bsp.a(alt_main.o)
 .comment       0x0000000000000023       0x24 ../Hello_bsp/\libhal_bsp.a(alt_malloc_lock.o)
 .comment       0x0000000000000023       0x24 ../Hello_bsp/\libhal_bsp.a(alt_read.o)
 .comment       0x0000000000000023       0x24 ../Hello_bsp/\libhal_bsp.a(alt_release_fd.o)
 .comment       0x0000000000000023       0x24 ../Hello_bsp/\libhal_bsp.a(alt_sbrk.o)
 .comment       0x0000000000000023       0x24 ../Hello_bsp/\libhal_bsp.a(alt_write.o)
 .comment       0x0000000000000023       0x24 ../Hello_bsp/\libhal_bsp.a(alt_sys_init.o)
 .comment       0x0000000000000023       0x24 ../Hello_bsp/\libhal_bsp.a(altera_avalon_jtag_uart_fd.o)
 .comment       0x0000000000000023       0x24 ../Hello_bsp/\libhal_bsp.a(altera_avalon_jtag_uart_init.o)
 .comment       0x0000000000000023       0x24 ../Hello_bsp/\libhal_bsp.a(altera_avalon_jtag_uart_ioctl.o)
 .comment       0x0000000000000023       0x24 ../Hello_bsp/\libhal_bsp.a(altera_avalon_jtag_uart_read.o)
 .comment       0x0000000000000023       0x24 ../Hello_bsp/\libhal_bsp.a(altera_avalon_jtag_uart_write.o)
 .comment       0x0000000000000023       0x24 ../Hello_bsp/\libhal_bsp.a(altera_avalon_timer_sc.o)
 .comment       0x0000000000000023       0x24 ../Hello_bsp/\libhal_bsp.a(alt_alarm_start.o)
 .comment       0x0000000000000023       0x24 ../Hello_bsp/\libhal_bsp.a(alt_dcache_flush_all.o)
 .comment       0x0000000000000023       0x24 ../Hello_bsp/\libhal_bsp.a(alt_dev_llist_insert.o)
 .comment       0x0000000000000023       0x24 ../Hello_bsp/\libhal_bsp.a(alt_icache_flush_all.o)
 .comment       0x0000000000000023       0x24 ../Hello_bsp/\libhal_bsp.a(alt_iic.o)
 .comment       0x0000000000000023       0x24 ../Hello_bsp/\libhal_bsp.a(alt_iic_isr_register.o)
 .comment       0x0000000000000023       0x24 ../Hello_bsp/\libhal_bsp.a(alt_io_redirect.o)
 .comment       0x0000000000000023       0x24 ../Hello_bsp/\libhal_bsp.a(alt_irq_handler.o)
 .comment       0x0000000000000023       0x24 ../Hello_bsp/\libhal_bsp.a(alt_irq_vars.o)
 .comment       0x0000000000000023       0x24 ../Hello_bsp/\libhal_bsp.a(alt_open.o)
 .comment       0x0000000000000023       0x24 ../Hello_bsp/\libhal_bsp.a(alt_tick.o)
 .comment       0x0000000000000023       0x24 ../Hello_bsp/\libhal_bsp.a(altera_nios2_gen2_irq.o)
 .comment       0x0000000000000023       0x24 ../Hello_bsp/\libhal_bsp.a(alt_find_dev.o)
 .comment       0x0000000000000023       0x24 ../Hello_bsp/\libhal_bsp.a(alt_find_file.o)
 .comment       0x0000000000000023       0x24 ../Hello_bsp/\libhal_bsp.a(alt_get_fd.o)
 .comment       0x0000000000000023       0x24 ../Hello_bsp/\libhal_bsp.a(alt_icache_flush.o)
 .comment       0x0000000000000023       0x24 ../Hello_bsp/\libhal_bsp.a(alt_instruction_exception_entry.o)
 .comment       0x0000000000000023       0x24 ../Hello_bsp//newlib/nios2-elf/lib\libc.a(lib_a-exit.o)
 .comment       0x0000000000000023       0x24 ../Hello_bsp//newlib/nios2-elf/lib\libc.a(lib_a-memcmp.o)
 .comment       0x0000000000000023       0x24 ../Hello_bsp//newlib/nios2-elf/lib\libc.a(lib_a-__call_atexit.o)
 .comment       0x0000000000000023       0x24 ../Hello_bsp/\libhal_bsp.a(alt_exit.o)

.debug
 *(.debug)

.line
 *(.line)

.debug_srcinfo
 *(.debug_srcinfo)

.debug_sfnames
 *(.debug_sfnames)

.debug_aranges  0x0000000000000000      0xeb8
 *(.debug_aranges)
 .debug_aranges
                0x0000000000000000       0x28 ../Hello_bsp//obj/HAL/src/crt0.o
 .debug_aranges
                0x0000000000000028       0x20 obj/default/main.o
 .debug_aranges
                0x0000000000000048       0x28 ../Hello_bsp//newlib/nios2-elf/lib\libc.a(lib_a-printf.o)
 .debug_aranges
                0x0000000000000070       0x28 ../Hello_bsp//newlib/nios2-elf/lib\libc.a(lib_a-putchar.o)
 .debug_aranges
                0x0000000000000098       0x28 ../Hello_bsp//newlib/nios2-elf/lib\libc.a(lib_a-puts.o)
 .debug_aranges
                0x00000000000000c0       0x20 ../Hello_bsp//newlib/nios2-elf/lib\libc.a(lib_a-strlen.o)
 .debug_aranges
                0x00000000000000e0       0x40 ../Hello_bsp//newlib/nios2-elf/lib\libc.a(lib_a-vfprintf.o)
 .debug_aranges
                0x0000000000000120       0x20 ../Hello_bsp//newlib/nios2-elf/lib\libc.a(lib_a-wsetup.o)
 .debug_aranges
                0x0000000000000140       0x28 ../Hello_bsp//newlib/nios2-elf/lib\libc.a(lib_a-dtoa.o)
 .debug_aranges
                0x0000000000000168       0x30 ../Hello_bsp//newlib/nios2-elf/lib\libc.a(lib_a-fflush.o)
 .debug_aranges
                0x0000000000000198       0x88 ../Hello_bsp//newlib/nios2-elf/lib\libc.a(lib_a-findfp.o)
 .debug_aranges
                0x0000000000000220       0x28 ../Hello_bsp//newlib/nios2-elf/lib\libc.a(lib_a-freer.o)
 .debug_aranges
                0x0000000000000248       0x20 ../Hello_bsp//newlib/nios2-elf/lib\libc.a(lib_a-fvwrite.o)
 .debug_aranges
                0x0000000000000268       0x28 ../Hello_bsp//newlib/nios2-elf/lib\libc.a(lib_a-fwalk.o)
 .debug_aranges
                0x0000000000000290       0x18 ../Hello_bsp//newlib/nios2-elf/lib\libc.a(lib_a-impure.o)
 .debug_aranges
                0x00000000000002a8       0x58 ../Hello_bsp//newlib/nios2-elf/lib\libc.a(lib_a-locale.o)
 .debug_aranges
                0x0000000000000300       0x20 ../Hello_bsp//newlib/nios2-elf/lib\libc.a(lib_a-makebuf.o)
 .debug_aranges
                0x0000000000000320       0x28 ../Hello_bsp//newlib/nios2-elf/lib\libc.a(lib_a-mallocr.o)
 .debug_aranges
                0x0000000000000348       0x20 ../Hello_bsp//newlib/nios2-elf/lib\libc.a(lib_a-memchr.o)
 .debug_aranges
                0x0000000000000368       0x20 ../Hello_bsp//newlib/nios2-elf/lib\libc.a(lib_a-memcpy.o)
 .debug_aranges
                0x0000000000000388       0x20 ../Hello_bsp//newlib/nios2-elf/lib\libc.a(lib_a-memmove.o)
 .debug_aranges
                0x00000000000003a8       0x20 ../Hello_bsp//newlib/nios2-elf/lib\libc.a(lib_a-memset.o)
 .debug_aranges
                0x00000000000003c8       0xb0 ../Hello_bsp//newlib/nios2-elf/lib\libc.a(lib_a-mprec.o)
 .debug_aranges
                0x0000000000000478       0x28 ../Hello_bsp//newlib/nios2-elf/lib\libc.a(lib_a-putc.o)
 .debug_aranges
                0x00000000000004a0       0x20 ../Hello_bsp//newlib/nios2-elf/lib\libc.a(lib_a-reallocr.o)
 .debug_aranges
                0x00000000000004c0       0x20 ../Hello_bsp//newlib/nios2-elf/lib\libc.a(lib_a-s_fpclassify.o)
 .debug_aranges
                0x00000000000004e0       0x20 ../Hello_bsp//newlib/nios2-elf/lib\libc.a(lib_a-sbrkr.o)
 .debug_aranges
                0x0000000000000500       0x40 ../Hello_bsp//newlib/nios2-elf/lib\libc.a(lib_a-stdio.o)
 .debug_aranges
                0x0000000000000540       0x20 ../Hello_bsp//newlib/nios2-elf/lib\libc.a(lib_a-strcmp.o)
 .debug_aranges
                0x0000000000000560       0x38 ../Hello_bsp//newlib/nios2-elf/lib\libc.a(lib_a-vfiprintf.o)
 .debug_aranges
                0x0000000000000598       0x28 ../Hello_bsp//newlib/nios2-elf/lib\libc.a(lib_a-wbuf.o)
 .debug_aranges
                0x00000000000005c0       0x20 ../Hello_bsp//newlib/nios2-elf/lib\libc.a(lib_a-writer.o)
 .debug_aranges
                0x00000000000005e0       0x20 ../Hello_bsp//newlib/nios2-elf/lib\libc.a(closer.o)
 .debug_aranges
                0x0000000000000600       0x20 ../Hello_bsp//newlib/nios2-elf/lib\libc.a(lib_a-callocr.o)
 .debug_aranges
                0x0000000000000620       0x28 ../Hello_bsp//newlib/nios2-elf/lib\libc.a(lib_a-fclose.o)
 .debug_aranges
                0x0000000000000648       0x30 ../Hello_bsp//newlib/nios2-elf/lib\libc.a(lib_a-fputwc.o)
 .debug_aranges
                0x0000000000000678       0x20 ../Hello_bsp//newlib/nios2-elf/lib\libc.a(lib_a-fstatr.o)
 .debug_aranges
                0x0000000000000698       0x18 ../Hello_bsp//newlib/nios2-elf/lib\libc.a(lib_a-int_errno.o)
 .debug_aranges
                0x00000000000006b0       0x20 ../Hello_bsp//newlib/nios2-elf/lib\libc.a(lib_a-isattyr.o)
 .debug_aranges
                0x00000000000006d0       0x20 ../Hello_bsp//newlib/nios2-elf/lib\libc.a(lib_a-lseekr.o)
 .debug_aranges
                0x00000000000006f0       0x20 ../Hello_bsp//newlib/nios2-elf/lib\libc.a(lib_a-readr.o)
 .debug_aranges
                0x0000000000000710       0x28 ../Hello_bsp//newlib/nios2-elf/lib\libc.a(lib_a-wcrtomb.o)
 .debug_aranges
                0x0000000000000738       0x28 ../Hello_bsp//newlib/nios2-elf/lib\libc.a(lib_a-wctomb_r.o)
 .debug_aranges
                0x0000000000000760       0x20 d:/intelfpga_lite/18.0/nios2eds/bin/gnu/h-x86_64-mingw32/bin/../lib/gcc/nios2-elf/5.3.0\libgcc.a(_udivdi3.o)
 .debug_aranges
                0x0000000000000780       0x20 d:/intelfpga_lite/18.0/nios2eds/bin/gnu/h-x86_64-mingw32/bin/../lib/gcc/nios2-elf/5.3.0\libgcc.a(_umoddi3.o)
 .debug_aranges
                0x00000000000007a0       0x20 d:/intelfpga_lite/18.0/nios2eds/bin/gnu/h-x86_64-mingw32/bin/../lib/gcc/nios2-elf/5.3.0\libgcc.a(lib2-divmod.o)
 .debug_aranges
                0x00000000000007c0       0x20 d:/intelfpga_lite/18.0/nios2eds/bin/gnu/h-x86_64-mingw32/bin/../lib/gcc/nios2-elf/5.3.0\libgcc.a(adddf3.o)
 .debug_aranges
                0x00000000000007e0       0x20 d:/intelfpga_lite/18.0/nios2eds/bin/gnu/h-x86_64-mingw32/bin/../lib/gcc/nios2-elf/5.3.0\libgcc.a(divdf3.o)
 .debug_aranges
                0x0000000000000800       0x20 d:/intelfpga_lite/18.0/nios2eds/bin/gnu/h-x86_64-mingw32/bin/../lib/gcc/nios2-elf/5.3.0\libgcc.a(eqdf2.o)
 .debug_aranges
                0x0000000000000820       0x20 d:/intelfpga_lite/18.0/nios2eds/bin/gnu/h-x86_64-mingw32/bin/../lib/gcc/nios2-elf/5.3.0\libgcc.a(gedf2.o)
 .debug_aranges
                0x0000000000000840       0x20 d:/intelfpga_lite/18.0/nios2eds/bin/gnu/h-x86_64-mingw32/bin/../lib/gcc/nios2-elf/5.3.0\libgcc.a(ledf2.o)
 .debug_aranges
                0x0000000000000860       0x20 d:/intelfpga_lite/18.0/nios2eds/bin/gnu/h-x86_64-mingw32/bin/../lib/gcc/nios2-elf/5.3.0\libgcc.a(muldf3.o)
 .debug_aranges
                0x0000000000000880       0x20 d:/intelfpga_lite/18.0/nios2eds/bin/gnu/h-x86_64-mingw32/bin/../lib/gcc/nios2-elf/5.3.0\libgcc.a(subdf3.o)
 .debug_aranges
                0x00000000000008a0       0x20 d:/intelfpga_lite/18.0/nios2eds/bin/gnu/h-x86_64-mingw32/bin/../lib/gcc/nios2-elf/5.3.0\libgcc.a(fixdfsi.o)
 .debug_aranges
                0x00000000000008c0       0x20 d:/intelfpga_lite/18.0/nios2eds/bin/gnu/h-x86_64-mingw32/bin/../lib/gcc/nios2-elf/5.3.0\libgcc.a(floatsidf.o)
 .debug_aranges
                0x00000000000008e0       0x20 d:/intelfpga_lite/18.0/nios2eds/bin/gnu/h-x86_64-mingw32/bin/../lib/gcc/nios2-elf/5.3.0\libgcc.a(floatunsidf.o)
 .debug_aranges
                0x0000000000000900       0x18 d:/intelfpga_lite/18.0/nios2eds/bin/gnu/h-x86_64-mingw32/bin/../lib/gcc/nios2-elf/5.3.0\libgcc.a(_clz.o)
 .debug_aranges
                0x0000000000000918       0x20 d:/intelfpga_lite/18.0/nios2eds/bin/gnu/h-x86_64-mingw32/bin/../lib/gcc/nios2-elf/5.3.0\libgcc.a(_clzsi2.o)
 .debug_aranges
                0x0000000000000938       0x20 ../Hello_bsp/\libhal_bsp.a(alt_close.o)
 .debug_aranges
                0x0000000000000958       0x20 ../Hello_bsp/\libhal_bsp.a(alt_dev.o)
 .debug_aranges
                0x0000000000000978       0x18 ../Hello_bsp/\libhal_bsp.a(alt_errno.o)
 .debug_aranges
                0x0000000000000990       0x20 ../Hello_bsp/\libhal_bsp.a(alt_fstat.o)
 .debug_aranges
                0x00000000000009b0       0x20 ../Hello_bsp/\libhal_bsp.a(alt_isatty.o)
 .debug_aranges
                0x00000000000009d0       0x20 ../Hello_bsp/\libhal_bsp.a(alt_load.o)
 .debug_aranges
                0x00000000000009f0       0x20 ../Hello_bsp/\libhal_bsp.a(alt_lseek.o)
 .debug_aranges
                0x0000000000000a10       0x20 ../Hello_bsp/\libhal_bsp.a(alt_main.o)
 .debug_aranges
                0x0000000000000a30       0x20 ../Hello_bsp/\libhal_bsp.a(alt_malloc_lock.o)
 .debug_aranges
                0x0000000000000a50       0x20 ../Hello_bsp/\libhal_bsp.a(alt_read.o)
 .debug_aranges
                0x0000000000000a70       0x20 ../Hello_bsp/\libhal_bsp.a(alt_release_fd.o)
 .debug_aranges
                0x0000000000000a90       0x20 ../Hello_bsp/\libhal_bsp.a(alt_sbrk.o)
 .debug_aranges
                0x0000000000000ab0       0x20 ../Hello_bsp/\libhal_bsp.a(alt_write.o)
 .debug_aranges
                0x0000000000000ad0       0x20 ../Hello_bsp/\libhal_bsp.a(alt_sys_init.o)
 .debug_aranges
                0x0000000000000af0       0x20 ../Hello_bsp/\libhal_bsp.a(altera_avalon_jtag_uart_fd.o)
 .debug_aranges