Archive member included to satisfy reference by file (symbol)

../Hello_bsp//newlib/nios2-elf/lib\libm.a(lib_a-sf_ceil.o)
                              obj/default/src/mathc.o (ceilf)
../Hello_bsp//newlib/nios2-elf/lib\libm.a(lib_a-sf_cos.o)
                              obj/default/src/mathc.o (cosf)
../Hello_bsp//newlib/nios2-elf/lib\libm.a(lib_a-sf_floor.o)
                              obj/default/src/mathc.o (floorf)
../Hello_bsp//newlib/nios2-elf/lib\libm.a(lib_a-sf_fmax.o)
                              obj/default/src/mathc.o (fmaxf)
../Hello_bsp//newlib/nios2-elf/lib\libm.a(lib_a-sf_fmin.o)
                              obj/default/src/mathc.o (fminf)
../Hello_bsp//newlib/nios2-elf/lib\libm.a(lib_a-sf_fpclassify.o)
                              ../Hello_bsp//newlib/nios2-elf/lib\libm.a(lib_a-sf_fmax.o) (__fpclassifyf)
../Hello_bsp//newlib/nios2-elf/lib\libm.a(lib_a-sf_round.o)
                              obj/default/src/mathc.o (roundf)
../Hello_bsp//newlib/nios2-elf/lib\libm.a(lib_a-sf_sin.o)
                              obj/default/src/mathc.o (sinf)
../Hello_bsp//newlib/nios2-elf/lib\libm.a(lib_a-sf_tan.o)
                              obj/default/src/mathc.o (tanf)
../Hello_bsp//newlib/nios2-elf/lib\libm.a(lib_a-wf_acos.o)
                              obj/default/src/mathc.o (acosf)
../Hello_bsp//newlib/nios2-elf/lib\libm.a(lib_a-wf_atan2.o)
                              obj/default/src/mathc.o (atan2f)
../Hello_bsp//newlib/nios2-elf/lib\libm.a(lib_a-wf_pow.o)
                              obj/default/src/mathc.o (powf)
../Hello_bsp//newlib/nios2-elf/lib\libm.a(lib_a-wf_sqrt.o)
                              obj/default/src/mathc.o (sqrtf)
../Hello_bsp//newlib/nios2-elf/lib\libm.a(lib_a-ef_acos.o)
                              ../Hello_bsp//newlib/nios2-elf/lib\libm.a(lib_a-wf_acos.o) (__ieee754_acosf)
../Hello_bsp//newlib/nios2-elf/lib\libm.a(lib_a-ef_atan2.o)
                              ../Hello_bsp//newlib/nios2-elf/lib\libm.a(lib_a-wf_atan2.o) (__ieee754_atan2f)
../Hello_bsp//newlib/nios2-elf/lib\libm.a(lib_a-ef_pow.o)
                              ../Hello_bsp//newlib/nios2-elf/lib\libm.a(lib_a-wf_pow.o) (__ieee754_powf)
../Hello_bsp//newlib/nios2-elf/lib\libm.a(lib_a-ef_rem_pio2.o)
                              ../Hello_bsp//newlib/nios2-elf/lib\libm.a(lib_a-sf_cos.o) (__ieee754_rem_pio2f)
../Hello_bsp//newlib/nios2-elf/lib\libm.a(lib_a-ef_sqrt.o)
                              ../Hello_bsp//newlib/nios2-elf/lib\libm.a(lib_a-wf_sqrt.o) (__ieee754_sqrtf)
../Hello_bsp//newlib/nios2-elf/lib\libm.a(lib_a-kf_cos.o)
                              ../Hello_bsp//newlib/nios2-elf/lib\libm.a(lib_a-sf_cos.o) (__kernel_cosf)
../Hello_bsp//newlib/nios2-elf/lib\libm.a(lib_a-kf_rem_pio2.o)
                              ../Hello_bsp//newlib/nios2-elf/lib\libm.a(lib_a-ef_rem_pio2.o) (__kernel_rem_pio2f)
../Hello_bsp//newlib/nios2-elf/lib\libm.a(lib_a-kf_sin.o)
                              ../Hello_bsp//newlib/nios2-elf/lib\libm.a(lib_a-sf_cos.o) (__kernel_sinf)
../Hello_bsp//newlib/nios2-elf/lib\libm.a(lib_a-kf_tan.o)
                              ../Hello_bsp//newlib/nios2-elf/lib\libm.a(lib_a-sf_tan.o) (__kernel_tanf)
../Hello_bsp//newlib/nios2-elf/lib\libm.a(lib_a-s_lib_ver.o)
                              ../Hello_bsp//newlib/nios2-elf/lib\libm.a(lib_a-wf_acos.o) (__fdlib_version)
../Hello_bsp//newlib/nios2-elf/lib\libm.a(lib_a-s_matherr.o)
                              ../Hello_bsp//newlib/nios2-elf/lib\libm.a(lib_a-wf_acos.o) (matherr)
../Hello_bsp//newlib/nios2-elf/lib\libm.a(lib_a-s_nan.o)
                              ../Hello_bsp//newlib/nios2-elf/lib\libm.a(lib_a-wf_acos.o) (nan)
../Hello_bsp//newlib/nios2-elf/lib\libm.a(lib_a-s_rint.o)
                              ../Hello_bsp//newlib/nios2-elf/lib\libm.a(lib_a-wf_pow.o) (rint)
../Hello_bsp//newlib/nios2-elf/lib\libm.a(lib_a-sf_atan.o)
                              ../Hello_bsp//newlib/nios2-elf/lib\libm.a(lib_a-ef_atan2.o) (atanf)
../Hello_bsp//newlib/nios2-elf/lib\libm.a(lib_a-sf_fabs.o)
                              ../Hello_bsp//newlib/nios2-elf/lib\libm.a(lib_a-wf_acos.o) (fabsf)
../Hello_bsp//newlib/nios2-elf/lib\libm.a(lib_a-sf_finite.o)
                              ../Hello_bsp//newlib/nios2-elf/lib\libm.a(lib_a-wf_pow.o) (finitef)
../Hello_bsp//newlib/nios2-elf/lib\libm.a(lib_a-sf_nan.o)
                              ../Hello_bsp//newlib/nios2-elf/lib\libm.a(lib_a-ef_pow.o) (nanf)
../Hello_bsp//newlib/nios2-elf/lib\libm.a(lib_a-sf_scalbn.o)
                              ../Hello_bsp//newlib/nios2-elf/lib\libm.a(lib_a-ef_pow.o) (scalbnf)
../Hello_bsp//newlib/nios2-elf/lib\libm.a(lib_a-sf_copysign.o)
                              ../Hello_bsp//newlib/nios2-elf/lib\libm.a(lib_a-sf_scalbn.o) (copysignf)
d:/intelfpga_lite/18.0/nios2eds/bin/gnu/h-x86_64-mingw32/bin/../lib/gcc/nios2-elf/5.3.0\libgcc.a(lib2-divmod.o)
                              obj/default/src/gppcu.o (__divsi3)
[...]
Memory Configuration

Name             Origin             Length             Attributes
reset            0x0000000008000000 0x0000000000000020
sdram            0x0000000008000020 0x0000000007ffffe0
bufferram_out    0x0000000010000000 0x000000000002ee00
*default*        0x0000000000000000 0xffffffffffffffff

Linker script and memory map

LOAD ../Hello_bsp//obj/HAL/src/crt0.o
LOAD obj/default/src/app.o
LOAD obj/default/src/gppcu.o
LOAD obj/default/src/main.o
LOAD obj/default/src/mathc.o
LOAD obj/default/src/utils.o
LOAD d:/intelfpga_lite/18.0/nios2eds/bin/gnu/h-x86_64-mingw32/bin/../lib/gcc/nios2-elf/5.3.0/../../../../../H-x86_64-mingw32/nios2-elf/lib\libstdc++.a
LOAD ../Hello_bsp//newlib/nios2-elf/lib\libm.a
LOAD d:/intelfpga_lite/18.0/nios2eds/bin/gnu/h-x86_64-mingw32/bin/../lib/gcc/nios2-elf/5.3.0\libgcc.a
START GROUP
LOAD ../Hello_bsp//newlib/nios2-elf/lib\libc.a
LOAD d:/intelfpga_lite/18.0/nios2eds/bin/gnu/h-x86_64-mingw32/bin/../lib/gcc/nios2-elf/5.3.0\libgcc.a
LOAD ../Hello_bsp/\libhal_bsp.a
LOAD ../Hello_bsp//newlib/nios2-elf/lib\libm.a
END GROUP
LOAD d:/intelfpga_lite/18.0/nios2eds/bin/gnu/h-x86_64-mingw32/bin/../lib/gcc/nios2-elf/5.3.0\libgcc.a
                0x0000000008000000                __alt_mem_sdram = 0x8000000
                0x0000000010000000                __alt_mem_bufferram_out = 0x10000000

.entry          0x0000000008000000       0x20
 *(.entry)
 .entry         0x0000000008000000       0x20 ../Hello_bsp//obj/HAL/src/crt0.o
                0x0000000008000000                __reset

.exceptions     0x0000000008000020      0x224
                0x0000000008000020                PROVIDE (__ram_exceptions_start, ABSOLUTE (.))
                0x0000000008000020                . = ALIGN (0x20)
 *(.irq)
 *(.exceptions.entry.label)
 .exceptions.entry.label
                0x0000000008000020        0x0 ../Hello_bsp/\libhal_bsp.a(alt_irq_entry.o)
                0x0000000008000020                alt_irq_entry
 .exceptions.entry.label
                0x0000000008000020        0x0 ../Hello_bsp/\libhal_bsp.a(alt_exception_entry.o)
                0x0000000008000020                alt_exception
 *(.exceptions.entry.user)
 *(.exceptions.entry.ecc_fatal)
 *(.exceptions.entry)
 .exceptions.entry
                0x0000000008000020       0x54 ../Hello_bsp/\libhal_bsp.a(alt_exception_entry.o)
 *(.exceptions.irqtest.user)
 *(.exceptions.irqtest)
 .exceptions.irqtest
                0x0000000008000074       0x10 ../Hello_bsp/\libhal_bsp.a(alt_irq_entry.o)
 *(.exceptions.irqhandler.user)
 *(.exceptions.irqhandler)
 .exceptions.irqhandler
                0x0000000008000084        0x4 ../Hello_bsp/\libhal_bsp.a(alt_irq_entry.o)
 *(.exceptions.irqreturn.user)
 *(.exceptions.irqreturn)
 .exceptions.irqreturn
                0x0000000008000088        0x4 ../Hello_bsp/\libhal_bsp.a(alt_irq_entry.o)
 *(.exceptions.notirq.label)
 .exceptions.notirq.label
                0x000000000800008c        0x0 ../Hello_bsp/\libhal_bsp.a(alt_irq_entry.o)
 *(.exceptions.notirq.user)
 *(.exceptions.notirq)
 .exceptions.notirq
                0x000000000800008c        0x8 ../Hello_bsp/\libhal_bsp.a(alt_exception_entry.o)
 *(.exceptions.soft.user)
 *(.exceptions.soft)
 *(.exceptions.unknown.user)
 *(.exceptions.unknown)
 .exceptions.unknown
                0x0000000008000094       0x14 ../Hello_bsp/\libhal_bsp.a(alt_exception_entry.o)
 *(.exceptions.exit.label)
 .exceptions.exit.label
                0x00000000080000a8        0x0 ../Hello_bsp/\libhal_bsp.a(alt_irq_entry.o)
 .exceptions.exit.label
                0x00000000080000a8        0x0 ../Hello_bsp/\libhal_bsp.a(alt_exception_entry.o)
 *(.exceptions.exit.user)
 *(.exceptions.exit)
 .exceptions.exit
                0x00000000080000a8       0x54 ../Hello_bsp/\libhal_bsp.a(alt_exception_entry.o)
 *(.exceptions)
 .exceptions    0x00000000080000fc       0xd4 ../Hello_bsp/\libhal_bsp.a(alt_irq_handler.o)
                0x00000000080000fc                alt_irq_handler
 .exceptions    0x00000000080001d0       0x74 ../Hello_bsp/\libhal_bsp.a(alt_instruction_exception_entry.o)
                0x00000000080001d0                alt_instruction_exception_entry
                0x0000000008000244                PROVIDE (__ram_exceptions_end, ABSOLUTE (.))
                0x0000000008000020                PROVIDE (__flash_exceptions_start, LOADADDR (.exceptions))

.text           0x0000000008000244    0x3769c
                [!provide]                        PROVIDE (stext, ABSOLUTE (.))
 *(.interp)
 *(.hash)
 *(.dynsym)
 *(.dynstr)
 *(.gnu.version)
 *(.gnu.version_d)
 *(.gnu.version_r)
 *(.rel.init)
 *(.rela.init)
 *(.rel.text .rel.text.* .rel.gnu.linkonce.t.*)
 *(.rela.text .rela.text.* .rela.gnu.linkonce.t.*)
 *(.rel.fini)
 *(.rela.fini)
 *(.rel.rodata .rel.rodata.* .rel.gnu.linkonce.r.*)
 *(.rela.rodata .rela.rodata.* .rela.gnu.linkonce.r.*)
 *(.rel.data .rel.data.* .rel.gnu.linkonce.d.*)
 *(.rela.data .rela.data.* .rela.gnu.linkonce.d.*)
 *(.rel.tdata .rel.tdata.* .rel.gnu.linkonce.td.*)
 *(.rela.tdata .rela.tdata.* .rela.gnu.linkonce.td.*)
 *(.rel.tbss .rel.tbss.* .rel.gnu.linkonce.tb.*)
 *(.rela.tbss .rela.tbss.* .rela.gnu.linkonce.tb.*)
 *(.rel.ctors)
 *(.rela.ctors)
 *(.rel.dtors)
 *(.rela.dtors)
 *(.rel.got)
 *(.rela.got)
 *(.rel.sdata .rel.sdata.* .rel.gnu.linkonce.s.*)
 *(.rela.sdata .rela.sdata.* .rela.gnu.linkonce.s.*)
 *(.rel.sbss .rel.sbss.* .rel.gnu.linkonce.sb.*)
 *(.rela.sbss .rela.sbss.* .rela.gnu.linkonce.sb.*)
 *(.rel.sdata2 .rel.sdata2.* .rel.gnu.linkonce.s2.*)
 *(.rela.sdata2 .rela.sdata2.* .rela.gnu.linkonce.s2.*)
 *(.rel.sbss2 .rel.sbss2.* .rel.gnu.linkonce.sb2.*)
 *(.rela.sbss2 .rela.sbss2.* .rela.gnu.linkonce.sb2.*)
 *(.rel.bss .rel.bss.* .rel.gnu.linkonce.b.*)
 *(.rela.bss .rela.bss.* .rela.gnu.linkonce.b.*)
 *(.rel.plt)
 *(.rela.plt)
 *(.rel.dyn)
 *(.init)
 *(.plt)
 *(.text .stub .text.* .gnu.linkonce.t.*)
 .text          0x0000000008000244       0x4c ../Hello_bsp//obj/HAL/src/crt0.o
                0x0000000008000244                _start
 .text          0x0000000008000290     0x18a4 obj/default/src/app.o
                0x0000000008000698                mat4_rotate_zyx
                0x0000000008000780                mesh_init
                0x000000000800081c                mesh_subdevide
                0x0000000008000b78                mesh_createbox
                0x0000000008000fc0                mesh_destroy
                0x000000000800100c                mesh_create_sphere
                0x000000000800103c                app_calc_object_constant
                0x00000000080011fc                app_upload_program
                0x0000000008001510                app_upload_vertices
                0x0000000008001578                app_upload_object_constant
                0x0000000008001630                app_run_vertex_shader_async
                0x0000000008001664                app_download_points
                0x00000000080016b4                app_render_on_screen
                0x0000000008001980                rgb16_drawline
 .text          0x0000000008001b34     0x1840 obj/default/src/gppcu.o
                0x0000000008001d18                gppcu_device_command
                0x0000000008001d98                gppcu_stat
                0x0000000008001e88                gppcu_is_done
                0x0000000008001f18                DEPRECATED__gppcu_init
                0x0000000008001fec                gppcu_init
                0x00000000080020e4                gppcu_init_task
                0x00000000080021d8                gppcu_destroy
                0x000000000800267c                DEPRECATED__gppcu_program_autofeed_device
                0x00000000080027b8                instr_to_string
                0x00000000080028dc                gppcu_program_autofeed_device_parallel
                0x0000000008002d28                gppcu_init_task_parallel
                0x0000000008002e88                gppcu_run_autofeed_device
                0x0000000008002f00                gppcu_clear_instr
                0x0000000008002f2c                gppcu_write
                0x0000000008003088                gppcu_read
                0x0000000008003228                gppcu_write_const
                0x00000000080032d4                gppcu_data_wr_slow
                0x000000000800332c                gppcu_data_rd_slow
 .text          0x0000000008003374     0x131c obj/default/src/main.o
                0x0000000008003798                wait
                0x00000000080037dc                display_stat_is_done
                0x0000000008003898                mem_clr
                0x0000000008003918                monitor
                0x0000000008003a1c                main
                0x0000000008003c54                main__cxt
                0x0000000008003ea0                maincc
                0x00000000080040e4                main_vv
                0x0000000008004474                main__1
 .text          0x0000000008004690    0x1b470 obj/default/src/mathc.o
                0x0000000008004690                clampi
                0x00000000080046e8                nearly_equal
                0x0000000008004758                to_radians
                0x0000000008004798                to_degrees
                0x00000000080047d8                clampf
                0x0000000008004840                vec2i_is_zero
                0x000000000800488c                vec2i_is_equal
                0x00000000080048f0                vec2i
                0x0000000008004938                vec2i_assign
                0x0000000008004984                vec2i_assign_vec2
                0x00000000080049dc                vec2i_zero
                0x0000000008004a14                vec2i_one
                0x0000000008004a54                vec2i_sign
                0x0000000008004b10                vec2i_add
                0x0000000008004b80                vec2i_add_i
                0x0000000008004be4                vec2i_subtract
                0x0000000008004c54                vec2i_subtract_i
                0x0000000008004cb8                vec2i_multiply
                0x0000000008004d28                vec2i_multiply_i
                0x0000000008004d8c                vec2i_divide
                0x0000000008004e20                vec2i_divide_i
                0x0000000008004ea0                vec2i_snap
                0x0000000008004f54                vec2i_snap_i
                0x0000000008004fe8                vec2i_negative
                0x0000000008005040                vec2i_abs
                0x00000000080050d8                vec2i_max
                0x0000000008005184                vec2i_min
                0x0000000008005230                vec2i_clamp
                0x0000000008005288                vec2i_tangent
                0x00000000080052e8                vec3i_is_zero
                0x0000000008005344                vec3i_is_equal
                0x00000000080053c4                vec3i
                0x0000000008005420                vec3i_assign
                0x0000000008005480                vec3i_assign_vec3
                0x00000000080054f4                vec3i_zero
                0x0000000008005538                vec3i_one
                0x0000000008005588                vec3i_sign
                0x0000000008005698                vec3i_add
                0x0000000008005730                vec3i_add_i
                0x00000000080057b4                vec3i_subtract
                0x000000000800584c                vec3i_subtract_i
                0x00000000080058d0                vec3i_multiply
                0x0000000008005968                vec3i_multiply_i
                0x00000000080059ec                vec3i_divide
                0x0000000008005ab0                vec3i_divide_i
                0x0000000008005b54                vec3i_snap
                0x0000000008005c4c                vec3i_snap_i
                0x0000000008005d10                vec3i_cross
                0x0000000008005e18                vec3i_negative
                0x0000000008005e8c                vec3i_abs
                0x0000000008005f64                vec3i_max
                0x0000000008006058                vec3i_min
                0x000000000800614c                vec3i_clamp
                0x00000000080061a4                vec4i_is_zero
                0x0000000008006210                vec4i_is_equal
                0x00000000080062ac                vec4i
                0x0000000008006318                vec4i_assign
                0x000000000800638c                vec4i_assign_vec4
                0x000000000800641c                vec4i_zero
                0x000000000800646c                vec4i_one
                0x00000000080064cc                vec4i_sign
                0x0000000008006630                vec4i_add
                0x00000000080066f0                vec4i_add_i
                0x0000000008006794                vec4i_subtract
                0x0000000008006854                vec4i_subtract_i
                0x00000000080068f8                vec4i_multiply
                0x00000000080069b8                vec4i_multiply_i
                0x0000000008006a5c                vec4i_divide
                0x0000000008006b50                vec4i_divide_i
                0x0000000008006c18                vec4i_snap
                0x0000000008006d54                vec4i_snap_i
                0x0000000008006e48                vec4i_negative
                0x0000000008006ed8                vec4i_abs
                0x0000000008006ff0                vec4i_max
                0x000000000800712c                vec4i_min
                0x0000000008007268                vec4i_clamp
                0x00000000080072c0                vec2_is_zero
                0x0000000008007324                vec2_is_equal
                0x00000000080073a8                vec2
                0x00000000080073f0                vec2_assign
                0x000000000800743c                vec2_assign_vec2i
                0x0000000008007494                vec2_zero
                0x00000000080074cc                vec2_one
                0x000000000800750c                vec2_sign
                0x00000000080075e8                vec2_add
                0x0000000008007658                vec2_add_f
                0x00000000080076bc                vec2_subtract
                0x000000000800772c                vec2_subtract_f
                0x0000000008007790                vec2_multiply
                0x0000000008007800                vec2_multiply_f
                0x0000000008007864                vec2_multiply_mat2
                0x0000000008007910                vec2_divide
                0x0000000008007980                vec2_divide_f
                0x00000000080079e4                vec2_snap
                0x0000000008007a98                vec2_snap_f
                0x0000000008007b34                vec2_negative
                0x0000000008007b8c                vec2_abs
                0x0000000008007be4                vec2_floor
                0x0000000008007c5c                vec2_ceil
                0x0000000008007cd4                vec2_round
                0x0000000008007d4c                vec2_max
                0x0000000008007de4                vec2_min
                0x0000000008007e7c                vec2_clamp
                0x0000000008007ed4                vec2_normalize
                0x0000000008007f7c                vec2_dot
                0x0000000008007fdc                vec2_project
                0x0000000008008074                vec2_slide
                0x000000000800810c                vec2_reflect
                0x00000000080081ac                vec2_tangent
                0x000000000800820c                vec2_rotate
                0x00000000080082bc                vec2_lerp
                0x000000000800835c                vec2_bezier3
                0x00000000080083d8                vec2_bezier4
                0x00000000080084ac                vec2_angle
                0x00000000080084fc                vec2_length
                0x0000000008008568                vec2_length_squared
                0x00000000080085c4                vec2_distance
                0x000000000800866c                vec2_distance_squared
                0x0000000008008704                vec2_linear_independent
                0x0000000008008764                vec2_orthonormalization
                0x0000000008008900                vec3_is_zero
                0x0000000008008980                vec3_is_equal
                0x0000000008008a30                vec3
                0x0000000008008a8c                vec3_assign
                0x0000000008008aec                vec3_assign_vec3i
                0x0000000008008b60                vec3_zero
                0x0000000008008ba4                vec3_one
                0x0000000008008bf4                vec3_sign
                0x0000000008008d34                vec3_add
                0x0000000008008dcc                vec3_add_f
                0x0000000008008e50                vec3_subtract
                0x0000000008008ee8                vec3_subtract_f
                0x0000000008008f6c                vec3_multiply
                0x0000000008009004                vec3_multiply_f
                0x0000000008009088                vec3_multiply_mat3
                0x00000000080091c0                vec3_divide
                0x0000000008009258                vec3_divide_f
                0x00000000080092dc                vec3_snap
                0x00000000080093d4                vec3_snap_f
                0x00000000080094a4                vec3_negative
                0x0000000008009518                vec3_abs
                0x000000000800958c                vec3_floor
                0x0000000008009628                vec3_ceil
                0x00000000080096c4                vec3_round
                0x0000000008009760                vec3_max
                0x000000000800982c                vec3_min
                0x00000000080098f8                vec3_clamp
                0x0000000008009950                vec3_cross
                0x0000000008009a58                vec3_normalize
                0x0000000008009b40                vec3_dot
                0x0000000008009bc0                vec3_project
                0x0000000008009c78                vec3_slide
                0x0000000008009d40                vec3_reflect
                0x0000000008009e10                vec3_rotate
                0x000000000800a0a8                vec3_lerp
                0x000000000800a188                vec3_bezier3
                0x000000000800a204                vec3_bezier4
                0x000000000800a2d8                vec3_length
                0x000000000800a364                vec3_length_squared
                0x000000000800a3e0                vec3_distance
                0x000000000800a4c8                vec3_distance_squared
                0x000000000800a5a0                vec3_linear_independent
                0x000000000800a6d4                vec3_orthonormalization
                0x000000000800a938                vec4_is_zero
                0x000000000800a9d4                vec4_is_equal
                0x000000000800aab0                vec4
                0x000000000800ab1c                vec4_assign
                0x000000000800ab90                vec4_assign_vec4i
                0x000000000800ac20                vec4_zero
                0x000000000800ac70                vec4_one
                0x000000000800acd0                vec4_sign
                0x000000000800ae74                vec4_add
                0x000000000800af34                vec4_add_f
                0x000000000800afd8                vec4_subtract
                0x000000000800b098                vec4_subtract_f
                0x000000000800b13c                vec4_multiply
                0x000000000800b1fc                vec4_multiply_f
                0x000000000800b2a0                vec4_multiply_mat4
                0x000000000800b494                vec4_divide
                0x000000000800b554                vec4_divide_f
                0x000000000800b5f8                vec4_snap
                0x000000000800b734                vec4_snap_f
                0x000000000800b838                vec4_negative
                0x000000000800b8c8                vec4_abs
                0x000000000800b958                vec4_floor
                0x000000000800ba18                vec4_ceil
                0x000000000800bad8                vec4_round
                0x000000000800bb98                vec4_max
                0x000000000800bc98                vec4_min
                0x000000000800bd98                vec4_clamp
                0x000000000800bdf0                vec4_normalize
                0x000000000800bf18                vec4_lerp
                0x000000000800c038                quat_is_zero
                0x000000000800c0d4                quat_is_equal
                0x000000000800c1b0                quat
                0x000000000800c21c                quat_assign
                0x000000000800c290                quat_zero
                0x000000000800c2e0                quat_null
                0x000000000800c334                quat_multiply
                0x000000000800c55c                quat_multiply_f
                0x000000000800c600                quat_divide
                0x000000000800c858                quat_divide_f
                0x000000000800c8fc                quat_negative
                0x000000000800c98c                quat_conjugate
                0x000000000800ca14                quat_inverse
                0x000000000800cb40                quat_normalize
                0x000000000800cc74                quat_dot
                0x000000000800cd14                quat_power
                0x000000000800ce78                quat_from_axis_angle
                0x000000000800cf40                quat_from_vec3
                0x000000000800d018                quat_from_mat4
                0x000000000800d484                quat_lerp
                0x000000000800d5a4                quat_slerp
                0x000000000800d77c                quat_length
                0x000000000800d828                quat_length_squared
                0x000000000800d8c4                quat_angle
                0x000000000800d958                mat2
                0x000000000800d9c4                mat2_zero
                0x000000000800da14                mat2_identity
                0x000000000800da6c                mat2_determinant
                0x000000000800dacc                mat2_assign
                0x000000000800db40                mat2_negative
                0x000000000800dbd0                mat2_transpose
                0x000000000800dc64                mat2_cofactor
                0x000000000800dd08                mat2_adjugate
                0x000000000800ddac                mat2_multiply
                0x000000000800df04                mat2_multiply_f
                0x000000000800dfa8                mat2_inverse
                0x000000000800e054                mat2_scaling
                0x000000000800e0a0                mat2_scale
                0x000000000800e110                mat2_rotation_z
                0x000000000800e198                mat2_lerp
                0x000000000800e2b8                mat3
                0x000000000800e374                mat3_zero
                0x000000000800e400                mat3_identity
                0x000000000800e498                mat3_determinant
                0x000000000800e5c0                mat3_assign
                0x000000000800e698                mat3_negative
                0x000000000800e7b4                mat3_transpose
                0x000000000800e8d4                mat3_cofactor
                0x000000000800ec04                mat3_multiply
                0x000000000800f004                mat3_multiply_f
                0x000000000800f148                mat3_inverse
                0x000000000800f178                mat3_scaling
                0x000000000800f1d8                mat3_scale
                0x000000000800f270                mat3_rotation_x
                0x000000000800f2fc                mat3_rotation_y
                0x000000000800f384                mat3_rotation_z
                0x000000000800f40c                mat3_rotation_axis
                0x000000000800f714                mat3_rotation_quat
                0x000000000800f958                mat3_lerp
                0x000000000800fbb8                mat4
                0x000000000800fce4                mat4_zero
                0x000000000800fdc4                mat4_identity
                0x000000000800feb4                mat4_determinant
                0x00000000080102a0                mat4_assign
                0x0000000008010404                mat4_negative
                0x00000000080105e4                mat4_transpose
                0x00000000080107c8                mat4_cofactor
                0x0000000008011114                mat4_rotation_x
                0x00000000080111a0                mat4_rotation_y
                0x0000000008011228                mat4_rotation_z
                0x00000000080112b0                mat4_rotation_axis
                0x0000000008011610                mat4_rotation_quat
                0x00000000080118ac                mat4_translation
                0x0000000008011a14                mat4_translate
                0x0000000008011bb4                mat4_scaling
                0x0000000008011d1c                mat4_scale
                0x0000000008011eb8                mat4_multiply
                0x00000000080127c0                mat4_multiply_f
                0x00000000080129e4                mat4_inverse
                0x00000000080135b0                mat4_lerp
                0x00000000080139d0                mat4_look_at
                0x0000000008013b9c                mat4_ortho
                0x0000000008013d28                mat4_perspective
                0x0000000008013e98                mat4_perspective_fov
                0x0000000008014024                mat4_perspective_infinite
                0x00000000080141b8                svec2i_is_zero
                0x00000000080141ec                svec2i_is_equal
                0x0000000008014230                svec2i
                0x0000000008014284                svec2i_assign
                0x00000000080142d8                svec2i_assign_vec2
                0x000000000801432c                svec2i_zero
                0x0000000008014370                svec2i_one
                0x00000000080143b4                svec2i_sign
                0x0000000008014408                svec2i_add
                0x000000000801446c                svec2i_add_i
                0x00000000080144c8                svec2i_subtract
                0x000000000801452c                svec2i_subtract_i
                0x0000000008014588                svec2i_multiply
                0x00000000080145ec                svec2i_multiply_i
                0x0000000008014648                svec2i_divide
                0x00000000080146ac                svec2i_divide_i
                0x0000000008014708                svec2i_snap
                0x000000000801476c                svec2i_snap_i
                0x00000000080147c8                svec2i_negative
                0x000000000801481c                svec2i_abs
                0x0000000008014870                svec2i_max
                0x00000000080148d4                svec2i_min
                0x0000000008014938                svec2i_clamp
                0x00000000080149a0                svec2i_tangent
                0x00000000080149f4                svec3i_is_zero
                0x0000000008014a2c                svec3i_is_equal
                0x0000000008014a6c                svec3i
                0x0000000008014ad4                svec3i_assign
                0x0000000008014b38                svec3i_assign_vec3
                0x0000000008014b9c                svec3i_zero
                0x0000000008014bec                svec3i_one
                0x0000000008014c3c                svec3i_sign
                0x0000000008014ca0                svec3i_add
                0x0000000008014d08                svec3i_add_i
                0x0000000008014d70                svec3i_subtract
                0x0000000008014dd8                svec3i_subtract_i
                0x0000000008014e40                svec3i_multiply
                0x0000000008014ea8                svec3i_multiply_i
                0x0000000008014f10                svec3i_divide
                0x0000000008014f78                svec3i_divide_i
                0x0000000008014fe0                svec3i_snap
                0x0000000008015048                svec3i_snap_i
                0x00000000080150b0                svec3i_cross
                0x0000000008015118                svec3i_negative
                0x000000000801517c                svec3i_abs
                0x00000000080151e0                svec3i_max
                0x0000000008015248                svec3i_min
                0x00000000080152b0                svec3i_clamp
                0x0000000008015320                svec4i_is_zero
                0x000000000801535c                svec4i_is_equal
                0x000000000801539c                svec4i
                0x0000000008015414                svec4i_assign
                0x000000000801547c                svec4i_assign_vec4
                0x00000000080154e4                svec4i_zero
                0x000000000801553c                svec4i_one
                0x0000000008015594                svec4i_sign
                0x00000000080155fc                svec4i_add
                0x000000000801566c                svec4i_add_i
                0x00000000080156d8                svec4i_subtract
                0x0000000008015748                svec4i_subtract_i
                0x00000000080157b4                svec4i_multiply
                0x0000000008015824                svec4i_multiply_i
                0x0000000008015890                svec4i_divide
                0x0000000008015900                svec4i_divide_i
                0x000000000801596c                svec4i_snap
                0x00000000080159dc                svec4i_snap_i
                0x0000000008015a48                svec4i_negative
                0x0000000008015ab0                svec4i_abs
                0x0000000008015b18                svec4i_max
                0x0000000008015b88                svec4i_min
                0x0000000008015bf8                svec4i_clamp
                0x0000000008015c70                svec2_is_zero
                0x0000000008015ca4                svec2_is_equal
                0x0000000008015ce8                svec2
                0x0000000008015d3c                svec2_assign
                0x0000000008015d90                svec2_assign_vec2i
                0x0000000008015de4                svec2_zero
                0x0000000008015e28                svec2_one
                0x0000000008015e6c                svec2_sign
                0x0000000008015ec0                svec2_add
                0x0000000008015f24                svec2_add_f
                0x0000000008015f80                svec2_subtract
                0x0000000008015fe4                svec2_subtract_f
                0x0000000008016040                svec2_multiply
                0x00000000080160a4                svec2_multiply_f
                0x0000000008016100                svec2_multiply_mat2
                0x0000000008016160                svec2_divide
                0x00000000080161c4                svec2_divide_f
                0x0000000008016220                svec2_snap
                0x0000000008016284                svec2_snap_f
                0x00000000080162e0                svec2_negative
                0x0000000008016334                svec2_abs
                0x0000000008016388                svec2_floor
                0x00000000080163dc                svec2_ceil
                0x0000000008016430                svec2_round
                0x0000000008016484                svec2_max
                0x00000000080164e8                svec2_min
                0x000000000801654c                svec2_clamp
                0x00000000080165b4                svec2_normalize
                0x0000000008016608                svec2_dot
                0x0000000008016654                svec2_project
                0x00000000080166b8                svec2_slide
                0x000000000801671c                svec2_reflect
                0x0000000008016780                svec2_tangent
                0x00000000080167d4                svec2_rotate
                0x0000000008016830                svec2_lerp
                0x0000000008016898                svec2_bezier3
                0x0000000008016908                svec2_bezier4
                0x0000000008016980                svec2_angle
                0x00000000080169bc                svec2_length
                0x00000000080169f8                svec2_length_squared
                0x0000000008016a34                svec2_distance
                0x0000000008016a80                svec2_distance_squared
                0x0000000008016acc                svec3_is_zero
                0x0000000008016b04                svec3_is_equal
                0x0000000008016b44                svec3
                0x0000000008016bac                svec3_assign
                0x0000000008016c10                svec3_assign_vec3i
                0x0000000008016c74                svec3_zero
                0x0000000008016cc4                svec3_one
                0x0000000008016d14                svec3_sign
                0x0000000008016d78                svec3_add
                0x0000000008016de0                svec3_add_f
                0x0000000008016e48                svec3_subtract
                0x0000000008016eb0                svec3_subtract_f
                0x0000000008016f18                svec3_multiply
                0x0000000008016f80                svec3_multiply_f
                0x0000000008016fe8                svec3_multiply_mat3
                0x0000000008017050                svec3_divide
                0x00000000080170b8                svec3_divide_f
                0x0000000008017120                svec3_snap
                0x0000000008017188                svec3_snap_f
                0x00000000080171f0                svec3_negative
                0x0000000008017254                svec3_abs
                0x00000000080172b8                svec3_floor
                0x000000000801731c                svec3_ceil
                0x0000000008017380                svec3_round
                0x00000000080173e4                svec3_max
                0x000000000801744c                svec3_min
                0x00000000080174b4                svec3_clamp
                0x0000000008017524                svec3_cross
                0x000000000801758c                svec3_normalize
                0x00000000080175f0                svec3_dot
                0x0000000008017638                svec3_project
                0x00000000080176a0                svec3_slide
                0x0000000008017708                svec3_reflect
                0x0000000008017770                svec3_rotate
                0x00000000080177dc                svec3_lerp
                0x0000000008017848                svec3_bezier3
                0x00000000080178c0                svec3_bezier4
                0x0000000008017940                svec3_length
                0x0000000008017980                svec3_length_squared
                0x00000000080179c0                svec3_distance
                0x0000000008017a08                svec3_distance_squared
                0x0000000008017a50                svec4_is_zero
                0x0000000008017a8c                svec4_is_equal
                0x0000000008017acc                svec4
                0x0000000008017b44                svec4_assign
                0x0000000008017bac                svec4_assign_vec4i
                0x0000000008017c14                svec4_zero
                0x0000000008017c6c                svec4_one
                0x0000000008017cc4                svec4_sign
                0x0000000008017d2c                svec4_add
                0x0000000008017d9c                svec4_add_f
                0x0000000008017e08                svec4_subtract
                0x0000000008017e78                svec4_subtract_f
                0x0000000008017ee4                svec4_multiply
                0x0000000008017f54                svec4_multiply_f
                0x0000000008017fc0                svec4_multiply_mat4
                0x0000000008018030                svec4_divide
                0x00000000080180a0                svec4_divide_f
                0x000000000801810c                svec4_snap
                0x000000000801817c                svec4_snap_f
                0x00000000080181e8                svec4_negative
                0x0000000008018250                svec4_abs
                0x00000000080182b8                svec4_floor
                0x0000000008018320                svec4_ceil
                0x0000000008018388                svec4_round
                0x00000000080183f0                svec4_max
                0x0000000008018460                svec4_min
                0x00000000080184d0                svec4_clamp
                0x0000000008018548                svec4_normalize
                0x00000000080185b0                svec4_lerp
                0x0000000008018624                squat_is_zero
                0x0000000008018660                squat_is_equal
                0x00000000080186a0                squat
                0x0000000008018718                squat_assign
                0x0000000008018780                squat_zero
                0x00000000080187d8                squat_null
                0x0000000008018830                squat_multiply
                0x00000000080188a0                squat_multiply_f
                0x000000000801890c                squat_divide
                0x000000000801897c                squat_divide_f
                0x00000000080189e8                squat_negative
                0x0000000008018a50                squat_conjugate
                0x0000000008018ab8                squat_inverse
                0x0000000008018b20                squat_normalize
                0x0000000008018b88                squat_dot
                0x0000000008018bd0                squat_power
                0x0000000008018c3c                squat_from_axis_angle
                0x0000000008018cac                squat_from_vec3
                0x0000000008018d1c                squat_from_mat4
                0x0000000008018d84                squat_lerp
                0x0000000008018df8                squat_slerp
                0x0000000008018e6c                squat_length
                0x0000000008018eb0                squat_length_squared
                0x0000000008018ef4                squat_angle
                0x0000000008018f3c                smat2
                0x0000000008018fb4                smat2_zero
                0x000000000801900c                smat2_identity
                0x0000000008019064                smat2_determinant
                0x00000000080190a8                smat2_assign
                0x0000000008019110                smat2_negative
                0x0000000008019178                smat2_transpose
                0x00000000080191e0                smat2_cofactor
                0x0000000008019248                smat2_adjugate
                0x00000000080192b0                smat2_multiply
                0x0000000008019320                smat2_multiply_f
                0x000000000801938c                smat2_inverse
                0x00000000080193f4                smat2_scaling
                0x000000000801945c                smat2_scale
                0x00000000080194cc                smat2_rotation_z
                0x000000000801952c                smat2_lerp
                0x00000000080195a0                smat3
                0x0000000008019668                smat3_zero
                0x00000000080196e8                smat3_identity
                0x0000000008019768                smat3_determinant
                0x00000000080197ac                smat3_assign
                0x000000000801983c                smat3_negative
                0x00000000080198cc                smat3_transpose
                0x000000000801995c                smat3_cofactor
                0x00000000080199ec                smat3_multiply
                0x0000000008019a84                smat3_multiply_f
                0x0000000008019b18                smat3_inverse
                0x0000000008019ba8                smat3_scaling
                0x0000000008019c3c                smat3_scale
                0x0000000008019cd4                smat3_rotation_x
                0x0000000008019d5c                smat3_rotation_y
                0x0000000008019de4                smat3_rotation_z
                0x0000000008019e6c                smat3_rotation_axis
                0x0000000008019f04                smat3_rotation_quat
                0x0000000008019f94                smat3_lerp
                0x000000000801a030                smat4
                0x000000000801a104                smat4_zero
                0x000000000801a158                smat4_identity
                0x000000000801a1ac                smat4_determinant
                0x000000000801a1f0                smat4_assign
                0x000000000801a254                smat4_negative
                0x000000000801a2b8                smat4_transpose
                0x000000000801a31c                smat4_cofactor
                0x000000000801a380                smat4_rotation_x
                0x000000000801a3dc                smat4_rotation_y
                0x000000000801a438                smat4_rotation_z
                0x000000000801a494                smat4_rotation_axis
                0x000000000801a500                smat4_rotation_quat
                0x000000000801a564                smat4_translation
                0x000000000801a5d0                smat4_translate
                0x000000000801a63c                smat4_scaling
                0x000000000801a6a8                smat4_scale
                0x000000000801a714                smat4_multiply
                0x000000000801a780                smat4_multiply_f
                0x000000000801a7e8                smat4_inverse
                0x000000000801a84c                smat4_lerp
                0x000000000801a8bc                smat4_look_at
                0x000000000801a930                smat4_ortho
                0x000000000801a9b4                smat4_perspective
                0x000000000801aa28                smat4_perspective_fov
                0x000000000801aaa4                smat4_perspective_infinite
                0x000000000801ab10                psvec2i_is_zero
                0x000000000801ab40                psvec2i_is_equal
                0x000000000801ab78                psvec2i
                0x000000000801abb8                psvec2i_assign
                0x000000000801abf0                psvec2i_assign_vec2
                0x000000000801ac28                psvec2i_zero
                0x000000000801ac58                psvec2i_one
                0x000000000801ac88                psvec2i_sign
                0x000000000801acc0                psvec2i_add
                0x000000000801ad00                psvec2i_add_i
                0x000000000801ad40                psvec2i_subtract
                0x000000000801ad80                psvec2i_subtract_i
                0x000000000801adc0                psvec2i_multiply
                0x000000000801ae00                psvec2i_multiply_i
                0x000000000801ae40                psvec2i_divide
                0x000000000801ae80                psvec2i_divide_i
                0x000000000801aec0                psvec2i_snap
                0x000000000801af00                psvec2i_snap_i
                0x000000000801af40                psvec2i_negative
                0x000000000801af78                psvec2i_abs
                0x000000000801afb0                psvec2i_max
                0x000000000801aff0                psvec2i_min
                0x000000000801b030                psvec2i_clamp
                0x000000000801b078                psvec2i_tangent
                0x000000000801b0b0                psvec3i_is_zero
                0x000000000801b0e0                psvec3i_is_equal
                0x000000000801b118                psvec3i
                0x000000000801b160                psvec3i_assign
                0x000000000801b198                psvec3i_assign_vec3
                0x000000000801b1d0                psvec3i_zero
                0x000000000801b200                psvec3i_one
                0x000000000801b230                psvec3i_sign
                0x000000000801b268                psvec3i_add
                0x000000000801b2a8                psvec3i_add_i
                0x000000000801b2e8                psvec3i_subtract
                0x000000000801b328                psvec3i_subtract_i
                0x000000000801b368                psvec3i_multiply
                0x000000000801b3a8                psvec3i_multiply_i
                0x000000000801b3e8                psvec3i_divide
                0x000000000801b428                psvec3i_divide_i
                0x000000000801b468                psvec3i_snap
                0x000000000801b4a8                psvec3i_snap_i
                0x000000000801b4e8                psvec3i_cross
                0x000000000801b528                psvec3i_negative
                0x000000000801b560                psvec3i_abs
                0x000000000801b598                psvec3i_max
                0x000000000801b5d8                psvec3i_min
                0x000000000801b618                psvec3i_clamp
                0x000000000801b660                psvec4i_is_zero
                0x000000000801b690                psvec4i_is_equal
                0x000000000801b6c8                psvec4i
                0x000000000801b718                psvec4i_assign
                0x000000000801b750                psvec4i_assign_vec4
                0x000000000801b788                psvec4i_zero
                0x000000000801b7b8                psvec4i_one
                0x000000000801b7e8                psvec4i_sign
                0x000000000801b820                psvec4i_add
                0x000000000801b860                psvec4i_add_i
                0x000000000801b8a0                psvec4i_subtract
                0x000000000801b8e0                psvec4i_subtract_i
                0x000000000801b920                psvec4i_multiply
                0x000000000801b960                psvec4i_multiply_i
                0x000000000801b9a0                psvec4i_divide
                0x000000000801b9e0                psvec4i_divide_i
                0x000000000801ba20                psvec4i_snap
                0x000000000801ba60                psvec4i_snap_i
                0x000000000801baa0                psvec4i_negative
                0x000000000801bad8                psvec4i_abs
                0x000000000801bb10                psvec4i_max
                0x000000000801bb50                psvec4i_min
                0x000000000801bb90                psvec4i_clamp
                0x000000000801bbd8                psvec2_is_zero
                0x000000000801bc08                psvec2_is_equal
                0x000000000801bc40                psvec2
                0x000000000801bc80                psvec2_assign
                0x000000000801bcb8                psvec2_assign_vec2i
                0x000000000801bcf0                psvec2_zero
                0x000000000801bd20                psvec2_one
                0x000000000801bd50                psvec2_sign
                0x000000000801bd88                psvec2_add
                0x000000000801bdc8                psvec2_add_f
                0x000000000801be08                psvec2_subtract
                0x000000000801be48                psvec2_subtract_f
                0x000000000801be88                psvec2_multiply
                0x000000000801bec8                psvec2_multiply_f
                0x000000000801bf08                psvec2_multiply_mat2
                0x000000000801bf48                psvec2_divide
                0x000000000801bf88                psvec2_divide_f
                0x000000000801bfc8                psvec2_snap
                0x000000000801c008                psvec2_snap_f
                0x000000000801c048                psvec2_negative
                0x000000000801c080                psvec2_abs
                0x000000000801c0b8                psvec2_floor
                0x000000000801c0f0                psvec2_ceil
                0x000000000801c128                psvec2_round
                0x000000000801c160                psvec2_max
                0x000000000801c1a0                psvec2_min
                0x000000000801c1e0                psvec2_clamp
                0x000000000801c228                psvec2_normalize
                0x000000000801c260                psvec2_dot
                0x000000000801c2a0                psvec2_project
                0x000000000801c2e0                psvec2_slide
                0x000000000801c320                psvec2_reflect
                0x000000000801c360                psvec2_tangent
                0x000000000801c398                psvec2_rotate
                0x000000000801c3d8                psvec2_lerp
                0x000000000801c420                psvec2_bezier3
                0x000000000801c470                psvec2_bezier4
                0x000000000801c4c8                psvec2_angle
                0x000000000801c500                psvec2_length
                0x000000000801c538                psvec2_length_squared
                0x000000000801c570                psvec2_distance
                0x000000000801c5b0                psvec2_distance_squared
                0x000000000801c5f0                psvec3_is_zero
                0x000000000801c620                psvec3_is_equal
                0x000000000801c658                psvec3
                0x000000000801c6a0                psvec3_assign
                0x000000000801c6d8                psvec3_assign_vec3i
                0x000000000801c710                psvec3_zero
                0x000000000801c740                psvec3_one
                0x000000000801c770                psvec3_sign
                0x000000000801c7a8                psvec3_add
                0x000000000801c7e8                psvec3_add_f
                0x000000000801c828                psvec3_subtract
                0x000000000801c868                psvec3_subtract_f
                0x000000000801c8a8                psvec3_multiply
                0x000000000801c8e8                psvec3_multiply_f
                0x000000000801c928                psvec3_multiply_mat3
                0x000000000801c968                psvec3_divide
                0x000000000801c9a8                psvec3_divide_f
                0x000000000801c9e8                psvec3_snap
                0x000000000801ca28                psvec3_snap_f
                0x000000000801ca68                psvec3_negative
                0x000000000801caa0                psvec3_abs
                0x000000000801cad8                psvec3_floor
                0x000000000801cb10                psvec3_ceil
                0x000000000801cb48                psvec3_round
                0x000000000801cb80                psvec3_max
                0x000000000801cbc0                psvec3_min
                0x000000000801cc00                psvec3_clamp
                0x000000000801cc48                psvec3_cross
                0x000000000801cc88                psvec3_normalize
                0x000000000801ccc0                psvec3_dot
                0x000000000801cd00                psvec3_project
                0x000000000801cd40                psvec3_slide
                0x000000000801cd80                psvec3_reflect
                0x000000000801cdc0                psvec3_rotate
                0x000000000801ce08                psvec3_lerp
                0x000000000801ce50                psvec3_bezier3
                0x000000000801cea0                psvec3_bezier4
                0x000000000801cef8                psvec3_length
                0x000000000801cf30                psvec3_length_squared
                0x000000000801cf68                psvec3_distance
                0x000000000801cfa8                psvec3_distance_squared
                0x000000000801cfe8                psvec4_is_zero
                0x000000000801d018                psvec4_is_equal
                0x000000000801d050                psvec4
                0x000000000801d0a0                psvec4_assign
                0x000000000801d0d8                psvec4_assign_vec4i
                0x000000000801d110                psvec4_zero
                0x000000000801d140                psvec4_one
                0x000000000801d170                psvec4_sign
                0x000000000801d1a8                psvec4_add
                0x000000000801d1e8                psvec4_add_f
                0x000000000801d228                psvec4_subtract
                0x000000000801d268                psvec4_subtract_f
                0x000000000801d2a8                psvec4_multiply
                0x000000000801d2e8                psvec4_multiply_f
                0x000000000801d328                psvec4_multiply_mat4
                0x000000000801d368                psvec4_divide
                0x000000000801d3a8                psvec4_divide_f
                0x000000000801d3e8                psvec4_snap
                0x000000000801d428                psvec4_snap_f
                0x000000000801d468                psvec4_negative
                0x000000000801d4a0                psvec4_abs
                0x000000000801d4d8                psvec4_floor
                0x000000000801d510                psvec4_ceil
                0x000000000801d548                psvec4_round
                0x000000000801d580                psvec4_max
                0x000000000801d5c0                psvec4_min
                0x000000000801d600                psvec4_clamp
                0x000000000801d648                psvec4_normalize
                0x000000000801d680                psvec4_lerp
                0x000000000801d6c8                psquat_is_zero
                0x000000000801d6f8                psquat_is_equal
                0x000000000801d730                psquat
                0x000000000801d780                psquat_assign
                0x000000000801d7b8                psquat_zero
                0x000000000801d7e8                psquat_null
                0x000000000801d818                psquat_multiply
                0x000000000801d858                psquat_multiply_f
                0x000000000801d898                psquat_divide
                0x000000000801d8d8                psquat_divide_f
                0x000000000801d918                psquat_negative
                0x000000000801d950                psquat_conjugate
                0x000000000801d988                psquat_inverse
                0x000000000801d9c0                psquat_normalize
                0x000000000801d9f8                psquat_dot
                0x000000000801da38                psquat_power
                0x000000000801da78                psquat_from_axis_angle
                0x000000000801dab8                psquat_from_vec3
                0x000000000801daf8                psquat_from_mat4
                0x000000000801db30                psquat_lerp
                0x000000000801db78                psquat_slerp
                0x000000000801dbc0                psquat_length
                0x000000000801dbf8                psquat_length_squared
                0x000000000801dc30                psquat_angle
                0x000000000801dc70                psmat2
                0x000000000801dcc0                psmat2_zero
                0x000000000801dcf0                psmat2_identity
                0x000000000801dd20                psmat2_determinant
                0x000000000801dd58                psmat2_assign
                0x000000000801dd90                psmat2_negative
                0x000000000801ddc8                psmat2_transpose
                0x000000000801de00                psmat2_cofactor
                0x000000000801de38                psmat2_adjugate
                0x000000000801de70                psmat2_multiply
                0x000000000801deb0                psmat2_multiply_f
                0x000000000801def0                psmat2_inverse
                0x000000000801df28                psmat2_scaling
                0x000000000801df60                psmat2_scale
                0x000000000801dfa0                psmat2_rotation_z
                0x000000000801dfd8                psmat2_lerp
                0x000000000801e020                psmat3
                0x000000000801e098                psmat3_zero
                0x000000000801e0c8                psmat3_identity
                0x000000000801e0f8                psmat3_determinant
                0x000000000801e130                psmat3_assign
                0x000000000801e168                psmat3_negative
                0x000000000801e1a0                psmat3_transpose
                0x000000000801e1d8                psmat3_cofactor
                0x000000000801e210                psmat3_multiply
                0x000000000801e250                psmat3_multiply_f
                0x000000000801e290                psmat3_inverse
                0x000000000801e2c8                psmat3_scaling
                0x000000000801e300                psmat3_scale
                0x000000000801e340                psmat3_rotation_x
                0x000000000801e378                psmat3_rotation_y
                0x000000000801e3b0                psmat3_rotation_z
                0x000000000801e3e8                psmat3_rotation_axis
                0x000000000801e428                psmat3_rotation_quat
                0x000000000801e460                psmat3_lerp
                0x000000000801e4a8                psmat4
                0x000000000801e558                psmat4_zero
                0x000000000801e588                psmat4_identity
                0x000000000801e5b8                psmat4_determinant
                0x000000000801e5f0                psmat4_assign
                0x000000000801e628                psmat4_negative
                0x000000000801e660                psmat4_transpose
                0x000000000801e698                psmat4_cofactor
                0x000000000801e6d0                psmat4_rotation_x
                0x000000000801e708                psmat4_rotation_y
                0x000000000801e740                psmat4_rotation_z
                0x000000000801e778                psmat4_rotation_axis
                0x000000000801e7b8                psmat4_rotation_quat
                0x000000000801e7f0                psmat4_translation
                0x000000000801e830                psmat4_translate
                0x000000000801e870                psmat4_scaling
                0x000000000801e8b0                psmat4_scale
                0x000000000801e8f0                psmat4_multiply
                0x000000000801e930                psmat4_multiply_f
                0x000000000801e970                psmat4_inverse
                0x000000000801e9a8                psmat4_lerp
                0x000000000801e9f0                psmat4_look_at
                0x000000000801ea38                psmat4_ortho
                0x000000000801ea98                psmat4_perspective
                0x000000000801eae8                psmat4_perspective_fov
                0x000000000801eb40                psmat4_perspective_infinite
                0x000000000801eb88                quadratic_ease_out
                0x000000000801ebc8                quadratic_ease_in
                0x000000000801ebfc                quadratic_ease_in_out
                0x000000000801ec84                cubic_ease_out
                0x000000000801ecd8                cubic_ease_in
                0x000000000801ed14                cubic_ease_in_out
                0x000000000801edb4                quartic_ease_out
                0x000000000801ee18                quartic_ease_in
                0x000000000801ee5c                quartic_ease_in_out
                0x000000000801ef08                quintic_ease_out
                0x000000000801ef6c                quintic_ease_in
                0x000000000801efb8                quintic_ease_in_out
                0x000000000801f078                sine_ease_out
                0x000000000801f0c0                sine_ease_in
                0x000000000801f11c                sine_ease_in_out
                0x000000000801f178                circular_ease_out
                0x000000000801f1c4                circular_ease_in
                0x000000000801f21c                circular_ease_in_out
                0x000000000801f2ec                exponential_ease_out
                0x000000000801f364                exponential_ease_in
                0x000000000801f3d8                exponential_ease_in_out
                0x000000000801f490                elastic_ease_out
                0x000000000801f514                elastic_ease_in
                0x000000000801f590                elastic_ease_in_out
                0x000000000801f6ac                back_ease_out
                0x000000000801f738                back_ease_in
                0x000000000801f7ac                back_ease_in_out
                0x000000000801f8c8                bounce_ease_out
                0x000000000801fa14                bounce_ease_in
                0x000000000801fa64                bounce_ease_in_out
 .text          0x000000000801fb00        0x0 obj/default/src/utils.o
 .text          0x000000000801fb00        0x0 ../Hello_bsp//newlib/nios2-elf/lib\libm.a(lib_a-sf_ceil.o)
 .text.ceilf    0x000000000801fb00      0x168 ../Hello_bsp//newlib/nios2-elf/lib\libm.a(lib_a-sf_ceil.o)
                0x000000000801fb00                ceilf
 .text          0x000000000801fc68        0x0 ../Hello_bsp//newlib/nios2-elf/lib\libm.a(lib_a-sf_cos.o)
 .text.cosf     0x000000000801fc68      0x140 ../Hello_bsp//newlib/nios2-elf/lib\libm.a(lib_a-sf_cos.o)
                0x000000000801fc68                cosf
 .text          0x000000000801fda8        0x0 ../Hello_bsp//newlib/nios2-elf/lib\libm.a(lib_a-sf_floor.o)
 .text.floorf   0x000000000801fda8      0x164 ../Hello_bsp//newlib/nios2-elf/lib\libm.a(lib_a-sf_floor.o)
                0x000000000801fda8                floorf
 .text          0x000000000801ff0c        0x0 ../Hello_bsp//newlib/nios2-elf/lib\libm.a(lib_a-sf_fmax.o)
 .text.fmaxf    0x000000000801ff0c       0x7c ../Hello_bsp//newlib/nios2-elf/lib\libm.a(lib_a-sf_fmax.o)
                0x000000000801ff0c                fmaxf
 .text          0x000000000801ff88        0x0 ../Hello_bsp//newlib/nios2-elf/lib\libm.a(lib_a-sf_fmin.o)
 .text.fminf    0x000000000801ff88       0x7c ../Hello_bsp//newlib/nios2-elf/lib\libm.a(lib_a-sf_fmin.o)
                0x000000000801ff88                fminf
 .text          0x0000000008020004        0x0 ../Hello_bsp//newlib/nios2-elf/lib\libm.a(lib_a-sf_fpclassify.o)
 .text.__fpclassifyf
                0x0000000008020004       0xdc ../Hello_bsp//newlib/nios2-elf/lib\libm.a(lib_a-sf_fpclassify.o)
                0x0000000008020004                __fpclassifyf
 .text          0x00000000080200e0        0x0 ../Hello_bsp//newlib/nios2-elf/lib\libm.a(lib_a-sf_round.o)
 .text.roundf   0x00000000080200e0      0x11c ../Hello_bsp//newlib/nios2-elf/lib\libm.a(lib_a-sf_round.o)
                0x00000000080200e0                roundf
 .text          0x00000000080201fc        0x0 ../Hello_bsp//newlib/nios2-elf/lib\libm.a(lib_a-sf_sin.o)
 .text.sinf     0x00000000080201fc      0x144 ../Hello_bsp//newlib/nios2-elf/lib\libm.a(lib_a-sf_sin.o)
                0x00000000080201fc                sinf
 .text          0x0000000008020340        0x0 ../Hello_bsp//newlib/nios2-elf/lib\libm.a(lib_a-sf_tan.o)
 .text.tanf     0x0000000008020340       0xe0 ../Hello_bsp//newlib/nios2-elf/lib\libm.a(lib_a-sf_tan.o)
                0x0000000008020340                tanf
 .text          0x0000000008020420        0x0 ../Hello_bsp//newlib/nios2-elf/lib\libm.a(lib_a-wf_acos.o)
 .text.acosf    0x0000000008020420      0x144 ../Hello_bsp//newlib/nios2-elf/lib\libm.a(lib_a-wf_acos.o)
                0x0000000008020420                acosf
 .text          0x0000000008020564        0x0 ../Hello_bsp//newlib/nios2-elf/lib\libm.a(lib_a-wf_atan2.o)
 .text.atan2f   0x0000000008020564       0x40 ../Hello_bsp//newlib/nios2-elf/lib\libm.a(lib_a-wf_atan2.o)
                0x0000000008020564                atan2f
 .text          0x00000000080205a4        0x0 ../Hello_bsp//newlib/nios2-elf/lib\libm.a(lib_a-wf_pow.o)
 .text.powf     0x00000000080205a4      0x73c ../Hello_bsp//newlib/nios2-elf/lib\libm.a(lib_a-wf_pow.o)
                0x00000000080205a4                powf
 .text          0x0000000008020ce0        0x0 ../Hello_bsp//newlib/nios2-elf/lib\libm.a(lib_a-wf_sqrt.o)
 .text.sqrtf    0x0000000008020ce0      0x160 ../Hello_bsp//newlib/nios2-elf/lib\libm.a(lib_a-wf_sqrt.o)
                0x0000000008020ce0                sqrtf
 .text          0x0000000008020e40        0x0 ../Hello_bsp//newlib/nios2-elf/lib\libm.a(lib_a-ef_acos.o)
 .text.__ieee754_acosf
                0x0000000008020e40      0x4d4 ../Hello_bsp//newlib/nios2-elf/lib\libm.a(lib_a-ef_acos.o)
                0x0000000008020e40                __ieee754_acosf
 .text          0x0000000008021314        0x0 ../Hello_bsp//newlib/nios2-elf/lib\libm.a(lib_a-ef_atan2.o)
 .text.__ieee754_atan2f
                0x0000000008021314      0x414 ../Hello_bsp//newlib/nios2-elf/lib\libm.a(lib_a-ef_atan2.o)
                0x0000000008021314                __ieee754_atan2f
 .text          0x0000000008021728        0x0 ../Hello_bsp//newlib/nios2-elf/lib\libm.a(lib_a-ef_pow.o)
 .text.__ieee754_powf
                0x0000000008021728      0xd64 ../Hello_bsp//newlib/nios2-elf/lib\libm.a(lib_a-ef_pow.o)
                0x0000000008021728                __ieee754_powf
 .text          0x000000000802248c        0x0 ../Hello_bsp//newlib/nios2-elf/lib\libm.a(lib_a-ef_rem_pio2.o)
 .text.__ieee754_rem_pio2f
                0x000000000802248c      0x674 ../Hello_bsp//newlib/nios2-elf/lib\libm.a(lib_a-ef_rem_pio2.o)
                0x000000000802248c                __ieee754_rem_pio2f
 .text          0x0000000008022b00        0x0 ../Hello_bsp//newlib/nios2-elf/lib\libm.a(lib_a-ef_sqrt.o)
 .text.__ieee754_sqrtf
                0x0000000008022b00      0x294 ../Hello_bsp//newlib/nios2-elf/lib\libm.a(lib_a-ef_sqrt.o)
                0x0000000008022b00                __ieee754_sqrtf
 .text          0x0000000008022d94        0x0 ../Hello_bsp//newlib/nios2-elf/lib\libm.a(lib_a-kf_cos.o)
 .text.__kernel_cosf
                0x0000000008022d94      0x1c4 ../Hello_bsp//newlib/nios2-elf/lib\libm.a(lib_a-kf_cos.o)
                0x0000000008022d94                __kernel_cosf
 .text          0x0000000008022f58        0x0 ../Hello_bsp//newlib/nios2-elf/lib\libm.a(lib_a-kf_rem_pio2.o)
 .text.__kernel_rem_pio2f
                0x0000000008022f58      0xea0 ../Hello_bsp//newlib/nios2-elf/lib\libm.a(lib_a-kf_rem_pio2.o)
                0x0000000008022f58                __kernel_rem_pio2f
 .text          0x0000000008023df8        0x0 ../Hello_bsp//newlib/nios2-elf/lib\libm.a(lib_a-kf_sin.o)
 .text.__kernel_sinf
                0x0000000008023df8      0x16c ../Hello_bsp//newlib/nios2-elf/lib\libm.a(lib_a-kf_sin.o)
                0x0000000008023df8                __kernel_sinf
 .text          0x0000000008023f64        0x0 ../Hello_bsp//newlib/nios2-elf/lib\libm.a(lib_a-kf_tan.o)
 .text.__kernel_tanf
                0x0000000008023f64      0x3fc ../Hello_bsp//newlib/nios2-elf/lib\libm.a(lib_a-kf_tan.o)
                0x0000000008023f64                __kernel_tanf
 .text          0x0000000008024360        0x0 ../Hello_bsp//newlib/nios2-elf/lib\libm.a(lib_a-s_lib_ver.o)
 .text          0x0000000008024360        0x0 ../Hello_bsp//newlib/nios2-elf/lib\libm.a(lib_a-s_matherr.o)
 .text.matherr  0x0000000008024360       0x68 ../Hello_bsp//newlib/nios2-elf/lib\libm.a(lib_a-s_matherr.o)
                0x0000000008024360                matherr
 .text          0x00000000080243c8        0x0 ../Hello_bsp//newlib/nios2-elf/lib\libm.a(lib_a-s_nan.o)
 .text.nan      0x00000000080243c8       0x44 ../Hello_bsp//newlib/nios2-elf/lib\libm.a(lib_a-s_nan.o)
                0x00000000080243c8                nan
 .text          0x000000000802440c        0x0 ../Hello_bsp//newlib/nios2-elf/lib\libm.a(lib_a-s_rint.o)
 .text.rint     0x000000000802440c      0x438 ../Hello_bsp//newlib/nios2-elf/lib\libm.a(lib_a-s_rint.o)
                0x000000000802440c                rint
 .text          0x0000000008024844        0x0 ../Hello_bsp//newlib/nios2-elf/lib\libm.a(lib_a-sf_atan.o)
 .text.atanf    0x0000000008024844      0x370 ../Hello_bsp//newlib/nios2-elf/lib\libm.a(lib_a-sf_atan.o)
                0x0000000008024844                atanf
 .text          0x0000000008024bb4        0x0 ../Hello_bsp//newlib/nios2-elf/lib\libm.a(lib_a-sf_fabs.o)
 .text.fabsf    0x0000000008024bb4       0x58 ../Hello_bsp//newlib/nios2-elf/lib\libm.a(lib_a-sf_fabs.o)
                0x0000000008024bb4                fabsf
 .text          0x0000000008024c0c        0x0 ../Hello_bsp//newlib/nios2-elf/lib\libm.a(lib_a-sf_finite.o)
 .text.finitef  0x0000000008024c0c       0x54 ../Hello_bsp//newlib/nios2-elf/lib\libm.a(lib_a-sf_finite.o)
                0x0000000008024c0c                finitef
 .text          0x0000000008024c60        0x0 ../Hello_bsp//newlib/nios2-elf/lib\libm.a(lib_a-sf_nan.o)
 .text.nanf     0x0000000008024c60       0x34 ../Hello_bsp//newlib/nios2-elf/lib\libm.a(lib_a-sf_nan.o)
                0x0000000008024c60                nanf
 .text          0x0000000008024c94        0x0 ../Hello_bsp//newlib/nios2-elf/lib\libm.a(lib_a-sf_scalbn.o)
 .text.scalbnf  0x0000000008024c94      0x214 ../Hello_bsp//newlib/nios2-elf/lib\libm.a(lib_a-sf_scalbn.o)
                0x0000000008024c94                scalbnf
 .text          0x0000000008024ea8        0x0 ../Hello_bsp//newlib/nios2-elf/lib\libm.a(lib_a-sf_copysign.o)
 .text.copysignf
                0x0000000008024ea8       0x78 ../Hello_bsp//newlib/nios2-elf/lib\libm.a(lib_a-sf_copysign.o)
                0x0000000008024ea8                copysignf
 .text          0x0000000008024f20      0x1b4 d:/intelfpga_lite/18.0/nios2eds/bin/gnu/h-x86_64-mingw32/bin/../lib/gcc/nios2-elf/5.3.0\libgcc.a(lib2-divmod.o)
                0x0000000008024f20                __divsi3
                0x0000000008024fa4                __modsi3
                0x0000000008025018                __udivsi3
                0x000000000802507c                __umodsi3
 .text          0x00000000080250d4      0x8ac d:/intelfpga_lite/18.0/nios2eds/bin/gnu/h-x86_64-mingw32/bin/../lib/gcc/nios2-elf/5.3.0\libgcc.a(adddf3.o)
                0x00000000080250d4                __adddf3
 .text          0x0000000008025980      0x8e8 d:/intelfpga_lite/18.0/nios2eds/bin/gnu/h-x86_64-mingw32/bin/../lib/gcc/nios2-elf/5.3.0\libgcc.a(divdf3.o)
                0x0000000008025980                __divdf3
 .text          0x0000000008026268       0x88 d:/intelfpga_lite/18.0/nios2eds/bin/gnu/h-x86_64-mingw32/bin/../lib/gcc/nios2-elf/5.3.0\libgcc.a(eqdf2.o)
                0x0000000008026268                __nedf2
                0x0000000008026268                __eqdf2
 .text          0x00000000080262f0      0x8fc d:/intelfpga_lite/18.0/nios2eds/bin/gnu/h-x86_64-mingw32/bin/../lib/gcc/nios2-elf/5.3.0\libgcc.a(subdf3.o)
                0x00000000080262f0                __subdf3
 .text          0x0000000008026bec      0x110 d:/intelfpga_lite/18.0/nios2eds/bin/gnu/h-x86_64-mingw32/bin/../lib/gcc/nios2-elf/5.3.0\libgcc.a(extendsfdf2.o)
                0x0000000008026bec                __extendsfdf2
 .text          0x0000000008026cfc      0x1a8 d:/intelfpga_lite/18.0/nios2eds/bin/gnu/h-x86_64-mingw32/bin/../lib/gcc/nios2-elf/5.3.0\libgcc.a(truncdfsf2.o)
                0x0000000008026cfc                __truncdfsf2
 .text          0x0000000008026ea4       0x64 d:/intelfpga_lite/18.0/nios2eds/bin/gnu/h-x86_64-mingw32/bin/../lib/gcc/nios2-elf/5.3.0\libgcc.a(_clzsi2.o)
                0x0000000008026ea4                __clzsi2
 .text          0x0000000008026f08        0x0 d:/intelfpga_lite/18.0/nios2eds/bin/gnu/h-x86_64-mingw32/bin/../lib/gcc/nios2-elf/5.3.0\libgcc.a(_clz.o)
 .text          0x0000000008026f08        0x0 ../Hello_bsp//newlib/nios2-elf/lib\libc.a(lib_a-errno.o)
 .text.__errno  0x0000000008026f08       0x20 ../Hello_bsp//newlib/nios2-elf/lib\libc.a(lib_a-errno.o)
                0x0000000008026f08                __errno
 .text          0x0000000008026f28        0x0 ../Hello_bsp//newlib/nios2-elf/lib\libc.a(lib_a-impure.o)
 .text          0x0000000008026f28        0x0 ../Hello_bsp//newlib/nios2-elf/lib\libc.a(lib_a-malloc.o)
 .text.malloc   0x0000000008026f28       0x38 ../Hello_bsp//newlib/nios2-elf/lib\libc.a(lib_a-malloc.o)
                0x0000000008026f28                malloc
 .text.free     0x0000000008026f60       0x3c ../Hello_bsp//newlib/nios2-elf/lib\libc.a(lib_a-malloc.o)
                0x0000000008026f60                free
 .text          0x0000000008026f9c        0x0 ../Hello_bsp//newlib/nios2-elf/lib\libc.a(lib_a-mallocr.o)
 .text.malloc_extend_top
                0x0000000008026f9c      0x3b4 ../Hello_bsp//newlib/nios2-elf/lib\libc.a(lib_a-mallocr.o)
 .text._malloc_r
                0x0000000008027350      0xb7c ../Hello_bsp//newlib/nios2-elf/lib\libc.a(lib_a-mallocr.o)
                0x0000000008027350                _malloc_r
 .text          0x0000000008027ecc        0x0 ../Hello_bsp//newlib/nios2-elf/lib\libc.a(lib_a-memcpy.o)
 .text.memcpy   0x0000000008027ecc      0x188 ../Hello_bsp//newlib/nios2-elf/lib\libc.a(lib_a-memcpy.o)
                0x0000000008027ecc                memcpy
 .text          0x0000000008028054        0x0 ../Hello_bsp//newlib/nios2-elf/lib\libc.a(lib_a-memset.o)
 .text.memset   0x0000000008028054      0x1c4 ../Hello_bsp//newlib/nios2-elf/lib\libc.a(lib_a-memset.o)
                0x0000000008028054                memset
 .text          0x0000000008028218        0x0 ../Hello_bsp//newlib/nios2-elf/lib\libc.a(lib_a-printf.o)
 .text._printf_r
                0x0000000008028218       0x64 ../Hello_bsp//newlib/nios2-elf/lib\libc.a(lib_a-printf.o)
                0x0000000008028218                _printf_r
 .text.printf   0x000000000802827c       0x68 ../Hello_bsp//newlib/nios2-elf/lib\libc.a(lib_a-printf.o)
                0x000000000802827c                printf
 .text          0x00000000080282e4        0x0 ../Hello_bsp//newlib/nios2-elf/lib\libc.a(lib_a-putchar.o)
 .text._putchar_r
                0x00000000080282e4       0x44 ../Hello_bsp//newlib/nios2-elf/lib\libc.a(lib_a-putchar.o)
                0x00000000080282e4                _putchar_r
 .text.putchar  0x0000000008028328       0x48 ../Hello_bsp//newlib/nios2-elf/lib\libc.a(lib_a-putchar.o)
                0x0000000008028328                putchar
 .text          0x0000000008028370        0x0 ../Hello_bsp//newlib/nios2-elf/lib\libc.a(lib_a-puts.o)
 .text._puts_r  0x0000000008028370      0x118 ../Hello_bsp//newlib/nios2-elf/lib\libc.a(lib_a-puts.o)
                0x0000000008028370                _puts_r
 .text.puts     0x0000000008028488       0x38 ../Hello_bsp//newlib/nios2-elf/lib\libc.a(lib_a-puts.o)
                0x0000000008028488                puts
 .text          0x00000000080284c0        0x0 ../Hello_bsp//newlib/nios2-elf/lib\libc.a(lib_a-rand.o)
 .text.srand    0x00000000080284c0       0x44 ../Hello_bsp//newlib/nios2-elf/lib\libc.a(lib_a-rand.o)
                0x00000000080284c0                srand
 .text.rand     0x0000000008028504       0xc8 ../Hello_bsp//newlib/nios2-elf/lib\libc.a(lib_a-rand.o)
                0x0000000008028504                rand
 .text          0x00000000080285cc        0x0 ../Hello_bsp//newlib/nios2-elf/lib\libc.a(lib_a-sbrkr.o)
 .text._sbrk_r  0x00000000080285cc       0x60 ../Hello_bsp//newlib/nios2-elf/lib\libc.a(lib_a-sbrkr.o)
                0x00000000080285cc                _sbrk_r
 .text          0x000000000802862c        0x0 ../Hello_bsp//newlib/nios2-elf/lib\libc.a(lib_a-strlen.o)
 .text.strlen   0x000000000802862c       0xf4 ../Hello_bsp//newlib/nios2-elf/lib\libc.a(lib_a-strlen.o)
                0x000000000802862c                strlen
 .text          0x0000000008028720        0x0 ../Hello_bsp//newlib/nios2-elf/lib\libc.a(lib_a-vfprintf.o)
 .text.__sbprintf
                0x0000000008028720       0xf0 ../Hello_bsp//newlib/nios2-elf/lib\libc.a(lib_a-vfprintf.o)
 .text.__vfprintf_internal
                0x0000000008028810       0x50 ../Hello_bsp//newlib/nios2-elf/lib\libc.a(lib_a-vfprintf.o)
                0x0000000008028810                __vfprintf_internal
 .text.___vfprintf_internal_r
                0x0000000008028860     0x20d0 ../Hello_bsp//newlib/nios2-elf/lib\libc.a(lib_a-vfprintf.o)
                0x0000000008028860                ___vfprintf_internal_r
 .text.cvt      0x000000000802a930      0x20c ../Hello_bsp//newlib/nios2-elf/lib\libc.a(lib_a-vfprintf.o)
 .text.exponent
                0x000000000802ab3c      0x140 ../Hello_bsp//newlib/nios2-elf/lib\libc.a(lib_a-vfprintf.o)
 .text          0x000000000802ac7c        0x0 ../Hello_bsp//newlib/nios2-elf/lib\libc.a(lib_a-wsetup.o)
 .text.__swsetup_r
                0x000000000802ac7c      0x1a0 ../Hello_bsp//newlib/nios2-elf/lib\libc.a(lib_a-wsetup.o)
                0x000000000802ac7c                __swsetup_r
 .text          0x000000000802ae1c        0x0 ../Hello_bsp//newlib/nios2-elf/lib\libc.a(lib_a-dtoa.o)
 .text.quorem   0x000000000802ae1c      0x3b4 ../Hello_bsp//newlib/nios2-elf/lib\libc.a(lib_a-dtoa.o)
 .text._dtoa_r  0x000000000802b1d0     0x1b78 ../Hello_bsp//newlib/nios2-elf/lib\libc.a(lib_a-dtoa.o)
                0x000000000802b1d0                _dtoa_r
 .text          0x000000000802cd48        0x0 ../Hello_bsp//newlib/nios2-elf/lib\libc.a(lib_a-fflush.o)
 .text.__sflush_r
                0x000000000802cd48      0x304 ../Hello_bsp//newlib/nios2-elf/lib\libc.a(lib_a-fflush.o)
                0x000000000802cd48                __sflush_r
 .text._fflush_r
                0x000000000802d04c       0x88 ../Hello_bsp//newlib/nios2-elf/lib\libc.a(lib_a-fflush.o)
                0x000000000802d04c                _fflush_r
 .text.fflush   0x000000000802d0d4       0x54 ../Hello_bsp//newlib/nios2-elf/lib\libc.a(lib_a-fflush.o)
                0x000000000802d0d4                fflush
 .text          0x000000000802d128        0x0 ../Hello_bsp//newlib/nios2-elf/lib\libc.a(lib_a-findfp.o)
 .text.std      0x000000000802d128       0xf4 ../Hello_bsp//newlib/nios2-elf/lib\libc.a(lib_a-findfp.o)
 .text.__sfmoreglue
                0x000000000802d21c       0xa4 ../Hello_bsp//newlib/nios2-elf/lib\libc.a(lib_a-findfp.o)
                0x000000000802d21c                __sfmoreglue
 .text.__sfp    0x000000000802d2c0      0x194 ../Hello_bsp//newlib/nios2-elf/lib\libc.a(lib_a-findfp.o)
                0x000000000802d2c0                __sfp
 .text._cleanup_r
                0x000000000802d454       0x44 ../Hello_bsp//newlib/nios2-elf/lib\libc.a(lib_a-findfp.o)
                0x000000000802d454                _cleanup_r
 .text._cleanup
                0x000000000802d498       0x34 ../Hello_bsp//newlib/nios2-elf/lib\libc.a(lib_a-findfp.o)
                0x000000000802d498                _cleanup
 .text.__sinit  0x000000000802d4cc       0xd8 ../Hello_bsp//newlib/nios2-elf/lib\libc.a(lib_a-findfp.o)
                0x000000000802d4cc                __sinit
 .text.__sfp_lock_acquire
                0x000000000802d5a4       0x20 ../Hello_bsp//newlib/nios2-elf/lib\libc.a(lib_a-findfp.o)
                0x000000000802d5a4                __sfp_lock_acquire
 .text.__sfp_lock_release
                0x000000000802d5c4       0x20 ../Hello_bsp//newlib/nios2-elf/lib\libc.a(lib_a-findfp.o)
                0x000000000802d5c4                __sfp_lock_release
 .text.__sinit_lock_acquire
                0x000000000802d5e4       0x20 ../Hello_bsp//newlib/nios2-elf/lib\libc.a(lib_a-findfp.o)
                0x000000000802d5e4                __sinit_lock_acquire
 .text.__sinit_lock_release
                0x000000000802d604       0x20 ../Hello_bsp//newlib/nios2-elf/lib\libc.a(lib_a-findfp.o)
                0x000000000802d604                __sinit_lock_release
 .text.__fp_lock
                0x000000000802d624       0x24 ../Hello_bsp//newlib/nios2-elf/lib\libc.a(lib_a-findfp.o)
 .text.__fp_unlock
                0x000000000802d648       0x24 ../Hello_bsp//newlib/nios2-elf/lib\libc.a(lib_a-findfp.o)
 .text.__fp_lock_all
                0x000000000802d66c       0x40 ../Hello_bsp//newlib/nios2-elf/lib\libc.a(lib_a-findfp.o)
                0x000000000802d66c                __fp_lock_all
 .text.__fp_unlock_all
                0x000000000802d6ac       0x40 ../Hello_bsp//newlib/nios2-elf/lib\libc.a(lib_a-findfp.o)
                0x000000000802d6ac                __fp_unlock_all
 .text          0x000000000802d6ec        0x0 ../Hello_bsp//newlib/nios2-elf/lib\libc.a(lib_a-freer.o)
 .text._free_r  0x000000000802d6ec      0x560 ../Hello_bsp//newlib/nios2-elf/lib\libc.a(lib_a-freer.o)
                0x000000000802d6ec                _free_r
 .text._malloc_trim_r
                0x000000000802dc4c      0x1cc ../Hello_bsp//newlib/nios2-elf/lib\libc.a(lib_a-freer.o)
                0x000000000802dc4c                _malloc_trim_r
 .text          0x000000000802de18        0x0 ../Hello_bsp//newlib/nios2-elf/lib\libc.a(lib_a-fvwrite.o)
 .text.__sfvwrite_r
                0x000000000802de18      0x5dc ../Hello_bsp//newlib/nios2-elf/lib\libc.a(lib_a-fvwrite.o)
                0x000000000802de18                __sfvwrite_r
 .text          0x000000000802e3f4        0x0 ../Hello_bsp//newlib/nios2-elf/lib\libc.a(lib_a-fwalk.o)
 .text._fwalk   0x000000000802e3f4       0xd8 ../Hello_bsp//newlib/nios2-elf/lib\libc.a(lib_a-fwalk.o)
                0x000000000802e3f4                _fwalk
 .text._fwalk_reent
                0x000000000802e4cc       0xdc ../Hello_bsp//newlib/nios2-elf/lib\libc.a(lib_a-fwalk.o)
                0x000000000802e4cc                _fwalk_reent
 .text          0x000000000802e5a8        0x0 ../Hello_bsp//newlib/nios2-elf/lib\libc.a(lib_a-int_errno.o)
 .text          0x000000000802e5a8        0x0 ../Hello_bsp//newlib/nios2-elf/lib\libc.a(lib_a-locale.o)
 .text._setlocale_r
                0x000000000802e5a8       0x84 ../Hello_bsp//newlib/nios2-elf/lib\libc.a(lib_a-locale.o)
                0x000000000802e5a8                _setlocale_r
 .text.__locale_charset
                0x000000000802e62c       0x24 ../Hello_bsp//newlib/nios2-elf/lib\libc.a(lib_a-locale.o)
                0x000000000802e62c                __locale_charset
 .text.__locale_mb_cur_max
                0x000000000802e650       0x20 ../Hello_bsp//newlib/nios2-elf/lib\libc.a(lib_a-locale.o)
                0x000000000802e650                __locale_mb_cur_max
 .text.__locale_msgcharset
                0x000000000802e670       0x24 ../Hello_bsp//newlib/nios2-elf/lib\libc.a(lib_a-locale.o)
                0x000000000802e670                __locale_msgcharset
 .text.__locale_cjk_lang
                0x000000000802e694       0x20 ../Hello_bsp//newlib/nios2-elf/lib\libc.a(lib_a-locale.o)
                0x000000000802e694                __locale_cjk_lang
 .text._localeconv_r
                0x000000000802e6b4       0x28 ../Hello_bsp//newlib/nios2-elf/lib\libc.a(lib_a-locale.o)
                0x000000000802e6b4                _localeconv_r
 .text.setlocale
                0x000000000802e6dc       0x40 ../Hello_bsp//newlib/nios2-elf/lib\libc.a(lib_a-locale.o)
                0x000000000802e6dc                setlocale
 .text.localeconv
                0x000000000802e71c       0x30 ../Hello_bsp//newlib/nios2-elf/lib\libc.a(lib_a-locale.o)
                0x000000000802e71c                localeconv
 .text          0x000000000802e74c        0x0 ../Hello_bsp//newlib/nios2-elf/lib\libc.a(lib_a-makebuf.o)
 .text.__smakebuf_r
                0x000000000802e74c      0x22c ../Hello_bsp//newlib/nios2-elf/lib\libc.a(lib_a-makebuf.o)
                0x000000000802e74c                __smakebuf_r
 .text          0x000000000802e978        0x0 ../Hello_bsp//newlib/nios2-elf/lib\libc.a(lib_a-memchr.o)
 .text.memchr   0x000000000802e978      0x1bc ../Hello_bsp//newlib/nios2-elf/lib\libc.a(lib_a-memchr.o)
                0x000000000802e978                memchr
 .text          0x000000000802eb34        0x0 ../Hello_bsp//newlib/nios2-elf/lib\libc.a(lib_a-memmove.o)
 .text.memmove  0x000000000802eb34      0x208 ../Hello_bsp//newlib/nios2-elf/lib\libc.a(lib_a-memmove.o)
                0x000000000802eb34                memmove
 .text          0x000000000802ed3c        0x0 ../Hello_bsp//newlib/nios2-elf/lib\libc.a(lib_a-mprec.o)
 .text._Balloc  0x000000000802ed3c      0x130 ../Hello_bsp//newlib/nios2-elf/lib\libc.a(lib_a-mprec.o)
                0x000000000802ed3c                _Balloc
 .text._Bfree   0x000000000802ee6c       0x7c ../Hello_bsp//newlib/nios2-elf/lib\libc.a(lib_a-mprec.o)
                0x000000000802ee6c                _Bfree
 .text.__multadd
                0x000000000802eee8      0x194 ../Hello_bsp//newlib/nios2-elf/lib\libc.a(lib_a-mprec.o)
                0x000000000802eee8                __multadd
 .text.__s2b    0x000000000802f07c      0x18c ../Hello_bsp//newlib/nios2-elf/lib\libc.a(lib_a-mprec.o)
                0x000000000802f07c                __s2b
 .text.__hi0bits
                0x000000000802f208       0x90 ../Hello_bsp//newlib/nios2-elf/lib\libc.a(lib_a-mprec.o)
                0x000000000802f208                __hi0bits
 .text.__lo0bits
                0x000000000802f298       0xec ../Hello_bsp//newlib/nios2-elf/lib\libc.a(lib_a-mprec.o)
                0x000000000802f298                __lo0bits
 .text.__i2b    0x000000000802f384       0x58 ../Hello_bsp//newlib/nios2-elf/lib\libc.a(lib_a-mprec.o)
                0x000000000802f384                __i2b
 .text.__multiply
                0x000000000802f3dc      0x3d0 ../Hello_bsp//newlib/nios2-elf/lib\libc.a(lib_a-mprec.o)
                0x000000000802f3dc                __multiply
 .text.__pow5mult
                0x000000000802f7ac      0x178 ../Hello_bsp//newlib/nios2-elf/lib\libc.a(lib_a-mprec.o)
                0x000000000802f7ac                __pow5mult
 .text.__lshift
                0x000000000802f924      0x1f8 ../Hello_bsp//newlib/nios2-elf/lib\libc.a(lib_a-mprec.o)
                0x000000000802f924                __lshift
 .text.__mcmp   0x000000000802fb1c      0x114 ../Hello_bsp//newlib/nios2-elf/lib\libc.a(lib_a-mprec.o)
                0x000000000802fb1c                __mcmp
 .text.__mdiff  0x000000000802fc30      0x2a4 ../Hello_bsp//newlib/nios2-elf/lib\libc.a(lib_a-mprec.o)
                0x000000000802fc30                __mdiff
 .text.__ulp    0x000000000802fed4       0xcc ../Hello_bsp//newlib/nios2-elf/lib\libc.a(lib_a-mprec.o)
                0x000000000802fed4                __ulp
 .text.__b2d    0x000000000802ffa0      0x204 ../Hello_bsp//newlib/nios2-elf/lib\libc.a(lib_a-mprec.o)
                0x000000000802ffa0                __b2d
 .text.__d2b    0x00000000080301a4      0x240 ../Hello_bsp//newlib/nios2-elf/lib\libc.a(lib_a-mprec.o)
                0x00000000080301a4                __d2b
 .text.__ratio  0x00000000080303e4      0x11c ../Hello_bsp//newlib/nios2-elf/lib\libc.a(lib_a-mprec.o)
                0x00000000080303e4                __ratio
 .text._mprec_log10
                0x0000000008030500       0xb0 ../Hello_bsp//newlib/nios2-elf/lib\libc.a(lib_a-mprec.o)
                0x0000000008030500                _mprec_log10
 .text.__copybits
                0x00000000080305b0       0xd0 ../Hello_bsp//newlib/nios2-elf/lib\libc.a(lib_a-mprec.o)
                0x00000000080305b0                __copybits
 .text.__any_on
                0x0000000008030680      0x134 ../Hello_bsp//newlib/nios2-elf/lib\libc.a(lib_a-mprec.o)
                0x0000000008030680                __any_on
 .text          0x00000000080307b4        0x0 ../Hello_bsp//newlib/nios2-elf/lib\libc.a(lib_a-putc.o)
 .text._putc_r  0x00000000080307b4      0x104 ../Hello_bsp//newlib/nios2-elf/lib\libc.a(lib_a-putc.o)
                0x00000000080307b4                _putc_r
 .text.putc     0x00000000080308b8      0x108 ../Hello_bsp//newlib/nios2-elf/lib\libc.a(lib_a-putc.o)
                0x00000000080308b8                putc
 .text          0x00000000080309c0        0x0 ../Hello_bsp//newlib/nios2-elf/lib\libc.a(lib_a-reallocr.o)
 .text._realloc_r
                0x00000000080309c0      0xbf0 ../Hello_bsp//newlib/nios2-elf/lib\libc.a(lib_a-reallocr.o)
                0x00000000080309c0                _realloc_r
 .text          0x00000000080315b0        0x0 ../Hello_bsp//newlib/nios2-elf/lib\libc.a(lib_a-s_fpclassify.o)
 .text.__fpclassifyd
                0x00000000080315b0      0x104 ../Hello_bsp//newlib/nios2-elf/lib\libc.a(lib_a-s_fpclassify.o)
                0x00000000080315b0                __fpclassifyd
 .text          0x00000000080316b4        0x0 ../Hello_bsp//newlib/nios2-elf/lib\libc.a(lib_a-stdio.o)
 .text.__sread  0x00000000080316b4       0x9c ../Hello_bsp//newlib/nios2-elf/lib\libc.a(lib_a-stdio.o)
                0x00000000080316b4                __sread
 .text.__seofread
                0x0000000008031750       0x30 ../Hello_bsp//newlib/nios2-elf/lib\libc.a(lib_a-stdio.o)
                0x0000000008031750                __seofread
 .text.__swrite
                0x0000000008031780       0xb4 ../Hello_bsp//newlib/nios2-elf/lib\libc.a(lib_a-stdio.o)
                0x0000000008031780                __swrite
 .text.__sseek  0x0000000008031834       0xa0 ../Hello_bsp//newlib/nios2-elf/lib\libc.a(lib_a-stdio.o)
                0x0000000008031834                __sseek
 .text.__sclose
                0x00000000080318d4       0x54 ../Hello_bsp//newlib/nios2-elf/lib\libc.a(lib_a-stdio.o)
                0x00000000080318d4                __sclose
 .text          0x0000000008031928        0x0 ../Hello_bsp//newlib/nios2-elf/lib\libc.a(lib_a-strcmp.o)
 .text.strcmp   0x0000000008031928      0x140 ../Hello_bsp//newlib/nios2-elf/lib\libc.a(lib_a-strcmp.o)
                0x0000000008031928                strcmp
 .text          0x0000000008031a68        0x0 ../Hello_bsp//newlib/nios2-elf/lib\libc.a(lib_a-vfiprintf.o)
 .text.__sprint_r
                0x0000000008031a68      0x13c ../Hello_bsp//newlib/nios2-elf/lib\libc.a(lib_a-vfiprintf.o)
                0x0000000008031a68                __sprint_r
 .text.__sbprintf
                0x0000000008031ba4       0xf0 ../Hello_bsp//newlib/nios2-elf/lib\libc.a(lib_a-vfiprintf.o)
 .text.__vfiprintf_internal
                0x0000000008031c94       0x50 ../Hello_bsp//newlib/nios2-elf/lib\libc.a(lib_a-vfiprintf.o)
                0x0000000008031c94                __vfiprintf_internal
 .text.___vfiprintf_internal_r
                0x0000000008031ce4     0x12c4 ../Hello_bsp//newlib/nios2-elf/lib\libc.a(lib_a-vfiprintf.o)
                0x0000000008031ce4                ___vfiprintf_internal_r
 .text          0x0000000008032fa8        0x0 ../Hello_bsp//newlib/nios2-elf/lib\libc.a(lib_a-wbuf.o)
 .text.__swbuf_r
                0x0000000008032fa8      0x168 ../Hello_bsp//newlib/nios2-elf/lib\libc.a(lib_a-wbuf.o)
                0x0000000008032fa8                __swbuf_r
 .text.__swbuf  0x0000000008033110       0x40 ../Hello_bsp//newlib/nios2-elf/lib\libc.a(lib_a-wbuf.o)
                0x0000000008033110                __swbuf
 .text          0x0000000008033150        0x0 ../Hello_bsp//newlib/nios2-elf/lib\libc.a(lib_a-writer.o)
 .text._write_r
                0x0000000008033150       0x70 ../Hello_bsp//newlib/nios2-elf/lib\libc.a(lib_a-writer.o)
                0x0000000008033150                _write_r
 .text          0x00000000080331c0        0x0 ../Hello_bsp//newlib/nios2-elf/lib\libc.a(closer.o)
 .text._close_r
                0x00000000080331c0       0x60 ../Hello_bsp//newlib/nios2-elf/lib\libc.a(closer.o)
                0x00000000080331c0                _close_r
 .text          0x0000000008033220        0x0 ../Hello_bsp//newlib/nios2-elf/lib\libc.a(lib_a-callocr.o)
 .text._calloc_r
                0x0000000008033220      0x164 ../Hello_bsp//newlib/nios2-elf/lib\libc.a(lib_a-callocr.o)
                0x0000000008033220                _calloc_r
 .text          0x0000000008033384        0x0 ../Hello_bsp//newlib/nios2-elf/lib\libc.a(lib_a-fclose.o)
 .text._fclose_r
                0x0000000008033384      0x12c ../Hello_bsp//newlib/nios2-elf/lib\libc.a(lib_a-fclose.o)
                0x0000000008033384                _fclose_r
 .text.fclose   0x00000000080334b0       0x38 ../Hello_bsp//newlib/nios2-elf/lib\libc.a(lib_a-fclose.o)
                0x00000000080334b0                fclose
 .text          0x00000000080334e8        0x0 ../Hello_bsp//newlib/nios2-elf/lib\libc.a(lib_a-fputwc.o)
 .text.__fputwc
                0x00000000080334e8      0x1f4 ../Hello_bsp//newlib/nios2-elf/lib\libc.a(lib_a-fputwc.o)
                0x00000000080334e8                __fputwc
 .text._fputwc_r
                0x00000000080336dc       0x88 ../Hello_bsp//newlib/nios2-elf/lib\libc.a(lib_a-fputwc.o)
                0x00000000080336dc                _fputwc_r