Archive member included to satisfy reference by file (symbol)

../Hello_bsp//newlib/nios2-elf/lib\libm.a(lib_a-sf_ceil.o)
                              obj/default/src/mathc.o (ceilf)
../Hello_bsp//newlib/nios2-elf/lib\libm.a(lib_a-sf_cos.o)
                              obj/default/src/mathc.o (cosf)
../Hello_bsp//newlib/nios2-elf/lib\libm.a(lib_a-sf_floor.o)
                              obj/default/src/mathc.o (floorf)
../Hello_bsp//newlib/nios2-elf/lib\libm.a(lib_a-sf_fmax.o)
                              obj/default/src/mathc.o (fmaxf)
../Hello_bsp//newlib/nios2-elf/lib\libm.a(lib_a-sf_fmin.o)
                              obj/default/src/mathc.o (fminf)
../Hello_bsp//newlib/nios2-elf/lib\libm.a(lib_a-sf_fpclassify.o)
                              ../Hello_bsp//newlib/nios2-elf/lib\libm.a(lib_a-sf_fmax.o) (__fpclassifyf)
../Hello_bsp//newlib/nios2-elf/lib\libm.a(lib_a-sf_round.o)
                              obj/default/src/mathc.o (roundf)
../Hello_bsp//newlib/nios2-elf/lib\libm.a(lib_a-sf_sin.o)
                              obj/default/src/mathc.o (sinf)
../Hello_bsp//newlib/nios2-elf/lib\libm.a(lib_a-sf_tan.o)
                              obj/default/src/mathc.o (tanf)
../Hello_bsp//newlib/nios2-elf/lib\libm.a(lib_a-wf_acos.o)
                              obj/default/src/mathc.o (acosf)
../Hello_bsp//newlib/nios2-elf/lib\libm.a(lib_a-wf_atan2.o)
                              obj/default/src/mathc.o (atan2f)
../Hello_bsp//newlib/nios2-elf/lib\libm.a(lib_a-wf_pow.o)
                              obj/default/src/mathc.o (powf)
../Hello_bsp//newlib/nios2-elf/lib\libm.a(lib_a-wf_sqrt.o)
                              obj/default/src/mathc.o (sqrtf)
../Hello_bsp//newlib/nios2-elf/lib\libm.a(lib_a-ef_acos.o)
                              ../Hello_bsp//newlib/nios2-elf/lib\libm.a(lib_a-wf_acos.o) (__ieee754_acosf)
../Hello_bsp//newlib/nios2-elf/lib\libm.a(lib_a-ef_atan2.o)
                              ../Hello_bsp//newlib/nios2-elf/lib\libm.a(lib_a-wf_atan2.o) (__ieee754_atan2f)
../Hello_bsp//newlib/nios2-elf/lib\libm.a(lib_a-ef_pow.o)
                              ../Hello_bsp//newlib/nios2-elf/lib\libm.a(lib_a-wf_pow.o) (__ieee754_powf)
../Hello_bsp//newlib/nios2-elf/lib\libm.a(lib_a-ef_rem_pio2.o)
                              ../Hello_bsp//newlib/nios2-elf/lib\libm.a(lib_a-sf_cos.o) (__ieee754_rem_pio2f)
../Hello_bsp//newlib/nios2-elf/lib\libm.a(lib_a-ef_sqrt.o)
                              ../Hello_bsp//newlib/nios2-elf/lib\libm.a(lib_a-wf_sqrt.o) (__ieee754_sqrtf)
../Hello_bsp//newlib/nios2-elf/lib\libm.a(lib_a-kf_cos.o)
                              ../Hello_bsp//newlib/nios2-elf/lib\libm.a(lib_a-sf_cos.o) (__kernel_cosf)
../Hello_bsp//newlib/nios2-elf/lib\libm.a(lib_a-kf_rem_pio2.o)
                              ../Hello_bsp//newlib/nios2-elf/lib\libm.a(lib_a-ef_rem_pio2.o) (__kernel_rem_pio2f)
../Hello_bsp//newlib/nios2-elf/lib\libm.a(lib_a-kf_sin.o)
                              ../Hello_bsp//newlib/nios2-elf/lib\libm.a(lib_a-sf_cos.o) (__kernel_sinf)
../Hello_bsp//newlib/nios2-elf/lib\libm.a(lib_a-kf_tan.o)
                              ../Hello_bsp//newlib/nios2-elf/lib\libm.a(lib_a-sf_tan.o) (__kernel_tanf)
../Hello_bsp//newlib/nios2-elf/lib\libm.a(lib_a-s_lib_ver.o)
                              ../Hello_bsp//newlib/nios2-elf/lib\libm.a(lib_a-wf_acos.o) (__fdlib_version)
../Hello_bsp//newlib/nios2-elf/lib\libm.a(lib_a-s_matherr.o)
                              ../Hello_bsp//newlib/nios2-elf/lib\libm.a(lib_a-wf_acos.o) (matherr)
../Hello_bsp//newlib/nios2-elf/lib\libm.a(lib_a-s_nan.o)
                              ../Hello_bsp//newlib/nios2-elf/lib\libm.a(lib_a-wf_acos.o) (nan)
../Hello_bsp//newlib/nios2-elf/lib\libm.a(lib_a-s_rint.o)
                              ../Hello_bsp//newlib/nios2-elf/lib\libm.a(lib_a-wf_pow.o) (rint)
../Hello_bsp//newlib/nios2-elf/lib\libm.a(lib_a-sf_atan.o)
                              ../Hello_bsp//newlib/nios2-elf/lib\libm.a(lib_a-ef_atan2.o) (atanf)
../Hello_bsp//newlib/nios2-elf/lib\libm.a(lib_a-sf_fabs.o)
                              ../Hello_bsp//newlib/nios2-elf/lib\libm.a(lib_a-wf_acos.o) (fabsf)
../Hello_bsp//newlib/nios2-elf/lib\libm.a(lib_a-sf_finite.o)
                              ../Hello_bsp//newlib/nios2-elf/lib\libm.a(lib_a-wf_pow.o) (finitef)
../Hello_bsp//newlib/nios2-elf/lib\libm.a(lib_a-sf_nan.o)
                              ../Hello_bsp//newlib/nios2-elf/lib\libm.a(lib_a-ef_pow.o) (nanf)
../Hello_bsp//newlib/nios2-elf/lib\libm.a(lib_a-sf_scalbn.o)
                              ../Hello_bsp//newlib/nios2-elf/lib\libm.a(lib_a-ef_pow.o) (scalbnf)
../Hello_bsp//newlib/nios2-elf/lib\libm.a(lib_a-sf_copysign.o)
                              ../Hello_bsp//newlib/nios2-elf/lib\libm.a(lib_a-sf_scalbn.o) (copysignf)
d:/intelfpga_lite/18.0/nios2eds/bin/gnu/h-x86_64-mingw32/bin/../lib/gcc/nios2-elf/5.3.0\libgcc.a(lib2-divmod.o)
                              obj/default/src/gppcu.o (__divsi3)
[...]
Memory Configuration

Name             Origin             Length             Attributes
reset            0x0000000008000000 0x0000000000000020
sdram            0x0000000008000020 0x0000000007ffffe0
bufferram_out    0x0000000010000000 0x000000000002ee00
*default*        0x0000000000000000 0xffffffffffffffff

Linker script and memory map

LOAD ../Hello_bsp//obj/HAL/src/crt0.o
LOAD obj/default/src/app.o
LOAD obj/default/src/gppcu.o
LOAD obj/default/src/main.o
LOAD obj/default/src/mathc.o
LOAD obj/default/src/utils.o
LOAD d:/intelfpga_lite/18.0/nios2eds/bin/gnu/h-x86_64-mingw32/bin/../lib/gcc/nios2-elf/5.3.0/../../../../../H-x86_64-mingw32/nios2-elf/lib\libstdc++.a
LOAD ../Hello_bsp//newlib/nios2-elf/lib\libm.a
LOAD d:/intelfpga_lite/18.0/nios2eds/bin/gnu/h-x86_64-mingw32/bin/../lib/gcc/nios2-elf/5.3.0\libgcc.a
START GROUP
LOAD ../Hello_bsp//newlib/nios2-elf/lib\libc.a
LOAD d:/intelfpga_lite/18.0/nios2eds/bin/gnu/h-x86_64-mingw32/bin/../lib/gcc/nios2-elf/5.3.0\libgcc.a
LOAD ../Hello_bsp/\libhal_bsp.a
LOAD ../Hello_bsp//newlib/nios2-elf/lib\libm.a
END GROUP
LOAD d:/intelfpga_lite/18.0/nios2eds/bin/gnu/h-x86_64-mingw32/bin/../lib/gcc/nios2-elf/5.3.0\libgcc.a
                0x0000000008000000                __alt_mem_sdram = 0x8000000
                0x0000000010000000                __alt_mem_bufferram_out = 0x10000000

.entry          0x0000000008000000       0x20
 *(.entry)
 .entry         0x0000000008000000       0x20 ../Hello_bsp//obj/HAL/src/crt0.o
                0x0000000008000000                __reset

.exceptions     0x0000000008000020      0x224
                0x0000000008000020                PROVIDE (__ram_exceptions_start, ABSOLUTE (.))
                0x0000000008000020                . = ALIGN (0x20)
 *(.irq)
 *(.exceptions.entry.label)
 .exceptions.entry.label
                0x0000000008000020        0x0 ../Hello_bsp/\libhal_bsp.a(alt_irq_entry.o)
                0x0000000008000020                alt_irq_entry
 .exceptions.entry.label
                0x0000000008000020        0x0 ../Hello_bsp/\libhal_bsp.a(alt_exception_entry.o)
                0x0000000008000020                alt_exception
 *(.exceptions.entry.user)
 *(.exceptions.entry.ecc_fatal)
 *(.exceptions.entry)
 .exceptions.entry
                0x0000000008000020       0x54 ../Hello_bsp/\libhal_bsp.a(alt_exception_entry.o)
 *(.exceptions.irqtest.user)
 *(.exceptions.irqtest)
 .exceptions.irqtest
                0x0000000008000074       0x10 ../Hello_bsp/\libhal_bsp.a(alt_irq_entry.o)
 *(.exceptions.irqhandler.user)
 *(.exceptions.irqhandler)
 .exceptions.irqhandler
                0x0000000008000084        0x4 ../Hello_bsp/\libhal_bsp.a(alt_irq_entry.o)
 *(.exceptions.irqreturn.user)
 *(.exceptions.irqreturn)
 .exceptions.irqreturn
                0x0000000008000088        0x4 ../Hello_bsp/\libhal_bsp.a(alt_irq_entry.o)
 *(.exceptions.notirq.label)
 .exceptions.notirq.label
                0x000000000800008c        0x0 ../Hello_bsp/\libhal_bsp.a(alt_irq_entry.o)
 *(.exceptions.notirq.user)
 *(.exceptions.notirq)
 .exceptions.notirq
                0x000000000800008c        0x8 ../Hello_bsp/\libhal_bsp.a(alt_exception_entry.o)
 *(.exceptions.soft.user)
 *(.exceptions.soft)
 *(.exceptions.unknown.user)
 *(.exceptions.unknown)
 .exceptions.unknown
                0x0000000008000094       0x14 ../Hello_bsp/\libhal_bsp.a(alt_exception_entry.o)
 *(.exceptions.exit.label)
 .exceptions.exit.label
                0x00000000080000a8        0x0 ../Hello_bsp/\libhal_bsp.a(alt_irq_entry.o)
 .exceptions.exit.label
                0x00000000080000a8        0x0 ../Hello_bsp/\libhal_bsp.a(alt_exception_entry.o)
 *(.exceptions.exit.user)
 *(.exceptions.exit)
 .exceptions.exit
                0x00000000080000a8       0x54 ../Hello_bsp/\libhal_bsp.a(alt_exception_entry.o)
 *(.exceptions)
 .exceptions    0x00000000080000fc       0xd4 ../Hello_bsp/\libhal_bsp.a(alt_irq_handler.o)
                0x00000000080000fc                alt_irq_handler
 .exceptions    0x00000000080001d0       0x74 ../Hello_bsp/\libhal_bsp.a(alt_instruction_exception_entry.o)
                0x00000000080001d0                alt_instruction_exception_entry
                0x0000000008000244                PROVIDE (__ram_exceptions_end, ABSOLUTE (.))
                0x0000000008000020                PROVIDE (__flash_exceptions_start, LOADADDR (.exceptions))

.text           0x0000000008000244    0x2bb70
                [!provide]                        PROVIDE (stext, ABSOLUTE (.))
 *(.interp)
 *(.hash)
 *(.dynsym)
 *(.dynstr)
 *(.gnu.version)
 *(.gnu.version_d)
 *(.gnu.version_r)
 *(.rel.init)
 *(.rela.init)
 *(.rel.text .rel.text.* .rel.gnu.linkonce.t.*)
 *(.rela.text .rela.text.* .rela.gnu.linkonce.t.*)
 *(.rel.fini)
 *(.rela.fini)
 *(.rel.rodata .rel.rodata.* .rel.gnu.linkonce.r.*)
 *(.rela.rodata .rela.rodata.* .rela.gnu.linkonce.r.*)
 *(.rel.data .rel.data.* .rel.gnu.linkonce.d.*)
 *(.rela.data .rela.data.* .rela.gnu.linkonce.d.*)
 *(.rel.tdata .rel.tdata.* .rel.gnu.linkonce.td.*)
 *(.rela.tdata .rela.tdata.* .rela.gnu.linkonce.td.*)
 *(.rel.tbss .rel.tbss.* .rel.gnu.linkonce.tb.*)
 *(.rela.tbss .rela.tbss.* .rela.gnu.linkonce.tb.*)
 *(.rel.ctors)
 *(.rela.ctors)
 *(.rel.dtors)
 *(.rela.dtors)
 *(.rel.got)
 *(.rela.got)
 *(.rel.sdata .rel.sdata.* .rel.gnu.linkonce.s.*)
 *(.rela.sdata .rela.sdata.* .rela.gnu.linkonce.s.*)
 *(.rel.sbss .rel.sbss.* .rel.gnu.linkonce.sb.*)
 *(.rela.sbss .rela.sbss.* .rela.gnu.linkonce.sb.*)
 *(.rel.sdata2 .rel.sdata2.* .rel.gnu.linkonce.s2.*)
 *(.rela.sdata2 .rela.sdata2.* .rela.gnu.linkonce.s2.*)
 *(.rel.sbss2 .rel.sbss2.* .rel.gnu.linkonce.sb2.*)
 *(.rela.sbss2 .rela.sbss2.* .rela.gnu.linkonce.sb2.*)
 *(.rel.bss .rel.bss.* .rel.gnu.linkonce.b.*)
 *(.rela.bss .rela.bss.* .rela.gnu.linkonce.b.*)
 *(.rel.plt)
 *(.rela.plt)
 *(.rel.dyn)
 *(.init)
 *(.plt)
 *(.text .stub .text.* .gnu.linkonce.t.*)
 .text          0x0000000008000244       0x4c ../Hello_bsp//obj/HAL/src/crt0.o
                0x0000000008000244                _start
 .text          0x0000000008000290        0x0 obj/default/src/app.o
 .text          0x0000000008000290      0xbbc obj/default/src/gppcu.o
                0x0000000008000290                gppcu_device_command
                0x00000000080002c0                gppcu_stat
                0x0000000008000330                gppcu_init
                0x00000000080003c8                gppcu_init_task
                0x00000000080004dc                gppcu_destroy
                0x00000000080004e4                gppcu_program_autofeed_device
                0x00000000080005b0                instr_to_string
                0x0000000008000664                gppcu_program_autofeed_device_parallel
                0x0000000008000a8c                gppcu_run_autofeed_device
                0x0000000008000af8                gppcu_clear_instr
                0x0000000008000b00                gppcu_write
                0x0000000008000c30                gppcu_read
                0x0000000008000d84                gppcu_write_const
                0x0000000008000dcc                gppcu_data_wr_slow
                0x0000000008000e0c                gppcu_data_rd_slow
 .text          0x0000000008000e4c      0x23c obj/default/src/main.o
                0x0000000008000e88                wait
                0x0000000008000eb4                display_stat
                0x0000000008000f30                mem_clr
                0x0000000008000fa0                monitor
 .text.startup  0x0000000008001088      0x374 obj/default/src/main.o
                0x0000000008001088                main
 .text          0x00000000080013fc    0x12d44 obj/default/src/mathc.o
                0x00000000080013fc                clampi
                0x000000000800141c                nearly_equal
                0x000000000800143c                to_radians
                0x0000000008001454                to_degrees
                0x000000000800146c                clampf
                0x0000000008001490                vec2i_is_zero
                0x00000000080014ac                vec2i_is_equal
                0x00000000080014d0                vec2i
                0x00000000080014e0                vec2i_assign
                0x00000000080014f8                vec2i_assign_vec2
                0x0000000008001518                vec2i_zero
                0x0000000008001528                vec2i_one
                0x000000000800153c                vec2i_sign
                0x0000000008001594                vec2i_add
                0x00000000080015bc                vec2i_add_i
                0x00000000080015dc                vec2i_subtract
                0x0000000008001604                vec2i_subtract_i
                0x0000000008001624                vec2i_multiply
                0x000000000800164c                vec2i_multiply_i
                0x000000000800166c                vec2i_divide
                0x0000000008001718                vec2i_divide_i
                0x00000000080017c8                vec2i_snap
                0x000000000800188c                vec2i_snap_i
                0x0000000008001944                vec2i_negative
                0x0000000008001964                vec2i_abs
                0x0000000008001990                vec2i_max
                0x00000000080019d0                vec2i_min
                0x0000000008001a10                vec2i_clamp
                0x0000000008001a90                vec2i_tangent
                0x0000000008001aac                vec3i_is_zero
                0x0000000008001ad0                vec3i_is_equal
                0x0000000008001b00                vec3i
                0x0000000008001b14                vec3i_assign
                0x0000000008001b34                vec3i_assign_vec3
                0x0000000008001b60                vec3i_zero
                0x0000000008001b74                vec3i_one
                0x0000000008001b8c                vec3i_sign
                0x0000000008001c0c                vec3i_add
                0x0000000008001c44                vec3i_add_i
                0x0000000008001c70                vec3i_subtract
                0x0000000008001ca8                vec3i_subtract_i
                0x0000000008001cd4                vec3i_multiply
                0x0000000008001d0c                vec3i_multiply_i
                0x0000000008001d38                vec3i_divide
                0x0000000008001e20                vec3i_divide_i
                0x0000000008001f08                vec3i_snap
                0x0000000008002010                vec3i_snap_i
                0x0000000008002104                vec3i_cross
                0x0000000008002154                vec3i_negative
                0x0000000008002180                vec3i_abs
                0x00000000080021c0                vec3i_max
                0x0000000008002220                vec3i_min
                0x0000000008002280                vec3i_clamp
                0x0000000008002340                vec4i_is_zero
                0x000000000800236c                vec4i_is_equal
                0x00000000080023a8                vec4i
                0x00000000080023c4                vec4i_assign
                0x00000000080023ec                vec4i_assign_vec4
                0x0000000008002424                vec4i_zero
                0x000000000800243c                vec4i_one
                0x0000000008002458                vec4i_sign
                0x0000000008002500                vec4i_add
                0x0000000008002548                vec4i_add_i
                0x0000000008002580                vec4i_subtract
                0x00000000080025c8                vec4i_subtract_i
                0x0000000008002600                vec4i_multiply
                0x0000000008002648                vec4i_multiply_i
                0x0000000008002680                vec4i_divide
                0x00000000080027a0                vec4i_divide_i
                0x00000000080028c0                vec4i_snap
                0x0000000008002a08                vec4i_snap_i
                0x0000000008002b38                vec4i_negative
                0x0000000008002b70                vec4i_abs
                0x0000000008002bc4                vec4i_max
                0x0000000008002c44                vec4i_min
                0x0000000008002cc4                vec4i_clamp
                0x0000000008002dc4                vec2_is_zero
                0x0000000008002df0                vec2_is_equal
                0x0000000008002e2c                vec2
                0x0000000008002e3c                vec2_assign
                0x0000000008002e54                vec2_assign_vec2i
                0x0000000008002e74                vec2_zero
                0x0000000008002e84                vec2_one
                0x0000000008002e98                vec2_sign
                0x0000000008002f10                vec2_add
                0x0000000008002f38                vec2_add_f
                0x0000000008002f58                vec2_subtract
                0x0000000008002f80                vec2_subtract_f
                0x0000000008002fa0                vec2_multiply
                0x0000000008002fc8                vec2_multiply_f
                0x0000000008002fe8                vec2_multiply_mat2
                0x0000000008003028                vec2_divide
                0x0000000008003050                vec2_divide_f
                0x0000000008003070                vec2_snap
                0x00000000080030e4                vec2_snap_f
                0x0000000008003148                vec2_negative
                0x0000000008003168                vec2_abs
                0x0000000008003188                vec2_floor
                0x00000000080031d0                vec2_ceil
                0x0000000008003218                vec2_round
                0x0000000008003260                vec2_max
                0x00000000080032bc                vec2_min
                0x0000000008003318                vec2_clamp
                0x00000000080033a0                vec2_normalize
                0x0000000008003408                vec2_dot
                0x0000000008003428                vec2_project
                0x0000000008003470                vec2_slide
                0x00000000080034b4                vec2_reflect
                0x00000000080034fc                vec2_tangent
                0x0000000008003518                vec2_rotate
                0x000000000800359c                vec2_lerp
                0x00000000080035d4                vec2_bezier3
                0x0000000008003648                vec2_bezier4
                0x0000000008003720                vec2_angle
                0x000000000800372c                vec2_length
                0x0000000008003744                vec2_length_squared
                0x000000000800375c                vec2_distance
                0x0000000008003784                vec2_distance_squared
                0x00000000080037ac                vec2_linear_independent
                0x00000000080037d4                vec2_orthonormalization
                0x00000000080038a0                vec3_is_zero
                0x00000000080038dc                vec3_is_equal
                0x0000000008003930                vec3
                0x0000000008003944                vec3_assign
                0x0000000008003964                vec3_assign_vec3i
                0x0000000008003990                vec3_zero
                0x00000000080039a4                vec3_one
                0x00000000080039bc                vec3_sign
                0x0000000008003a6c                vec3_add
                0x0000000008003aa4                vec3_add_f
                0x0000000008003ad0                vec3_subtract
                0x0000000008003b08                vec3_subtract_f
                0x0000000008003b34                vec3_multiply
                0x0000000008003b6c                vec3_multiply_f
                0x0000000008003b98                vec3_multiply_mat3
                0x0000000008003c18                vec3_divide
                0x0000000008003c50                vec3_divide_f
                0x0000000008003c7c                vec3_snap
                0x0000000008003d08                vec3_snap_f
                0x0000000008003d80                vec3_negative
                0x0000000008003dac                vec3_abs
                0x0000000008003dd8                vec3_floor
                0x0000000008003e2c                vec3_ceil
                0x0000000008003e80                vec3_round
                0x0000000008003ed4                vec3_max
                0x0000000008003f40                vec3_min
                0x0000000008003fac                vec3_clamp
                0x0000000008004054                vec3_cross
                0x00000000080040a4                vec3_normalize
                0x0000000008004124                vec3_dot
                0x0000000008004154                vec3_project
                0x00000000080041c0                vec3_slide
                0x0000000008004228                vec3_reflect
                0x0000000008004294                vec3_rotate
                0x00000000080043e0                vec3_lerp
                0x0000000008004430                vec3_bezier3
                0x00000000080044e8                vec3_bezier4
                0x000000000800465c                vec3_length
                0x0000000008004680                vec3_length_squared
                0x00000000080046a4                vec3_distance
                0x00000000080046e0                vec3_distance_squared
                0x000000000800471c                vec3_linear_independent
                0x0000000008004790                vec3_orthonormalization
                0x0000000008004a58                vec4_is_zero
                0x0000000008004aa4                vec4_is_equal
                0x0000000008004b10                vec4
                0x0000000008004b2c                vec4_assign
                0x0000000008004b54                vec4_assign_vec4i
                0x0000000008004b8c                vec4_zero
                0x0000000008004ba4                vec4_one
                0x0000000008004bc0                vec4_sign
                0x0000000008004ca8                vec4_add
                0x0000000008004cf0                vec4_add_f
                0x0000000008004d28                vec4_subtract
                0x0000000008004d70                vec4_subtract_f
                0x0000000008004da8                vec4_multiply
                0x0000000008004df0                vec4_multiply_f
                0x0000000008004e28                vec4_multiply_mat4
                0x0000000008004f00                vec4_divide
                0x0000000008004f48                vec4_divide_f
                0x0000000008004f80                vec4_snap
                0x0000000008005024                vec4_snap_f
                0x00000000080050b0                vec4_negative
                0x00000000080050e8                vec4_abs
                0x0000000008005120                vec4_floor
                0x0000000008005180                vec4_ceil
                0x00000000080051e0                vec4_round
                0x0000000008005240                vec4_max
                0x00000000080052bc                vec4_min
                0x0000000008005338                vec4_clamp
                0x0000000008005400                vec4_normalize
                0x0000000008005498                vec4_lerp
                0x0000000008005500                quat_is_zero
                0x000000000800554c                quat_is_equal
                0x00000000080055b8                quat
                0x00000000080055d4                quat_assign
                0x00000000080055fc                quat_zero
                0x0000000008005614                quat_null
                0x0000000008005630                quat_multiply
                0x0000000008005738                quat_multiply_f
                0x0000000008005770                quat_divide
                0x0000000008005890                quat_divide_f
                0x00000000080058c8                quat_negative
                0x0000000008005900                quat_conjugate
                0x0000000008005934                quat_inverse
                0x00000000080059a8                quat_normalize
                0x0000000008005a44                quat_dot
                0x0000000008005a84                quat_power
                0x0000000008005b58                quat_from_axis_angle
                0x0000000008005bd0                quat_from_vec3
                0x0000000008005cac                quat_from_mat4
                0x0000000008005e94                quat_lerp
                0x0000000008005efc                quat_slerp
                0x0000000008006070                quat_length
                0x00000000080060a0                quat_length_squared
                0x00000000080060d0                quat_angle
                0x00000000080061ac                mat2
                0x00000000080061c8                mat2_zero
                0x00000000080061e0                mat2_identity
                0x00000000080061fc                mat2_determinant
                0x000000000800621c                mat2_assign
                0x0000000008006244                mat2_negative
                0x000000000800627c                mat2_transpose
                0x00000000080062a4                mat2_cofactor
                0x00000000080062d4                mat2_adjugate
                0x0000000008006304                mat2_multiply
                0x000000000800636c                mat2_multiply_f
                0x00000000080063a4                mat2_inverse
                0x00000000080063f8                mat2_scaling
                0x0000000008006410                mat2_scale
                0x0000000008006438                mat2_rotation_z
                0x0000000008006498                mat2_lerp
                0x0000000008006500                mat3
                0x0000000008006544                mat3_zero
                0x0000000008006570                mat3_identity
                0x00000000080065a0                mat3_determinant
                0x000000000800660c                mat3_assign
                0x000000000800665c                mat3_negative
                0x00000000080066d0                mat3_transpose
                0x0000000008006720                mat3_cofactor
                0x0000000008006824                mat3_multiply
                0x00000000080069c4                mat3_multiply_f
                0x0000000008006a38                mat3_inverse
                0x0000000008006a40                mat3_scaling
                0x0000000008006a60                mat3_scale
                0x0000000008006a98                mat3_rotation_x
                0x0000000008006af8                mat3_rotation_y
                0x0000000008006b58                mat3_rotation_z
                0x0000000008006bb8                mat3_rotation_axis
                0x0000000008006d6c                mat3_rotation_quat
                0x0000000008006e28                mat3_lerp
                0x0000000008006f08                mat4
                0x0000000008006fac                mat4_zero
                0x0000000008006ff4                mat4_identity
                0x0000000008007040                mat4_determinant
                0x0000000008007228                mat4_assign
                0x00000000080072b0                mat4_negative
                0x0000000008007378                mat4_transpose
                0x0000000008007430                mat4_cofactor
                0x00000000080077b0                mat4_rotation_x
                0x0000000008007810                mat4_rotation_y
                0x0000000008007870                mat4_rotation_z
                0x00000000080078d0                mat4_rotation_axis
                0x0000000008007a98                mat4_rotation_quat
                0x0000000008007b6c                mat4_translation
                0x0000000008007bf4                mat4_translate
                0x0000000008007c94                mat4_scaling
                0x0000000008007d1c                mat4_scale
                0x0000000008007dbc                mat4_multiply
                0x00000000080082e8                mat4_multiply_f
                0x00000000080083b0                mat4_inverse
                0x0000000008008cb4                mat4_lerp
                0x0000000008008e3c                mat4_look_at
                0x0000000008008ffc                mat4_ortho
                0x0000000008009098                mat4_perspective
                0x000000000800915c                mat4_perspective_fov
                0x0000000008009244                mat4_perspective_infinite
                0x00000000080092f4                svec2i_is_zero
                0x0000000008009308                svec2i_is_equal
                0x000000000800931c                svec2i
                0x0000000008009328                svec2i_assign
                0x0000000008009334                svec2i_assign_vec2
                0x0000000008009340                svec2i_zero
                0x000000000800934c                svec2i_one
                0x0000000008009358                svec2i_sign
                0x0000000008009384                svec2i_add
                0x0000000008009390                svec2i_add_i
                0x000000000800939c                svec2i_subtract
                0x00000000080093a8                svec2i_subtract_i
                0x00000000080093b4                svec2i_multiply
                0x00000000080093c0                svec2i_multiply_i
                0x00000000080093cc                svec2i_divide
                0x0000000008009480                svec2i_divide_i
                0x000000000800952c                svec2i_snap
                0x00000000080095e8                svec2i_snap_i
                0x000000000800969c                svec2i_negative
                0x00000000080096a8                svec2i_abs
                0x00000000080096d0                svec2i_max
                0x00000000080096ec                svec2i_min
                0x0000000008009708                svec2i_clamp
                0x0000000008009724                svec2i_tangent
                0x0000000008009730                svec3i_is_zero
                0x0000000008009758                svec3i_is_equal
                0x0000000008009788                svec3i
                0x000000000800979c                svec3i_assign
                0x00000000080097b8                svec3i_assign_vec3
                0x00000000080097e0                svec3i_zero
                0x00000000080097f4                svec3i_one
                0x000000000800980c                svec3i_sign
                0x0000000008009874                svec3i_add
                0x00000000080098a8                svec3i_add_i
                0x00000000080098d4                svec3i_subtract
                0x0000000008009908                svec3i_subtract_i
                0x0000000008009934                svec3i_multiply
                0x0000000008009968                svec3i_multiply_i
                0x0000000008009994                svec3i_divide
                0x0000000008009a84                svec3i_divide_i
                0x0000000008009b94                svec3i_snap
                0x0000000008009c98                svec3i_snap_i
                0x0000000008009d94                svec3i_cross
                0x0000000008009de0                svec3i_negative
                0x0000000008009e08                svec3i_abs
                0x0000000008009e58                svec3i_max
                0x0000000008009e98                svec3i_min
                0x0000000008009ed8                svec3i_clamp
                0x0000000008009f18                svec4i_is_zero
                0x0000000008009f44                svec4i_is_equal
                0x0000000008009f7c                svec4i
                0x0000000008009f98                svec4i_assign
                0x0000000008009fc8                svec4i_assign_vec4
                0x000000000800a008                svec4i_zero
                0x000000000800a020                svec4i_one
                0x000000000800a03c                svec4i_sign
                0x000000000800a0c4                svec4i_add
                0x000000000800a114                svec4i_add_i
                0x000000000800a158                svec4i_subtract
                0x000000000800a1a8                svec4i_subtract_i
                0x000000000800a1ec                svec4i_multiply
                0x000000000800a23c                svec4i_multiply_i
                0x000000000800a280                svec4i_divide
                0x000000000800a3b8                svec4i_divide_i
                0x000000000800a51c                svec4i_snap
                0x000000000800a66c                svec4i_snap_i
                0x000000000800a7b0                svec4i_negative
                0x000000000800a7f0                svec4i_abs
                0x000000000800a864                svec4i_max
                0x000000000800a8c4                svec4i_min
                0x000000000800a924                svec4i_clamp
                0x000000000800a984                svec2_is_zero
                0x000000000800a9a8                svec2_is_equal
                0x000000000800a9d4                svec2
                0x000000000800a9e0                svec2_assign
                0x000000000800a9ec                svec2_assign_vec2i
                0x000000000800a9f8                svec2_zero
                0x000000000800aa04                svec2_one
                0x000000000800aa10                svec2_sign
                0x000000000800aa58                svec2_add
                0x000000000800aa64                svec2_add_f
                0x000000000800aa70                svec2_subtract
                0x000000000800aa7c                svec2_subtract_f
                0x000000000800aa88                svec2_multiply
                0x000000000800aa94                svec2_multiply_f
                0x000000000800aaa0                svec2_multiply_mat2
                0x000000000800aad4                svec2_divide
                0x000000000800aae0                svec2_divide_f
                0x000000000800aaec                svec2_snap
                0x000000000800ab48                svec2_snap_f
                0x000000000800ab98                svec2_negative
                0x000000000800aba4                svec2_abs
                0x000000000800abb0                svec2_floor
                0x000000000800abf0                svec2_ceil
                0x000000000800ac30                svec2_round
                0x000000000800ac70                svec2_max
                0x000000000800acc4                svec2_min
                0x000000000800ad18                svec2_clamp
                0x000000000800ad6c                svec2_normalize
                0x000000000800adb4                svec2_dot
                0x000000000800adc4                svec2_project
                0x000000000800adec                svec2_slide
                0x000000000800ae0c                svec2_reflect
                0x000000000800ae30                svec2_tangent
                0x000000000800ae3c                svec2_rotate
                0x000000000800aea8                svec2_lerp
                0x000000000800aec8                svec2_bezier3
                0x000000000800af20                svec2_bezier4
                0x000000000800af70                svec2_angle
                0x000000000800af80                svec2_length
                0x000000000800af90                svec2_length_squared
                0x000000000800afa0                svec2_distance
                0x000000000800afb8                svec2_distance_squared
                0x000000000800afd0                svec3_is_zero
                0x000000000800b00c                svec3_is_equal
                0x000000000800b060                svec3
                0x000000000800b074                svec3_assign
                0x000000000800b090                svec3_assign_vec3i
                0x000000000800b0b8                svec3_zero
                0x000000000800b0cc                svec3_one
                0x000000000800b0e4                svec3_sign
                0x000000000800b180                svec3_add
                0x000000000800b1b4                svec3_add_f
                0x000000000800b1e0                svec3_subtract
                0x000000000800b214                svec3_subtract_f
                0x000000000800b240                svec3_multiply
                0x000000000800b274                svec3_multiply_f
                0x000000000800b2a0                svec3_multiply_mat3
                0x000000000800b31c                svec3_divide
                0x000000000800b350                svec3_divide_f
                0x000000000800b37c                svec3_snap
                0x000000000800b41c                svec3_snap_f
                0x000000000800b4a4                svec3_negative
                0x000000000800b4cc                svec3_abs
                0x000000000800b4f4                svec3_floor
                0x000000000800b564                svec3_ceil
                0x000000000800b5d4                svec3_round
                0x000000000800b644                svec3_max
                0x000000000800b6c4                svec3_min
                0x000000000800b744                svec3_clamp
                0x000000000800b7c4                svec3_cross
                0x000000000800b810                svec3_normalize
                0x000000000800b864                svec3_dot
                0x000000000800b890                svec3_project
                0x000000000800b8f0                svec3_slide
                0x000000000800b944                svec3_reflect
                0x000000000800b99c                svec3_rotate
                0x000000000800b9ec                svec3_lerp
                0x000000000800ba3c                svec3_bezier3
                0x000000000800bae8                svec3_bezier4
                0x000000000800bb54                svec3_length
                0x000000000800bb74                svec3_length_squared
                0x000000000800bb94                svec3_distance
                0x000000000800bbcc                svec3_distance_squared
                0x000000000800bc04                svec4_is_zero
                0x000000000800bc4c                svec4_is_equal
                0x000000000800bcb4                svec4
                0x000000000800bcd0                svec4_assign
                0x000000000800bd00                svec4_assign_vec4i
                0x000000000800bd40                svec4_zero
                0x000000000800bd58                svec4_one
                0x000000000800bd74                svec4_sign
                0x000000000800be44                svec4_add
                0x000000000800be94                svec4_add_f
                0x000000000800bed8                svec4_subtract
                0x000000000800bf28                svec4_subtract_f
                0x000000000800bf6c                svec4_multiply
                0x000000000800bfbc                svec4_multiply_f
                0x000000000800c000                svec4_multiply_mat4
                0x000000000800c060                svec4_divide
                0x000000000800c0b0                svec4_divide_f
                0x000000000800c0f4                svec4_snap
                0x000000000800c1c4                svec4_snap_f
                0x000000000800c270                svec4_negative
                0x000000000800c2b0                svec4_abs
                0x000000000800c2f0                svec4_floor
                0x000000000800c37c                svec4_ceil
                0x000000000800c408                svec4_round
                0x000000000800c494                svec4_max
                0x000000000800c534                svec4_min
                0x000000000800c5d4                svec4_clamp
                0x000000000800c644                svec4_normalize
                0x000000000800c6e4                svec4_lerp
                0x000000000800c758                squat_is_zero
                0x000000000800c7a0                squat_is_equal
                0x000000000800c808                squat
                0x000000000800c824                squat_assign
                0x000000000800c854                squat_zero
                0x000000000800c86c                squat_null
                0x000000000800c888                squat_multiply
                0x000000000800c8e8                squat_multiply_f
                0x000000000800c92c                squat_divide
                0x000000000800c98c                squat_divide_f
                0x000000000800c9d0                squat_negative
                0x000000000800ca10                squat_conjugate
                0x000000000800ca4c                squat_inverse
                0x000000000800cabc                squat_normalize
                0x000000000800cb64                squat_dot
                0x000000000800cb9c                squat_power
                0x000000000800cc70                squat_from_axis_angle
                0x000000000800cd04                squat_from_vec3
                0x000000000800ce0c                squat_from_mat4
                0x000000000800ce68                squat_lerp
                0x000000000800cedc                squat_slerp
                0x000000000800cf40                squat_length
                0x000000000800cf68                squat_length_squared
                0x000000000800cf90                squat_angle
                0x000000000800cfc0                smat2
                0x000000000800cfdc                smat2_zero
                0x000000000800cff4                smat2_identity
                0x000000000800d010                smat2_determinant
                0x000000000800d028                smat2_assign
                0x000000000800d058                smat2_negative
                0x000000000800d098                smat2_transpose
                0x000000000800d0c8                smat2_cofactor
                0x000000000800d100                smat2_adjugate
                0x000000000800d138                smat2_multiply
                0x000000000800d1a8                smat2_multiply_f
                0x000000000800d1ec                smat2_inverse
                0x000000000800d248                smat2_scaling
                0x000000000800d260                smat2_scale
                0x000000000800d2a0                smat2_rotation_z
                0x000000000800d300                smat2_lerp
                0x000000000800d374                smat3
                0x000000000800d3b8                smat3_zero
                0x000000000800d3e4                smat3_identity
                0x000000000800d414                smat3_determinant
                0x000000000800d440                smat3_assign
                0x000000000800d498                smat3_negative
                0x000000000800d514                smat3_transpose
                0x000000000800d56c                smat3_cofactor
                0x000000000800d5f0                smat3_multiply
                0x000000000800d678                smat3_multiply_f
                0x000000000800d6f8                smat3_inverse
                0x000000000800d738                smat3_scaling
                0x000000000800d76c                smat3_scale
                0x000000000800d7cc                smat3_rotation_x
                0x000000000800d840                smat3_rotation_y
                0x000000000800d8b4                smat3_rotation_z
                0x000000000800d928                smat3_rotation_axis
                0x000000000800d9b0                smat3_rotation_quat
                0x000000000800da34                smat3_lerp
                0x000000000800dac0                smat4
                0x000000000800db64                smat4_zero
                0x000000000800dbac                smat4_identity
                0x000000000800dbf8                smat4_determinant
                0x000000000800dc24                smat4_assign
                0x000000000800dcd4                smat4_negative
                0x000000000800ddd4                smat4_transpose
                0x000000000800de84                smat4_cofactor
                0x000000000800ded0                smat4_rotation_x
                0x000000000800df30                smat4_rotation_y
                0x000000000800df90                smat4_rotation_z
                0x000000000800dff0                smat4_rotation_axis
                0x000000000800e040                smat4_rotation_quat
                0x000000000800e08c                smat4_translation
                0x000000000800e13c                smat4_translate
                0x000000000800e214                smat4_scaling
                0x000000000800e2c8                smat4_scale
                0x000000000800e3a0                smat4_multiply
                0x000000000800e3f0                smat4_multiply_f
                0x000000000800e4fc                smat4_inverse
                0x000000000800e548                smat4_lerp
                0x000000000800e59c                smat4_look_at
                0x000000000800e5f0                smat4_ortho
                0x000000000800e68c                smat4_perspective
                0x000000000800e750                smat4_perspective_fov
                0x000000000800e838                smat4_perspective_infinite
                0x000000000800e8ec                psvec2i_is_zero
                0x000000000800e908                psvec2i_is_equal
                0x000000000800e92c                psvec2i
                0x000000000800e93c                psvec2i_assign
                0x000000000800e954                psvec2i_assign_vec2
                0x000000000800e974                psvec2i_zero
                0x000000000800e984                psvec2i_one
                0x000000000800e998                psvec2i_sign
                0x000000000800e9f0                psvec2i_add
                0x000000000800ea18                psvec2i_add_i
                0x000000000800ea38                psvec2i_subtract
                0x000000000800ea60                psvec2i_subtract_i
                0x000000000800ea80                psvec2i_multiply
                0x000000000800eaa8                psvec2i_multiply_i
                0x000000000800eac8                psvec2i_divide
                0x000000000800eb74                psvec2i_divide_i
                0x000000000800ec24                psvec2i_snap
                0x000000000800ece8                psvec2i_snap_i
                0x000000000800eda0                psvec2i_negative
                0x000000000800edc0                psvec2i_abs
                0x000000000800edec                psvec2i_max
                0x000000000800ee2c                psvec2i_min
                0x000000000800ee6c                psvec2i_clamp
                0x000000000800eeec                psvec2i_tangent
                0x000000000800ef08                psvec3i_is_zero
                0x000000000800ef2c                psvec3i_is_equal
                0x000000000800ef5c                psvec3i
                0x000000000800ef70                psvec3i_assign
                0x000000000800ef90                psvec3i_assign_vec3
                0x000000000800efbc                psvec3i_zero
                0x000000000800efd0                psvec3i_one
                0x000000000800efe8                psvec3i_sign
                0x000000000800f068                psvec3i_add
                0x000000000800f0a0                psvec3i_add_i
                0x000000000800f0cc                psvec3i_subtract
                0x000000000800f104                psvec3i_subtract_i
                0x000000000800f130                psvec3i_multiply
                0x000000000800f168                psvec3i_multiply_i
                0x000000000800f194                psvec3i_divide
                0x000000000800f27c                psvec3i_divide_i
                0x000000000800f364                psvec3i_snap
                0x000000000800f46c                psvec3i_snap_i
                0x000000000800f560                psvec3i_cross
                0x000000000800f5b0                psvec3i_negative
                0x000000000800f5dc                psvec3i_abs
                0x000000000800f61c                psvec3i_max
                0x000000000800f67c                psvec3i_min
                0x000000000800f6dc                psvec3i_clamp
                0x000000000800f79c                psvec4i_is_zero
                0x000000000800f7c8                psvec4i_is_equal
                0x000000000800f804                psvec4i
                0x000000000800f820                psvec4i_assign
                0x000000000800f848                psvec4i_assign_vec4
                0x000000000800f880                psvec4i_zero
                0x000000000800f898                psvec4i_one
                0x000000000800f8b4                psvec4i_sign
                0x000000000800f95c                psvec4i_add
                0x000000000800f9a4                psvec4i_add_i
                0x000000000800f9dc                psvec4i_subtract
                0x000000000800fa24                psvec4i_subtract_i
                0x000000000800fa5c                psvec4i_multiply
                0x000000000800faa4                psvec4i_multiply_i
                0x000000000800fadc                psvec4i_divide
                0x000000000800fbfc                psvec4i_divide_i
                0x000000000800fd1c                psvec4i_snap
                0x000000000800fe64                psvec4i_snap_i
                0x000000000800ff94                psvec4i_negative
                0x000000000800ffcc                psvec4i_abs
                0x0000000008010020                psvec4i_max
                0x00000000080100a0                psvec4i_min
                0x0000000008010120                psvec4i_clamp
                0x0000000008010220                psvec2_is_zero
                0x000000000801024c                psvec2_is_equal
                0x0000000008010288                psvec2
                0x0000000008010298                psvec2_assign
                0x00000000080102b0                psvec2_assign_vec2i
                0x00000000080102d0                psvec2_zero
                0x00000000080102e0                psvec2_one
                0x00000000080102f4                psvec2_sign
                0x000000000801036c                psvec2_add
                0x0000000008010394                psvec2_add_f
                0x00000000080103b4                psvec2_subtract
                0x00000000080103dc                psvec2_subtract_f
                0x00000000080103fc                psvec2_multiply
                0x0000000008010424                psvec2_multiply_f
                0x0000000008010444                psvec2_multiply_mat2
                0x0000000008010484                psvec2_divide
                0x00000000080104ac                psvec2_divide_f
                0x00000000080104cc                psvec2_snap
                0x0000000008010540                psvec2_snap_f
                0x00000000080105a4                psvec2_negative
                0x00000000080105c4                psvec2_abs
                0x00000000080105e4                psvec2_floor
                0x000000000801062c                psvec2_ceil
                0x0000000008010674                psvec2_round
                0x00000000080106bc                psvec2_max
                0x0000000008010718                psvec2_min
                0x0000000008010774                psvec2_clamp
                0x00000000080107fc                psvec2_normalize
                0x0000000008010864                psvec2_dot
                0x0000000008010884                psvec2_project
                0x00000000080108cc                psvec2_slide
                0x0000000008010910                psvec2_reflect
                0x0000000008010958                psvec2_tangent
                0x0000000008010974                psvec2_rotate
                0x00000000080109f8                psvec2_lerp
                0x0000000008010a30                psvec2_bezier3
                0x0000000008010aa4                psvec2_bezier4
                0x0000000008010aa8                psvec2_angle
                0x0000000008010ab4                psvec2_length
                0x0000000008010acc                psvec2_length_squared
                0x0000000008010ae4                psvec2_distance
                0x0000000008010b0c                psvec2_distance_squared
                0x0000000008010b34                psvec3_is_zero
                0x0000000008010b70                psvec3_is_equal
                0x0000000008010bc4                psvec3
                0x0000000008010bd8                psvec3_assign
                0x0000000008010bf8                psvec3_assign_vec3i
                0x0000000008010c24                psvec3_zero
                0x0000000008010c38                psvec3_one
                0x0000000008010c50                psvec3_sign
                0x0000000008010d00                psvec3_add
                0x0000000008010d38                psvec3_add_f
                0x0000000008010d64                psvec3_subtract
                0x0000000008010d9c                psvec3_subtract_f
                0x0000000008010dc8                psvec3_multiply
                0x0000000008010e00                psvec3_multiply_f
                0x0000000008010e2c                psvec3_multiply_mat3
                0x0000000008010eac                psvec3_divide
                0x0000000008010ee4                psvec3_divide_f
                0x0000000008010f10                psvec3_snap
                0x0000000008010f9c                psvec3_snap_f
                0x0000000008011014                psvec3_negative
                0x0000000008011040                psvec3_abs
                0x000000000801106c                psvec3_floor
                0x00000000080110c0                psvec3_ceil
                0x0000000008011114                psvec3_round
                0x0000000008011168                psvec3_max
                0x00000000080111d4                psvec3_min
                0x0000000008011240                psvec3_clamp
                0x00000000080112e8                psvec3_cross
                0x0000000008011338                psvec3_normalize
                0x00000000080113b8                psvec3_dot
                0x00000000080113e8                psvec3_project
                0x0000000008011454                psvec3_slide
                0x00000000080114bc                psvec3_reflect
                0x0000000008011528                psvec3_rotate
                0x0000000008011578                psvec3_lerp
                0x00000000080115c8                psvec3_bezier3
                0x0000000008011680                psvec3_bezier4
                0x0000000008011684                psvec3_length
                0x00000000080116a8                psvec3_length_squared
                0x00000000080116cc                psvec3_distance
                0x0000000008011708                psvec3_distance_squared
                0x0000000008011744                psvec4_is_zero
                0x0000000008011790                psvec4_is_equal
                0x00000000080117fc                psvec4
                0x0000000008011818                psvec4_assign
                0x0000000008011840                psvec4_assign_vec4i
                0x0000000008011878                psvec4_zero
                0x0000000008011890                psvec4_one
                0x00000000080118ac                psvec4_sign
                0x0000000008011994                psvec4_add
                0x00000000080119dc                psvec4_add_f
                0x0000000008011a14                psvec4_subtract
                0x0000000008011a5c                psvec4_subtract_f
                0x0000000008011a94                psvec4_multiply
                0x0000000008011adc                psvec4_multiply_f
                0x0000000008011b14                psvec4_multiply_mat4
                0x0000000008011b18                psvec4_divide
                0x0000000008011b60                psvec4_divide_f
                0x0000000008011b98                psvec4_snap
                0x0000000008011c3c                psvec4_snap_f
                0x0000000008011cc8                psvec4_negative
                0x0000000008011d00                psvec4_abs
                0x0000000008011d38                psvec4_floor
                0x0000000008011d98                psvec4_ceil
                0x0000000008011df8                psvec4_round
                0x0000000008011e58                psvec4_max
                0x0000000008011ed4                psvec4_min
                0x0000000008011f50                psvec4_clamp
                0x0000000008012018                psvec4_normalize
                0x00000000080120b0                psvec4_lerp
                0x0000000008012118                psquat_is_zero
                0x0000000008012164                psquat_is_equal
                0x00000000080121d0                psquat
                0x00000000080121ec                psquat_assign
                0x0000000008012214                psquat_zero
                0x000000000801222c                psquat_null
                0x0000000008012248                psquat_multiply
                0x000000000801224c                psquat_multiply_f
                0x0000000008012284                psquat_divide
                0x0000000008012288                psquat_divide_f
                0x00000000080122c0                psquat_negative
                0x00000000080122f8                psquat_conjugate
                0x000000000801232c                psquat_inverse
                0x00000000080123a0                psquat_normalize
                0x000000000801243c                psquat_dot
                0x000000000801247c                psquat_power
                0x0000000008012550                psquat_from_axis_angle
                0x00000000080125c8                psquat_from_vec3
                0x00000000080126d0                psquat_from_mat4
                0x00000000080126d4                psquat_lerp
                0x000000000801273c                psquat_slerp
                0x0000000008012740                psquat_length
                0x0000000008012770                psquat_length_squared
                0x00000000080127a0                psquat_angle
                0x00000000080127a4                psmat2
                0x00000000080127c0                psmat2_zero
                0x00000000080127d8                psmat2_identity
                0x00000000080127f4                psmat2_determinant
                0x0000000008012814                psmat2_assign
                0x000000000801283c                psmat2_negative
                0x0000000008012874                psmat2_transpose
                0x000000000801289c                psmat2_cofactor
                0x00000000080128cc                psmat2_adjugate
                0x00000000080128fc                psmat2_multiply
                0x0000000008012964                psmat2_multiply_f
                0x000000000801299c                psmat2_inverse
                0x00000000080129f0                psmat2_scaling
                0x0000000008012a08                psmat2_scale
                0x0000000008012a30                psmat2_rotation_z
                0x0000000008012a90                psmat2_lerp
                0x0000000008012af8                psmat3
                0x0000000008012b3c                psmat3_zero
                0x0000000008012b68                psmat3_identity
                0x0000000008012b98                psmat3_determinant
                0x0000000008012b9c                psmat3_assign
                0x0000000008012bec                psmat3_negative
                0x0000000008012c60                psmat3_transpose
                0x0000000008012cb0                psmat3_cofactor
                0x0000000008012cb4                psmat3_multiply
                0x0000000008012cb8                psmat3_multiply_f
                0x0000000008012d2c                psmat3_inverse
                0x0000000008012d34                psmat3_scaling
                0x0000000008012d54                psmat3_scale
                0x0000000008012d8c                psmat3_rotation_x
                0x0000000008012dec                psmat3_rotation_y
                0x0000000008012e4c                psmat3_rotation_z
                0x0000000008012eac                psmat3_rotation_axis
                0x0000000008012eb0                psmat3_rotation_quat
                0x0000000008012eb4                psmat3_lerp
                0x0000000008012eb8                psmat4
                0x0000000008012f5c                psmat4_zero
                0x0000000008012fa4                psmat4_identity
                0x0000000008012ff0                psmat4_determinant
                0x0000000008012ff4                psmat4_assign
                0x000000000801307c                psmat4_negative
                0x0000000008013144                psmat4_transpose
                0x00000000080131fc                psmat4_cofactor
                0x0000000008013200                psmat4_rotation_x
                0x0000000008013260                psmat4_rotation_y
                0x00000000080132c0                psmat4_rotation_z
                0x0000000008013320                psmat4_rotation_axis
                0x0000000008013324                psmat4_rotation_quat
                0x0000000008013328                psmat4_translation
                0x00000000080133b0                psmat4_translate
                0x0000000008013450                psmat4_scaling
                0x00000000080134d8                psmat4_scale
                0x0000000008013578                psmat4_multiply
                0x000000000801357c                psmat4_multiply_f
                0x0000000008013644                psmat4_inverse
                0x0000000008013648                psmat4_lerp
                0x000000000801364c                psmat4_look_at
                0x0000000008013650                psmat4_ortho
                0x00000000080136ec                psmat4_perspective
                0x00000000080137b0                psmat4_perspective_fov
                0x0000000008013898                psmat4_perspective_infinite
                0x000000000801394c                quadratic_ease_out
                0x0000000008013960                quadratic_ease_in
                0x0000000008013968                quadratic_ease_in_out
                0x00000000080139a4                cubic_ease_out
                0x00000000080139bc                cubic_ease_in
                0x00000000080139c8                cubic_ease_in_out
                0x0000000008013a0c                quartic_ease_out
                0x0000000008013a2c                quartic_ease_in
                0x0000000008013a3c                quartic_ease_in_out
                0x0000000008013a84                quintic_ease_out
                0x0000000008013aa4                quintic_ease_in
                0x0000000008013ab8                quintic_ease_in_out
                0x0000000008013b0c                sine_ease_out
                0x0000000008013b1c                sine_ease_in
                0x0000000008013b54                sine_ease_in_out
                0x0000000008013b88                circular_ease_out
                0x0000000008013b98                circular_ease_in
                0x0000000008013bc8                circular_ease_in_out
                0x0000000008013c44                exponential_ease_out
                0x0000000008013c84                exponential_ease_in
                0x0000000008013cb4                exponential_ease_in_out
                0x0000000008013d30                elastic_ease_out
                0x0000000008013d94                elastic_ease_in
                0x0000000008013dec                elastic_ease_in_out
                0x0000000008013eac                back_ease_out
                0x0000000008013efc                back_ease_in
                0x0000000008013f3c                back_ease_in_out
                0x0000000008013fdc                bounce_ease_out
                0x00000000080140b4                bounce_ease_in
                0x00000000080140e0                bounce_ease_in_out
 .text          0x0000000008014140        0x0 obj/default/src/utils.o
 .text          0x0000000008014140        0x0 ../Hello_bsp//newlib/nios2-elf/lib\libm.a(lib_a-sf_ceil.o)
 .text.ceilf    0x0000000008014140      0x168 ../Hello_bsp//newlib/nios2-elf/lib\libm.a(lib_a-sf_ceil.o)
                0x0000000008014140                ceilf
 .text          0x00000000080142a8        0x0 ../Hello_bsp//newlib/nios2-elf/lib\libm.a(lib_a-sf_cos.o)
 .text.cosf     0x00000000080142a8      0x140 ../Hello_bsp//newlib/nios2-elf/lib\libm.a(lib_a-sf_cos.o)
                0x00000000080142a8                cosf
 .text          0x00000000080143e8        0x0 ../Hello_bsp//newlib/nios2-elf/lib\libm.a(lib_a-sf_floor.o)
 .text.floorf   0x00000000080143e8      0x164 ../Hello_bsp//newlib/nios2-elf/lib\libm.a(lib_a-sf_floor.o)
                0x00000000080143e8                floorf
 .text          0x000000000801454c        0x0 ../Hello_bsp//newlib/nios2-elf/lib\libm.a(lib_a-sf_fmax.o)
 .text.fmaxf    0x000000000801454c       0x7c ../Hello_bsp//newlib/nios2-elf/lib\libm.a(lib_a-sf_fmax.o)
                0x000000000801454c                fmaxf
 .text          0x00000000080145c8        0x0 ../Hello_bsp//newlib/nios2-elf/lib\libm.a(lib_a-sf_fmin.o)
 .text.fminf    0x00000000080145c8       0x7c ../Hello_bsp//newlib/nios2-elf/lib\libm.a(lib_a-sf_fmin.o)
                0x00000000080145c8                fminf
 .text          0x0000000008014644        0x0 ../Hello_bsp//newlib/nios2-elf/lib\libm.a(lib_a-sf_fpclassify.o)
 .text.__fpclassifyf
                0x0000000008014644       0xdc ../Hello_bsp//newlib/nios2-elf/lib\libm.a(lib_a-sf_fpclassify.o)
                0x0000000008014644                __fpclassifyf
 .text          0x0000000008014720        0x0 ../Hello_bsp//newlib/nios2-elf/lib\libm.a(lib_a-sf_round.o)
 .text.roundf   0x0000000008014720      0x11c ../Hello_bsp//newlib/nios2-elf/lib\libm.a(lib_a-sf_round.o)
                0x0000000008014720                roundf
 .text          0x000000000801483c        0x0 ../Hello_bsp//newlib/nios2-elf/lib\libm.a(lib_a-sf_sin.o)
 .text.sinf     0x000000000801483c      0x144 ../Hello_bsp//newlib/nios2-elf/lib\libm.a(lib_a-sf_sin.o)
                0x000000000801483c                sinf
 .text          0x0000000008014980        0x0 ../Hello_bsp//newlib/nios2-elf/lib\libm.a(lib_a-sf_tan.o)
 .text.tanf     0x0000000008014980       0xe0 ../Hello_bsp//newlib/nios2-elf/lib\libm.a(lib_a-sf_tan.o)
                0x0000000008014980                tanf
 .text          0x0000000008014a60        0x0 ../Hello_bsp//newlib/nios2-elf/lib\libm.a(lib_a-wf_acos.o)
 .text.acosf    0x0000000008014a60      0x144 ../Hello_bsp//newlib/nios2-elf/lib\libm.a(lib_a-wf_acos.o)
                0x0000000008014a60                acosf
 .text          0x0000000008014ba4        0x0 ../Hello_bsp//newlib/nios2-elf/lib\libm.a(lib_a-wf_atan2.o)
 .text.atan2f   0x0000000008014ba4       0x40 ../Hello_bsp//newlib/nios2-elf/lib\libm.a(lib_a-wf_atan2.o)
                0x0000000008014ba4                atan2f
 .text          0x0000000008014be4        0x0 ../Hello_bsp//newlib/nios2-elf/lib\libm.a(lib_a-wf_pow.o)
 .text.powf     0x0000000008014be4      0x73c ../Hello_bsp//newlib/nios2-elf/lib\libm.a(lib_a-wf_pow.o)
                0x0000000008014be4                powf
 .text          0x0000000008015320        0x0 ../Hello_bsp//newlib/nios2-elf/lib\libm.a(lib_a-wf_sqrt.o)
 .text.sqrtf    0x0000000008015320      0x160 ../Hello_bsp//newlib/nios2-elf/lib\libm.a(lib_a-wf_sqrt.o)
                0x0000000008015320                sqrtf
 .text          0x0000000008015480        0x0 ../Hello_bsp//newlib/nios2-elf/lib\libm.a(lib_a-ef_acos.o)
 .text.__ieee754_acosf
                0x0000000008015480      0x4d4 ../Hello_bsp//newlib/nios2-elf/lib\libm.a(lib_a-ef_acos.o)
                0x0000000008015480                __ieee754_acosf
 .text          0x0000000008015954        0x0 ../Hello_bsp//newlib/nios2-elf/lib\libm.a(lib_a-ef_atan2.o)
 .text.__ieee754_atan2f
                0x0000000008015954      0x414 ../Hello_bsp//newlib/nios2-elf/lib\libm.a(lib_a-ef_atan2.o)
                0x0000000008015954                __ieee754_atan2f
 .text          0x0000000008015d68        0x0 ../Hello_bsp//newlib/nios2-elf/lib\libm.a(lib_a-ef_pow.o)
 .text.__ieee754_powf
                0x0000000008015d68      0xd64 ../Hello_bsp//newlib/nios2-elf/lib\libm.a(lib_a-ef_pow.o)
                0x0000000008015d68                __ieee754_powf
 .text          0x0000000008016acc        0x0 ../Hello_bsp//newlib/nios2-elf/lib\libm.a(lib_a-ef_rem_pio2.o)
 .text.__ieee754_rem_pio2f
                0x0000000008016acc      0x674 ../Hello_bsp//newlib/nios2-elf/lib\libm.a(lib_a-ef_rem_pio2.o)
                0x0000000008016acc                __ieee754_rem_pio2f
 .text          0x0000000008017140        0x0 ../Hello_bsp//newlib/nios2-elf/lib\libm.a(lib_a-ef_sqrt.o)
 .text.__ieee754_sqrtf
                0x0000000008017140      0x294 ../Hello_bsp//newlib/nios2-elf/lib\libm.a(lib_a-ef_sqrt.o)
                0x0000000008017140                __ieee754_sqrtf
 .text          0x00000000080173d4        0x0 ../Hello_bsp//newlib/nios2-elf/lib\libm.a(lib_a-kf_cos.o)
 .text.__kernel_cosf
                0x00000000080173d4      0x1c4 ../Hello_bsp//newlib/nios2-elf/lib\libm.a(lib_a-kf_cos.o)
                0x00000000080173d4                __kernel_cosf
 .text          0x0000000008017598        0x0 ../Hello_bsp//newlib/nios2-elf/lib\libm.a(lib_a-kf_rem_pio2.o)
 .text.__kernel_rem_pio2f
                0x0000000008017598      0xea0 ../Hello_bsp//newlib/nios2-elf/lib\libm.a(lib_a-kf_rem_pio2.o)
                0x0000000008017598                __kernel_rem_pio2f
 .text          0x0000000008018438        0x0 ../Hello_bsp//newlib/nios2-elf/lib\libm.a(lib_a-kf_sin.o)
 .text.__kernel_sinf
                0x0000000008018438      0x16c ../Hello_bsp//newlib/nios2-elf/lib\libm.a(lib_a-kf_sin.o)
                0x0000000008018438                __kernel_sinf
 .text          0x00000000080185a4        0x0 ../Hello_bsp//newlib/nios2-elf/lib\libm.a(lib_a-kf_tan.o)
 .text.__kernel_tanf
                0x00000000080185a4      0x3fc ../Hello_bsp//newlib/nios2-elf/lib\libm.a(lib_a-kf_tan.o)
                0x00000000080185a4                __kernel_tanf
 .text          0x00000000080189a0        0x0 ../Hello_bsp//newlib/nios2-elf/lib\libm.a(lib_a-s_lib_ver.o)
 .text          0x00000000080189a0        0x0 ../Hello_bsp//newlib/nios2-elf/lib\libm.a(lib_a-s_matherr.o)
 .text.matherr  0x00000000080189a0       0x68 ../Hello_bsp//newlib/nios2-elf/lib\libm.a(lib_a-s_matherr.o)
                0x00000000080189a0                matherr
 .text          0x0000000008018a08        0x0 ../Hello_bsp//newlib/nios2-elf/lib\libm.a(lib_a-s_nan.o)
 .text.nan      0x0000000008018a08       0x44 ../Hello_bsp//newlib/nios2-elf/lib\libm.a(lib_a-s_nan.o)
                0x0000000008018a08                nan
 .text          0x0000000008018a4c        0x0 ../Hello_bsp//newlib/nios2-elf/lib\libm.a(lib_a-s_rint.o)
 .text.rint     0x0000000008018a4c      0x438 ../Hello_bsp//newlib/nios2-elf/lib\libm.a(lib_a-s_rint.o)
                0x0000000008018a4c                rint
 .text          0x0000000008018e84        0x0 ../Hello_bsp//newlib/nios2-elf/lib\libm.a(lib_a-sf_atan.o)
 .text.atanf    0x0000000008018e84      0x370 ../Hello_bsp//newlib/nios2-elf/lib\libm.a(lib_a-sf_atan.o)
                0x0000000008018e84                atanf
 .text          0x00000000080191f4        0x0 ../Hello_bsp//newlib/nios2-elf/lib\libm.a(lib_a-sf_fabs.o)
 .text.fabsf    0x00000000080191f4       0x58 ../Hello_bsp//newlib/nios2-elf/lib\libm.a(lib_a-sf_fabs.o)
                0x00000000080191f4                fabsf
 .text          0x000000000801924c        0x0 ../Hello_bsp//newlib/nios2-elf/lib\libm.a(lib_a-sf_finite.o)
 .text.finitef  0x000000000801924c       0x54 ../Hello_bsp//newlib/nios2-elf/lib\libm.a(lib_a-sf_finite.o)
                0x000000000801924c                finitef
 .text          0x00000000080192a0        0x0 ../Hello_bsp//newlib/nios2-elf/lib\libm.a(lib_a-sf_nan.o)
 .text.nanf     0x00000000080192a0       0x34 ../Hello_bsp//newlib/nios2-elf/lib\libm.a(lib_a-sf_nan.o)
                0x00000000080192a0                nanf
 .text          0x00000000080192d4        0x0 ../Hello_bsp//newlib/nios2-elf/lib\libm.a(lib_a-sf_scalbn.o)
 .text.scalbnf  0x00000000080192d4      0x214 ../Hello_bsp//newlib/nios2-elf/lib\libm.a(lib_a-sf_scalbn.o)
                0x00000000080192d4                scalbnf
 .text          0x00000000080194e8        0x0 ../Hello_bsp//newlib/nios2-elf/lib\libm.a(lib_a-sf_copysign.o)
 .text.copysignf
                0x00000000080194e8       0x78 ../Hello_bsp//newlib/nios2-elf/lib\libm.a(lib_a-sf_copysign.o)
                0x00000000080194e8                copysignf
 .text          0x0000000008019560      0x1b4 d:/intelfpga_lite/18.0/nios2eds/bin/gnu/h-x86_64-mingw32/bin/../lib/gcc/nios2-elf/5.3.0\libgcc.a(lib2-divmod.o)
                0x0000000008019560                __divsi3
                0x00000000080195e4                __modsi3
                0x0000000008019658                __udivsi3
                0x00000000080196bc                __umodsi3
 .text          0x0000000008019714        0x0 d:/intelfpga_lite/18.0/nios2eds/bin/gnu/h-x86_64-mingw32/bin/../lib/gcc/nios2-elf/5.3.0\libgcc.a(lib2-divtable.o)
 .text          0x0000000008019714      0x8ac d:/intelfpga_lite/18.0/nios2eds/bin/gnu/h-x86_64-mingw32/bin/../lib/gcc/nios2-elf/5.3.0\libgcc.a(adddf3.o)
                0x0000000008019714                __adddf3
 .text          0x0000000008019fc0      0x8e8 d:/intelfpga_lite/18.0/nios2eds/bin/gnu/h-x86_64-mingw32/bin/../lib/gcc/nios2-elf/5.3.0\libgcc.a(divdf3.o)
                0x0000000008019fc0                __divdf3
 .text          0x000000000801a8a8       0x88 d:/intelfpga_lite/18.0/nios2eds/bin/gnu/h-x86_64-mingw32/bin/../lib/gcc/nios2-elf/5.3.0\libgcc.a(eqdf2.o)
                0x000000000801a8a8                __nedf2
                0x000000000801a8a8                __eqdf2
 .text          0x000000000801a930      0x8fc d:/intelfpga_lite/18.0/nios2eds/bin/gnu/h-x86_64-mingw32/bin/../lib/gcc/nios2-elf/5.3.0\libgcc.a(subdf3.o)
                0x000000000801a930                __subdf3
 .text          0x000000000801b22c      0x110 d:/intelfpga_lite/18.0/nios2eds/bin/gnu/h-x86_64-mingw32/bin/../lib/gcc/nios2-elf/5.3.0\libgcc.a(extendsfdf2.o)
                0x000000000801b22c                __extendsfdf2
 .text          0x000000000801b33c      0x1a8 d:/intelfpga_lite/18.0/nios2eds/bin/gnu/h-x86_64-mingw32/bin/../lib/gcc/nios2-elf/5.3.0\libgcc.a(truncdfsf2.o)
                0x000000000801b33c                __truncdfsf2
 .text          0x000000000801b4e4       0x64 d:/intelfpga_lite/18.0/nios2eds/bin/gnu/h-x86_64-mingw32/bin/../lib/gcc/nios2-elf/5.3.0\libgcc.a(_clzsi2.o)
                0x000000000801b4e4                __clzsi2
 .text          0x000000000801b548        0x0 d:/intelfpga_lite/18.0/nios2eds/bin/gnu/h-x86_64-mingw32/bin/../lib/gcc/nios2-elf/5.3.0\libgcc.a(_clz.o)
 .text          0x000000000801b548        0x0 ../Hello_bsp//newlib/nios2-elf/lib\libc.a(lib_a-errno.o)
 .text.__errno  0x000000000801b548       0x20 ../Hello_bsp//newlib/nios2-elf/lib\libc.a(lib_a-errno.o)
                0x000000000801b548                __errno
 .text          0x000000000801b568        0x0 ../Hello_bsp//newlib/nios2-elf/lib\libc.a(lib_a-impure.o)
 .text          0x000000000801b568        0x0 ../Hello_bsp//newlib/nios2-elf/lib\libc.a(lib_a-malloc.o)
 .text.malloc   0x000000000801b568       0x38 ../Hello_bsp//newlib/nios2-elf/lib\libc.a(lib_a-malloc.o)
                0x000000000801b568                malloc
 .text.free     0x000000000801b5a0       0x3c ../Hello_bsp//newlib/nios2-elf/lib\libc.a(lib_a-malloc.o)
                0x000000000801b5a0                free
 .text          0x000000000801b5dc        0x0 ../Hello_bsp//newlib/nios2-elf/lib\libc.a(lib_a-mallocr.o)
 .text.malloc_extend_top
                0x000000000801b5dc      0x3b4 ../Hello_bsp//newlib/nios2-elf/lib\libc.a(lib_a-mallocr.o)
 .text._malloc_r
                0x000000000801b990      0xb7c ../Hello_bsp//newlib/nios2-elf/lib\libc.a(lib_a-mallocr.o)
                0x000000000801b990                _malloc_r
 .text          0x000000000801c50c        0x0 ../Hello_bsp//newlib/nios2-elf/lib\libc.a(lib_a-memcpy.o)
 .text.memcpy   0x000000000801c50c      0x188 ../Hello_bsp//newlib/nios2-elf/lib\libc.a(lib_a-memcpy.o)
                0x000000000801c50c                memcpy
 .text          0x000000000801c694        0x0 ../Hello_bsp//newlib/nios2-elf/lib\libc.a(lib_a-memset.o)
 .text.memset   0x000000000801c694      0x1c4 ../Hello_bsp//newlib/nios2-elf/lib\libc.a(lib_a-memset.o)
                0x000000000801c694                memset
 .text          0x000000000801c858        0x0 ../Hello_bsp//newlib/nios2-elf/lib\libc.a(lib_a-printf.o)
 .text._printf_r
                0x000000000801c858       0x64 ../Hello_bsp//newlib/nios2-elf/lib\libc.a(lib_a-printf.o)
                0x000000000801c858                _printf_r
 .text.printf   0x000000000801c8bc       0x68 ../Hello_bsp//newlib/nios2-elf/lib\libc.a(lib_a-printf.o)
                0x000000000801c8bc                printf
 .text          0x000000000801c924        0x0 ../Hello_bsp//newlib/nios2-elf/lib\libc.a(lib_a-putchar.o)
 .text._putchar_r
                0x000000000801c924       0x44 ../Hello_bsp//newlib/nios2-elf/lib\libc.a(lib_a-putchar.o)
                0x000000000801c924                _putchar_r
 .text.putchar  0x000000000801c968       0x48 ../Hello_bsp//newlib/nios2-elf/lib\libc.a(lib_a-putchar.o)
                0x000000000801c968                putchar
 .text          0x000000000801c9b0        0x0 ../Hello_bsp//newlib/nios2-elf/lib\libc.a(lib_a-puts.o)
 .text._puts_r  0x000000000801c9b0      0x118 ../Hello_bsp//newlib/nios2-elf/lib\libc.a(lib_a-puts.o)
                0x000000000801c9b0                _puts_r
 .text.puts     0x000000000801cac8       0x38 ../Hello_bsp//newlib/nios2-elf/lib\libc.a(lib_a-puts.o)
                0x000000000801cac8                puts
 .text          0x000000000801cb00        0x0 ../Hello_bsp//newlib/nios2-elf/lib\libc.a(lib_a-sbrkr.o)
 .text._sbrk_r  0x000000000801cb00       0x60 ../Hello_bsp//newlib/nios2-elf/lib\libc.a(lib_a-sbrkr.o)
                0x000000000801cb00                _sbrk_r
 .text          0x000000000801cb60        0x0 ../Hello_bsp//newlib/nios2-elf/lib\libc.a(lib_a-strlen.o)
 .text.strlen   0x000000000801cb60       0xf4 ../Hello_bsp//newlib/nios2-elf/lib\libc.a(lib_a-strlen.o)
                0x000000000801cb60                strlen
 .text          0x000000000801cc54        0x0 ../Hello_bsp//newlib/nios2-elf/lib\libc.a(lib_a-vfprintf.o)
 .text.__sbprintf
                0x000000000801cc54       0xf0 ../Hello_bsp//newlib/nios2-elf/lib\libc.a(lib_a-vfprintf.o)
 .text.__vfprintf_internal
                0x000000000801cd44       0x50 ../Hello_bsp//newlib/nios2-elf/lib\libc.a(lib_a-vfprintf.o)
                0x000000000801cd44                __vfprintf_internal
 .text.___vfprintf_internal_r
                0x000000000801cd94     0x20d0 ../Hello_bsp//newlib/nios2-elf/lib\libc.a(lib_a-vfprintf.o)
                0x000000000801cd94                ___vfprintf_internal_r
 .text.cvt      0x000000000801ee64      0x20c ../Hello_bsp//newlib/nios2-elf/lib\libc.a(lib_a-vfprintf.o)
 .text.exponent
                0x000000000801f070      0x140 ../Hello_bsp//newlib/nios2-elf/lib\libc.a(lib_a-vfprintf.o)
 .text          0x000000000801f1b0        0x0 ../Hello_bsp//newlib/nios2-elf/lib\libc.a(lib_a-wsetup.o)
 .text.__swsetup_r
                0x000000000801f1b0      0x1a0 ../Hello_bsp//newlib/nios2-elf/lib\libc.a(lib_a-wsetup.o)
                0x000000000801f1b0                __swsetup_r
 .text          0x000000000801f350        0x0 ../Hello_bsp//newlib/nios2-elf/lib\libc.a(lib_a-dtoa.o)
 .text.quorem   0x000000000801f350      0x3b4 ../Hello_bsp//newlib/nios2-elf/lib\libc.a(lib_a-dtoa.o)
 .text._dtoa_r  0x000000000801f704     0x1b78 ../Hello_bsp//newlib/nios2-elf/lib\libc.a(lib_a-dtoa.o)
                0x000000000801f704                _dtoa_r
 .text          0x000000000802127c        0x0 ../Hello_bsp//newlib/nios2-elf/lib\libc.a(lib_a-fflush.o)
 .text.__sflush_r
                0x000000000802127c      0x304 ../Hello_bsp//newlib/nios2-elf/lib\libc.a(lib_a-fflush.o)
                0x000000000802127c                __sflush_r
 .text._fflush_r
                0x0000000008021580       0x88 ../Hello_bsp//newlib/nios2-elf/lib\libc.a(lib_a-fflush.o)
                0x0000000008021580                _fflush_r
 .text.fflush   0x0000000008021608       0x54 ../Hello_bsp//newlib/nios2-elf/lib\libc.a(lib_a-fflush.o)
                0x0000000008021608                fflush
 .text          0x000000000802165c        0x0 ../Hello_bsp//newlib/nios2-elf/lib\libc.a(lib_a-findfp.o)
 .text.std      0x000000000802165c       0xf4 ../Hello_bsp//newlib/nios2-elf/lib\libc.a(lib_a-findfp.o)
 .text.__sfmoreglue
                0x0000000008021750       0xa4 ../Hello_bsp//newlib/nios2-elf/lib\libc.a(lib_a-findfp.o)
                0x0000000008021750                __sfmoreglue
 .text.__sfp    0x00000000080217f4      0x194 ../Hello_bsp//newlib/nios2-elf/lib\libc.a(lib_a-findfp.o)
                0x00000000080217f4                __sfp
 .text._cleanup_r
                0x0000000008021988       0x44 ../Hello_bsp//newlib/nios2-elf/lib\libc.a(lib_a-findfp.o)
                0x0000000008021988                _cleanup_r
 .text._cleanup
                0x00000000080219cc       0x34 ../Hello_bsp//newlib/nios2-elf/lib\libc.a(lib_a-findfp.o)
                0x00000000080219cc                _cleanup
 .text.__sinit  0x0000000008021a00       0xd8 ../Hello_bsp//newlib/nios2-elf/lib\libc.a(lib_a-findfp.o)
                0x0000000008021a00                __sinit
 .text.__sfp_lock_acquire
                0x0000000008021ad8       0x20 ../Hello_bsp//newlib/nios2-elf/lib\libc.a(lib_a-findfp.o)
                0x0000000008021ad8                __sfp_lock_acquire
 .text.__sfp_lock_release
                0x0000000008021af8       0x20 ../Hello_bsp//newlib/nios2-elf/lib\libc.a(lib_a-findfp.o)
                0x0000000008021af8                __sfp_lock_release
 .text.__sinit_lock_acquire
                0x0000000008021b18       0x20 ../Hello_bsp//newlib/nios2-elf/lib\libc.a(lib_a-findfp.o)
                0x0000000008021b18                __sinit_lock_acquire
 .text.__sinit_lock_release
                0x0000000008021b38       0x20 ../Hello_bsp//newlib/nios2-elf/lib\libc.a(lib_a-findfp.o)
                0x0000000008021b38                __sinit_lock_release
 .text.__fp_lock
                0x0000000008021b58       0x24 ../Hello_bsp//newlib/nios2-elf/lib\libc.a(lib_a-findfp.o)
 .text.__fp_unlock
                0x0000000008021b7c       0x24 ../Hello_bsp//newlib/nios2-elf/lib\libc.a(lib_a-findfp.o)
 .text.__fp_lock_all
                0x0000000008021ba0       0x40 ../Hello_bsp//newlib/nios2-elf/lib\libc.a(lib_a-findfp.o)
                0x0000000008021ba0                __fp_lock_all
 .text.__fp_unlock_all
                0x0000000008021be0       0x40 ../Hello_bsp//newlib/nios2-elf/lib\libc.a(lib_a-findfp.o)
                0x0000000008021be0                __fp_unlock_all
 .text          0x0000000008021c20        0x0 ../Hello_bsp//newlib/nios2-elf/lib\libc.a(lib_a-freer.o)
 .text._free_r  0x0000000008021c20      0x560 ../Hello_bsp//newlib/nios2-elf/lib\libc.a(lib_a-freer.o)
                0x0000000008021c20                _free_r
 .text._malloc_trim_r
                0x0000000008022180      0x1cc ../Hello_bsp//newlib/nios2-elf/lib\libc.a(lib_a-freer.o)
                0x0000000008022180                _malloc_trim_r
 .text          0x000000000802234c        0x0 ../Hello_bsp//newlib/nios2-elf/lib\libc.a(lib_a-fvwrite.o)
 .text.__sfvwrite_r
                0x000000000802234c      0x5dc ../Hello_bsp//newlib/nios2-elf/lib\libc.a(lib_a-fvwrite.o)
                0x000000000802234c                __sfvwrite_r
 .text          0x0000000008022928        0x0 ../Hello_bsp//newlib/nios2-elf/lib\libc.a(lib_a-fwalk.o)
 .text._fwalk   0x0000000008022928       0xd8 ../Hello_bsp//newlib/nios2-elf/lib\libc.a(lib_a-fwalk.o)
                0x0000000008022928                _fwalk
 .text._fwalk_reent
                0x0000000008022a00       0xdc ../Hello_bsp//newlib/nios2-elf/lib\libc.a(lib_a-fwalk.o)
                0x0000000008022a00                _fwalk_reent
 .text          0x0000000008022adc        0x0 ../Hello_bsp//newlib/nios2-elf/lib\libc.a(lib_a-int_errno.o)
 .text          0x0000000008022adc        0x0 ../Hello_bsp//newlib/nios2-elf/lib\libc.a(lib_a-locale.o)
 .text._setlocale_r
                0x0000000008022adc       0x84 ../Hello_bsp//newlib/nios2-elf/lib\libc.a(lib_a-locale.o)
                0x0000000008022adc                _setlocale_r
 .text.__locale_charset
                0x0000000008022b60       0x24 ../Hello_bsp//newlib/nios2-elf/lib\libc.a(lib_a-locale.o)
                0x0000000008022b60                __locale_charset
 .text.__locale_mb_cur_max
                0x0000000008022b84       0x20 ../Hello_bsp//newlib/nios2-elf/lib\libc.a(lib_a-locale.o)
                0x0000000008022b84                __locale_mb_cur_max
 .text.__locale_msgcharset
                0x0000000008022ba4       0x24 ../Hello_bsp//newlib/nios2-elf/lib\libc.a(lib_a-locale.o)
                0x0000000008022ba4                __locale_msgcharset
 .text.__locale_cjk_lang
                0x0000000008022bc8       0x20 ../Hello_bsp//newlib/nios2-elf/lib\libc.a(lib_a-locale.o)
                0x0000000008022bc8                __locale_cjk_lang
 .text._localeconv_r
                0x0000000008022be8       0x28 ../Hello_bsp//newlib/nios2-elf/lib\libc.a(lib_a-locale.o)
                0x0000000008022be8                _localeconv_r
 .text.setlocale
                0x0000000008022c10       0x40 ../Hello_bsp//newlib/nios2-elf/lib\libc.a(lib_a-locale.o)
                0x0000000008022c10                setlocale
 .text.localeconv
                0x0000000008022c50       0x30 ../Hello_bsp//newlib/nios2-elf/lib\libc.a(lib_a-locale.o)
                0x0000000008022c50                localeconv
 .text          0x0000000008022c80        0x0 ../Hello_bsp//newlib/nios2-elf/lib\libc.a(lib_a-makebuf.o)
 .text.__smakebuf_r
                0x0000000008022c80      0x22c ../Hello_bsp//newlib/nios2-elf/lib\libc.a(lib_a-makebuf.o)
                0x0000000008022c80                __smakebuf_r
 .text          0x0000000008022eac        0x0 ../Hello_bsp//newlib/nios2-elf/lib\libc.a(lib_a-memchr.o)
 .text.memchr   0x0000000008022eac      0x1bc ../Hello_bsp//newlib/nios2-elf/lib\libc.a(lib_a-memchr.o)
                0x0000000008022eac                memchr
 .text          0x0000000008023068        0x0 ../Hello_bsp//newlib/nios2-elf/lib\libc.a(lib_a-memmove.o)
 .text.memmove  0x0000000008023068      0x208 ../Hello_bsp//newlib/nios2-elf/lib\libc.a(lib_a-memmove.o)
                0x0000000008023068                memmove
 .text          0x0000000008023270        0x0 ../Hello_bsp//newlib/nios2-elf/lib\libc.a(lib_a-mprec.o)
 .text._Balloc  0x0000000008023270      0x130 ../Hello_bsp//newlib/nios2-elf/lib\libc.a(lib_a-mprec.o)
                0x0000000008023270                _Balloc
 .text._Bfree   0x00000000080233a0       0x7c ../Hello_bsp//newlib/nios2-elf/lib\libc.a(lib_a-mprec.o)
                0x00000000080233a0                _Bfree
 .text.__multadd
                0x000000000802341c      0x194 ../Hello_bsp//newlib/nios2-elf/lib\libc.a(lib_a-mprec.o)
                0x000000000802341c                __multadd
 .text.__s2b    0x00000000080235b0      0x18c ../Hello_bsp//newlib/nios2-elf/lib\libc.a(lib_a-mprec.o)
                0x00000000080235b0                __s2b
 .text.__hi0bits
                0x000000000802373c       0x90 ../Hello_bsp//newlib/nios2-elf/lib\libc.a(lib_a-mprec.o)
                0x000000000802373c                __hi0bits
 .text.__lo0bits
                0x00000000080237cc       0xec ../Hello_bsp//newlib/nios2-elf/lib\libc.a(lib_a-mprec.o)
                0x00000000080237cc                __lo0bits
 .text.__i2b    0x00000000080238b8       0x58 ../Hello_bsp//newlib/nios2-elf/lib\libc.a(lib_a-mprec.o)
                0x00000000080238b8                __i2b
 .text.__multiply
                0x0000000008023910      0x3d0 ../Hello_bsp//newlib/nios2-elf/lib\libc.a(lib_a-mprec.o)
                0x0000000008023910                __multiply
 .text.__pow5mult
                0x0000000008023ce0      0x178 ../Hello_bsp//newlib/nios2-elf/lib\libc.a(lib_a-mprec.o)
                0x0000000008023ce0                __pow5mult
 .text.__lshift
                0x0000000008023e58      0x1f8 ../Hello_bsp//newlib/nios2-elf/lib\libc.a(lib_a-mprec.o)
                0x0000000008023e58                __lshift
 .text.__mcmp   0x0000000008024050      0x114 ../Hello_bsp//newlib/nios2-elf/lib\libc.a(lib_a-mprec.o)
                0x0000000008024050                __mcmp
 .text.__mdiff  0x0000000008024164      0x2a4 ../Hello_bsp//newlib/nios2-elf/lib\libc.a(lib_a-mprec.o)
                0x0000000008024164                __mdiff
 .text.__ulp    0x0000000008024408       0xcc ../Hello_bsp//newlib/nios2-elf/lib\libc.a(lib_a-mprec.o)
                0x0000000008024408                __ulp
 .text.__b2d    0x00000000080244d4      0x204 ../Hello_bsp//newlib/nios2-elf/lib\libc.a(lib_a-mprec.o)
                0x00000000080244d4                __b2d
 .text.__d2b    0x00000000080246d8      0x240 ../Hello_bsp//newlib/nios2-elf/lib\libc.a(lib_a-mprec.o)
                0x00000000080246d8                __d2b
 .text.__ratio  0x0000000008024918      0x11c ../Hello_bsp//newlib/nios2-elf/lib\libc.a(lib_a-mprec.o)
                0x0000000008024918                __ratio
 .text._mprec_log10
                0x0000000008024a34       0xb0 ../Hello_bsp//newlib/nios2-elf/lib\libc.a(lib_a-mprec.o)
                0x0000000008024a34                _mprec_log10
 .text.__copybits
                0x0000000008024ae4       0xd0 ../Hello_bsp//newlib/nios2-elf/lib\libc.a(lib_a-mprec.o)
                0x0000000008024ae4                __copybits
 .text.__any_on
                0x0000000008024bb4      0x134 ../Hello_bsp//newlib/nios2-elf/lib\libc.a(lib_a-mprec.o)
                0x0000000008024bb4                __any_on
 .text          0x0000000008024ce8        0x0 ../Hello_bsp//newlib/nios2-elf/lib\libc.a(lib_a-putc.o)
 .text._putc_r  0x0000000008024ce8      0x104 ../Hello_bsp//newlib/nios2-elf/lib\libc.a(lib_a-putc.o)
                0x0000000008024ce8                _putc_r
 .text.putc     0x0000000008024dec      0x108 ../Hello_bsp//newlib/nios2-elf/lib\libc.a(lib_a-putc.o)
                0x0000000008024dec                putc
 .text          0x0000000008024ef4        0x0 ../Hello_bsp//newlib/nios2-elf/lib\libc.a(lib_a-reallocr.o)
 .text._realloc_r
                0x0000000008024ef4      0xbf0 ../Hello_bsp//newlib/nios2-elf/lib\libc.a(lib_a-reallocr.o)
                0x0000000008024ef4                _realloc_r
 .text          0x0000000008025ae4        0x0 ../Hello_bsp//newlib/nios2-elf/lib\libc.a(lib_a-s_fpclassify.o)
 .text.__fpclassifyd
                0x0000000008025ae4      0x104 ../Hello_bsp//newlib/nios2-elf/lib\libc.a(lib_a-s_fpclassify.o)
                0x0000000008025ae4                __fpclassifyd
 .text          0x0000000008025be8        0x0 ../Hello_bsp//newlib/nios2-elf/lib\libc.a(lib_a-stdio.o)
 .text.__sread  0x0000000008025be8       0x9c ../Hello_bsp//newlib/nios2-elf/lib\libc.a(lib_a-stdio.o)
                0x0000000008025be8                __sread
 .text.__seofread
                0x0000000008025c84       0x30 ../Hello_bsp//newlib/nios2-elf/lib\libc.a(lib_a-stdio.o)
                0x0000000008025c84                __seofread
 .text.__swrite
                0x0000000008025cb4       0xb4 ../Hello_bsp//newlib/nios2-elf/lib\libc.a(lib_a-stdio.o)
                0x0000000008025cb4                __swrite
 .text.__sseek  0x0000000008025d68       0xa0 ../Hello_bsp//newlib/nios2-elf/lib\libc.a(lib_a-stdio.o)
                0x0000000008025d68                __sseek
 .text.__sclose
                0x0000000008025e08       0x54 ../Hello_bsp//newlib/nios2-elf/lib\libc.a(lib_a-stdio.o)
                0x0000000008025e08                __sclose
 .text          0x0000000008025e5c        0x0 ../Hello_bsp//newlib/nios2-elf/lib\libc.a(lib_a-strcmp.o)
 .text.strcmp   0x0000000008025e5c      0x140 ../Hello_bsp//newlib/nios2-elf/lib\libc.a(lib_a-strcmp.o)
                0x0000000008025e5c                strcmp
 .text          0x0000000008025f9c        0x0 ../Hello_bsp//newlib/nios2-elf/lib\libc.a(lib_a-vfiprintf.o)
 .text.__sprint_r
                0x0000000008025f9c      0x13c ../Hello_bsp//newlib/nios2-elf/lib\libc.a(lib_a-vfiprintf.o)
                0x0000000008025f9c                __sprint_r
 .text.__sbprintf
                0x00000000080260d8       0xf0 ../Hello_bsp//newlib/nios2-elf/lib\libc.a(lib_a-vfiprintf.o)
 .text.__vfiprintf_internal
                0x00000000080261c8       0x50 ../Hello_bsp//newlib/nios2-elf/lib\libc.a(lib_a-vfiprintf.o)
                0x00000000080261c8                __vfiprintf_internal
 .text.___vfiprintf_internal_r
                0x0000000008026218     0x12c4 ../Hello_bsp//newlib/nios2-elf/lib\libc.a(lib_a-vfiprintf.o)
                0x0000000008026218                ___vfiprintf_internal_r
 .text          0x00000000080274dc        0x0 ../Hello_bsp//newlib/nios2-elf/lib\libc.a(lib_a-wbuf.o)
 .text.__swbuf_r
                0x00000000080274dc      0x168 ../Hello_bsp//newlib/nios2-elf/lib\libc.a(lib_a-wbuf.o)
                0x00000000080274dc                __swbuf_r
 .text.__swbuf  0x0000000008027644       0x40 ../Hello_bsp//newlib/nios2-elf/lib\libc.a(lib_a-wbuf.o)
                0x0000000008027644                __swbuf
 .text          0x0000000008027684        0x0 ../Hello_bsp//newlib/nios2-elf/lib\libc.a(lib_a-writer.o)
 .text._write_r
                0x0000000008027684       0x70 ../Hello_bsp//newlib/nios2-elf/lib\libc.a(lib_a-writer.o)
                0x0000000008027684                _write_r
 .text          0x00000000080276f4        0x0 ../Hello_bsp//newlib/nios2-elf/lib\libc.a(closer.o)
 .text._close_r
                0x00000000080276f4       0x60 ../Hello_bsp//newlib/nios2-elf/lib\libc.a(closer.o)
                0x00000000080276f4                _close_r
 .text          0x0000000008027754        0x0 ../Hello_bsp//newlib/nios2-elf/lib\libc.a(lib_a-callocr.o)
 .text._calloc_r
                0x0000000008027754      0x164 ../Hello_bsp//newlib/nios2-elf/lib\libc.a(lib_a-callocr.o)
                0x0000000008027754                _calloc_r
 .text          0x00000000080278b8        0x0 ../Hello_bsp//newlib/nios2-elf/lib\libc.a(lib_a-fclose.o)
 .text._fclose_r
                0x00000000080278b8      0x12c ../Hello_bsp//newlib/nios2-elf/lib\libc.a(lib_a-fclose.o)
                0x00000000080278b8                _fclose_r
 .text.fclose   0x00000000080279e4       0x38 ../Hello_bsp//newlib/nios2-elf/lib\libc.a(lib_a-fclose.o)
                0x00000000080279e4                fclose
 .text          0x0000000008027a1c        0x0 ../Hello_bsp//newlib/nios2-elf/lib\libc.a(lib_a-fputwc.o)
 .text.__fputwc
                0x0000000008027a1c      0x1f4 ../Hello_bsp//newlib/nios2-elf/lib\libc.a(lib_a-fputwc.o)
                0x0000000008027a1c                __fputwc
 .text._fputwc_r
                0x0000000008027c10       0x88 ../Hello_bsp//newlib/nios2-elf/lib\libc.a(lib_a-fputwc.o)
                0x0000000008027c10                _fputwc_r
 .text.fputwc   0x0000000008027c98       0x68 ../Hello_bsp//newlib/nios2-elf/lib\libc.a(lib_a-fputwc.o)
                0x0000000008027c98                fputwc
 .text          0x0000000008027d00        0x0 ../Hello_bsp//newlib/nios2-elf/lib\libc.a(lib_a-fstatr.o)
 .text._fstat_r
                0x0000000008027d00       0x68 ../Hello_bsp//newlib/nios2-elf/lib\libc.a(lib_a-fstatr.o)
                0x0000000008027d00                _fstat_r
 .text          0x0000000008027d68        0x0 ../Hello_bsp//newlib/nios2-elf/lib\libc.a(lib_a-isattyr.o)
 .text._isatty_r
                0x0000000008027d68       0x60 ../Hello_bsp//newlib/nios2-elf/lib\libc.a(lib_a-isattyr.o)
                0x0000000008027d68                _isatty_r
 .text          0x0000000008027dc8        0x0 ../Hello_bsp//newlib/nios2-elf/lib\libc.a(lib_a-lseekr.o)
 .text._lseek_r
                0x0000000008027dc8       0x70 ../Hello_bsp//newlib/nios2-elf/lib\libc.a(lib_a-lseekr.o)
                0x0000000008027dc8                _lseek_r
 .text          0x0000000008027e38        0x0 ../Hello_bsp//newlib/nios2-elf/lib\libc.a(lib_a-readr.o)
 .text._read_r  0x0000000008027e38       0x70 ../Hello_bsp//newlib/nios2-elf/lib\libc.a(lib_a-readr.o)
                0x0000000008027e38                _read_r
 .text          0x0000000008027ea8        0x0 ../Hello_bsp//newlib/nios2-elf/lib\libc.a(lib_a-wcrtomb.o)
 .text._wcrtomb_r
                0x0000000008027ea8       0xd4 ../Hello_bsp//newlib/nios2-elf/lib\libc.a(lib_a-wcrtomb.o)
                0x0000000008027ea8                _wcrtomb_r